2026-09-03 10:09:19,013 - INFO - Beginning execution of simulate_and_fit_ARG.py in directory /home1/mahj/glike_optimize/opt_scripts

2026-09-03 10:09:19,014 - INFO - Progress is being logged to ../opt_results_CMA_ES_3G09_no_m1/ntree_10_rep_11_simulate_ARG.log

2026-09-03 10:09:19,014 - INFO - Parsed the following arguments:
	N_SAMPLES = 1000.0
	SEQUENCE_LENGTH = 30000000.0
	RECOMBINATION_RATE = 1e-08
	SEED = 1
	NUM_TREES = 10
	OPTIMIZER = CMA_ES
	MODEL = 3G09
	outprefix = ../opt_results_CMA_ES_3G09_no_m1/ntree_10_rep_11

2026-09-03 10:09:19,041 - INFO - Sampling 1000 individuals with ploidy 1 in population 1 (name='ceu') at time 0
2026-09-03 10:09:19,250 - INFO - Starting replicate 0
2026-09-03 10:09:19,250 - INFO - model[0] {'name': 'hudson'} started at time=0 nodes=1000 edges=0
2026-09-03 10:09:19,250 - INFO - Running model {'name': 'hudson'} until max time: inf
2026-09-03 10:09:20,139 - INFO - Completed at time=130012 nodes=28005 edges=152908
2026-09-03 10:09:21,201 - INFO - Finished simulating ARG.
[phase from 0.0 to 30.0]
        yri     ceu     nea
ns   0.0001  0.0001  0.0001
grs  0.0000  0.0000  0.0000

[phase from 30.0 to 50.0]
        yri     ceu     nea
ns   0.0001  0.0001  0.0001
grs  0.0000  0.0000  0.0000

[phase from 50.0 to 73.95]
        yri     ceu     nea
ns   0.0001  0.0001  0.0001
grs  0.0000  0.0000  0.0000

[phase from 73.95 to 290.0]
     yri  nea
yri    1    0
ceu    1    0
nea    0    1
        yri     nea
ns   0.0001  0.0001
grs  0.0000  0.0000

[phase from 290.0 to inf]
     yri
yri    1
nea    1
        yri
ns   0.0001
grs  0.0000

2026-09-03 10:09:41,613 - INFO - Starting glike optimization.
-94750.9679658189
2026-09-03 10:20:49,775 - INFO - Finished fitting ARG.
2026-09-03 10:20:49,775 - INFO - Finished in 0h 11m 8.2s
2026-09-03 10:20:49,775 - INFO - Estimated: {'N_yri': 9999.987175414502, 'N_ceu': 10000.062048963298, 'N_nea': 9999.853494471432, 'm1': 0.08520460007915527, 't1': 10.182839823284638, 't2': 52.07566086759604, 't3': 98.61765529469776, 't4': 294.93887473888765}
2026-09-03 10:20:49,775 - INFO - logp = -93842.50820207935  (true = -94793.78871139184)
2026-09-03 10:20:49,775 - INFO - Pipeline executed succesfully.
