2026-09-23 11:01:49,923 - INFO - Beginning execution of simulate_and_fit_ARG.py in directory /home1/mahj/glike_optimize/opt_scripts

2026-09-23 11:01:49,923 - INFO - Progress is being logged to ../opt_results_CMA_ES_3G09_no_m1/ntree_10_rep_4_simulate_ARG.log

2026-09-23 11:01:49,923 - INFO - Parsed the following arguments:
	N_SAMPLES = 1000.0
	SEQUENCE_LENGTH = 30000000.0
	RECOMBINATION_RATE = 1e-08
	SEED = 1
	NUM_TREES = 10
	OPTIMIZER = CMA_ES
	MODEL = 3G09_no_m
	KAPPA = 20000
	outprefix = ../opt_results_CMA_ES_3G09_no_m1/ntree_10_rep_4

2026-09-23 11:01:49,955 - INFO - Sampling 1000 individuals with ploidy 1 in population 0 (name='admix') at time 0
2026-09-23 11:01:49,961 - INFO - Starting replicate 0
2026-09-23 11:01:49,962 - INFO - model[0] {'name': 'hudson'} started at time=0 nodes=1000 edges=0
2026-09-23 11:01:49,962 - INFO - Running model {'name': 'hudson'} until max time: inf
2026-09-23 11:01:50,656 - INFO - Completed at time=24250.7 nodes=39508 edges=264883
2026-09-23 11:01:51,695 - INFO - Finished simulating ARG.
[phase from 0.0 to 19.0]
        admix
ns   0.000006
grs  0.078000

[phase from 19.0 to 411.0]
       afr    eur   asia    pol
admix  0.0  0.198  0.334  0.468
        afr       eur     asia       pol
ns   0.0001  0.000075  0.00004  0.000064
grs  0.0000  0.000000  0.00000  0.000000

[phase from 411.0 to 1040.0]
      afr  eur  asia
afr     1    0     0
eur     0    1     0
asia    0    0     1
pol     0    0     1
        afr       eur     asia
ns   0.0001  0.000075  0.00037
grs  0.0000  0.000000  0.00000

[phase from 1040.0 to 2004.0]
      afr  eur
afr     1    0
eur     0    1
asia    0    1
        afr       eur
ns   0.0001  0.000405
grs  0.0000  0.000000

[phase from 2004.0 to inf]
     A
afr  1
eur  1
            A
ns   0.000375
grs  0.000000

2026-09-23 11:02:04,731 - INFO - Starting glike optimization.
-118373.31250240603
2026-09-23 11:35:58,954 - INFO - Finished fitting ARG.
2026-09-23 11:35:58,954 - INFO - Finished in 0h 33m 54.2s
2026-09-23 11:35:58,954 - INFO - Estimated: {'t1': 10.132877695940016, 't2': 49.95051761250351, 't3': 100.00118899361765, 'N_anc': 9999.982957948343, 'N_yri': 10000.033859441459, 'N_ooa': 9999.911246934467, 'N_ceu': 9999.971174106071, 'N_chb': 10000.076239805263, 'gr_ceu': 0.19807712047620507, 'gr_chb': 0.14473816099841783}
2026-09-23 11:35:58,954 - INFO - logp = -118320.36668072022  (true = -115542.46745636237)
2026-09-23 11:35:58,954 - INFO - Pipeline executed succesfully.
Generation   5  Likelihood = -118320.366681
{'t1': 10.132877695940016, 't2': 49.95051761250351, 't3': 100.00118899361765, 'N_anc': 9999.982957948343, 'N_yri': 10000.033859441459, 'N_ooa': 9999.911246934467, 'N_ceu': 9999.971174106071, 'N_chb': 10000.076239805263, 'gr_ceu': 0.19807712047620507, 'gr_chb': 0.14473816099841783}
