2026-09-28 11:27:09,106 - INFO - Beginning execution of simulate_and_fit_ARG.py in directory /home1/mahj/glike_optimize/opt_scripts

2026-09-28 11:27:09,106 - INFO - Progress is being logged to ../opt_results_CMA_ES_3G09_no_m1_kappa_50000/ntree_10_rep_2_simulate_ARG.log

2026-09-28 11:27:09,106 - INFO - Parsed the following arguments:
	N_SAMPLES = 1000.0
	SEQUENCE_LENGTH = 30000000.0
	RECOMBINATION_RATE = 1e-08
	SEED = 1
	NUM_TREES = 10
	OPTIMIZER = CMA_ES
	MODEL = 3G09_no_m
	KAPPA = 50000
	outprefix = ../opt_results_CMA_ES_3G09_no_m1_kappa_50000/ntree_10_rep_2

2026-09-28 11:27:09,150 - INFO - Sampling 1000 individuals with ploidy 1 in population 0 (name='admix') at time 0
2026-09-28 11:27:09,413 - INFO - Starting replicate 0
2026-09-28 11:27:09,413 - INFO - model[0] {'name': 'hudson'} started at time=0 nodes=1000 edges=0
2026-09-28 11:27:09,413 - INFO - Running model {'name': 'hudson'} until max time: inf
2026-09-28 11:27:10,117 - INFO - Completed at time=24250.7 nodes=39508 edges=264883
2026-09-28 11:27:11,171 - INFO - Finished simulating ARG.
[phase from 0.0 to 19.0]
        admix
ns   0.000006
grs  0.078000

[phase from 19.0 to 411.0]
       afr    eur   asia    pol
admix  0.0  0.198  0.334  0.468
        afr       eur     asia       pol
ns   0.0001  0.000075  0.00004  0.000064
grs  0.0000  0.000000  0.00000  0.000000

[phase from 411.0 to 1040.0]
      afr  eur  asia
afr     1    0     0
eur     0    1     0
asia    0    0     1
pol     0    0     1
        afr       eur     asia
ns   0.0001  0.000075  0.00037
grs  0.0000  0.000000  0.00000

[phase from 1040.0 to 2004.0]
      afr  eur
afr     1    0
eur     0    1
asia    0    1
        afr       eur
ns   0.0001  0.000405
grs  0.0000  0.000000

[phase from 2004.0 to inf]
     A
afr  1
eur  1
            A
ns   0.000375
grs  0.000000

2026-09-28 11:27:25,054 - INFO - Starting glike optimization.

Initial parameters:
{'t1': 10, 't2': 50, 't3': 100, 'N_anc': 10000, 'N_yri': 10000, 'N_ooa': 10000, 'N_ceu': 10000, 'N_chb': 10000, 'gr_ceu': 0.1, 'gr_chb': 0.1}

Encoded parameters:
{'t1': 10, 't2': 50, 't3': 100, 'N_anc': 10000, 'N_yri': 10000, 'N_ooa': 10000, 'N_ceu': 10000, 'N_chb': 10000, 'gr_ceu': 0.1, 'gr_chb': 0.1}

Normalized CMA-ES parameters:
{'t1': 0.20408163265306123, 't2': 0.5555555555555556, 't3': 0.010050251256281407, 'N_anc': 0.2, 'N_yri': 0.2, 'N_ooa': 0.2, 'N_ceu': 0.2, 'N_chb': 0.2, 'gr_ceu': 0.1, 'gr_chb': 0.1}

CMA-ES parameter scales:
  t1: 49.0
  t2: 90.0
  t3: 9950.0
  N_anc: 50000.0
  N_yri: 50000.0
  N_ooa: 50000.0
  N_ceu: 50000.0
  N_chb: 50000.0
  gr_ceu: 1.0
  gr_chb: 1.0

-118350.81926202396
Generation   1  Likelihood = -115088.286655
{'t1': 8.879844057545753, 't2': 54.45216050522304, 't3': -1034.8021643647874, 'N_anc': 12600.782194246645, 'N_yri': 10353.364805303721, 'N_ooa': 8695.068309905473, 'N_ceu': 7675.406443202823, 'N_chb': 12517.394241870177, 'gr_ceu': 0.04443223772293277, 'gr_chb': 0.08166727397320876}
Generation   2  Likelihood = -111530.012241
{'t1': 10.891403405518947, 't2': 44.21429703446648, 't3': -769.1401903814952, 'N_anc': 16316.815070231343, 'N_yri': 8743.57009198941, 'N_ooa': 10046.96864055477, 'N_ceu': 8564.60413063582, 'N_chb': 11102.657257024548, 'gr_ceu': 0.09600387882614159, 'gr_chb': 0.08794151036295164}
Generation   3  Likelihood = -110332.357491
{'t1': 13.042581212065738, 't2': 40.86107356953356, 't3': -1452.6150571784515, 'N_anc': 18107.963958030177, 'N_yri': 11466.598754545412, 'N_ooa': 9619.897597743, 'N_ceu': 3720.307217410099, 'N_chb': 9846.88030728607, 'gr_ceu': 0.16404501895250728, 'gr_chb': 0.071404420775015}
Generation   4  Likelihood = -108310.883156
{'t1': 13.759090090596498, 't2': 38.65174024420417, 't3': -998.16485920442, 'N_anc': 22284.65676861752, 'N_yri': 10496.7173929366, 'N_ooa': 11529.539351728225, 'N_ceu': 6675.385861239155, 'N_chb': 9944.34274467421, 'gr_ceu': 0.12348033775817774, 'gr_chb': 0.090418384957096}
2026-09-28 12:49:57,251 - INFO - Finished fitting ARG.
2026-09-28 12:49:57,252 - INFO - Finished in 1h 22m 32.2s
2026-09-28 12:49:57,252 - INFO - Estimated: {'t1': 14.10561596155164, 't2': 31.203620633220975, 't3': -568.7625988879457, 'N_anc': 26832.187814110403, 'N_yri': 8077.93103251703, 'N_ooa': 9841.21909572119, 'N_ceu': 7095.075263659209, 'N_chb': 10674.703428424295, 'gr_ceu': 0.09272000009877723, 'gr_chb': 0.14708735915100676}
2026-09-28 12:49:57,252 - INFO - logp = -107789.27295092435  (true = -115600.2390275537)
2026-09-28 12:49:57,252 - INFO - Pipeline executed succesfully.
Generation   5  Likelihood = -107789.272951
{'t1': 14.10561596155164, 't2': 31.203620633220975, 't3': -568.7625988879457, 'N_anc': 26832.187814110403, 'N_yri': 8077.93103251703, 'N_ooa': 9841.21909572119, 'N_ceu': 7095.075263659209, 'N_chb': 10674.703428424295, 'gr_ceu': 0.09272000009877723, 'gr_chb': 0.14708735915100676}

Final normalized parameters:
{'t1': 0.2878697135010539, 't2': 0.3467068959246775, 't3': -0.05716207023999455, 'N_anc': 0.5366437562822081, 'N_yri': 0.1615586206503406, 'N_ooa': 0.1968243819144238, 'N_ceu': 0.14190150527318418, 'N_chb': 0.21349406856848588, 'gr_ceu': 0.09272000009877723, 'gr_chb': 0.14708735915100676}

Final demographic parameters:
{'t1': 14.10561596155164, 't2': 31.203620633220975, 't3': -568.7625988879457, 'N_anc': 26832.187814110403, 'N_yri': 8077.93103251703, 'N_ooa': 9841.21909572119, 'N_ceu': 7095.075263659209, 'N_chb': 10674.703428424295, 'gr_ceu': 0.09272000009877723, 'gr_chb': 0.14708735915100676}

Final likelihood = -107789.272951
