2026-09-03 10:09:16,537 - INFO - Beginning execution of simulate_and_fit_ARG.py in directory /home1/mahj/glike_optimize/opt_scripts

2026-09-03 10:09:16,537 - INFO - Progress is being logged to ../opt_results_CMA_ES_3G09_no_m1/ntree_10_rep_7_simulate_ARG.log

2026-09-03 10:09:16,537 - INFO - Parsed the following arguments:
	N_SAMPLES = 1000.0
	SEQUENCE_LENGTH = 30000000.0
	RECOMBINATION_RATE = 1e-08
	SEED = 1
	NUM_TREES = 10
	OPTIMIZER = CMA_ES
	MODEL = 3G09
	outprefix = ../opt_results_CMA_ES_3G09_no_m1/ntree_10_rep_7

2026-09-03 10:09:16,564 - INFO - Sampling 1000 individuals with ploidy 1 in population 1 (name='ceu') at time 0
2026-09-03 10:09:16,566 - INFO - Starting replicate 0
2026-09-03 10:09:16,567 - INFO - model[0] {'name': 'hudson'} started at time=0 nodes=1000 edges=0
2026-09-03 10:09:16,567 - INFO - Running model {'name': 'hudson'} until max time: inf
2026-09-03 10:09:17,466 - INFO - Completed at time=130012 nodes=28005 edges=152908
2026-09-03 10:09:18,074 - INFO - Finished simulating ARG.
[phase from 0.0 to 30.0]
        yri     ceu     nea
ns   0.0001  0.0001  0.0001
grs  0.0000  0.0000  0.0000

[phase from 30.0 to 50.0]
        yri     ceu     nea
ns   0.0001  0.0001  0.0001
grs  0.0000  0.0000  0.0000

[phase from 50.0 to 73.95]
        yri     ceu     nea
ns   0.0001  0.0001  0.0001
grs  0.0000  0.0000  0.0000

[phase from 73.95 to 290.0]
     yri  nea
yri    1    0
ceu    1    0
nea    0    1
        yri     nea
ns   0.0001  0.0001
grs  0.0000  0.0000

[phase from 290.0 to inf]
     yri
yri    1
nea    1
        yri
ns   0.0001
grs  0.0000

2026-09-03 10:09:38,077 - INFO - Starting glike optimization.
-94751.76589980695
2026-09-03 10:23:28,213 - INFO - Finished fitting ARG.
2026-09-03 10:23:28,213 - INFO - Finished in 0h 13m 50.1s
2026-09-03 10:23:28,213 - INFO - Estimated: {'N_yri': 10000.042486389983, 'N_ceu': 10000.003781269243, 'N_nea': 9999.936245128854, 'm1': 0.08636432709554763, 't1': 9.28915086234895, 't2': 43.062062309943926, 't3': 94.98640540550247, 't4': 281.2687648334407}
2026-09-03 10:23:28,213 - INFO - logp = -93787.96402813331  (true = -94792.93912700389)
2026-09-03 10:23:28,213 - INFO - Pipeline executed succesfully.
