2026-10-02 20:00:46,279 - INFO - Beginning execution of simulate_and_fit_ARG.py in directory /home1/mahj/glike_optimize/opt_scripts

2026-10-02 20:00:46,279 - INFO - Progress is being logged to ../opt_results_CMA_ES_3G09_no_m1_kappa_10000/ntree_25_rep_6_simulate_ARG.log

2026-10-02 20:00:46,279 - INFO - Parsed the following arguments:
	N_SAMPLES = 1000.0
	SEQUENCE_LENGTH = 30000000.0
	RECOMBINATION_RATE = 1e-08
	SEED = 1
	NUM_TREES = 25
	OPTIMIZER = CMA_ES
	MODEL = 3G09_no_m
	KAPPA = 10000
	outprefix = ../opt_results_CMA_ES_3G09_no_m1_kappa_10000/ntree_25_rep_6

2026-10-02 20:00:46,306 - INFO - Sampling 1000 individuals with ploidy 1 in population 0 (name='admix') at time 0
2026-10-02 20:00:46,308 - INFO - Starting replicate 0
2026-10-02 20:00:46,309 - INFO - model[0] {'name': 'hudson'} started at time=0 nodes=1000 edges=0
2026-10-02 20:00:46,309 - INFO - Running model {'name': 'hudson'} until max time: inf
2026-10-02 20:00:47,024 - INFO - Completed at time=24250.7 nodes=39508 edges=264883
2026-10-02 20:00:49,464 - INFO - Finished simulating ARG.
[phase from 0.0 to 19.0]
        admix
ns   0.000006
grs  0.078000

[phase from 19.0 to 411.0]
       afr    eur   asia    pol
admix  0.0  0.198  0.334  0.468
        afr       eur     asia       pol
ns   0.0001  0.000075  0.00004  0.000064
grs  0.0000  0.000000  0.00000  0.000000

[phase from 411.0 to 1040.0]
      afr  eur  asia
afr     1    0     0
eur     0    1     0
asia    0    0     1
pol     0    0     1
        afr       eur     asia
ns   0.0001  0.000075  0.00037
grs  0.0000  0.000000  0.00000

[phase from 1040.0 to 2004.0]
      afr  eur
afr     1    0
eur     0    1
asia    0    1
        afr       eur
ns   0.0001  0.000405
grs  0.0000  0.000000

[phase from 2004.0 to inf]
     A
afr  1
eur  1
            A
ns   0.000375
grs  0.000000

2026-10-02 20:01:08,619 - INFO - Log likelihood of simulation parameters: -288453.2293377741.
2026-10-02 20:01:08,619 - INFO - Starting glike optimization.

Initial parameters:
{'t1': 10, 't2': 50, 't3': 100, 'N_anc': 10000, 'N_yri': 10000, 'N_ooa': 10000, 'N_ceu': 10000, 'N_chb': 10000, 'gr_ceu': 0.1, 'gr_chb': 0.1}

Encoded parameters:
{'t1': 10, 't2': 50, 't3': 100, 'N_anc': 10000, 'N_yri': 10000, 'N_ooa': 10000, 'N_ceu': 10000, 'N_chb': 10000, 'gr_ceu': 0.1, 'gr_chb': 0.1}

Normalized CMA-ES parameters:
{'t1': 0.20408163265306123, 't2': 0.5555555555555556, 't3': 0.010050251256281407, 'N_anc': 0.2, 'N_yri': 0.2, 'N_ooa': 0.2, 'N_ceu': 0.2, 'N_chb': 0.2, 'gr_ceu': 0.1, 'gr_chb': 0.1}

CMA-ES parameter scales:
  t1: 49.0
  t2: 90.0
  t3: 9950.0
  N_anc: 50000.0
  N_yri: 50000.0
  N_ooa: 50000.0
  N_ceu: 50000.0
  N_chb: 50000.0
  gr_ceu: 1.0
  gr_chb: 1.0

-295745.1752470768
Generation   1  Likelihood = -280812.772936
{'t1': 14.304983950092932, 't2': 49.535867199473294, 't3': -442.6772206358452, 'N_anc': 13898.100629342422, 'N_yri': 10279.682885863675, 'N_ooa': 11318.397738086049, 'N_ceu': 8784.986426586414, 'N_chb': 16282.361004334778, 'gr_ceu': 0.07699779500741485, 'gr_chb': 0.017388179949358457}
Generation   2  Likelihood = -274026.292368
{'t1': 12.21662407546653, 't2': 40.38893920869701, 't3': 507.77335601182943, 'N_anc': 13420.589326364307, 'N_yri': 5756.252945624683, 'N_ooa': 18389.942549418836, 'N_ceu': 10047.765493064971, 'N_chb': 16990.14620913516, 'gr_ceu': 0.06417358217527863, 'gr_chb': 0.02758752201901815}
Generation   3  Likelihood = -271946.334936
{'t1': 15.57577439189048, 't2': 48.83822820884037, 't3': -182.3945177572984, 'N_anc': 19819.03740515146, 'N_yri': 7709.18943539233, 'N_ooa': 16058.607584243411, 'N_ceu': 7470.55160831161, 'N_chb': 15852.189805571912, 'gr_ceu': 0.04093588434042702, 'gr_chb': 0.0467944259743175}
Generation   4  Likelihood = -269122.949789
{'t1': 17.78389769970924, 't2': 41.44505778535955, 't3': 595.391047667858, 'N_anc': 20671.150611509045, 'N_yri': 8743.36824040385, 'N_ooa': 22150.06273771688, 'N_ceu': 8650.716135393965, 'N_chb': 24594.701357537524, 'gr_ceu': 0.11646879120392234, 'gr_chb': 0.04556646698791404}
Generation   5  Likelihood = -267136.725475
{'t1': 14.078639754363477, 't2': 43.439941140278314, 't3': 1001.0637688035134, 'N_anc': 20484.062365863585, 'N_yri': 7573.096578022274, 'N_ooa': 26231.53426350131, 'N_ceu': 11865.491894378316, 'N_chb': 23888.166836673405, 'gr_ceu': 0.17331584926424315, 'gr_chb': 0.023163783498390076}
Generation   6  Likelihood = -266149.124513
{'t1': 18.670472976049222, 't2': 56.60823974309053, 't3': 735.222852327364, 'N_anc': 20825.862345007998, 'N_yri': 9530.762810236678, 'N_ooa': 26517.09998559251, 'N_ceu': 8995.46630127983, 'N_chb': 19605.002477184473, 'gr_ceu': 0.18596231051636478, 'gr_chb': -0.006294784977948709}
Generation   7  Likelihood = -265678.736616
{'t1': 15.82382018590205, 't2': 50.148574282992534, 't3': 1689.517114342981, 'N_anc': 13725.871321535165, 'N_yri': 8507.56416495117, 'N_ooa': 30564.89075680473, 'N_ceu': 12761.60567562816, 'N_chb': 24842.17012804952, 'gr_ceu': 0.028730306316965853, 'gr_chb': -0.11234602633391452}
Generation   8  Likelihood = -265178.310398
{'t1': 17.125756234633325, 't2': 55.99021489838561, 't3': 415.85179494775525, 'N_anc': 19566.094557745444, 'N_yri': 10639.68681636339, 'N_ooa': 26261.367110869625, 'N_ceu': 11363.417909696702, 'N_chb': 25797.835387613748, 'gr_ceu': 0.1415538095532597, 'gr_chb': -0.1395941549868977}
Generation   9  Likelihood = -264140.917330
{'t1': 11.621842519034624, 't2': 50.022177000060346, 't3': 622.3917805062517, 'N_anc': 12954.920740055608, 'N_yri': 15560.278960891883, 'N_ooa': 30290.361381738723, 'N_ceu': 22718.403642577996, 'N_chb': 27510.871921269863, 'gr_ceu': -0.03797625012036347, 'gr_chb': -0.16169490357976402}
Generation  10  Likelihood = -263854.319297
{'t1': 16.15984047162826, 't2': 59.58987786160095, 't3': 579.552862016511, 'N_anc': 7625.6331838487495, 'N_yri': 16621.453581101345, 'N_ooa': 29994.202796210422, 'N_ceu': 23042.213947043027, 'N_chb': 26393.388110567117, 'gr_ceu': -0.12929664147909087, 'gr_chb': -0.11732876242434133}
Generation  11  Likelihood = -263854.319297
{'t1': 16.15984047162826, 't2': 59.58987786160095, 't3': 579.552862016511, 'N_anc': 7625.6331838487495, 'N_yri': 16621.453581101345, 'N_ooa': 29994.202796210422, 'N_ceu': 23042.213947043027, 'N_chb': 26393.388110567117, 'gr_ceu': -0.12929664147909087, 'gr_chb': -0.11732876242434133}
Generation  12  Likelihood = -263840.716946
{'t1': 13.375238314069286, 't2': 75.39504341922996, 't3': 745.2802363501607, 'N_anc': 14131.084984714826, 'N_yri': 22919.42771173624, 'N_ooa': 30954.185383411113, 'N_ceu': 37624.56560825381, 'N_chb': 34366.84722045841, 'gr_ceu': -0.12891218015526512, 'gr_chb': -0.12106891455053286}
Generation  13  Likelihood = -263840.716946
{'t1': 13.375238314069286, 't2': 75.39504341922996, 't3': 745.2802363501607, 'N_anc': 14131.084984714826, 'N_yri': 22919.42771173624, 'N_ooa': 30954.185383411113, 'N_ceu': 37624.56560825381, 'N_chb': 34366.84722045841, 'gr_ceu': -0.12891218015526512, 'gr_chb': -0.12106891455053286}
Generation  14  Likelihood = -263840.716946
{'t1': 13.375238314069286, 't2': 75.39504341922996, 't3': 745.2802363501607, 'N_anc': 14131.084984714826, 'N_yri': 22919.42771173624, 'N_ooa': 30954.185383411113, 'N_ceu': 37624.56560825381, 'N_chb': 34366.84722045841, 'gr_ceu': -0.12891218015526512, 'gr_chb': -0.12106891455053286}
Generation  15  Likelihood = -263840.716946
{'t1': 13.375238314069286, 't2': 75.39504341922996, 't3': 745.2802363501607, 'N_anc': 14131.084984714826, 'N_yri': 22919.42771173624, 'N_ooa': 30954.185383411113, 'N_ceu': 37624.56560825381, 'N_chb': 34366.84722045841, 'gr_ceu': -0.12891218015526512, 'gr_chb': -0.12106891455053286}
Generation  16  Likelihood = -263840.716946
{'t1': 13.375238314069286, 't2': 75.39504341922996, 't3': 745.2802363501607, 'N_anc': 14131.084984714826, 'N_yri': 22919.42771173624, 'N_ooa': 30954.185383411113, 'N_ceu': 37624.56560825381, 'N_chb': 34366.84722045841, 'gr_ceu': -0.12891218015526512, 'gr_chb': -0.12106891455053286}
Generation  17  Likelihood = -263513.026572
{'t1': 7.218914196456461, 't2': 73.75605783347174, 't3': 774.0954085117037, 'N_anc': 9349.094961286726, 'N_yri': 17130.63725644159, 'N_ooa': 39297.33935898747, 'N_ceu': 27081.549455558295, 'N_chb': 37327.51991699913, 'gr_ceu': -0.13064112008013884, 'gr_chb': 0.04303553172381432}
Generation  18  Likelihood = -263363.830413
{'t1': 1.8274678174865426, 't2': 55.880762836756595, 't3': 293.52069524940805, 'N_anc': 13099.106932243845, 'N_yri': 19755.064654834212, 'N_ooa': 37152.60353583772, 'N_ceu': 27330.581257284903, 'N_chb': 28707.105850595148, 'gr_ceu': -0.03978052163805225, 'gr_chb': -0.03892673365039282}
Generation  19  Likelihood = -262509.047803
{'t1': 7.624666864083238, 't2': 83.27942679711558, 't3': 318.92305691584863, 'N_anc': 14044.901379766863, 'N_yri': 23916.337648462282, 'N_ooa': 40129.14392350019, 'N_ceu': 39437.57069047129, 'N_chb': 35815.01178719035, 'gr_ceu': -0.14973706948987542, 'gr_chb': -0.14484775847273637}
2026-10-02 21:41:29,190 - INFO - Finished fitting ARG.
2026-10-02 21:41:29,190 - INFO - Finished in 1h 40m 20.6s
2026-10-02 21:41:29,190 - INFO - Estimated: {'t1': -4.333641372685548, 't2': 75.03620255754535, 't3': 432.744542211688, 'N_anc': 8934.832934505039, 'N_yri': 22078.830411819137, 'N_ooa': 43628.530029601854, 'N_ceu': 40888.45469351184, 'N_chb': 34935.14501344611, 'gr_ceu': -0.09142088657698337, 'gr_chb': -0.17619623266015494}
2026-10-02 21:41:29,190 - INFO - logp = -261843.23938735225  (true = -288453.2293377741)
2026-10-02 21:41:29,190 - INFO - Pipeline executed succesfully.
Generation  20  Likelihood = -261843.239387
{'t1': -4.333641372685548, 't2': 75.03620255754535, 't3': 432.744542211688, 'N_anc': 8934.832934505039, 'N_yri': 22078.830411819137, 'N_ooa': 43628.530029601854, 'N_ceu': 40888.45469351184, 'N_chb': 34935.14501344611, 'gr_ceu': -0.09142088657698337, 'gr_chb': -0.17619623266015494}

Final normalized parameters:
{'t1': -0.088441660667052, 't2': 0.8337355839727262, 't3': 0.043491913790119394, 'N_anc': 0.17869665869010076, 'N_yri': 0.44157660823638273, 'N_ooa': 0.8725706005920371, 'N_ceu': 0.8177690938702368, 'N_chb': 0.6987029002689222, 'gr_ceu': -0.09142088657698337, 'gr_chb': -0.17619623266015494}

Final demographic parameters:
{'t1': -4.333641372685548, 't2': 75.03620255754535, 't3': 432.744542211688, 'N_anc': 8934.832934505039, 'N_yri': 22078.830411819137, 'N_ooa': 43628.530029601854, 'N_ceu': 40888.45469351184, 'N_chb': 34935.14501344611, 'gr_ceu': -0.09142088657698337, 'gr_chb': -0.17619623266015494}

Final likelihood = -261843.239387
