2026-09-23 11:03:54,404 - INFO - Beginning execution of simulate_and_fit_ARG.py in directory /home1/mahj/glike_optimize/opt_scripts

2026-09-23 11:03:54,404 - INFO - Progress is being logged to ../opt_results_CMA_ES_3G09_no_m1/ntree_10_rep_9_simulate_ARG.log

2026-09-23 11:03:54,404 - INFO - Parsed the following arguments:
	N_SAMPLES = 1000.0
	SEQUENCE_LENGTH = 30000000.0
	RECOMBINATION_RATE = 1e-08
	SEED = 1
	NUM_TREES = 10
	OPTIMIZER = CMA_ES
	MODEL = 3G09_no_m
	KAPPA = 20000
	outprefix = ../opt_results_CMA_ES_3G09_no_m1/ntree_10_rep_9

2026-09-23 11:03:54,449 - INFO - Sampling 1000 individuals with ploidy 1 in population 0 (name='admix') at time 0
2026-09-23 11:03:54,457 - INFO - Starting replicate 0
2026-09-23 11:03:54,457 - INFO - model[0] {'name': 'hudson'} started at time=0 nodes=1000 edges=0
2026-09-23 11:03:54,457 - INFO - Running model {'name': 'hudson'} until max time: inf
2026-09-23 11:03:55,251 - INFO - Completed at time=24250.7 nodes=39508 edges=264883
2026-09-23 11:03:56,296 - INFO - Finished simulating ARG.
[phase from 0.0 to 19.0]
        admix
ns   0.000006
grs  0.078000

[phase from 19.0 to 411.0]
       afr    eur   asia    pol
admix  0.0  0.198  0.334  0.468
        afr       eur     asia       pol
ns   0.0001  0.000075  0.00004  0.000064
grs  0.0000  0.000000  0.00000  0.000000

[phase from 411.0 to 1040.0]
      afr  eur  asia
afr     1    0     0
eur     0    1     0
asia    0    0     1
pol     0    0     1
        afr       eur     asia
ns   0.0001  0.000075  0.00037
grs  0.0000  0.000000  0.00000

[phase from 1040.0 to 2004.0]
      afr  eur
afr     1    0
eur     0    1
asia    0    1
        afr       eur
ns   0.0001  0.000405
grs  0.0000  0.000000

[phase from 2004.0 to inf]
     A
afr  1
eur  1
            A
ns   0.000375
grs  0.000000

2026-09-23 11:04:13,670 - INFO - Starting glike optimization.
-118375.49239980242
INVALID PARAMETERS:
gr_chb out of bounds
{'t1': 10.040897337857505, 't2': 49.94603379574301, 't3': 100.06337603172224, 'N_anc': 9999.951860909176, 'N_yri': 9999.930460389452, 'N_ooa': 10000.01524861507, 'N_ceu': 9999.954384319783, 'N_chb': 10000.083338399163, 'gr_ceu': 0.05995129598648125, 'gr_chb': -0.0036427262778212788}
2026-09-23 11:45:00,206 - INFO - Finished fitting ARG.
2026-09-23 11:45:00,206 - INFO - Finished in 0h 40m 46.5s
2026-09-23 11:45:00,206 - INFO - Estimated: {'t1': 10.213903677715518, 't2': 49.935004616124395, 't3': 100.01015310956512, 'N_anc': 10000.021106769598, 'N_yri': 9999.952152854981, 'N_ooa': 9999.910533831227, 'N_ceu': 9999.858820901125, 'N_chb': 10000.074952319523, 'gr_ceu': 0.20563185837351655, 'gr_chb': 0.2356676176525981}
2026-09-23 11:45:00,206 - INFO - logp = -118313.72297940712  (true = -115565.33679557142)
2026-09-23 11:45:00,206 - INFO - Pipeline executed succesfully.
Generation   5  Likelihood = -118313.722979
{'t1': 10.213903677715518, 't2': 49.935004616124395, 't3': 100.01015310956512, 'N_anc': 10000.021106769598, 'N_yri': 9999.952152854981, 'N_ooa': 9999.910533831227, 'N_ceu': 9999.858820901125, 'N_chb': 10000.074952319523, 'gr_ceu': 0.20563185837351655, 'gr_chb': 0.2356676176525981}
