2026-10-02 19:45:08,830 - INFO - Beginning execution of simulate_and_fit_ARG.py in directory /home1/mahj/glike_optimize/opt_scripts

2026-10-02 19:45:08,830 - INFO - Progress is being logged to ../opt_results_CMA_ES_3G09_no_m1_kappa_10000/ntree_25_rep_1_simulate_ARG.log

2026-10-02 19:45:08,830 - INFO - Parsed the following arguments:
	N_SAMPLES = 1000.0
	SEQUENCE_LENGTH = 30000000.0
	RECOMBINATION_RATE = 1e-08
	SEED = 1
	NUM_TREES = 25
	OPTIMIZER = CMA_ES
	MODEL = 3G09_no_m
	KAPPA = 10000
	outprefix = ../opt_results_CMA_ES_3G09_no_m1_kappa_10000/ntree_25_rep_1

2026-10-02 19:45:08,868 - INFO - Sampling 1000 individuals with ploidy 1 in population 0 (name='admix') at time 0
2026-10-02 19:45:08,877 - INFO - Starting replicate 0
2026-10-02 19:45:08,878 - INFO - model[0] {'name': 'hudson'} started at time=0 nodes=1000 edges=0
2026-10-02 19:45:08,878 - INFO - Running model {'name': 'hudson'} until max time: inf
2026-10-02 19:45:09,572 - INFO - Completed at time=24250.7 nodes=39508 edges=264883
2026-10-02 19:45:12,047 - INFO - Finished simulating ARG.
[phase from 0.0 to 19.0]
        admix
ns   0.000006
grs  0.078000

[phase from 19.0 to 411.0]
       afr    eur   asia    pol
admix  0.0  0.198  0.334  0.468
        afr       eur     asia       pol
ns   0.0001  0.000075  0.00004  0.000064
grs  0.0000  0.000000  0.00000  0.000000

[phase from 411.0 to 1040.0]
      afr  eur  asia
afr     1    0     0
eur     0    1     0
asia    0    0     1
pol     0    0     1
        afr       eur     asia
ns   0.0001  0.000075  0.00037
grs  0.0000  0.000000  0.00000

[phase from 1040.0 to 2004.0]
      afr  eur
afr     1    0
eur     0    1
asia    0    1
        afr       eur
ns   0.0001  0.000405
grs  0.0000  0.000000

[phase from 2004.0 to inf]
     A
afr  1
eur  1
            A
ns   0.000375
grs  0.000000

2026-10-02 19:45:33,714 - INFO - Log likelihood of simulation parameters: -288233.1944306008.
2026-10-02 19:45:33,714 - INFO - Starting glike optimization.

Initial parameters:
{'t1': 10, 't2': 50, 't3': 100, 'N_anc': 10000, 'N_yri': 10000, 'N_ooa': 10000, 'N_ceu': 10000, 'N_chb': 10000, 'gr_ceu': 0.1, 'gr_chb': 0.1}

Encoded parameters:
{'t1': 10, 't2': 50, 't3': 100, 'N_anc': 10000, 'N_yri': 10000, 'N_ooa': 10000, 'N_ceu': 10000, 'N_chb': 10000, 'gr_ceu': 0.1, 'gr_chb': 0.1}

Normalized CMA-ES parameters:
{'t1': 0.20408163265306123, 't2': 0.5555555555555556, 't3': 0.010050251256281407, 'N_anc': 0.2, 'N_yri': 0.2, 'N_ooa': 0.2, 'N_ceu': 0.2, 'N_chb': 0.2, 'gr_ceu': 0.1, 'gr_chb': 0.1}

CMA-ES parameter scales:
  t1: 49.0
  t2: 90.0
  t3: 9950.0
  N_anc: 50000.0
  N_yri: 50000.0
  N_ooa: 50000.0
  N_ceu: 50000.0
  N_chb: 50000.0
  gr_ceu: 1.0
  gr_chb: 1.0

-295746.3354124381
Generation   1  Likelihood = -283796.828438
{'t1': 9.023827727877029, 't2': 52.959801315469385, 't3': -110.54284920771582, 'N_anc': 12678.077848966535, 'N_yri': 13273.991831567044, 'N_ooa': 11799.976522065625, 'N_ceu': 8942.584713645927, 'N_chb': 11469.066863919428, 'gr_ceu': 0.06316253227818877, 'gr_chb': 0.11629189033200804}
Generation   2  Likelihood = -277818.810719
{'t1': 9.686097711485282, 't2': 48.657671404850625, 't3': -749.1847048275021, 'N_anc': 15388.891511531549, 'N_yri': 9070.885110676214, 'N_ooa': 14313.742011711784, 'N_ceu': 7672.90366580579, 'N_chb': 13765.793604359791, 'gr_ceu': 0.06952972859342323, 'gr_chb': 0.05654061137409812}
Generation   3  Likelihood = -273405.569634
{'t1': 7.230213230305418, 't2': 58.958403830471944, 't3': -9.538143040904693, 'N_anc': 18163.78313694289, 'N_yri': 8396.291278941742, 'N_ooa': 16749.752425070244, 'N_ceu': 9464.810511117214, 'N_chb': 8106.504864806287, 'gr_ceu': 0.10997451407910973, 'gr_chb': 0.10561742832563262}
Generation   4  Likelihood = -269191.666267
{'t1': 10.471189962481727, 't2': 50.170159682591425, 't3': 386.8979043169498, 'N_anc': 18586.27396100854, 'N_yri': 10389.223757321688, 'N_ooa': 20993.50116076557, 'N_ceu': 9055.997545669738, 'N_chb': 12736.752277687485, 'gr_ceu': 0.14949066602607175, 'gr_chb': -0.008353599532538697}
Generation   5  Likelihood = -268436.496991
{'t1': 6.363569478680992, 't2': 48.43654066996652, 't3': 1171.6256878063239, 'N_anc': 15795.422099204638, 'N_yri': 8774.590608023937, 'N_ooa': 23826.02160597458, 'N_ceu': 6183.928321769836, 'N_chb': 9896.41487820812, 'gr_ceu': 0.18437185596998848, 'gr_chb': 0.06691752716237812}
Generation   6  Likelihood = -266411.440240
{'t1': 8.543949232503351, 't2': 44.86671393403825, 't3': 1171.8179451461112, 'N_anc': 11572.351045853566, 'N_yri': 11473.058865940475, 'N_ooa': 26220.288860215478, 'N_ceu': 6997.228671593317, 'N_chb': 11870.164120165899, 'gr_ceu': 0.22131651694895177, 'gr_chb': 0.05059530604368758}
Generation   7  Likelihood = -264861.957629
{'t1': 14.685243053223976, 't2': 59.0438040990478, 't3': 2210.0111967113326, 'N_anc': 15184.996238807722, 'N_yri': 12816.006831045757, 'N_ooa': 32686.12126260886, 'N_ceu': 4288.544560613394, 'N_chb': 17830.15265969663, 'gr_ceu': 0.3189043518761919, 'gr_chb': -0.034797005550741444}
Generation   8  Likelihood = -264861.957629
{'t1': 14.685243053223976, 't2': 59.0438040990478, 't3': 2210.0111967113326, 'N_anc': 15184.996238807722, 'N_yri': 12816.006831045757, 'N_ooa': 32686.12126260886, 'N_ceu': 4288.544560613394, 'N_chb': 17830.15265969663, 'gr_ceu': 0.3189043518761919, 'gr_chb': -0.034797005550741444}
Generation   9  Likelihood = -263195.839542
{'t1': 19.037543191616802, 't2': 67.28256627417656, 't3': 409.02761848694, 'N_anc': 17639.963034936285, 'N_yri': 15765.210086590789, 'N_ooa': 31517.57295516368, 'N_ceu': 3281.8938183509263, 'N_chb': 6199.281148192843, 'gr_ceu': 0.16554272331638653, 'gr_chb': 0.08388814145382197}
Generation  10  Likelihood = -263195.839542
{'t1': 19.037543191616802, 't2': 67.28256627417656, 't3': 409.02761848694, 'N_anc': 17639.963034936285, 'N_yri': 15765.210086590789, 'N_ooa': 31517.57295516368, 'N_ceu': 3281.8938183509263, 'N_chb': 6199.281148192843, 'gr_ceu': 0.16554272331638653, 'gr_chb': 0.08388814145382197}
Generation  11  Likelihood = -262222.719598
{'t1': 13.16665479686613, 't2': 63.516057502207346, 't3': 405.23235051678387, 'N_anc': 17982.43323636576, 'N_yri': 20181.716780456623, 'N_ooa': 33680.18973982794, 'N_ceu': 10370.91418892152, 'N_chb': 15972.776281597855, 'gr_ceu': 0.12392166397993737, 'gr_chb': -0.18929310260484722}
Generation  12  Likelihood = -262222.719598
{'t1': 13.16665479686613, 't2': 63.516057502207346, 't3': 405.23235051678387, 'N_anc': 17982.43323636576, 'N_yri': 20181.716780456623, 'N_ooa': 33680.18973982794, 'N_ceu': 10370.91418892152, 'N_chb': 15972.776281597855, 'gr_ceu': 0.12392166397993737, 'gr_chb': -0.18929310260484722}
Generation  13  Likelihood = -262222.719598
{'t1': 13.16665479686613, 't2': 63.516057502207346, 't3': 405.23235051678387, 'N_anc': 17982.43323636576, 'N_yri': 20181.716780456623, 'N_ooa': 33680.18973982794, 'N_ceu': 10370.91418892152, 'N_chb': 15972.776281597855, 'gr_ceu': 0.12392166397993737, 'gr_chb': -0.18929310260484722}
Generation  14  Likelihood = -262222.719598
{'t1': 13.16665479686613, 't2': 63.516057502207346, 't3': 405.23235051678387, 'N_anc': 17982.43323636576, 'N_yri': 20181.716780456623, 'N_ooa': 33680.18973982794, 'N_ceu': 10370.91418892152, 'N_chb': 15972.776281597855, 'gr_ceu': 0.12392166397993737, 'gr_chb': -0.18929310260484722}
Generation  15  Likelihood = -262222.719598
{'t1': 13.16665479686613, 't2': 63.516057502207346, 't3': 405.23235051678387, 'N_anc': 17982.43323636576, 'N_yri': 20181.716780456623, 'N_ooa': 33680.18973982794, 'N_ceu': 10370.91418892152, 'N_chb': 15972.776281597855, 'gr_ceu': 0.12392166397993737, 'gr_chb': -0.18929310260484722}
Generation  16  Likelihood = -262222.719598
{'t1': 13.16665479686613, 't2': 63.516057502207346, 't3': 405.23235051678387, 'N_anc': 17982.43323636576, 'N_yri': 20181.716780456623, 'N_ooa': 33680.18973982794, 'N_ceu': 10370.91418892152, 'N_chb': 15972.776281597855, 'gr_ceu': 0.12392166397993737, 'gr_chb': -0.18929310260484722}
Generation  17  Likelihood = -262222.719598
{'t1': 13.16665479686613, 't2': 63.516057502207346, 't3': 405.23235051678387, 'N_anc': 17982.43323636576, 'N_yri': 20181.716780456623, 'N_ooa': 33680.18973982794, 'N_ceu': 10370.91418892152, 'N_chb': 15972.776281597855, 'gr_ceu': 0.12392166397993737, 'gr_chb': -0.18929310260484722}
Generation  18  Likelihood = -262222.719598
{'t1': 13.16665479686613, 't2': 63.516057502207346, 't3': 405.23235051678387, 'N_anc': 17982.43323636576, 'N_yri': 20181.716780456623, 'N_ooa': 33680.18973982794, 'N_ceu': 10370.91418892152, 'N_chb': 15972.776281597855, 'gr_ceu': 0.12392166397993737, 'gr_chb': -0.18929310260484722}
Generation  19  Likelihood = -262222.719598
{'t1': 13.16665479686613, 't2': 63.516057502207346, 't3': 405.23235051678387, 'N_anc': 17982.43323636576, 'N_yri': 20181.716780456623, 'N_ooa': 33680.18973982794, 'N_ceu': 10370.91418892152, 'N_chb': 15972.776281597855, 'gr_ceu': 0.12392166397993737, 'gr_chb': -0.18929310260484722}
2026-10-02 21:33:09,589 - INFO - Finished fitting ARG.
2026-10-02 21:33:09,589 - INFO - Finished in 1h 47m 35.9s
2026-10-02 21:33:09,590 - INFO - Estimated: {'t1': 13.16665479686613, 't2': 63.516057502207346, 't3': 405.23235051678387, 'N_anc': 17982.43323636576, 'N_yri': 20181.716780456623, 'N_ooa': 33680.18973982794, 'N_ceu': 10370.91418892152, 'N_chb': 15972.776281597855, 'gr_ceu': 0.12392166397993737, 'gr_chb': -0.18929310260484722}
2026-10-02 21:33:09,590 - INFO - logp = -262222.71959780017  (true = -288233.1944306008)
2026-10-02 21:33:09,590 - INFO - Pipeline executed succesfully.
Generation  20  Likelihood = -262222.719598
{'t1': 13.16665479686613, 't2': 63.516057502207346, 't3': 405.23235051678387, 'N_anc': 17982.43323636576, 'N_yri': 20181.716780456623, 'N_ooa': 33680.18973982794, 'N_ceu': 10370.91418892152, 'N_chb': 15972.776281597855, 'gr_ceu': 0.12392166397993737, 'gr_chb': -0.18929310260484722}

Final normalized parameters:
{'t1': 0.26870724075237, 't2': 0.7057339722467483, 't3': 0.04072686939867175, 'N_anc': 0.35964866472731516, 'N_yri': 0.4036343356091325, 'N_ooa': 0.6736037947965587, 'N_ceu': 0.2074182837784304, 'N_chb': 0.3194555256319571, 'gr_ceu': 0.12392166397993737, 'gr_chb': -0.18929310260484722}

Final demographic parameters:
{'t1': 13.16665479686613, 't2': 63.516057502207346, 't3': 405.23235051678387, 'N_anc': 17982.43323636576, 'N_yri': 20181.716780456623, 'N_ooa': 33680.18973982794, 'N_ceu': 10370.91418892152, 'N_chb': 15972.776281597855, 'gr_ceu': 0.12392166397993737, 'gr_chb': -0.18929310260484722}

Final likelihood = -262222.719598
