2026-09-24 11:17:19,932 - INFO - Beginning execution of simulate_and_fit_ARG.py in directory /home1/mahj/glike_optimize/opt_scripts

2026-09-24 11:17:19,933 - INFO - Progress is being logged to ../opt_results_CMA_ES_3G09_no_m1_kappa_10000/ntree_10_rep_3_simulate_ARG.log

2026-09-24 11:17:19,933 - INFO - Parsed the following arguments:
	N_SAMPLES = 1000.0
	SEQUENCE_LENGTH = 30000000.0
	RECOMBINATION_RATE = 1e-08
	SEED = 1
	NUM_TREES = 10
	OPTIMIZER = CMA_ES
	MODEL = 3G09_no_m
	KAPPA = 10000
	outprefix = ../opt_results_CMA_ES_3G09_no_m1_kappa_10000/ntree_10_rep_3

2026-09-24 11:17:19,991 - INFO - Sampling 1000 individuals with ploidy 1 in population 0 (name='admix') at time 0
2026-09-24 11:17:20,003 - INFO - Starting replicate 0
2026-09-24 11:17:20,004 - INFO - model[0] {'name': 'hudson'} started at time=0 nodes=1000 edges=0
2026-09-24 11:17:20,004 - INFO - Running model {'name': 'hudson'} until max time: inf
2026-09-24 11:17:21,032 - INFO - Completed at time=24250.7 nodes=39508 edges=264883
2026-09-24 11:17:22,244 - INFO - Finished simulating ARG.
[phase from 0.0 to 19.0]
        admix
ns   0.000006
grs  0.078000

[phase from 19.0 to 411.0]
       afr    eur   asia    pol
admix  0.0  0.198  0.334  0.468
        afr       eur     asia       pol
ns   0.0001  0.000075  0.00004  0.000064
grs  0.0000  0.000000  0.00000  0.000000

[phase from 411.0 to 1040.0]
      afr  eur  asia
afr     1    0     0
eur     0    1     0
asia    0    0     1
pol     0    0     1
        afr       eur     asia
ns   0.0001  0.000075  0.00037
grs  0.0000  0.000000  0.00000

[phase from 1040.0 to 2004.0]
      afr  eur
afr     1    0
eur     0    1
asia    0    1
        afr       eur
ns   0.0001  0.000405
grs  0.0000  0.000000

[phase from 2004.0 to inf]
     A
afr  1
eur  1
            A
ns   0.000375
grs  0.000000

2026-09-24 11:17:43,991 - INFO - Starting glike optimization.

Initial parameters:
{'t1': 10, 't2': 50, 't3': 100, 'N_anc': 10000, 'N_yri': 10000, 'N_ooa': 10000, 'N_ceu': 10000, 'N_chb': 10000, 'gr_ceu': 0.1, 'gr_chb': 0.1}

Encoded parameters:
{'t1': 10, 't2': 50, 't3': 100, 'N_anc': 10000, 'N_yri': 10000, 'N_ooa': 10000, 'N_ceu': 10000, 'N_chb': 10000, 'gr_ceu': 0.1, 'gr_chb': 0.1}

Normalized CMA-ES parameters:
{'t1': 0.20408163265306123, 't2': 0.5555555555555556, 't3': 0.010050251256281407, 'N_anc': 0.2, 'N_yri': 0.2, 'N_ooa': 0.2, 'N_ceu': 0.2, 'N_chb': 0.2, 'gr_ceu': 0.1, 'gr_chb': 0.1}

CMA-ES parameter scales:
  t1: 49.0
  t2: 90.0
  t3: 9950.0
  N_anc: 50000.0
  N_yri: 50000.0
  N_ooa: 50000.0
  N_ceu: 50000.0
  N_chb: 50000.0
  gr_ceu: 1.0
  gr_chb: 1.0

-118394.491027643
Generation   1  Likelihood = -113292.106031
{'t1': 9.422917435028422, 't2': 49.17263147647762, 't3': -323.0175434027567, 'N_anc': 13133.995505286239, 'N_yri': 10492.290267478873, 'N_ooa': 12355.106669866806, 'N_ceu': 9988.984830460335, 'N_chb': 8570.086971934401, 'gr_ceu': -0.0057307295624577925, 'gr_chb': 0.18671662757029134}
Generation   2  Likelihood = -111490.525787
{'t1': 6.441101964759919, 't2': 41.281359765066696, 't3': -364.9373895836046, 'N_anc': 15939.723735895332, 'N_yri': 7828.534411816525, 'N_ooa': 14132.066220554785, 'N_ceu': 5978.319565046973, 'N_chb': 10269.470262635861, 'gr_ceu': 0.06820689687433466, 'gr_chb': 0.2008362891323524}
Generation   3  Likelihood = -108065.506627
{'t1': 5.324932043627971, 't2': 51.38068733597756, 't3': 346.1005661032603, 'N_anc': 13656.714652040222, 'N_yri': 10504.758157604205, 'N_ooa': 20486.397689813006, 'N_ceu': 6196.533832333125, 'N_chb': 7384.1933718249775, 'gr_ceu': 0.1554621902889747, 'gr_chb': 0.1204634788751566}
Generation   4  Likelihood = -107644.578267
{'t1': 5.464501955777394, 't2': 52.25906348329271, 't3': 466.2538581011952, 'N_anc': 11829.163411864845, 'N_yri': 9353.481032625383, 'N_ooa': 21648.226150305112, 'N_ceu': 7172.449185314025, 'N_chb': 9662.34130682397, 'gr_ceu': 0.12714580761798835, 'gr_chb': 0.1949333823414289}
2026-09-24 11:45:34,965 - INFO - Finished fitting ARG.
2026-09-24 11:45:34,966 - INFO - Finished in 0h 27m 51.0s
2026-09-24 11:45:34,966 - INFO - Estimated: {'t1': 8.96508304958253, 't2': 44.44189087917762, 't3': 541.5233431485507, 'N_anc': 14313.546024759376, 'N_yri': 8684.589554957814, 'N_ooa': 25266.7643638049, 'N_ceu': 9973.247614663998, 'N_chb': 9777.295516816726, 'gr_ceu': 0.183887196665435, 'gr_chb': 0.22078128223628085}
2026-09-24 11:45:34,966 - INFO - logp = -106811.62007984164  (true = -115579.88374116043)
2026-09-24 11:45:34,966 - INFO - Pipeline executed succesfully.
Generation   5  Likelihood = -106811.620080
{'t1': 8.96508304958253, 't2': 44.44189087917762, 't3': 541.5233431485507, 'N_anc': 14313.546024759376, 'N_yri': 8684.589554957814, 'N_ooa': 25266.7643638049, 'N_ceu': 9973.247614663998, 'N_chb': 9777.295516816726, 'gr_ceu': 0.183887196665435, 'gr_chb': 0.22078128223628085}

Final normalized parameters:
{'t1': 0.18296087856290877, 't2': 0.49379878754641804, 't3': 0.054424456597844284, 'N_anc': 0.28627092049518754, 'N_yri': 0.1736917910991563, 'N_ooa': 0.505335287276098, 'N_ceu': 0.19946495229327998, 'N_chb': 0.19554591033633453, 'gr_ceu': 0.183887196665435, 'gr_chb': 0.22078128223628085}

Final demographic parameters:
{'t1': 8.96508304958253, 't2': 44.44189087917762, 't3': 541.5233431485507, 'N_anc': 14313.546024759376, 'N_yri': 8684.589554957814, 'N_ooa': 25266.7643638049, 'N_ceu': 9973.247614663998, 'N_chb': 9777.295516816726, 'gr_ceu': 0.183887196665435, 'gr_chb': 0.22078128223628085}

Final likelihood = -106811.620080
