2026-10-02 19:59:41,530 - INFO - Beginning execution of simulate_and_fit_ARG.py in directory /home1/mahj/glike_optimize/opt_scripts

2026-10-02 19:59:41,530 - INFO - Progress is being logged to ../opt_results_CMA_ES_3G09_no_m1_kappa_10000/ntree_25_rep_5_simulate_ARG.log

2026-10-02 19:59:41,530 - INFO - Parsed the following arguments:
	N_SAMPLES = 1000.0
	SEQUENCE_LENGTH = 30000000.0
	RECOMBINATION_RATE = 1e-08
	SEED = 1
	NUM_TREES = 25
	OPTIMIZER = CMA_ES
	MODEL = 3G09_no_m
	KAPPA = 10000
	outprefix = ../opt_results_CMA_ES_3G09_no_m1_kappa_10000/ntree_25_rep_5

2026-10-02 19:59:41,560 - INFO - Sampling 1000 individuals with ploidy 1 in population 0 (name='admix') at time 0
2026-10-02 19:59:41,567 - INFO - Starting replicate 0
2026-10-02 19:59:41,567 - INFO - model[0] {'name': 'hudson'} started at time=0 nodes=1000 edges=0
2026-10-02 19:59:41,567 - INFO - Running model {'name': 'hudson'} until max time: inf
2026-10-02 19:59:42,262 - INFO - Completed at time=24250.7 nodes=39508 edges=264883
2026-10-02 19:59:44,688 - INFO - Finished simulating ARG.
[phase from 0.0 to 19.0]
        admix
ns   0.000006
grs  0.078000

[phase from 19.0 to 411.0]
       afr    eur   asia    pol
admix  0.0  0.198  0.334  0.468
        afr       eur     asia       pol
ns   0.0001  0.000075  0.00004  0.000064
grs  0.0000  0.000000  0.00000  0.000000

[phase from 411.0 to 1040.0]
      afr  eur  asia
afr     1    0     0
eur     0    1     0
asia    0    0     1
pol     0    0     1
        afr       eur     asia
ns   0.0001  0.000075  0.00037
grs  0.0000  0.000000  0.00000

[phase from 1040.0 to 2004.0]
      afr  eur
afr     1    0
eur     0    1
asia    0    1
        afr       eur
ns   0.0001  0.000405
grs  0.0000  0.000000

[phase from 2004.0 to inf]
     A
afr  1
eur  1
            A
ns   0.000375
grs  0.000000

2026-10-02 20:00:06,079 - INFO - Log likelihood of simulation parameters: -288391.81218078063.
2026-10-02 20:00:06,079 - INFO - Starting glike optimization.

Initial parameters:
{'t1': 10, 't2': 50, 't3': 100, 'N_anc': 10000, 'N_yri': 10000, 'N_ooa': 10000, 'N_ceu': 10000, 'N_chb': 10000, 'gr_ceu': 0.1, 'gr_chb': 0.1}

Encoded parameters:
{'t1': 10, 't2': 50, 't3': 100, 'N_anc': 10000, 'N_yri': 10000, 'N_ooa': 10000, 'N_ceu': 10000, 'N_chb': 10000, 'gr_ceu': 0.1, 'gr_chb': 0.1}

Normalized CMA-ES parameters:
{'t1': 0.20408163265306123, 't2': 0.5555555555555556, 't3': 0.010050251256281407, 'N_anc': 0.2, 'N_yri': 0.2, 'N_ooa': 0.2, 'N_ceu': 0.2, 'N_chb': 0.2, 'gr_ceu': 0.1, 'gr_chb': 0.1}

CMA-ES parameter scales:
  t1: 49.0
  t2: 90.0
  t3: 9950.0
  N_anc: 50000.0
  N_yri: 50000.0
  N_ooa: 50000.0
  N_ceu: 50000.0
  N_chb: 50000.0
  gr_ceu: 1.0
  gr_chb: 1.0

-295745.56567803904
Generation   1  Likelihood = -284233.236571
{'t1': 9.409253730984958, 't2': 56.53908905917295, 't3': 515.7596169152669, 'N_anc': 9136.792164595823, 'N_yri': 10684.531942406347, 'N_ooa': 12402.847112253623, 'N_ceu': 8381.35524993832, 'N_chb': 9990.164932937898, 'gr_ceu': 0.08261813279665835, 'gr_chb': 0.04414133032941318}
Generation   2  Likelihood = -276847.314000
{'t1': 8.918547791411777, 't2': 52.119924305557895, 't3': 402.71349363517595, 'N_anc': 16680.339655583226, 'N_yri': 8365.976150437906, 'N_ooa': 16000.397677698607, 'N_ceu': 9466.474283227632, 'N_chb': 5657.355213200402, 'gr_ceu': 0.038004562027105025, 'gr_chb': 0.1316798212563436}
Generation   3  Likelihood = -270835.137836
{'t1': 8.983420471206719, 't2': 58.565193756836656, 't3': 621.300737499991, 'N_anc': 11306.54056533977, 'N_yri': 10511.363347739692, 'N_ooa': 19195.932251737086, 'N_ceu': 11690.185785560283, 'N_chb': 5777.304292764536, 'gr_ceu': 0.09422380145720258, 'gr_chb': 0.1132343724049173}
Generation   4  Likelihood = -268114.280651
{'t1': 3.4644916020429575, 't2': 59.513098200960144, 't3': 524.2424462456156, 'N_anc': 14128.034805515936, 'N_yri': 13901.324577250181, 'N_ooa': 22101.043706029453, 'N_ceu': 9811.58176731795, 'N_chb': 6490.721854889913, 'gr_ceu': 0.18805483898644748, 'gr_chb': 0.15443591149883318}
Generation   5  Likelihood = -265670.484079
{'t1': 7.3300599083709495, 't2': 48.778432704650044, 't3': 684.3831194300221, 'N_anc': 15361.15709021123, 'N_yri': 14298.560083049528, 'N_ooa': 26762.122576678248, 'N_ceu': 14527.261628322565, 'N_chb': 9497.450114955343, 'gr_ceu': 0.13562507692167258, 'gr_chb': 0.09325260387071754}
Generation   6  Likelihood = -263664.287602
{'t1': 4.337405274812908, 't2': 55.80594242122752, 't3': 402.9774714835404, 'N_anc': 15758.08651223508, 'N_yri': 21580.32384835699, 'N_ooa': 28778.086011425265, 'N_ceu': 12400.921933154223, 'N_chb': 4459.002837755384, 'gr_ceu': 0.16939822350077266, 'gr_chb': 0.16788133363043112}
Generation   7  Likelihood = -262051.133816
{'t1': 6.704407174789077, 't2': 56.67482441493177, 't3': 399.8118439910545, 'N_anc': 5844.106712474403, 'N_yri': 19698.814468501656, 'N_ooa': 31425.896993839266, 'N_ceu': 16903.130927991657, 'N_chb': 5257.3949766493015, 'gr_ceu': 0.25211114408768054, 'gr_chb': 0.18344223632465279}
Generation   8  Likelihood = -262051.133816
{'t1': 6.704407174789077, 't2': 56.67482441493177, 't3': 399.8118439910545, 'N_anc': 5844.106712474403, 'N_yri': 19698.814468501656, 'N_ooa': 31425.896993839266, 'N_ceu': 16903.130927991657, 'N_chb': 5257.3949766493015, 'gr_ceu': 0.25211114408768054, 'gr_chb': 0.18344223632465279}
Generation   9  Likelihood = -262051.133816
{'t1': 6.704407174789077, 't2': 56.67482441493177, 't3': 399.8118439910545, 'N_anc': 5844.106712474403, 'N_yri': 19698.814468501656, 'N_ooa': 31425.896993839266, 'N_ceu': 16903.130927991657, 'N_chb': 5257.3949766493015, 'gr_ceu': 0.25211114408768054, 'gr_chb': 0.18344223632465279}
Generation  10  Likelihood = -262051.133816
{'t1': 6.704407174789077, 't2': 56.67482441493177, 't3': 399.8118439910545, 'N_anc': 5844.106712474403, 'N_yri': 19698.814468501656, 'N_ooa': 31425.896993839266, 'N_ceu': 16903.130927991657, 'N_chb': 5257.3949766493015, 'gr_ceu': 0.25211114408768054, 'gr_chb': 0.18344223632465279}
Generation  11  Likelihood = -262051.133816
{'t1': 6.704407174789077, 't2': 56.67482441493177, 't3': 399.8118439910545, 'N_anc': 5844.106712474403, 'N_yri': 19698.814468501656, 'N_ooa': 31425.896993839266, 'N_ceu': 16903.130927991657, 'N_chb': 5257.3949766493015, 'gr_ceu': 0.25211114408768054, 'gr_chb': 0.18344223632465279}
Generation  12  Likelihood = -261172.315245
{'t1': 4.904354192910987, 't2': 57.504198867728256, 't3': 421.99135350479384, 'N_anc': 9086.763549243526, 'N_yri': 24103.286348327292, 'N_ooa': 40137.46750666387, 'N_ceu': 22373.62810138494, 'N_chb': 7127.112988770741, 'gr_ceu': 0.08409946138952137, 'gr_chb': 0.2914557472102747}
Generation  13  Likelihood = -261172.315245
{'t1': 4.904354192910987, 't2': 57.504198867728256, 't3': 421.99135350479384, 'N_anc': 9086.763549243526, 'N_yri': 24103.286348327292, 'N_ooa': 40137.46750666387, 'N_ceu': 22373.62810138494, 'N_chb': 7127.112988770741, 'gr_ceu': 0.08409946138952137, 'gr_chb': 0.2914557472102747}
Generation  14  Likelihood = -261172.315245
{'t1': 4.904354192910987, 't2': 57.504198867728256, 't3': 421.99135350479384, 'N_anc': 9086.763549243526, 'N_yri': 24103.286348327292, 'N_ooa': 40137.46750666387, 'N_ceu': 22373.62810138494, 'N_chb': 7127.112988770741, 'gr_ceu': 0.08409946138952137, 'gr_chb': 0.2914557472102747}
Generation  15  Likelihood = -261172.315245
{'t1': 4.904354192910987, 't2': 57.504198867728256, 't3': 421.99135350479384, 'N_anc': 9086.763549243526, 'N_yri': 24103.286348327292, 'N_ooa': 40137.46750666387, 'N_ceu': 22373.62810138494, 'N_chb': 7127.112988770741, 'gr_ceu': 0.08409946138952137, 'gr_chb': 0.2914557472102747}
Generation  16  Likelihood = -261172.315245
{'t1': 4.904354192910987, 't2': 57.504198867728256, 't3': 421.99135350479384, 'N_anc': 9086.763549243526, 'N_yri': 24103.286348327292, 'N_ooa': 40137.46750666387, 'N_ceu': 22373.62810138494, 'N_chb': 7127.112988770741, 'gr_ceu': 0.08409946138952137, 'gr_chb': 0.2914557472102747}
Generation  17  Likelihood = -261172.315245
{'t1': 4.904354192910987, 't2': 57.504198867728256, 't3': 421.99135350479384, 'N_anc': 9086.763549243526, 'N_yri': 24103.286348327292, 'N_ooa': 40137.46750666387, 'N_ceu': 22373.62810138494, 'N_chb': 7127.112988770741, 'gr_ceu': 0.08409946138952137, 'gr_chb': 0.2914557472102747}
Generation  18  Likelihood = -261172.315245
{'t1': 4.904354192910987, 't2': 57.504198867728256, 't3': 421.99135350479384, 'N_anc': 9086.763549243526, 'N_yri': 24103.286348327292, 'N_ooa': 40137.46750666387, 'N_ceu': 22373.62810138494, 'N_chb': 7127.112988770741, 'gr_ceu': 0.08409946138952137, 'gr_chb': 0.2914557472102747}
Generation  19  Likelihood = -261172.315245
{'t1': 4.904354192910987, 't2': 57.504198867728256, 't3': 421.99135350479384, 'N_anc': 9086.763549243526, 'N_yri': 24103.286348327292, 'N_ooa': 40137.46750666387, 'N_ceu': 22373.62810138494, 'N_chb': 7127.112988770741, 'gr_ceu': 0.08409946138952137, 'gr_chb': 0.2914557472102747}
2026-10-02 21:47:48,320 - INFO - Finished fitting ARG.
2026-10-02 21:47:48,321 - INFO - Finished in 1h 47m 42.2s
2026-10-02 21:47:48,321 - INFO - Estimated: {'t1': 4.904354192910987, 't2': 57.504198867728256, 't3': 421.99135350479384, 'N_anc': 9086.763549243526, 'N_yri': 24103.286348327292, 'N_ooa': 40137.46750666387, 'N_ceu': 22373.62810138494, 'N_chb': 7127.112988770741, 'gr_ceu': 0.08409946138952137, 'gr_chb': 0.2914557472102747}
2026-10-02 21:47:48,321 - INFO - logp = -261172.31524467948  (true = -288391.81218078063)
2026-10-02 21:47:48,321 - INFO - Pipeline executed succesfully.
Generation  20  Likelihood = -261172.315245
{'t1': 4.904354192910987, 't2': 57.504198867728256, 't3': 421.99135350479384, 'N_anc': 9086.763549243526, 'N_yri': 24103.286348327292, 'N_ooa': 40137.46750666387, 'N_ceu': 22373.62810138494, 'N_chb': 7127.112988770741, 'gr_ceu': 0.08409946138952137, 'gr_chb': 0.2914557472102747}

Final normalized parameters:
{'t1': 0.10008886107981607, 't2': 0.6389355429747584, 't3': 0.042411191307014456, 'N_anc': 0.1817352709848705, 'N_yri': 0.4820657269665458, 'N_ooa': 0.8027493501332773, 'N_ceu': 0.4474725620276988, 'N_chb': 0.14254225977541482, 'gr_ceu': 0.08409946138952137, 'gr_chb': 0.2914557472102747}

Final demographic parameters:
{'t1': 4.904354192910987, 't2': 57.504198867728256, 't3': 421.99135350479384, 'N_anc': 9086.763549243526, 'N_yri': 24103.286348327292, 'N_ooa': 40137.46750666387, 'N_ceu': 22373.62810138494, 'N_chb': 7127.112988770741, 'gr_ceu': 0.08409946138952137, 'gr_chb': 0.2914557472102747}

Final likelihood = -261172.315245
