2026-09-28 08:49:19,803 - INFO - Beginning execution of simulate_and_fit_ARG.py in directory /home1/mahj/glike_optimize/opt_scripts

2026-09-28 08:49:19,803 - INFO - Progress is being logged to ../opt_results_CMA_ES_3G09_no_m1_kappa_25000/ntree_10_rep_5_simulate_ARG.log

2026-09-28 08:49:19,804 - INFO - Parsed the following arguments:
	N_SAMPLES = 1000.0
	SEQUENCE_LENGTH = 30000000.0
	RECOMBINATION_RATE = 1e-08
	SEED = 1
	NUM_TREES = 10
	OPTIMIZER = CMA_ES
	MODEL = 3G09_no_m
	KAPPA = 25000
	outprefix = ../opt_results_CMA_ES_3G09_no_m1_kappa_25000/ntree_10_rep_5

2026-09-28 08:49:19,859 - INFO - Sampling 1000 individuals with ploidy 1 in population 0 (name='admix') at time 0
2026-09-28 08:49:19,867 - INFO - Starting replicate 0
2026-09-28 08:49:19,868 - INFO - model[0] {'name': 'hudson'} started at time=0 nodes=1000 edges=0
2026-09-28 08:49:19,868 - INFO - Running model {'name': 'hudson'} until max time: inf
2026-09-28 08:49:20,949 - INFO - Completed at time=24250.7 nodes=39508 edges=264883
2026-09-28 08:49:22,856 - INFO - Finished simulating ARG.
[phase from 0.0 to 19.0]
        admix
ns   0.000006
grs  0.078000

[phase from 19.0 to 411.0]
       afr    eur   asia    pol
admix  0.0  0.198  0.334  0.468
        afr       eur     asia       pol
ns   0.0001  0.000075  0.00004  0.000064
grs  0.0000  0.000000  0.00000  0.000000

[phase from 411.0 to 1040.0]
      afr  eur  asia
afr     1    0     0
eur     0    1     0
asia    0    0     1
pol     0    0     1
        afr       eur     asia
ns   0.0001  0.000075  0.00037
grs  0.0000  0.000000  0.00000

[phase from 1040.0 to 2004.0]
      afr  eur
afr     1    0
eur     0    1
asia    0    1
        afr       eur
ns   0.0001  0.000405
grs  0.0000  0.000000

[phase from 2004.0 to inf]
     A
afr  1
eur  1
            A
ns   0.000375
grs  0.000000

2026-09-28 08:49:44,812 - INFO - Starting glike optimization.

Initial parameters:
{'t1': 10, 't2': 50, 't3': 100, 'N_anc': 10000, 'N_yri': 10000, 'N_ooa': 10000, 'N_ceu': 10000, 'N_chb': 10000, 'gr_ceu': 0.1, 'gr_chb': 0.1}

Encoded parameters:
{'t1': 10, 't2': 50, 't3': 100, 'N_anc': 10000, 'N_yri': 10000, 'N_ooa': 10000, 'N_ceu': 10000, 'N_chb': 10000, 'gr_ceu': 0.1, 'gr_chb': 0.1}

Normalized CMA-ES parameters:
{'t1': 0.20408163265306123, 't2': 0.5555555555555556, 't3': 0.010050251256281407, 'N_anc': 0.2, 'N_yri': 0.2, 'N_ooa': 0.2, 'N_ceu': 0.2, 'N_chb': 0.2, 'gr_ceu': 0.1, 'gr_chb': 0.1}

CMA-ES parameter scales:
  t1: 49.0
  t2: 90.0
  t3: 9950.0
  N_anc: 50000.0
  N_yri: 50000.0
  N_ooa: 50000.0
  N_ceu: 50000.0
  N_chb: 50000.0
  gr_ceu: 1.0
  gr_chb: 1.0

-118361.13573826614
Generation   1  Likelihood = -111834.739258
{'t1': 6.566116972631558, 't2': 51.1332826584966, 't3': 695.5991746900436, 'N_anc': 9170.91683356245, 'N_yri': 13238.650579290157, 'N_ooa': 14079.293838377791, 'N_ceu': 8407.759669341056, 'N_chb': 11514.372861293925, 'gr_ceu': 0.21397876475406374, 'gr_chb': 0.1332296873514625}
Generation   2  Likelihood = -110228.068199
{'t1': 10.847510381214652, 't2': 53.28525928545245, 't3': 530.8125375856373, 'N_anc': 15035.647772061855, 'N_yri': 17246.119967077135, 'N_ooa': 15384.275771544997, 'N_ceu': 10305.086174030612, 'N_chb': 15861.569486036955, 'gr_ceu': 0.14830272718312695, 'gr_chb': 0.24203720888229185}
Generation   3  Likelihood = -108468.954507
{'t1': 9.316463219121305, 't2': 59.93207473990567, 't3': -852.0496508412253, 'N_anc': 19833.032347454737, 'N_yri': 14026.731959532732, 'N_ooa': 14182.719877509458, 'N_ceu': 19670.416385658675, 'N_chb': 13154.769412184864, 'gr_ceu': 0.07502767184078282, 'gr_chb': 0.17427930024644359}
Generation   4  Likelihood = -107809.512397
{'t1': 6.507789058693668, 't2': 56.93419419765023, 't3': -232.03081065762788, 'N_anc': 19928.267655555115, 'N_yri': 19991.47790067079, 'N_ooa': 20705.431925406003, 'N_ceu': 14430.36327277169, 'N_chb': 10475.606350713784, 'gr_ceu': 0.15660050499373315, 'gr_chb': 0.11557038575713305}
2026-09-28 10:00:56,634 - INFO - Finished fitting ARG.
2026-09-28 10:00:56,635 - INFO - Finished in 1h 11m 11.8s
2026-09-28 10:00:56,635 - INFO - Estimated: {'t1': 9.40675975344464, 't2': 66.95559480651482, 't3': -550.1953518025241, 'N_anc': 25656.02790981407, 'N_yri': 14408.557352376722, 'N_ooa': 16334.13095060241, 'N_ceu': 20989.932341695476, 'N_chb': 6496.579272295042, 'gr_ceu': -0.07600501063185658, 'gr_chb': 0.16943519079046837}
2026-09-28 10:00:56,635 - INFO - logp = -107083.43892876159  (true = -115579.18847935628)
2026-09-28 10:00:56,635 - INFO - Pipeline executed succesfully.
Generation   5  Likelihood = -107083.438929
{'t1': 9.40675975344464, 't2': 66.95559480651482, 't3': -550.1953518025241, 'N_anc': 25656.02790981407, 'N_yri': 14408.557352376722, 'N_ooa': 16334.13095060241, 'N_ceu': 20989.932341695476, 'N_chb': 6496.579272295042, 'gr_ceu': -0.07600501063185658, 'gr_chb': 0.16943519079046837}

Final normalized parameters:
{'t1': 0.19197468884580896, 't2': 0.7439510534057203, 't3': -0.05529601525653509, 'N_anc': 0.5131205581962814, 'N_yri': 0.28817114704753444, 'N_ooa': 0.3266826190120482, 'N_ceu': 0.4197986468339095, 'N_chb': 0.12993158544590083, 'gr_ceu': -0.07600501063185658, 'gr_chb': 0.16943519079046837}

Final demographic parameters:
{'t1': 9.40675975344464, 't2': 66.95559480651482, 't3': -550.1953518025241, 'N_anc': 25656.02790981407, 'N_yri': 14408.557352376722, 'N_ooa': 16334.13095060241, 'N_ceu': 20989.932341695476, 'N_chb': 6496.579272295042, 'gr_ceu': -0.07600501063185658, 'gr_chb': 0.16943519079046837}

Final likelihood = -107083.438929
