2026-09-24 11:17:19,931 - INFO - Beginning execution of simulate_and_fit_ARG.py in directory /home1/mahj/glike_optimize/opt_scripts

2026-09-24 11:17:19,932 - INFO - Progress is being logged to ../opt_results_CMA_ES_3G09_no_m1_kappa_10000/ntree_10_rep_10_simulate_ARG.log

2026-09-24 11:17:19,932 - INFO - Parsed the following arguments:
	N_SAMPLES = 1000.0
	SEQUENCE_LENGTH = 30000000.0
	RECOMBINATION_RATE = 1e-08
	SEED = 1
	NUM_TREES = 10
	OPTIMIZER = CMA_ES
	MODEL = 3G09_no_m
	KAPPA = 10000
	outprefix = ../opt_results_CMA_ES_3G09_no_m1_kappa_10000/ntree_10_rep_10

2026-09-24 11:17:19,993 - INFO - Sampling 1000 individuals with ploidy 1 in population 0 (name='admix') at time 0
2026-09-24 11:17:20,004 - INFO - Starting replicate 0
2026-09-24 11:17:20,005 - INFO - model[0] {'name': 'hudson'} started at time=0 nodes=1000 edges=0
2026-09-24 11:17:20,005 - INFO - Running model {'name': 'hudson'} until max time: inf
2026-09-24 11:17:20,993 - INFO - Completed at time=24250.7 nodes=39508 edges=264883
2026-09-24 11:17:22,196 - INFO - Finished simulating ARG.
[phase from 0.0 to 19.0]
        admix
ns   0.000006
grs  0.078000

[phase from 19.0 to 411.0]
       afr    eur   asia    pol
admix  0.0  0.198  0.334  0.468
        afr       eur     asia       pol
ns   0.0001  0.000075  0.00004  0.000064
grs  0.0000  0.000000  0.00000  0.000000

[phase from 411.0 to 1040.0]
      afr  eur  asia
afr     1    0     0
eur     0    1     0
asia    0    0     1
pol     0    0     1
        afr       eur     asia
ns   0.0001  0.000075  0.00037
grs  0.0000  0.000000  0.00000

[phase from 1040.0 to 2004.0]
      afr  eur
afr     1    0
eur     0    1
asia    0    1
        afr       eur
ns   0.0001  0.000405
grs  0.0000  0.000000

[phase from 2004.0 to inf]
     A
afr  1
eur  1
            A
ns   0.000375
grs  0.000000

2026-09-24 11:17:43,174 - INFO - Starting glike optimization.

Initial parameters:
{'t1': 10, 't2': 50, 't3': 100, 'N_anc': 10000, 'N_yri': 10000, 'N_ooa': 10000, 'N_ceu': 10000, 'N_chb': 10000, 'gr_ceu': 0.1, 'gr_chb': 0.1}

Encoded parameters:
{'t1': 10, 't2': 50, 't3': 100, 'N_anc': 10000, 'N_yri': 10000, 'N_ooa': 10000, 'N_ceu': 10000, 'N_chb': 10000, 'gr_ceu': 0.1, 'gr_chb': 0.1}

Normalized CMA-ES parameters:
{'t1': 0.20408163265306123, 't2': 0.5555555555555556, 't3': 0.010050251256281407, 'N_anc': 0.2, 'N_yri': 0.2, 'N_ooa': 0.2, 'N_ceu': 0.2, 'N_chb': 0.2, 'gr_ceu': 0.1, 'gr_chb': 0.1}

CMA-ES parameter scales:
  t1: 49.0
  t2: 90.0
  t3: 9950.0
  N_anc: 50000.0
  N_yri: 50000.0
  N_ooa: 50000.0
  N_ceu: 50000.0
  N_chb: 50000.0
  gr_ceu: 1.0
  gr_chb: 1.0

-118395.19657100378
Generation   1  Likelihood = -113395.501212
{'t1': 4.651000140491973, 't2': 51.41733326412168, 't3': -92.80095239550276, 'N_anc': 13037.349464878505, 'N_yri': 11318.538001029885, 'N_ooa': 12878.73121319312, 'N_ceu': 10424.555737180472, 'N_chb': 16719.835646044296, 'gr_ceu': 0.15193075197858724, 'gr_chb': 0.1240840757861057}
Generation   2  Likelihood = -111368.282140
{'t1': 9.821023641426162, 't2': 53.221437093905664, 't3': 331.47728698561946, 'N_anc': 10556.259053226493, 'N_yri': 11540.760021468599, 'N_ooa': 14544.510567589958, 'N_ceu': 14265.754200757825, 'N_chb': 11837.314492232445, 'gr_ceu': 0.11381930934160192, 'gr_chb': 0.22317379404983628}
Generation   3  Likelihood = -109542.054614
{'t1': 9.3187178374516, 't2': 54.23786038904498, 't3': 1019.8633436645948, 'N_anc': 7235.996960008885, 'N_yri': 12549.658317049092, 'N_ooa': 16414.133833636606, 'N_ceu': 13528.743884942363, 'N_chb': 11589.638796413856, 'gr_ceu': 0.12236150378401824, 'gr_chb': 0.2070686512195768}
Generation   4  Likelihood = -107431.497311
{'t1': 12.263720607220066, 't2': 61.00400015131432, 't3': 1055.1816076674072, 'N_anc': 7603.844901358725, 'N_yri': 15499.005901181585, 'N_ooa': 20052.298032743143, 'N_ceu': 11314.572182103686, 'N_chb': 11883.398572567388, 'gr_ceu': 0.1721852881163532, 'gr_chb': 0.17832830971086955}
2026-09-24 11:45:13,376 - INFO - Finished fitting ARG.
2026-09-24 11:45:13,377 - INFO - Finished in 0h 27m 30.2s
2026-09-24 11:45:13,377 - INFO - Estimated: {'t1': 5.79458610693223, 't2': 70.82871182191717, 't3': 1757.741717372519, 'N_anc': 11863.698069272337, 'N_yri': 14033.24127024693, 'N_ooa': 25692.757437529785, 'N_ceu': 9497.66586600549, 'N_chb': 14081.881603786002, 'gr_ceu': 0.09955692337826859, 'gr_chb': 0.29459705647191126}
2026-09-24 11:45:13,377 - INFO - logp = -106455.01746095737  (true = -115486.73622280775)
2026-09-24 11:45:13,378 - INFO - Pipeline executed succesfully.
Generation   5  Likelihood = -106455.017461
{'t1': 5.79458610693223, 't2': 70.82871182191717, 't3': 1757.741717372519, 'N_anc': 11863.698069272337, 'N_yri': 14033.24127024693, 'N_ooa': 25692.757437529785, 'N_ceu': 9497.66586600549, 'N_chb': 14081.881603786002, 'gr_ceu': 0.09955692337826859, 'gr_chb': 0.29459705647191126}

Final normalized parameters:
{'t1': 0.11825685932514755, 't2': 0.7869856869101908, 't3': 0.17665745903241395, 'N_anc': 0.23727396138544676, 'N_yri': 0.2806648254049386, 'N_ooa': 0.5138551487505957, 'N_ceu': 0.1899533173201098, 'N_chb': 0.28163763207572, 'gr_ceu': 0.09955692337826859, 'gr_chb': 0.29459705647191126}

Final demographic parameters:
{'t1': 5.79458610693223, 't2': 70.82871182191717, 't3': 1757.741717372519, 'N_anc': 11863.698069272337, 'N_yri': 14033.24127024693, 'N_ooa': 25692.757437529785, 'N_ceu': 9497.66586600549, 'N_chb': 14081.881603786002, 'gr_ceu': 0.09955692337826859, 'gr_chb': 0.29459705647191126}

Final likelihood = -106455.017461
