2026-09-28 08:47:00,551 - INFO - Beginning execution of simulate_and_fit_ARG.py in directory /home1/mahj/glike_optimize/opt_scripts

2026-09-28 08:47:00,551 - INFO - Progress is being logged to ../opt_results_CMA_ES_3G09_no_m1_kappa_25000/ntree_10_rep_4_simulate_ARG.log

2026-09-28 08:47:00,552 - INFO - Parsed the following arguments:
	N_SAMPLES = 1000.0
	SEQUENCE_LENGTH = 30000000.0
	RECOMBINATION_RATE = 1e-08
	SEED = 1
	NUM_TREES = 10
	OPTIMIZER = CMA_ES
	MODEL = 3G09_no_m
	KAPPA = 25000
	outprefix = ../opt_results_CMA_ES_3G09_no_m1_kappa_25000/ntree_10_rep_4

2026-09-28 08:47:00,595 - INFO - Sampling 1000 individuals with ploidy 1 in population 0 (name='admix') at time 0
2026-09-28 08:47:00,603 - INFO - Starting replicate 0
2026-09-28 08:47:00,603 - INFO - model[0] {'name': 'hudson'} started at time=0 nodes=1000 edges=0
2026-09-28 08:47:00,603 - INFO - Running model {'name': 'hudson'} until max time: inf
2026-09-28 08:47:01,574 - INFO - Completed at time=24250.7 nodes=39508 edges=264883
2026-09-28 08:47:02,829 - INFO - Finished simulating ARG.
[phase from 0.0 to 19.0]
        admix
ns   0.000006
grs  0.078000

[phase from 19.0 to 411.0]
       afr    eur   asia    pol
admix  0.0  0.198  0.334  0.468
        afr       eur     asia       pol
ns   0.0001  0.000075  0.00004  0.000064
grs  0.0000  0.000000  0.00000  0.000000

[phase from 411.0 to 1040.0]
      afr  eur  asia
afr     1    0     0
eur     0    1     0
asia    0    0     1
pol     0    0     1
        afr       eur     asia
ns   0.0001  0.000075  0.00037
grs  0.0000  0.000000  0.00000

[phase from 1040.0 to 2004.0]
      afr  eur
afr     1    0
eur     0    1
asia    0    1
        afr       eur
ns   0.0001  0.000405
grs  0.0000  0.000000

[phase from 2004.0 to inf]
     A
afr  1
eur  1
            A
ns   0.000375
grs  0.000000

2026-09-28 08:47:24,138 - INFO - Starting glike optimization.

Initial parameters:
{'t1': 10, 't2': 50, 't3': 100, 'N_anc': 10000, 'N_yri': 10000, 'N_ooa': 10000, 'N_ceu': 10000, 'N_chb': 10000, 'gr_ceu': 0.1, 'gr_chb': 0.1}

Encoded parameters:
{'t1': 10, 't2': 50, 't3': 100, 'N_anc': 10000, 'N_yri': 10000, 'N_ooa': 10000, 'N_ceu': 10000, 'N_chb': 10000, 'gr_ceu': 0.1, 'gr_chb': 0.1}

Normalized CMA-ES parameters:
{'t1': 0.20408163265306123, 't2': 0.5555555555555556, 't3': 0.010050251256281407, 'N_anc': 0.2, 'N_yri': 0.2, 'N_ooa': 0.2, 'N_ceu': 0.2, 'N_chb': 0.2, 'gr_ceu': 0.1, 'gr_chb': 0.1}

CMA-ES parameter scales:
  t1: 49.0
  t2: 90.0
  t3: 9950.0
  N_anc: 50000.0
  N_yri: 50000.0
  N_ooa: 50000.0
  N_ceu: 50000.0
  N_chb: 50000.0
  gr_ceu: 1.0
  gr_chb: 1.0

-118361.1654936317
Generation   1  Likelihood = -115338.762355
{'t1': 11.687915504015443, 't2': 62.0766708801965, 't3': 509.6462025775191, 'N_anc': 9316.056715733117, 'N_yri': 6081.904541100412, 'N_ooa': 11564.253286032312, 'N_ceu': 11275.382424978843, 'N_chb': 11879.920354176655, 'gr_ceu': 0.0747746340952165, 'gr_chb': 0.09659747044337047}
Generation   2  Likelihood = -114521.342203
{'t1': 8.292497242591446, 't2': 53.9757838120101, 't3': 479.6157060165328, 'N_anc': 12891.889310830114, 'N_yri': 6497.620749526998, 'N_ooa': 12411.482371440263, 'N_ceu': 12415.58746889574, 'N_chb': 11835.30747976242, 'gr_ceu': 0.16776280082935374, 'gr_chb': 0.14391253938030302}
Generation   3  Likelihood = -110644.513347
{'t1': 8.8830944002141, 't2': 50.57905614732273, 't3': 500.0266085293115, 'N_anc': 9429.594410685333, 'N_yri': 7593.418322849044, 'N_ooa': 15990.909685199964, 'N_ceu': 10569.821448133624, 'N_chb': 11072.921386560982, 'gr_ceu': 0.0696471740244839, 'gr_chb': 0.061197450541324604}
Generation   4  Likelihood = -108991.166822
{'t1': 7.72903524347007, 't2': 52.83998666206748, 't3': 427.07402865949246, 'N_anc': 8018.026370725953, 'N_yri': 10278.107671894291, 'N_ooa': 17552.652517989227, 'N_ceu': 8985.073890909027, 'N_chb': 12485.721860769288, 'gr_ceu': 0.08027402403497051, 'gr_chb': 0.0798627271026368}
2026-09-28 09:57:21,076 - INFO - Finished fitting ARG.
2026-09-28 09:57:21,077 - INFO - Finished in 1h 9m 56.9s
2026-09-28 09:57:21,077 - INFO - Estimated: {'t1': 8.044043145333355, 't2': 50.09206521390058, 't3': 432.9387040061352, 'N_anc': 11560.341862776055, 'N_yri': 8666.898903128516, 'N_ooa': 20143.153661158558, 'N_ceu': 12680.361067114527, 'N_chb': 11527.335222734442, 'gr_ceu': 0.09827454889837012, 'gr_chb': 0.07644079834621142}
2026-09-28 09:57:21,078 - INFO - logp = -107979.23456706914  (true = -115463.30105469085)
2026-09-28 09:57:21,078 - INFO - Pipeline executed succesfully.
Generation   5  Likelihood = -107979.234567
{'t1': 8.044043145333355, 't2': 50.09206521390058, 't3': 432.9387040061352, 'N_anc': 11560.341862776055, 'N_yri': 8666.898903128516, 'N_ooa': 20143.153661158558, 'N_ceu': 12680.361067114527, 'N_chb': 11527.335222734442, 'gr_ceu': 0.09827454889837012, 'gr_chb': 0.07644079834621142}

Final normalized parameters:
{'t1': 0.1641641458231297, 't2': 0.5565785023766732, 't3': 0.043511427538305045, 'N_anc': 0.2312068372555211, 'N_yri': 0.1733379780625703, 'N_ooa': 0.40286307322317116, 'N_ceu': 0.2536072213422905, 'N_chb': 0.23054670445468883, 'gr_ceu': 0.09827454889837012, 'gr_chb': 0.07644079834621142}

Final demographic parameters:
{'t1': 8.044043145333355, 't2': 50.09206521390058, 't3': 432.9387040061352, 'N_anc': 11560.341862776055, 'N_yri': 8666.898903128516, 'N_ooa': 20143.153661158558, 'N_ceu': 12680.361067114527, 'N_chb': 11527.335222734442, 'gr_ceu': 0.09827454889837012, 'gr_chb': 0.07644079834621142}

Final likelihood = -107979.234567
