2026-09-28 11:27:40,380 - INFO - Beginning execution of simulate_and_fit_ARG.py in directory /home1/mahj/glike_optimize/opt_scripts

2026-09-28 11:27:40,380 - INFO - Progress is being logged to ../opt_results_CMA_ES_3G09_no_m1_kappa_50000/ntree_10_rep_3_simulate_ARG.log

2026-09-28 11:27:40,380 - INFO - Parsed the following arguments:
	N_SAMPLES = 1000.0
	SEQUENCE_LENGTH = 30000000.0
	RECOMBINATION_RATE = 1e-08
	SEED = 1
	NUM_TREES = 10
	OPTIMIZER = CMA_ES
	MODEL = 3G09_no_m
	KAPPA = 50000
	outprefix = ../opt_results_CMA_ES_3G09_no_m1_kappa_50000/ntree_10_rep_3

2026-09-28 11:27:40,425 - INFO - Sampling 1000 individuals with ploidy 1 in population 0 (name='admix') at time 0
2026-09-28 11:27:40,429 - INFO - Starting replicate 0
2026-09-28 11:27:40,429 - INFO - model[0] {'name': 'hudson'} started at time=0 nodes=1000 edges=0
2026-09-28 11:27:40,429 - INFO - Running model {'name': 'hudson'} until max time: inf
2026-09-28 11:27:41,230 - INFO - Completed at time=24250.7 nodes=39508 edges=264883
2026-09-28 11:27:42,449 - INFO - Finished simulating ARG.
[phase from 0.0 to 19.0]
        admix
ns   0.000006
grs  0.078000

[phase from 19.0 to 411.0]
       afr    eur   asia    pol
admix  0.0  0.198  0.334  0.468
        afr       eur     asia       pol
ns   0.0001  0.000075  0.00004  0.000064
grs  0.0000  0.000000  0.00000  0.000000

[phase from 411.0 to 1040.0]
      afr  eur  asia
afr     1    0     0
eur     0    1     0
asia    0    0     1
pol     0    0     1
        afr       eur     asia
ns   0.0001  0.000075  0.00037
grs  0.0000  0.000000  0.00000

[phase from 1040.0 to 2004.0]
      afr  eur
afr     1    0
eur     0    1
asia    0    1
        afr       eur
ns   0.0001  0.000405
grs  0.0000  0.000000

[phase from 2004.0 to inf]
     A
afr  1
eur  1
            A
ns   0.000375
grs  0.000000

2026-09-28 11:27:59,464 - INFO - Starting glike optimization.

Initial parameters:
{'t1': 10, 't2': 50, 't3': 100, 'N_anc': 10000, 'N_yri': 10000, 'N_ooa': 10000, 'N_ceu': 10000, 'N_chb': 10000, 'gr_ceu': 0.1, 'gr_chb': 0.1}

Encoded parameters:
{'t1': 10, 't2': 50, 't3': 100, 'N_anc': 10000, 'N_yri': 10000, 'N_ooa': 10000, 'N_ceu': 10000, 'N_chb': 10000, 'gr_ceu': 0.1, 'gr_chb': 0.1}

Normalized CMA-ES parameters:
{'t1': 0.20408163265306123, 't2': 0.5555555555555556, 't3': 0.010050251256281407, 'N_anc': 0.2, 'N_yri': 0.2, 'N_ooa': 0.2, 'N_ceu': 0.2, 'N_chb': 0.2, 'gr_ceu': 0.1, 'gr_chb': 0.1}

CMA-ES parameter scales:
  t1: 49.0
  t2: 90.0
  t3: 9950.0
  N_anc: 50000.0
  N_yri: 50000.0
  N_ooa: 50000.0
  N_ceu: 50000.0
  N_chb: 50000.0
  gr_ceu: 1.0
  gr_chb: 1.0

-118350.03729040608
Generation   1  Likelihood = -113417.937541
{'t1': 11.860973139662239, 't2': 47.02461359847461, 't3': -604.476845337357, 'N_anc': 13797.851233855763, 'N_yri': 9510.929098324359, 'N_ooa': 9522.119802419813, 'N_ceu': 9139.380892077594, 'N_chb': 8694.801430801228, 'gr_ceu': 0.11346304286779833, 'gr_chb': 0.04548677649036334}
Generation   2  Likelihood = -112685.042862
{'t1': 5.523832783936147, 't2': 45.33607083052512, 't3': -23.941092592474607, 'N_anc': 14589.009305064137, 'N_yri': 8678.974107420554, 'N_ooa': 11996.790544997277, 'N_ceu': 8942.903505897511, 'N_chb': 11559.78781489022, 'gr_ceu': 0.08007368304688565, 'gr_chb': 0.08055440649263297}
Generation   3  Likelihood = -110804.530803
{'t1': 10.983128638787676, 't2': 48.106724335837505, 't3': -258.32756127398716, 'N_anc': 15996.28923288211, 'N_yri': 9777.953854235551, 'N_ooa': 13322.246274832161, 'N_ceu': 9052.528275735034, 'N_chb': 11473.426161249887, 'gr_ceu': 0.04047522902919098, 'gr_chb': 0.09457090891476944}
Generation   4  Likelihood = -109812.994896
{'t1': 12.177008602204838, 't2': 51.56755695534039, 't3': -691.2128874626497, 'N_anc': 18859.37486084714, 'N_yri': 9723.961507845452, 'N_ooa': 11016.958724932865, 'N_ceu': 10234.260171343229, 'N_chb': 11064.707490746945, 'gr_ceu': 0.02611642730190329, 'gr_chb': 0.03579421493164867}
2026-09-28 13:12:41,318 - INFO - Finished fitting ARG.
2026-09-28 13:12:41,319 - INFO - Finished in 1h 44m 41.9s
2026-09-28 13:12:41,319 - INFO - Estimated: {'t1': 12.545805662443298, 't2': 50.39481823104942, 't3': -846.7235931884411, 'N_anc': 20302.494817668496, 'N_yri': 11310.891271901333, 'N_ooa': 12247.510784527944, 'N_ceu': 9189.455936054148, 'N_chb': 11094.139821982602, 'gr_ceu': -0.009766815161222658, 'gr_chb': 0.005112761218640563}
2026-09-28 13:12:41,319 - INFO - logp = -109010.8650345827  (true = -115503.87528010801)
2026-09-28 13:12:41,319 - INFO - Pipeline executed succesfully.
Generation   5  Likelihood = -109010.865035
{'t1': 12.545805662443298, 't2': 50.39481823104942, 't3': -846.7235931884411, 'N_anc': 20302.494817668496, 'N_yri': 11310.891271901333, 'N_ooa': 12247.510784527944, 'N_ceu': 9189.455936054148, 'N_chb': 11094.139821982602, 'gr_ceu': -0.009766815161222658, 'gr_chb': 0.005112761218640563}

Final normalized parameters:
{'t1': 0.25603685025394485, 't2': 0.559942424789438, 't3': -0.08509784856165237, 'N_anc': 0.4060498963533699, 'N_yri': 0.22621782543802665, 'N_ooa': 0.2449502156905589, 'N_ceu': 0.18378911872108294, 'N_chb': 0.22188279643965203, 'gr_ceu': -0.009766815161222658, 'gr_chb': 0.005112761218640563}

Final demographic parameters:
{'t1': 12.545805662443298, 't2': 50.39481823104942, 't3': -846.7235931884411, 'N_anc': 20302.494817668496, 'N_yri': 11310.891271901333, 'N_ooa': 12247.510784527944, 'N_ceu': 9189.455936054148, 'N_chb': 11094.139821982602, 'gr_ceu': -0.009766815161222658, 'gr_chb': 0.005112761218640563}

Final likelihood = -109010.865035
