2026-09-24 11:17:19,986 - INFO - Beginning execution of simulate_and_fit_ARG.py in directory /home1/mahj/glike_optimize/opt_scripts

2026-09-24 11:17:19,986 - INFO - Progress is being logged to ../opt_results_CMA_ES_3G09_no_m1_kappa_10000/ntree_10_rep_5_simulate_ARG.log

2026-09-24 11:17:19,986 - INFO - Parsed the following arguments:
	N_SAMPLES = 1000.0
	SEQUENCE_LENGTH = 30000000.0
	RECOMBINATION_RATE = 1e-08
	SEED = 1
	NUM_TREES = 10
	OPTIMIZER = CMA_ES
	MODEL = 3G09_no_m
	KAPPA = 10000
	outprefix = ../opt_results_CMA_ES_3G09_no_m1_kappa_10000/ntree_10_rep_5

2026-09-24 11:17:20,044 - INFO - Sampling 1000 individuals with ploidy 1 in population 0 (name='admix') at time 0
2026-09-24 11:17:20,055 - INFO - Starting replicate 0
2026-09-24 11:17:20,056 - INFO - model[0] {'name': 'hudson'} started at time=0 nodes=1000 edges=0
2026-09-24 11:17:20,056 - INFO - Running model {'name': 'hudson'} until max time: inf
2026-09-24 11:17:21,054 - INFO - Completed at time=24250.7 nodes=39508 edges=264883
2026-09-24 11:17:22,255 - INFO - Finished simulating ARG.
[phase from 0.0 to 19.0]
        admix
ns   0.000006
grs  0.078000

[phase from 19.0 to 411.0]
       afr    eur   asia    pol
admix  0.0  0.198  0.334  0.468
        afr       eur     asia       pol
ns   0.0001  0.000075  0.00004  0.000064
grs  0.0000  0.000000  0.00000  0.000000

[phase from 411.0 to 1040.0]
      afr  eur  asia
afr     1    0     0
eur     0    1     0
asia    0    0     1
pol     0    0     1
        afr       eur     asia
ns   0.0001  0.000075  0.00037
grs  0.0000  0.000000  0.00000

[phase from 1040.0 to 2004.0]
      afr  eur
afr     1    0
eur     0    1
asia    0    1
        afr       eur
ns   0.0001  0.000405
grs  0.0000  0.000000

[phase from 2004.0 to inf]
     A
afr  1
eur  1
            A
ns   0.000375
grs  0.000000

2026-09-24 11:17:43,949 - INFO - Starting glike optimization.

Initial parameters:
{'t1': 10, 't2': 50, 't3': 100, 'N_anc': 10000, 'N_yri': 10000, 'N_ooa': 10000, 'N_ceu': 10000, 'N_chb': 10000, 'gr_ceu': 0.1, 'gr_chb': 0.1}

Encoded parameters:
{'t1': 10, 't2': 50, 't3': 100, 'N_anc': 10000, 'N_yri': 10000, 'N_ooa': 10000, 'N_ceu': 10000, 'N_chb': 10000, 'gr_ceu': 0.1, 'gr_chb': 0.1}

Normalized CMA-ES parameters:
{'t1': 0.20408163265306123, 't2': 0.5555555555555556, 't3': 0.010050251256281407, 'N_anc': 0.2, 'N_yri': 0.2, 'N_ooa': 0.2, 'N_ceu': 0.2, 'N_chb': 0.2, 'gr_ceu': 0.1, 'gr_chb': 0.1}

CMA-ES parameter scales:
  t1: 49.0
  t2: 90.0
  t3: 9950.0
  N_anc: 50000.0
  N_yri: 50000.0
  N_ooa: 50000.0
  N_ceu: 50000.0
  N_chb: 50000.0
  gr_ceu: 1.0
  gr_chb: 1.0

-118395.12924415868
Generation   1  Likelihood = -112071.119468
{'t1': 9.02659075166735, 't2': 54.497372327057235, 't3': 447.09937651561705, 'N_anc': 14165.771761932603, 'N_yri': 12014.40804304645, 'N_ooa': 13792.809371969073, 'N_ceu': 10422.997432825814, 'N_chb': 8829.097131349246, 'gr_ceu': 0.14176276881727332, 'gr_chb': 0.07829701718066087}
Generation   2  Likelihood = -109566.489789
{'t1': 7.869406997794757, 't2': 56.240614701366084, 't3': 1235.3447339482952, 'N_anc': 5482.344495057265, 'N_yri': 15771.656807955176, 'N_ooa': 16407.114558359903, 'N_ceu': 11734.318469041054, 'N_chb': 10806.715739742216, 'gr_ceu': 0.14393491526718932, 'gr_chb': 0.08545234320804573}
Generation   3  Likelihood = -109088.141386
{'t1': 7.046894019778799, 't2': 49.40030548333108, 't3': 1182.0405223597581, 'N_anc': 11175.04336708938, 'N_yri': 17095.313187065945, 'N_ooa': 17591.261742150356, 'N_ceu': 8343.321543395892, 'N_chb': 11560.602315147855, 'gr_ceu': 0.13955698797978336, 'gr_chb': 0.09164006320911963}
Generation   4  Likelihood = -108540.691377
{'t1': 9.609868087154663, 't2': 56.92872368818984, 't3': 2071.926566754855, 'N_anc': 11433.1955681835, 'N_yri': 16075.830130038774, 'N_ooa': 18735.135386056143, 'N_ceu': 8110.6198861023895, 'N_chb': 6210.089199656014, 'gr_ceu': 0.19151210819712414, 'gr_chb': 0.024476546267781445}
2026-09-24 11:45:57,245 - INFO - Finished fitting ARG.
2026-09-24 11:45:57,245 - INFO - Finished in 0h 28m 13.3s
2026-09-24 11:45:57,245 - INFO - Estimated: {'t1': 6.220764893681295, 't2': 61.22461089537208, 't3': 1765.911791713417, 'N_anc': 12664.704772853478, 'N_yri': 17894.773117619265, 'N_ooa': 20075.138958681717, 'N_ceu': 12552.674860801475, 'N_chb': 9728.1209228772, 'gr_ceu': 0.13178034019672405, 'gr_chb': 0.09128253489343899}
2026-09-24 11:45:57,245 - INFO - logp = -107795.95185021631  (true = -115480.28033597406)
2026-09-24 11:45:57,245 - INFO - Pipeline executed succesfully.
Generation   5  Likelihood = -107795.951850
{'t1': 6.220764893681295, 't2': 61.22461089537208, 't3': 1765.911791713417, 'N_anc': 12664.704772853478, 'N_yri': 17894.773117619265, 'N_ooa': 20075.138958681717, 'N_ceu': 12552.674860801475, 'N_chb': 9728.1209228772, 'gr_ceu': 0.13178034019672405, 'gr_chb': 0.09128253489343899}

Final normalized parameters:
{'t1': 0.12695438558533256, 't2': 0.6802734543930231, 't3': 0.1774785720314992, 'N_anc': 0.25329409545706955, 'N_yri': 0.3578954623523853, 'N_ooa': 0.4015027791736343, 'N_ceu': 0.2510534972160295, 'N_chb': 0.19456241845754402, 'gr_ceu': 0.13178034019672405, 'gr_chb': 0.09128253489343899}

Final demographic parameters:
{'t1': 6.220764893681295, 't2': 61.22461089537208, 't3': 1765.911791713417, 'N_anc': 12664.704772853478, 'N_yri': 17894.773117619265, 'N_ooa': 20075.138958681717, 'N_ceu': 12552.674860801475, 'N_chb': 9728.1209228772, 'gr_ceu': 0.13178034019672405, 'gr_chb': 0.09128253489343899}

Final likelihood = -107795.951850
