2026-10-01 10:36:45,437 - INFO - Beginning execution of simulate_and_fit_ARG.py in directory /home1/mahj/glike_optimize/opt_scripts

2026-10-01 10:36:45,437 - INFO - Progress is being logged to ../opt_results_CMA_ES_3G09_no_m1_kappa_10000/ntree_10_rep_1_simulate_ARG.log

2026-10-01 10:36:45,437 - INFO - Parsed the following arguments:
	N_SAMPLES = 1000.0
	SEQUENCE_LENGTH = 30000000.0
	RECOMBINATION_RATE = 1e-08
	SEED = 1
	NUM_TREES = 10
	OPTIMIZER = CMA_ES
	MODEL = 3G09_no_m
	KAPPA = 10000
	outprefix = ../opt_results_CMA_ES_3G09_no_m1_kappa_10000/ntree_10_rep_1

2026-10-01 10:36:45,477 - INFO - Sampling 1000 individuals with ploidy 1 in population 0 (name='admix') at time 0
2026-10-01 10:36:45,486 - INFO - Starting replicate 0
2026-10-01 10:36:45,486 - INFO - model[0] {'name': 'hudson'} started at time=0 nodes=1000 edges=0
2026-10-01 10:36:45,486 - INFO - Running model {'name': 'hudson'} until max time: inf
2026-10-01 10:36:46,181 - INFO - Completed at time=24250.7 nodes=39508 edges=264883
2026-10-01 10:36:47,218 - INFO - Finished simulating ARG.
[phase from 0.0 to 19.0]
        admix
ns   0.000006
grs  0.078000

[phase from 19.0 to 411.0]
       afr    eur   asia    pol
admix  0.0  0.198  0.334  0.468
        afr       eur     asia       pol
ns   0.0001  0.000075  0.00004  0.000064
grs  0.0000  0.000000  0.00000  0.000000

[phase from 411.0 to 1040.0]
      afr  eur  asia
afr     1    0     0
eur     0    1     0
asia    0    0     1
pol     0    0     1
        afr       eur     asia
ns   0.0001  0.000075  0.00037
grs  0.0000  0.000000  0.00000

[phase from 1040.0 to 2004.0]
      afr  eur
afr     1    0
eur     0    1
asia    0    1
        afr       eur
ns   0.0001  0.000405
grs  0.0000  0.000000

[phase from 2004.0 to inf]
     A
afr  1
eur  1
            A
ns   0.000375
grs  0.000000

2026-10-01 10:37:00,211 - INFO - Starting glike optimization.

Initial parameters:
{'t1': 10, 't2': 50, 't3': 100, 'N_anc': 10000, 'N_yri': 10000, 'N_ooa': 10000, 'N_ceu': 10000, 'N_chb': 10000, 'gr_ceu': 0.1, 'gr_chb': 0.1}

Encoded parameters:
{'t1': 10, 't2': 50, 't3': 100, 'N_anc': 10000, 'N_yri': 10000, 'N_ooa': 10000, 'N_ceu': 10000, 'N_chb': 10000, 'gr_ceu': 0.1, 'gr_chb': 0.1}

Normalized CMA-ES parameters:
{'t1': 0.20408163265306123, 't2': 0.5555555555555556, 't3': 0.010050251256281407, 'N_anc': 0.2, 'N_yri': 0.2, 'N_ooa': 0.2, 'N_ceu': 0.2, 'N_chb': 0.2, 'gr_ceu': 0.1, 'gr_chb': 0.1}

CMA-ES parameter scales:
  t1: 49.0
  t2: 90.0
  t3: 9950.0
  N_anc: 50000.0
  N_yri: 50000.0
  N_ooa: 50000.0
  N_ceu: 50000.0
  N_chb: 50000.0
  gr_ceu: 1.0
  gr_chb: 1.0

-118394.81963776819
Generation   1  Likelihood = -111177.940019
{'t1': 7.788753372802516, 't2': 58.4112410896415, 't3': -148.9982068128106, 'N_anc': 18204.764683358982, 'N_yri': 7604.478871614731, 'N_ooa': 10183.529129429175, 'N_ceu': 11340.559879910703, 'N_chb': 10282.043238950597, 'gr_ceu': 0.055435004681477926, 'gr_chb': 0.10012139509196082}
Generation   2  Likelihood = -110933.509988
{'t1': 10.995309724171284, 't2': 49.199377600094266, 't3': -507.00240310877285, 'N_anc': 16370.646302426725, 'N_yri': 14505.215812909986, 'N_ooa': 11820.204296930804, 'N_ceu': 4141.707529520485, 'N_chb': 14696.332087072204, 'gr_ceu': 0.01030714600243704, 'gr_chb': 0.06630712988042328}
Generation   3  Likelihood = -108972.772882
{'t1': 11.613651654340572, 't2': 51.42656274108921, 't3': -231.93574690347867, 'N_anc': 20144.84018014173, 'N_yri': 11445.680601962786, 'N_ooa': 12039.021510573253, 'N_ceu': 6273.200869547623, 'N_chb': 15726.694403241581, 'gr_ceu': 0.06911254338124717, 'gr_chb': 0.09006405040768914}
Generation   4  Likelihood = -108569.485861
{'t1': 11.029948074598092, 't2': 51.30099587757207, 't3': -733.4044765656099, 'N_anc': 20923.86091466992, 'N_yri': 11969.99545370968, 'N_ooa': 14810.378567668415, 'N_ceu': 6138.018036233773, 'N_chb': 13331.84919780272, 'gr_ceu': -0.009471064051556559, 'gr_chb': 0.0038394918132515846}
Generation   5  Likelihood = -107093.162424
{'t1': 9.559615231889532, 't2': 50.684958394418366, 't3': -735.1524394029886, 'N_anc': 24833.59378867664, 'N_yri': 13027.403214971831, 'N_ooa': 17990.273280414105, 'N_ceu': 7243.985206811415, 'N_chb': 12226.019980113071, 'gr_ceu': 0.1390742812307372, 'gr_chb': 0.0795478940287029}
Generation   6  Likelihood = -106497.289286
{'t1': 12.696927275783846, 't2': 50.920739175271486, 't3': -1073.0462494938497, 'N_anc': 27185.998795841522, 'N_yri': 18165.174671647837, 'N_ooa': 20289.771846061456, 'N_ceu': 9250.860520076993, 'N_chb': 13955.748472544403, 'gr_ceu': -0.06419759217592301, 'gr_chb': 0.05904406403022805}
Generation   7  Likelihood = -106115.786022
{'t1': 14.174972279068285, 't2': 55.08065255604627, 't3': -967.2870714886138, 'N_anc': 35015.27740958614, 'N_yri': 18959.417166585063, 'N_ooa': 16084.53361854303, 'N_ceu': 16451.098168340417, 'N_chb': 20970.984659862588, 'gr_ceu': -0.05645753088003395, 'gr_chb': 0.0663132273511857}
Generation   8  Likelihood = -105804.713601
{'t1': 15.795946181881451, 't2': 60.968780275904045, 't3': -411.1615899084246, 'N_anc': 35248.138624225176, 'N_yri': 14598.941615025604, 'N_ooa': 26913.62824074824, 'N_ceu': 16531.140412743145, 'N_chb': 21681.57509583853, 'gr_ceu': -0.3461256348991297, 'gr_chb': 0.024697637880849055}
Generation   9  Likelihood = -105804.713601
{'t1': 15.795946181881451, 't2': 60.968780275904045, 't3': -411.1615899084246, 'N_anc': 35248.138624225176, 'N_yri': 14598.941615025604, 'N_ooa': 26913.62824074824, 'N_ceu': 16531.140412743145, 'N_chb': 21681.57509583853, 'gr_ceu': -0.3461256348991297, 'gr_chb': 0.024697637880849055}
Generation  10  Likelihood = -105804.713601
{'t1': 15.795946181881451, 't2': 60.968780275904045, 't3': -411.1615899084246, 'N_anc': 35248.138624225176, 'N_yri': 14598.941615025604, 'N_ooa': 26913.62824074824, 'N_ceu': 16531.140412743145, 'N_chb': 21681.57509583853, 'gr_ceu': -0.3461256348991297, 'gr_chb': 0.024697637880849055}
Generation  11  Likelihood = -105804.713601
{'t1': 15.795946181881451, 't2': 60.968780275904045, 't3': -411.1615899084246, 'N_anc': 35248.138624225176, 'N_yri': 14598.941615025604, 'N_ooa': 26913.62824074824, 'N_ceu': 16531.140412743145, 'N_chb': 21681.57509583853, 'gr_ceu': -0.3461256348991297, 'gr_chb': 0.024697637880849055}
Generation  12  Likelihood = -105735.970992
{'t1': 21.00033284892264, 't2': 21.796490151567472, 't3': 114.31072019688949, 'N_anc': 37037.78035787383, 'N_yri': 20659.49287099484, 'N_ooa': 47365.05589181291, 'N_ceu': 11213.483615502722, 'N_chb': 27271.903492428923, 'gr_ceu': -0.4537861597141751, 'gr_chb': 0.08449594066402248}
Generation  13  Likelihood = -105735.970992
{'t1': 21.00033284892264, 't2': 21.796490151567472, 't3': 114.31072019688949, 'N_anc': 37037.78035787383, 'N_yri': 20659.49287099484, 'N_ooa': 47365.05589181291, 'N_ceu': 11213.483615502722, 'N_chb': 27271.903492428923, 'gr_ceu': -0.4537861597141751, 'gr_chb': 0.08449594066402248}
Generation  14  Likelihood = -105735.970992
{'t1': 21.00033284892264, 't2': 21.796490151567472, 't3': 114.31072019688949, 'N_anc': 37037.78035787383, 'N_yri': 20659.49287099484, 'N_ooa': 47365.05589181291, 'N_ceu': 11213.483615502722, 'N_chb': 27271.903492428923, 'gr_ceu': -0.4537861597141751, 'gr_chb': 0.08449594066402248}
Generation  15  Likelihood = -105735.970992
{'t1': 21.00033284892264, 't2': 21.796490151567472, 't3': 114.31072019688949, 'N_anc': 37037.78035787383, 'N_yri': 20659.49287099484, 'N_ooa': 47365.05589181291, 'N_ceu': 11213.483615502722, 'N_chb': 27271.903492428923, 'gr_ceu': -0.4537861597141751, 'gr_chb': 0.08449594066402248}
Generation  16  Likelihood = -105735.970992
{'t1': 21.00033284892264, 't2': 21.796490151567472, 't3': 114.31072019688949, 'N_anc': 37037.78035787383, 'N_yri': 20659.49287099484, 'N_ooa': 47365.05589181291, 'N_ceu': 11213.483615502722, 'N_chb': 27271.903492428923, 'gr_ceu': -0.4537861597141751, 'gr_chb': 0.08449594066402248}
Generation  17  Likelihood = -105735.970992
{'t1': 21.00033284892264, 't2': 21.796490151567472, 't3': 114.31072019688949, 'N_anc': 37037.78035787383, 'N_yri': 20659.49287099484, 'N_ooa': 47365.05589181291, 'N_ceu': 11213.483615502722, 'N_chb': 27271.903492428923, 'gr_ceu': -0.4537861597141751, 'gr_chb': 0.08449594066402248}
[2026-10-01T11:34:01.162] error: *** JOB 12527397 ON b09-07 CANCELLED AT 2026-10-01T11:34:01 DUE to SIGNAL Terminated ***
