2026-09-28 11:47:14,962 - INFO - Beginning execution of simulate_and_fit_ARG.py in directory /home1/mahj/glike_optimize/opt_scripts

2026-09-28 11:47:14,962 - INFO - Progress is being logged to ../opt_results_CMA_ES_3G09_no_m1_kappa_50000/ntree_10_rep_6_simulate_ARG.log

2026-09-28 11:47:14,962 - INFO - Parsed the following arguments:
	N_SAMPLES = 1000.0
	SEQUENCE_LENGTH = 30000000.0
	RECOMBINATION_RATE = 1e-08
	SEED = 1
	NUM_TREES = 10
	OPTIMIZER = CMA_ES
	MODEL = 3G09_no_m
	KAPPA = 50000
	outprefix = ../opt_results_CMA_ES_3G09_no_m1_kappa_50000/ntree_10_rep_6

2026-09-28 11:47:15,007 - INFO - Sampling 1000 individuals with ploidy 1 in population 0 (name='admix') at time 0
2026-09-28 11:47:15,015 - INFO - Starting replicate 0
2026-09-28 11:47:15,015 - INFO - model[0] {'name': 'hudson'} started at time=0 nodes=1000 edges=0
2026-09-28 11:47:15,015 - INFO - Running model {'name': 'hudson'} until max time: inf
2026-09-28 11:47:15,805 - INFO - Completed at time=24250.7 nodes=39508 edges=264883
2026-09-28 11:47:16,848 - INFO - Finished simulating ARG.
[phase from 0.0 to 19.0]
        admix
ns   0.000006
grs  0.078000

[phase from 19.0 to 411.0]
       afr    eur   asia    pol
admix  0.0  0.198  0.334  0.468
        afr       eur     asia       pol
ns   0.0001  0.000075  0.00004  0.000064
grs  0.0000  0.000000  0.00000  0.000000

[phase from 411.0 to 1040.0]
      afr  eur  asia
afr     1    0     0
eur     0    1     0
asia    0    0     1
pol     0    0     1
        afr       eur     asia
ns   0.0001  0.000075  0.00037
grs  0.0000  0.000000  0.00000

[phase from 1040.0 to 2004.0]
      afr  eur
afr     1    0
eur     0    1
asia    0    1
        afr       eur
ns   0.0001  0.000405
grs  0.0000  0.000000

[phase from 2004.0 to inf]
     A
afr  1
eur  1
            A
ns   0.000375
grs  0.000000

2026-09-28 11:47:34,005 - INFO - Starting glike optimization.

Initial parameters:
{'t1': 10, 't2': 50, 't3': 100, 'N_anc': 10000, 'N_yri': 10000, 'N_ooa': 10000, 'N_ceu': 10000, 'N_chb': 10000, 'gr_ceu': 0.1, 'gr_chb': 0.1}

Encoded parameters:
{'t1': 10, 't2': 50, 't3': 100, 'N_anc': 10000, 'N_yri': 10000, 'N_ooa': 10000, 'N_ceu': 10000, 'N_chb': 10000, 'gr_ceu': 0.1, 'gr_chb': 0.1}

Normalized CMA-ES parameters:
{'t1': 0.20408163265306123, 't2': 0.5555555555555556, 't3': 0.010050251256281407, 'N_anc': 0.2, 'N_yri': 0.2, 'N_ooa': 0.2, 'N_ceu': 0.2, 'N_chb': 0.2, 'gr_ceu': 0.1, 'gr_chb': 0.1}

CMA-ES parameter scales:
  t1: 49.0
  t2: 90.0
  t3: 9950.0
  N_anc: 50000.0
  N_yri: 50000.0
  N_ooa: 50000.0
  N_ceu: 50000.0
  N_chb: 50000.0
  gr_ceu: 1.0
  gr_chb: 1.0

-118351.06967824644
Generation   1  Likelihood = -113372.082833
{'t1': 7.493499013157715, 't2': 46.536599809015065, 't3': 715.9742957789982, 'N_anc': 7431.400153920378, 'N_yri': 7869.177427568285, 'N_ooa': 13315.920563527881, 'N_ceu': 13056.824222172461, 'N_chb': 6936.376838242958, 'gr_ceu': 0.18206616563532205, 'gr_chb': 0.15853042648734741}
Generation   2  Likelihood = -111273.108414
{'t1': 11.795735587807968, 't2': 49.631578822772624, 't3': 315.57604266497685, 'N_anc': 9547.591092847364, 'N_yri': 7022.227878994207, 'N_ooa': 15721.922756479542, 'N_ceu': 10639.964162265474, 'N_chb': 9776.629789909823, 'gr_ceu': 0.2375865909570115, 'gr_chb': 0.09405174118731276}
Generation   3  Likelihood = -110499.203014
{'t1': 11.235246967086693, 't2': 55.01922873573196, 't3': 911.7208983519669, 'N_anc': 9946.756517958604, 'N_yri': 12031.78674387305, 'N_ooa': 15517.63483212437, 'N_ceu': 7427.310708357239, 'N_chb': 4296.521259374184, 'gr_ceu': 0.23964406619963124, 'gr_chb': 0.06027327187153629}
Generation   4  Likelihood = -109049.338527
{'t1': 9.558377749810868, 't2': 55.73935436788958, 't3': 1328.5126109860462, 'N_anc': 13137.976829089095, 'N_yri': 4225.5351661444565, 'N_ooa': 21240.775263495892, 'N_ceu': 5673.92336177152, 'N_chb': 6544.824118579799, 'gr_ceu': 0.19067218084757975, 'gr_chb': 0.12698214113182912}
2026-09-28 13:29:42,245 - INFO - Finished fitting ARG.
2026-09-28 13:29:42,245 - INFO - Finished in 1h 42m 8.2s
2026-09-28 13:29:42,245 - INFO - Estimated: {'t1': 5.851675562091408, 't2': 54.308335151777925, 't3': 1155.6977836031274, 'N_anc': 12149.193979282516, 'N_yri': 7682.3412398803775, 'N_ooa': 20934.958456011394, 'N_ceu': 8526.09290840296, 'N_chb': 7583.226625180796, 'gr_ceu': 0.28208348850935716, 'gr_chb': 0.035618281941824495}
2026-09-28 13:29:42,245 - INFO - logp = -108252.69166561896  (true = -115532.763857489)
2026-09-28 13:29:42,245 - INFO - Pipeline executed succesfully.
Generation   5  Likelihood = -108252.691666
{'t1': 5.851675562091408, 't2': 54.308335151777925, 't3': 1155.6977836031274, 'N_anc': 12149.193979282516, 'N_yri': 7682.3412398803775, 'N_ooa': 20934.958456011394, 'N_ceu': 8526.09290840296, 'N_chb': 7583.226625180796, 'gr_ceu': 0.28208348850935716, 'gr_chb': 0.035618281941824495}

Final normalized parameters:
{'t1': 0.11942195024676344, 't2': 0.6034259461308659, 't3': 0.11615053101538969, 'N_anc': 0.24298387958565032, 'N_yri': 0.15364682479760755, 'N_ooa': 0.41869916912022787, 'N_ceu': 0.17052185816805918, 'N_chb': 0.15166453250361592, 'gr_ceu': 0.28208348850935716, 'gr_chb': 0.035618281941824495}

Final demographic parameters:
{'t1': 5.851675562091408, 't2': 54.308335151777925, 't3': 1155.6977836031274, 'N_anc': 12149.193979282516, 'N_yri': 7682.3412398803775, 'N_ooa': 20934.958456011394, 'N_ceu': 8526.09290840296, 'N_chb': 7583.226625180796, 'gr_ceu': 0.28208348850935716, 'gr_chb': 0.035618281941824495}

Final likelihood = -108252.691666
