2026-10-02 19:48:29,011 - INFO - Beginning execution of simulate_and_fit_ARG.py in directory /home1/mahj/glike_optimize/opt_scripts

2026-10-02 19:48:29,012 - INFO - Progress is being logged to ../opt_results_CMA_ES_3G09_no_m1_kappa_10000/ntree_25_rep_2_simulate_ARG.log

2026-10-02 19:48:29,012 - INFO - Parsed the following arguments:
	N_SAMPLES = 1000.0
	SEQUENCE_LENGTH = 30000000.0
	RECOMBINATION_RATE = 1e-08
	SEED = 1
	NUM_TREES = 25
	OPTIMIZER = CMA_ES
	MODEL = 3G09_no_m
	KAPPA = 10000
	outprefix = ../opt_results_CMA_ES_3G09_no_m1_kappa_10000/ntree_25_rep_2

2026-10-02 19:48:29,047 - INFO - Sampling 1000 individuals with ploidy 1 in population 0 (name='admix') at time 0
2026-10-02 19:48:29,055 - INFO - Starting replicate 0
2026-10-02 19:48:29,055 - INFO - model[0] {'name': 'hudson'} started at time=0 nodes=1000 edges=0
2026-10-02 19:48:29,055 - INFO - Running model {'name': 'hudson'} until max time: inf
2026-10-02 19:48:29,752 - INFO - Completed at time=24250.7 nodes=39508 edges=264883
2026-10-02 19:48:32,240 - INFO - Finished simulating ARG.
[phase from 0.0 to 19.0]
        admix
ns   0.000006
grs  0.078000

[phase from 19.0 to 411.0]
       afr    eur   asia    pol
admix  0.0  0.198  0.334  0.468
        afr       eur     asia       pol
ns   0.0001  0.000075  0.00004  0.000064
grs  0.0000  0.000000  0.00000  0.000000

[phase from 411.0 to 1040.0]
      afr  eur  asia
afr     1    0     0
eur     0    1     0
asia    0    0     1
pol     0    0     1
        afr       eur     asia
ns   0.0001  0.000075  0.00037
grs  0.0000  0.000000  0.00000

[phase from 1040.0 to 2004.0]
      afr  eur
afr     1    0
eur     0    1
asia    0    1
        afr       eur
ns   0.0001  0.000405
grs  0.0000  0.000000

[phase from 2004.0 to inf]
     A
afr  1
eur  1
            A
ns   0.000375
grs  0.000000

2026-10-02 19:48:53,959 - INFO - Log likelihood of simulation parameters: -288315.9459461801.
2026-10-02 19:48:53,960 - INFO - Starting glike optimization.

Initial parameters:
{'t1': 10, 't2': 50, 't3': 100, 'N_anc': 10000, 'N_yri': 10000, 'N_ooa': 10000, 'N_ceu': 10000, 'N_chb': 10000, 'gr_ceu': 0.1, 'gr_chb': 0.1}

Encoded parameters:
{'t1': 10, 't2': 50, 't3': 100, 'N_anc': 10000, 'N_yri': 10000, 'N_ooa': 10000, 'N_ceu': 10000, 'N_chb': 10000, 'gr_ceu': 0.1, 'gr_chb': 0.1}

Normalized CMA-ES parameters:
{'t1': 0.20408163265306123, 't2': 0.5555555555555556, 't3': 0.010050251256281407, 'N_anc': 0.2, 'N_yri': 0.2, 'N_ooa': 0.2, 'N_ceu': 0.2, 'N_chb': 0.2, 'gr_ceu': 0.1, 'gr_chb': 0.1}

CMA-ES parameter scales:
  t1: 49.0
  t2: 90.0
  t3: 9950.0
  N_anc: 50000.0
  N_yri: 50000.0
  N_ooa: 50000.0
  N_ceu: 50000.0
  N_chb: 50000.0
  gr_ceu: 1.0
  gr_chb: 1.0

-295747.0800745474
Generation   1  Likelihood = -276295.593132
{'t1': 9.259872047784514, 't2': 48.859813612947924, 't3': 292.2852073850248, 'N_anc': 10983.159527218197, 'N_yri': 13643.273471367034, 'N_ooa': 15968.7167617312, 'N_ceu': 9866.468546924578, 'N_chb': 10406.941879870717, 'gr_ceu': 0.12766027495179583, 'gr_chb': 0.04008872907503185}
Generation   2  Likelihood = -276295.593132
{'t1': 9.259872047784514, 't2': 48.859813612947924, 't3': 292.2852073850248, 'N_anc': 10983.159527218197, 'N_yri': 13643.273471367034, 'N_ooa': 15968.7167617312, 'N_ceu': 9866.468546924578, 'N_chb': 10406.941879870717, 'gr_ceu': 0.12766027495179583, 'gr_chb': 0.04008872907503185}
Generation   3  Likelihood = -275477.871587
{'t1': 11.060625004500762, 't2': 46.27215055656416, 't3': 875.5144575694814, 'N_anc': 12811.198019561592, 'N_yri': 9135.341273530319, 'N_ooa': 16380.551334537813, 'N_ceu': 9761.567388755235, 'N_chb': 6708.824250746638, 'gr_ceu': 0.21101322923619448, 'gr_chb': 0.07572645542398744}
Generation   4  Likelihood = -272802.551218
{'t1': 11.964316680854898, 't2': 41.77431473380443, 't3': 1384.565775614599, 'N_anc': 15942.190701228226, 'N_yri': 8849.21060826971, 'N_ooa': 18431.147311987563, 'N_ceu': 9234.461713629817, 'N_chb': 10103.517067190944, 'gr_ceu': 0.19489608513142026, 'gr_chb': 0.04116969500235502}
Generation   5  Likelihood = -268695.473700
{'t1': 12.060781279437599, 't2': 47.12551320365886, 't3': 2156.585296655742, 'N_anc': 17185.345102895135, 'N_yri': 13356.955219217298, 'N_ooa': 21650.50388456768, 'N_ceu': 11707.641895170756, 'N_chb': 6235.30177694457, 'gr_ceu': 0.25734482760965394, 'gr_chb': 0.09309677000321463}
Generation   6  Likelihood = -267134.759499
{'t1': 7.1194179671035105, 't2': 38.77500850442909, 't3': 917.0046409314643, 'N_anc': 10804.88192404724, 'N_yri': 11223.507413456966, 'N_ooa': 24388.275209446972, 'N_ceu': 12067.147591231571, 'N_chb': 8567.312292501732, 'gr_ceu': 0.3428923550147157, 'gr_chb': 0.12733014312120106}
Generation   7  Likelihood = -264879.138122
{'t1': 10.822389847727598, 't2': 37.27922291210512, 't3': 415.3851380767368, 'N_anc': 6460.765209583573, 'N_yri': 13994.756867791575, 'N_ooa': 24413.287185237874, 'N_ceu': 12638.228784938934, 'N_chb': 8673.772840234311, 'gr_ceu': 0.2807109121807645, 'gr_chb': 0.21876273155916176}
Generation   8  Likelihood = -264879.138122
{'t1': 10.822389847727598, 't2': 37.27922291210512, 't3': 415.3851380767368, 'N_anc': 6460.765209583573, 'N_yri': 13994.756867791575, 'N_ooa': 24413.287185237874, 'N_ceu': 12638.228784938934, 'N_chb': 8673.772840234311, 'gr_ceu': 0.2807109121807645, 'gr_chb': 0.21876273155916176}
Generation   9  Likelihood = -264441.977026
{'t1': 5.993158987957694, 't2': 34.33780409774667, 't3': 318.5287987477542, 'N_anc': 17721.99483561167, 'N_yri': 14646.616473681612, 'N_ooa': 29668.13336030521, 'N_ceu': 21957.48637641757, 'N_chb': 11119.465053926504, 'gr_ceu': 0.5111486214918574, 'gr_chb': 0.1491882043402201}
Generation  10  Likelihood = -264441.977026
{'t1': 5.993158987957694, 't2': 34.33780409774667, 't3': 318.5287987477542, 'N_anc': 17721.99483561167, 'N_yri': 14646.616473681612, 'N_ooa': 29668.13336030521, 'N_ceu': 21957.48637641757, 'N_chb': 11119.465053926504, 'gr_ceu': 0.5111486214918574, 'gr_chb': 0.1491882043402201}
Generation  11  Likelihood = -264441.977026
{'t1': 5.993158987957694, 't2': 34.33780409774667, 't3': 318.5287987477542, 'N_anc': 17721.99483561167, 'N_yri': 14646.616473681612, 'N_ooa': 29668.13336030521, 'N_ceu': 21957.48637641757, 'N_chb': 11119.465053926504, 'gr_ceu': 0.5111486214918574, 'gr_chb': 0.1491882043402201}
Generation  12  Likelihood = -264138.413609
{'t1': 2.1570533250328014, 't2': 34.816225646303444, 't3': 958.5299649601369, 'N_anc': 27053.43203067983, 'N_yri': 29533.967525349646, 'N_ooa': 38108.68776005839, 'N_ceu': 24336.530459607107, 'N_chb': 12659.11699174974, 'gr_ceu': 0.5732626022256593, 'gr_chb': -0.014788212431254229}
Generation  13  Likelihood = -263926.799596
{'t1': 5.3609376015953325, 't2': 31.558308683738918, 't3': 525.2745607099179, 'N_anc': 17403.89081444519, 'N_yri': 27594.011084698865, 'N_ooa': 33387.49209440963, 'N_ceu': 20632.29947936162, 'N_chb': 18571.68761808519, 'gr_ceu': 0.4114295390502687, 'gr_chb': 0.2297540242749235}
Generation  14  Likelihood = -263437.856110
{'t1': -6.068317708357452, 't2': 55.22928274321575, 't3': 516.1106656150623, 'N_anc': 15912.854691867868, 'N_yri': 28349.507179231703, 'N_ooa': 42180.42015675886, 'N_ceu': 23352.003543348532, 'N_chb': 13467.85332285021, 'gr_ceu': 0.4985226862453185, 'gr_chb': 0.108310097159801}
Generation  15  Likelihood = -260517.015221
{'t1': -3.626527119142833, 't2': 55.86026391539759, 't3': 412.4110198231186, 'N_anc': 4706.225060001884, 'N_yri': 32853.64008982559, 'N_ooa': 46099.61080425257, 'N_ceu': 25348.6712469664, 'N_chb': 11453.465518617273, 'gr_ceu': 0.586510100088079, 'gr_chb': 0.2844756949944731}
Generation  16  Likelihood = -260517.015221
{'t1': -3.626527119142833, 't2': 55.86026391539759, 't3': 412.4110198231186, 'N_anc': 4706.225060001884, 'N_yri': 32853.64008982559, 'N_ooa': 46099.61080425257, 'N_ceu': 25348.6712469664, 'N_chb': 11453.465518617273, 'gr_ceu': 0.586510100088079, 'gr_chb': 0.2844756949944731}
Generation  17  Likelihood = -260517.015221
{'t1': -3.626527119142833, 't2': 55.86026391539759, 't3': 412.4110198231186, 'N_anc': 4706.225060001884, 'N_yri': 32853.64008982559, 'N_ooa': 46099.61080425257, 'N_ceu': 25348.6712469664, 'N_chb': 11453.465518617273, 'gr_ceu': 0.586510100088079, 'gr_chb': 0.2844756949944731}
Generation  18  Likelihood = -260517.015221
{'t1': -3.626527119142833, 't2': 55.86026391539759, 't3': 412.4110198231186, 'N_anc': 4706.225060001884, 'N_yri': 32853.64008982559, 'N_ooa': 46099.61080425257, 'N_ceu': 25348.6712469664, 'N_chb': 11453.465518617273, 'gr_ceu': 0.586510100088079, 'gr_chb': 0.2844756949944731}
Generation  19  Likelihood = -260517.015221
{'t1': -3.626527119142833, 't2': 55.86026391539759, 't3': 412.4110198231186, 'N_anc': 4706.225060001884, 'N_yri': 32853.64008982559, 'N_ooa': 46099.61080425257, 'N_ceu': 25348.6712469664, 'N_chb': 11453.465518617273, 'gr_ceu': 0.586510100088079, 'gr_chb': 0.2844756949944731}
2026-10-02 21:37:33,572 - INFO - Finished fitting ARG.
2026-10-02 21:37:33,572 - INFO - Finished in 1h 48m 39.6s
2026-10-02 21:37:33,572 - INFO - Estimated: {'t1': -3.626527119142833, 't2': 55.86026391539759, 't3': 412.4110198231186, 'N_anc': 4706.225060001884, 'N_yri': 32853.64008982559, 'N_ooa': 46099.61080425257, 'N_ceu': 25348.6712469664, 'N_chb': 11453.465518617273, 'gr_ceu': 0.586510100088079, 'gr_chb': 0.2844756949944731}
2026-10-02 21:37:33,572 - INFO - logp = -260517.01522124663  (true = -288315.9459461801)
2026-10-02 21:37:33,572 - INFO - Pipeline executed succesfully.
Generation  20  Likelihood = -260517.015221
{'t1': -3.626527119142833, 't2': 55.86026391539759, 't3': 412.4110198231186, 'N_anc': 4706.225060001884, 'N_yri': 32853.64008982559, 'N_ooa': 46099.61080425257, 'N_ceu': 25348.6712469664, 'N_chb': 11453.465518617273, 'gr_ceu': 0.586510100088079, 'gr_chb': 0.2844756949944731}

Final normalized parameters:
{'t1': -0.0740107575335272, 't2': 0.6206695990599732, 't3': 0.04144834370081594, 'N_anc': 0.09412450120003768, 'N_yri': 0.6570728017965118, 'N_ooa': 0.9219922160850513, 'N_ceu': 0.5069734249393281, 'N_chb': 0.22906931037234546, 'gr_ceu': 0.586510100088079, 'gr_chb': 0.2844756949944731}

Final demographic parameters:
{'t1': -3.626527119142833, 't2': 55.86026391539759, 't3': 412.4110198231186, 'N_anc': 4706.225060001884, 'N_yri': 32853.64008982559, 'N_ooa': 46099.61080425257, 'N_ceu': 25348.6712469664, 'N_chb': 11453.465518617273, 'gr_ceu': 0.586510100088079, 'gr_chb': 0.2844756949944731}

Final likelihood = -260517.015221
