2026-09-23 10:54:57,142 - INFO - Beginning execution of simulate_and_fit_ARG.py in directory /home1/mahj/glike_optimize/opt_scripts

2026-09-23 10:54:57,142 - INFO - Progress is being logged to ../opt_results_CMA_ES_3G09_no_m1_low_kappa/ntree_10_rep_5_simulate_ARG.log

2026-09-23 10:54:57,143 - INFO - Parsed the following arguments:
	N_SAMPLES = 1000.0
	SEQUENCE_LENGTH = 30000000.0
	RECOMBINATION_RATE = 1e-08
	SEED = 1
	NUM_TREES = 10
	OPTIMIZER = CMA_ES
	MODEL = 3G09_no_m
	KAPPA = 5000
	outprefix = ../opt_results_CMA_ES_3G09_no_m1_low_kappa/ntree_10_rep_5

2026-09-23 10:54:57,184 - INFO - Sampling 1000 individuals with ploidy 1 in population 0 (name='admix') at time 0
2026-09-23 10:54:57,187 - INFO - Starting replicate 0
2026-09-23 10:54:57,188 - INFO - model[0] {'name': 'hudson'} started at time=0 nodes=1000 edges=0
2026-09-23 10:54:57,188 - INFO - Running model {'name': 'hudson'} until max time: inf
2026-09-23 10:54:57,991 - INFO - Completed at time=24250.7 nodes=39508 edges=264883
2026-09-23 10:54:59,850 - INFO - Finished simulating ARG.
[phase from 0.0 to 19.0]
        admix
ns   0.000006
grs  0.078000

[phase from 19.0 to 411.0]
       afr    eur   asia    pol
admix  0.0  0.198  0.334  0.468
        afr       eur     asia       pol
ns   0.0001  0.000075  0.00004  0.000064
grs  0.0000  0.000000  0.00000  0.000000

[phase from 411.0 to 1040.0]
      afr  eur  asia
afr     1    0     0
eur     0    1     0
asia    0    0     1
pol     0    0     1
        afr       eur     asia
ns   0.0001  0.000075  0.00037
grs  0.0000  0.000000  0.00000

[phase from 1040.0 to 2004.0]
      afr  eur
afr     1    0
eur     0    1
asia    0    1
        afr       eur
ns   0.0001  0.000405
grs  0.0000  0.000000

[phase from 2004.0 to inf]
     A
afr  1
eur  1
            A
ns   0.000375
grs  0.000000

2026-09-23 10:55:16,823 - INFO - Starting glike optimization.
-118350.74482624956
INVALID PARAMETERS:
gr_chb out of bounds
{'t1': 9.904818615561668, 't2': 49.98862097636028, 't3': 100.02473956656907, 'N_anc': 9999.985117046725, 'N_yri': 9999.960305125427, 'N_ooa': 9999.979268854899, 'N_ceu': 9999.983074507847, 'N_chb': 9999.99910360679, 'gr_ceu': 0.11665920878752184, 'gr_chb': -0.013770063281238004}
2026-09-23 11:05:14,505 - INFO - Finished fitting ARG.
2026-09-23 11:05:14,505 - INFO - Finished in 0h 9m 57.7s
2026-09-23 11:05:14,506 - INFO - Estimated: {'t1': 10.044495948511656, 't2': 50.201430805227155, 't3': 99.89917749270995, 'N_anc': 10000.008253952888, 'N_yri': 10000.042979227876, 'N_ooa': 9999.906905188172, 'N_ceu': 10000.122490293541, 'N_chb': 9999.90389825787, 'gr_ceu': 0.2030736147045543, 'gr_chb': 0.14923083230536216}
2026-09-23 11:05:14,506 - INFO - logp = -118287.47435635784  (true = -115512.96054825101)
2026-09-23 11:05:14,506 - INFO - Pipeline executed succesfully.
Generation   5  Likelihood = -118287.474356
{'t1': 10.044495948511656, 't2': 50.201430805227155, 't3': 99.89917749270995, 'N_anc': 10000.008253952888, 'N_yri': 10000.042979227876, 'N_ooa': 9999.906905188172, 'N_ceu': 10000.122490293541, 'N_chb': 9999.90389825787, 'gr_ceu': 0.2030736147045543, 'gr_chb': 0.14923083230536216}
