2026-10-02 19:51:17,880 - INFO - Beginning execution of simulate_and_fit_ARG.py in directory /home1/mahj/glike_optimize/opt_scripts

2026-10-02 19:51:17,881 - INFO - Progress is being logged to ../opt_results_CMA_ES_3G09_no_m1_kappa_10000/ntree_25_rep_3_simulate_ARG.log

2026-10-02 19:51:17,881 - INFO - Parsed the following arguments:
	N_SAMPLES = 1000.0
	SEQUENCE_LENGTH = 30000000.0
	RECOMBINATION_RATE = 1e-08
	SEED = 1
	NUM_TREES = 25
	OPTIMIZER = CMA_ES
	MODEL = 3G09_no_m
	KAPPA = 10000
	outprefix = ../opt_results_CMA_ES_3G09_no_m1_kappa_10000/ntree_25_rep_3

2026-10-02 19:51:17,909 - INFO - Sampling 1000 individuals with ploidy 1 in population 0 (name='admix') at time 0
2026-10-02 19:51:17,916 - INFO - Starting replicate 0
2026-10-02 19:51:17,916 - INFO - model[0] {'name': 'hudson'} started at time=0 nodes=1000 edges=0
2026-10-02 19:51:17,917 - INFO - Running model {'name': 'hudson'} until max time: inf
2026-10-02 19:51:18,610 - INFO - Completed at time=24250.7 nodes=39508 edges=264883
2026-10-02 19:51:21,076 - INFO - Finished simulating ARG.
[phase from 0.0 to 19.0]
        admix
ns   0.000006
grs  0.078000

[phase from 19.0 to 411.0]
       afr    eur   asia    pol
admix  0.0  0.198  0.334  0.468
        afr       eur     asia       pol
ns   0.0001  0.000075  0.00004  0.000064
grs  0.0000  0.000000  0.00000  0.000000

[phase from 411.0 to 1040.0]
      afr  eur  asia
afr     1    0     0
eur     0    1     0
asia    0    0     1
pol     0    0     1
        afr       eur     asia
ns   0.0001  0.000075  0.00037
grs  0.0000  0.000000  0.00000

[phase from 1040.0 to 2004.0]
      afr  eur
afr     1    0
eur     0    1
asia    0    1
        afr       eur
ns   0.0001  0.000405
grs  0.0000  0.000000

[phase from 2004.0 to inf]
     A
afr  1
eur  1
            A
ns   0.000375
grs  0.000000

2026-10-02 19:51:41,768 - INFO - Log likelihood of simulation parameters: -288396.5483588242.
2026-10-02 19:51:41,768 - INFO - Starting glike optimization.

Initial parameters:
{'t1': 10, 't2': 50, 't3': 100, 'N_anc': 10000, 'N_yri': 10000, 'N_ooa': 10000, 'N_ceu': 10000, 'N_chb': 10000, 'gr_ceu': 0.1, 'gr_chb': 0.1}

Encoded parameters:
{'t1': 10, 't2': 50, 't3': 100, 'N_anc': 10000, 'N_yri': 10000, 'N_ooa': 10000, 'N_ceu': 10000, 'N_chb': 10000, 'gr_ceu': 0.1, 'gr_chb': 0.1}

Normalized CMA-ES parameters:
{'t1': 0.20408163265306123, 't2': 0.5555555555555556, 't3': 0.010050251256281407, 'N_anc': 0.2, 'N_yri': 0.2, 'N_ooa': 0.2, 'N_ceu': 0.2, 'N_chb': 0.2, 'gr_ceu': 0.1, 'gr_chb': 0.1}

CMA-ES parameter scales:
  t1: 49.0
  t2: 90.0
  t3: 9950.0
  N_anc: 50000.0
  N_yri: 50000.0
  N_ooa: 50000.0
  N_ceu: 50000.0
  N_chb: 50000.0
  gr_ceu: 1.0
  gr_chb: 1.0

-295743.8425354076
Generation   1  Likelihood = -285890.489780
{'t1': 9.96598635701385, 't2': 56.51472183915662, 't3': 652.0579639810599, 'N_anc': 10383.648688294064, 'N_yri': 10682.88689670017, 'N_ooa': 12123.842084211647, 'N_ceu': 2938.124745947056, 'N_chb': 8414.969698626162, 'gr_ceu': 0.1426174199495101, 'gr_chb': 0.11840293044262057}
Generation   2  Likelihood = -281525.179100
{'t1': 10.867582741865228, 't2': 44.02014361628578, 't3': 1412.398509341854, 'N_anc': 9369.35336713693, 'N_yri': 10982.58648203742, 'N_ooa': 13778.680210950322, 'N_ceu': 4115.08127020595, 'N_chb': 7202.565206479614, 'gr_ceu': 0.12483227198486872, 'gr_chb': 0.12355095785539304}
Generation   3  Likelihood = -275408.881527
{'t1': 12.09629694490265, 't2': 53.79901290892322, 't3': -139.04521416659838, 'N_anc': 16481.478297856138, 'N_yri': 10974.752630661258, 'N_ooa': 15624.413632055253, 'N_ceu': 4070.8943543434207, 'N_chb': 8458.338861202761, 'gr_ceu': 0.06987006000698401, 'gr_chb': 0.1064683628196425}
Generation   4  Likelihood = -274801.050857
{'t1': 11.945335188688842, 't2': 56.43476105216937, 't3': 274.4260071825383, 'N_anc': 13064.936924319192, 'N_yri': 11912.238498456458, 'N_ooa': 17303.407971361958, 'N_ceu': 3573.9809670378495, 'N_chb': 7627.934539943987, 'gr_ceu': 0.08188556247051407, 'gr_chb': 0.05256856725296673}
Generation   5  Likelihood = -268419.351429
{'t1': 11.226822607323243, 't2': 52.569789086818524, 't3': 1009.7974489381809, 'N_anc': 18334.754024123835, 'N_yri': 8973.109232175326, 'N_ooa': 23150.922955981303, 'N_ceu': 8014.879879607168, 'N_chb': 6089.356415282691, 'gr_ceu': 0.11535114708742165, 'gr_chb': 0.1398219185975496}
Generation   6  Likelihood = -268419.351429
{'t1': 11.226822607323243, 't2': 52.569789086818524, 't3': 1009.7974489381809, 'N_anc': 18334.754024123835, 'N_yri': 8973.109232175326, 'N_ooa': 23150.922955981303, 'N_ceu': 8014.879879607168, 'N_chb': 6089.356415282691, 'gr_ceu': 0.11535114708742165, 'gr_chb': 0.1398219185975496}
Generation   7  Likelihood = -268419.351429
{'t1': 11.226822607323243, 't2': 52.569789086818524, 't3': 1009.7974489381809, 'N_anc': 18334.754024123835, 'N_yri': 8973.109232175326, 'N_ooa': 23150.922955981303, 'N_ceu': 8014.879879607168, 'N_chb': 6089.356415282691, 'gr_ceu': 0.11535114708742165, 'gr_chb': 0.1398219185975496}
Generation   8  Likelihood = -266633.286660
{'t1': 7.100692294696741, 't2': 51.79035626866327, 't3': 1422.4828835794694, 'N_anc': 12542.778348242675, 'N_yri': 14618.30993166201, 'N_ooa': 25540.333821910528, 'N_ceu': 9934.408297995406, 'N_chb': 7109.203108425244, 'gr_ceu': 0.05744719300926026, 'gr_chb': 0.15253615651709937}
Generation   9  Likelihood = -265247.079914
{'t1': 2.977303285089752, 't2': 62.21791005201279, 't3': 536.2572593003467, 'N_anc': 10525.094403331941, 'N_yri': 12705.85108914637, 'N_ooa': 30237.719497609833, 'N_ceu': 13472.870250542395, 'N_chb': 2483.98031385254, 'gr_ceu': 0.047777534353134705, 'gr_chb': 0.13191550371929}
Generation  10  Likelihood = -265247.079914
{'t1': 2.977303285089752, 't2': 62.21791005201279, 't3': 536.2572593003467, 'N_anc': 10525.094403331941, 'N_yri': 12705.85108914637, 'N_ooa': 30237.719497609833, 'N_ceu': 13472.870250542395, 'N_chb': 2483.98031385254, 'gr_ceu': 0.047777534353134705, 'gr_chb': 0.13191550371929}
Generation  11  Likelihood = -264502.385364
{'t1': -0.09105396360368821, 't2': 63.91909035441369, 't3': 2171.556730010412, 'N_anc': 20238.133766391107, 'N_yri': 21434.863434524916, 'N_ooa': 35459.30880158602, 'N_ceu': 5627.582631896298, 'N_chb': 11673.890695492964, 'gr_ceu': 0.15896914888210678, 'gr_chb': 0.13145300420652328}
Generation  12  Likelihood = -264421.948614
{'t1': 1.3629377249535015, 't2': 59.22251610062284, 't3': 2109.1922562770374, 'N_anc': 10861.056425316432, 'N_yri': 21954.651504606943, 'N_ooa': 37685.14626579011, 'N_ceu': 14032.173620700758, 'N_chb': 14176.200679291684, 'gr_ceu': 0.1505645323760879, 'gr_chb': 0.23162358058764007}
Generation  13  Likelihood = -264317.028816
{'t1': 6.435748162235407, 't2': 57.905945886179154, 't3': 1476.281146093638, 'N_anc': 13397.200959429836, 'N_yri': 24004.049729398837, 'N_ooa': 36653.17919638204, 'N_ceu': 11970.839746566267, 'N_chb': 14198.306263815528, 'gr_ceu': 0.168889103555855, 'gr_chb': 0.2201947995900906}
Generation  14  Likelihood = -264317.028816
{'t1': 6.435748162235407, 't2': 57.905945886179154, 't3': 1476.281146093638, 'N_anc': 13397.200959429836, 'N_yri': 24004.049729398837, 'N_ooa': 36653.17919638204, 'N_ceu': 11970.839746566267, 'N_chb': 14198.306263815528, 'gr_ceu': 0.168889103555855, 'gr_chb': 0.2201947995900906}
Generation  15  Likelihood = -264317.028816
{'t1': 6.435748162235407, 't2': 57.905945886179154, 't3': 1476.281146093638, 'N_anc': 13397.200959429836, 'N_yri': 24004.049729398837, 'N_ooa': 36653.17919638204, 'N_ceu': 11970.839746566267, 'N_chb': 14198.306263815528, 'gr_ceu': 0.168889103555855, 'gr_chb': 0.2201947995900906}
Generation  16  Likelihood = -264317.028816
{'t1': 6.435748162235407, 't2': 57.905945886179154, 't3': 1476.281146093638, 'N_anc': 13397.200959429836, 'N_yri': 24004.049729398837, 'N_ooa': 36653.17919638204, 'N_ceu': 11970.839746566267, 'N_chb': 14198.306263815528, 'gr_ceu': 0.168889103555855, 'gr_chb': 0.2201947995900906}
Generation  17  Likelihood = -264317.028816
{'t1': 6.435748162235407, 't2': 57.905945886179154, 't3': 1476.281146093638, 'N_anc': 13397.200959429836, 'N_yri': 24004.049729398837, 'N_ooa': 36653.17919638204, 'N_ceu': 11970.839746566267, 'N_chb': 14198.306263815528, 'gr_ceu': 0.168889103555855, 'gr_chb': 0.2201947995900906}
Generation  18  Likelihood = -264317.028816
{'t1': 6.435748162235407, 't2': 57.905945886179154, 't3': 1476.281146093638, 'N_anc': 13397.200959429836, 'N_yri': 24004.049729398837, 'N_ooa': 36653.17919638204, 'N_ceu': 11970.839746566267, 'N_chb': 14198.306263815528, 'gr_ceu': 0.168889103555855, 'gr_chb': 0.2201947995900906}
Generation  19  Likelihood = -264317.028816
{'t1': 6.435748162235407, 't2': 57.905945886179154, 't3': 1476.281146093638, 'N_anc': 13397.200959429836, 'N_yri': 24004.049729398837, 'N_ooa': 36653.17919638204, 'N_ceu': 11970.839746566267, 'N_chb': 14198.306263815528, 'gr_ceu': 0.168889103555855, 'gr_chb': 0.2201947995900906}
2026-10-02 21:30:09,281 - INFO - Finished fitting ARG.
2026-10-02 21:30:09,281 - INFO - Finished in 1h 38m 27.5s
2026-10-02 21:30:09,281 - INFO - Estimated: {'t1': -7.730817763590788, 't2': 22.43195180440002, 't3': 3762.121486085849, 'N_anc': 15321.258860774584, 'N_yri': 28055.327009176344, 'N_ooa': 41465.25392116892, 'N_ceu': 10610.390142741253, 'N_chb': 15645.535426297802, 'gr_ceu': 0.6816624056810527, 'gr_chb': 0.21197410315892945}
2026-10-02 21:30:09,281 - INFO - logp = -264298.3106215515  (true = -288396.5483588242)
2026-10-02 21:30:09,281 - INFO - Pipeline executed succesfully.
Generation  20  Likelihood = -264298.310622
{'t1': -7.730817763590788, 't2': 22.43195180440002, 't3': 3762.121486085849, 'N_anc': 15321.258860774584, 'N_yri': 28055.327009176344, 'N_ooa': 41465.25392116892, 'N_ceu': 10610.390142741253, 'N_chb': 15645.535426297802, 'gr_ceu': 0.6816624056810527, 'gr_chb': 0.21197410315892945}

Final normalized parameters:
{'t1': -0.15777179109368955, 't2': 0.24924390893777798, 't3': 0.37810266191817576, 'N_anc': 0.3064251772154917, 'N_yri': 0.5611065401835269, 'N_ooa': 0.8293050784233784, 'N_ceu': 0.21220780285482507, 'N_chb': 0.31291070852595604, 'gr_ceu': 0.6816624056810527, 'gr_chb': 0.21197410315892945}

Final demographic parameters:
{'t1': -7.730817763590788, 't2': 22.43195180440002, 't3': 3762.121486085849, 'N_anc': 15321.258860774584, 'N_yri': 28055.327009176344, 'N_ooa': 41465.25392116892, 'N_ceu': 10610.390142741253, 'N_chb': 15645.535426297802, 'gr_ceu': 0.6816624056810527, 'gr_chb': 0.21197410315892945}

Final likelihood = -264298.310622
