2026-10-02 19:52:24,265 - INFO - Beginning execution of simulate_and_fit_ARG.py in directory /home1/mahj/glike_optimize/opt_scripts

2026-10-02 19:52:24,265 - INFO - Progress is being logged to ../opt_results_CMA_ES_3G09_no_m1_kappa_10000/ntree_25_rep_4_simulate_ARG.log

2026-10-02 19:52:24,265 - INFO - Parsed the following arguments:
	N_SAMPLES = 1000.0
	SEQUENCE_LENGTH = 30000000.0
	RECOMBINATION_RATE = 1e-08
	SEED = 1
	NUM_TREES = 25
	OPTIMIZER = CMA_ES
	MODEL = 3G09_no_m
	KAPPA = 10000
	outprefix = ../opt_results_CMA_ES_3G09_no_m1_kappa_10000/ntree_25_rep_4

2026-10-02 19:52:24,307 - INFO - Sampling 1000 individuals with ploidy 1 in population 0 (name='admix') at time 0
2026-10-02 19:52:24,311 - INFO - Starting replicate 0
2026-10-02 19:52:24,312 - INFO - model[0] {'name': 'hudson'} started at time=0 nodes=1000 edges=0
2026-10-02 19:52:24,312 - INFO - Running model {'name': 'hudson'} until max time: inf
2026-10-02 19:52:25,089 - INFO - Completed at time=24250.7 nodes=39508 edges=264883
2026-10-02 19:52:27,529 - INFO - Finished simulating ARG.
[phase from 0.0 to 19.0]
        admix
ns   0.000006
grs  0.078000

[phase from 19.0 to 411.0]
       afr    eur   asia    pol
admix  0.0  0.198  0.334  0.468
        afr       eur     asia       pol
ns   0.0001  0.000075  0.00004  0.000064
grs  0.0000  0.000000  0.00000  0.000000

[phase from 411.0 to 1040.0]
      afr  eur  asia
afr     1    0     0
eur     0    1     0
asia    0    0     1
pol     0    0     1
        afr       eur     asia
ns   0.0001  0.000075  0.00037
grs  0.0000  0.000000  0.00000

[phase from 1040.0 to 2004.0]
      afr  eur
afr     1    0
eur     0    1
asia    0    1
        afr       eur
ns   0.0001  0.000405
grs  0.0000  0.000000

[phase from 2004.0 to inf]
     A
afr  1
eur  1
            A
ns   0.000375
grs  0.000000

2026-10-02 19:52:52,249 - INFO - Log likelihood of simulation parameters: -288424.25534048496.
2026-10-02 19:52:52,249 - INFO - Starting glike optimization.

Initial parameters:
{'t1': 10, 't2': 50, 't3': 100, 'N_anc': 10000, 'N_yri': 10000, 'N_ooa': 10000, 'N_ceu': 10000, 'N_chb': 10000, 'gr_ceu': 0.1, 'gr_chb': 0.1}

Encoded parameters:
{'t1': 10, 't2': 50, 't3': 100, 'N_anc': 10000, 'N_yri': 10000, 'N_ooa': 10000, 'N_ceu': 10000, 'N_chb': 10000, 'gr_ceu': 0.1, 'gr_chb': 0.1}

Normalized CMA-ES parameters:
{'t1': 0.20408163265306123, 't2': 0.5555555555555556, 't3': 0.010050251256281407, 'N_anc': 0.2, 'N_yri': 0.2, 'N_ooa': 0.2, 'N_ceu': 0.2, 'N_chb': 0.2, 'gr_ceu': 0.1, 'gr_chb': 0.1}

CMA-ES parameter scales:
  t1: 49.0
  t2: 90.0
  t3: 9950.0
  N_anc: 50000.0
  N_yri: 50000.0
  N_ooa: 50000.0
  N_ceu: 50000.0
  N_chb: 50000.0
  gr_ceu: 1.0
  gr_chb: 1.0

-295747.534089642
Generation   1  Likelihood = -287128.533040
{'t1': 7.7354660880499235, 't2': 53.829346941959685, 't3': 244.79487542502693, 'N_anc': 10715.588610310197, 'N_yri': 9194.234159544658, 'N_ooa': 12079.617071165716, 'N_ceu': 9893.765286865673, 'N_chb': 14058.835308964019, 'gr_ceu': 0.021827757709661555, 'gr_chb': 0.09708438451896606}
Generation   2  Likelihood = -279030.908659
{'t1': 8.242957378402854, 't2': 44.121630042944744, 't3': -128.13970679258472, 'N_anc': 15911.672241940289, 'N_yri': 12870.836432866208, 'N_ooa': 10259.673056609336, 'N_ceu': 9219.239227102398, 'N_chb': 13254.144092766051, 'gr_ceu': -0.0008174257518090144, 'gr_chb': -0.089258380837332}
Generation   3  Likelihood = -274042.398687
{'t1': 8.648939807811086, 't2': 46.34477219779429, 't3': -586.425165220553, 'N_anc': 18036.90801670822, 'N_yri': 8807.503793031237, 'N_ooa': 15835.325166380975, 'N_ceu': 8223.174341170967, 'N_chb': 12406.695800824833, 'gr_ceu': 0.05582380884222623, 'gr_chb': 0.049395062888182045}
Generation   4  Likelihood = -269949.168064
{'t1': 5.938426869051152, 't2': 47.498910285891775, 't3': -442.8037927780589, 'N_anc': 22294.56787919224, 'N_yri': 8296.170557153913, 'N_ooa': 19650.87440071757, 'N_ceu': 8034.597328221896, 'N_chb': 12821.86017138161, 'gr_ceu': 0.14650818623781728, 'gr_chb': 0.03604589032778986}
Generation   5  Likelihood = -267033.784803
{'t1': 3.314348718177769, 't2': 40.6543622824256, 't3': -880.4798588788578, 'N_anc': 25611.813467250427, 'N_yri': 14221.81073790276, 'N_ooa': 22700.741236595743, 'N_ceu': 10623.158803513466, 'N_chb': 20877.614155318977, 'gr_ceu': -0.022990202375032548, 'gr_chb': 0.09721342243747996}
Generation   6  Likelihood = -265265.878365
{'t1': 6.3659422664342316, 't2': 41.14497479671178, 't3': -748.4203633793322, 'N_anc': 29429.057767801576, 'N_yri': 19804.383922329132, 'N_ooa': 28054.827303550435, 'N_ceu': 13056.338283598772, 'N_chb': 14928.05719202588, 'gr_ceu': -0.07123111288585261, 'gr_chb': 0.11989144759583693}
Generation   7  Likelihood = -264394.179586
{'t1': 8.601825329408408, 't2': 35.86577459020295, 't3': -244.5912987268438, 'N_anc': 35270.62733226859, 'N_yri': 22945.327515895024, 'N_ooa': 31163.876738425377, 'N_ceu': 12830.97927874724, 'N_chb': 17121.40258099149, 'gr_ceu': 0.025117204722927243, 'gr_chb': 0.2817296190959817}
Generation   8  Likelihood = -264389.528999
{'t1': 10.539478521505345, 't2': 31.242167667786315, 't3': 1362.5341502281115, 'N_anc': 32629.470545763652, 'N_yri': 21175.489226199385, 'N_ooa': 42060.05960468931, 'N_ceu': 8109.162973276752, 'N_chb': 22327.020036067584, 'gr_ceu': 0.10392835805257414, 'gr_chb': 0.10698532802240929}
Generation   9  Likelihood = -264037.332176
{'t1': 12.73525330066203, 't2': 25.69155814349374, 't3': 509.56772614020133, 'N_anc': 33424.22209633461, 'N_yri': 18117.238591141395, 'N_ooa': 41133.467045650454, 'N_ceu': 17446.788477892955, 'N_chb': 22829.373287186896, 'gr_ceu': 0.07689351194582986, 'gr_chb': 0.10383926438397889}
Generation  10  Likelihood = -264037.332176
{'t1': 12.73525330066203, 't2': 25.69155814349374, 't3': 509.56772614020133, 'N_anc': 33424.22209633461, 'N_yri': 18117.238591141395, 'N_ooa': 41133.467045650454, 'N_ceu': 17446.788477892955, 'N_chb': 22829.373287186896, 'gr_ceu': 0.07689351194582986, 'gr_chb': 0.10383926438397889}
Generation  11  Likelihood = -264037.332176
{'t1': 12.73525330066203, 't2': 25.69155814349374, 't3': 509.56772614020133, 'N_anc': 33424.22209633461, 'N_yri': 18117.238591141395, 'N_ooa': 41133.467045650454, 'N_ceu': 17446.788477892955, 'N_chb': 22829.373287186896, 'gr_ceu': 0.07689351194582986, 'gr_chb': 0.10383926438397889}
Generation  12  Likelihood = -263875.345513
{'t1': 6.114277864480759, 't2': 50.92146144856222, 't3': 457.9198938605062, 'N_anc': 27506.463581765656, 'N_yri': 27235.852843022494, 'N_ooa': 35840.835986027065, 'N_ceu': 27193.624425479873, 'N_chb': 17344.8967029596, 'gr_ceu': -0.19531399797333773, 'gr_chb': 0.16990538432455554}
Generation  13  Likelihood = -263875.345513
{'t1': 6.114277864480759, 't2': 50.92146144856222, 't3': 457.9198938605062, 'N_anc': 27506.463581765656, 'N_yri': 27235.852843022494, 'N_ooa': 35840.835986027065, 'N_ceu': 27193.624425479873, 'N_chb': 17344.8967029596, 'gr_ceu': -0.19531399797333773, 'gr_chb': 0.16990538432455554}
Generation  14  Likelihood = -263612.381985
{'t1': 10.826008822171852, 't2': 34.6574252620612, 't3': 351.4040616721535, 'N_anc': 33179.44573343791, 'N_yri': 35480.53378187163, 'N_ooa': 42167.309477821625, 'N_ceu': 18895.81264043165, 'N_chb': 19629.08084229461, 'gr_ceu': 0.028453878045171938, 'gr_chb': -0.1486253133452962}
Generation  15  Likelihood = -263612.381985
{'t1': 10.826008822171852, 't2': 34.6574252620612, 't3': 351.4040616721535, 'N_anc': 33179.44573343791, 'N_yri': 35480.53378187163, 'N_ooa': 42167.309477821625, 'N_ceu': 18895.81264043165, 'N_chb': 19629.08084229461, 'gr_ceu': 0.028453878045171938, 'gr_chb': -0.1486253133452962}
Generation  16  Likelihood = -262024.689773
{'t1': 18.38752241010241, 't2': 35.18278680162847, 't3': 375.7463605110369, 'N_anc': 20492.901073768484, 'N_yri': 35657.38908301542, 'N_ooa': 41778.75219520729, 'N_ceu': 19818.708625588893, 'N_chb': 25180.06869480196, 'gr_ceu': -0.06691400207880538, 'gr_chb': -0.05544756439908763}
Generation  17  Likelihood = -262024.689773
{'t1': 18.38752241010241, 't2': 35.18278680162847, 't3': 375.7463605110369, 'N_anc': 20492.901073768484, 'N_yri': 35657.38908301542, 'N_ooa': 41778.75219520729, 'N_ceu': 19818.708625588893, 'N_chb': 25180.06869480196, 'gr_ceu': -0.06691400207880538, 'gr_chb': -0.05544756439908763}
Generation  18  Likelihood = -262024.689773
{'t1': 18.38752241010241, 't2': 35.18278680162847, 't3': 375.7463605110369, 'N_anc': 20492.901073768484, 'N_yri': 35657.38908301542, 'N_ooa': 41778.75219520729, 'N_ceu': 19818.708625588893, 'N_chb': 25180.06869480196, 'gr_ceu': -0.06691400207880538, 'gr_chb': -0.05544756439908763}
Generation  19  Likelihood = -262024.689773
{'t1': 18.38752241010241, 't2': 35.18278680162847, 't3': 375.7463605110369, 'N_anc': 20492.901073768484, 'N_yri': 35657.38908301542, 'N_ooa': 41778.75219520729, 'N_ceu': 19818.708625588893, 'N_chb': 25180.06869480196, 'gr_ceu': -0.06691400207880538, 'gr_chb': -0.05544756439908763}
2026-10-02 21:53:45,709 - INFO - Finished fitting ARG.
2026-10-02 21:53:45,710 - INFO - Finished in 2h 0m 53.5s
2026-10-02 21:53:45,710 - INFO - Estimated: {'t1': 18.38752241010241, 't2': 35.18278680162847, 't3': 375.7463605110369, 'N_anc': 20492.901073768484, 'N_yri': 35657.38908301542, 'N_ooa': 41778.75219520729, 'N_ceu': 19818.708625588893, 'N_chb': 25180.06869480196, 'gr_ceu': -0.06691400207880538, 'gr_chb': -0.05544756439908763}
2026-10-02 21:53:45,710 - INFO - logp = -262024.68977280753  (true = -288424.25534048496)
2026-10-02 21:53:45,710 - INFO - Pipeline executed succesfully.
Generation  20  Likelihood = -262024.689773
{'t1': 18.38752241010241, 't2': 35.18278680162847, 't3': 375.7463605110369, 'N_anc': 20492.901073768484, 'N_yri': 35657.38908301542, 'N_ooa': 41778.75219520729, 'N_ceu': 19818.708625588893, 'N_chb': 25180.06869480196, 'gr_ceu': -0.06691400207880538, 'gr_chb': -0.05544756439908763}

Final normalized parameters:
{'t1': 0.37525555938984506, 't2': 0.39091985335142737, 't3': 0.03776345331769215, 'N_anc': 0.40985802147536965, 'N_yri': 0.7131477816603085, 'N_ooa': 0.8355750439041458, 'N_ceu': 0.39637417251177787, 'N_chb': 0.5036013738960392, 'gr_ceu': -0.06691400207880538, 'gr_chb': -0.05544756439908763}

Final demographic parameters:
{'t1': 18.38752241010241, 't2': 35.18278680162847, 't3': 375.7463605110369, 'N_anc': 20492.901073768484, 'N_yri': 35657.38908301542, 'N_ooa': 41778.75219520729, 'N_ceu': 19818.708625588893, 'N_chb': 25180.06869480196, 'gr_ceu': -0.06691400207880538, 'gr_chb': -0.05544756439908763}

Final likelihood = -262024.689773
