2026-09-28 09:28:14,375 - INFO - Beginning execution of simulate_and_fit_ARG.py in directory /home1/mahj/glike_optimize/opt_scripts

2026-09-28 09:28:14,375 - INFO - Progress is being logged to ../opt_results_CMA_ES_3G09_no_m1_kappa_25000/ntree_10_rep_7_simulate_ARG.log

2026-09-28 09:28:14,375 - INFO - Parsed the following arguments:
	N_SAMPLES = 1000.0
	SEQUENCE_LENGTH = 30000000.0
	RECOMBINATION_RATE = 1e-08
	SEED = 1
	NUM_TREES = 10
	OPTIMIZER = CMA_ES
	MODEL = 3G09_no_m
	KAPPA = 25000
	outprefix = ../opt_results_CMA_ES_3G09_no_m1_kappa_25000/ntree_10_rep_7

2026-09-28 09:28:14,426 - INFO - Sampling 1000 individuals with ploidy 1 in population 0 (name='admix') at time 0
2026-09-28 09:28:14,434 - INFO - Starting replicate 0
2026-09-28 09:28:14,435 - INFO - model[0] {'name': 'hudson'} started at time=0 nodes=1000 edges=0
2026-09-28 09:28:14,435 - INFO - Running model {'name': 'hudson'} until max time: inf
2026-09-28 09:28:15,219 - INFO - Completed at time=24250.7 nodes=39508 edges=264883
2026-09-28 09:28:16,266 - INFO - Finished simulating ARG.
[phase from 0.0 to 19.0]
        admix
ns   0.000006
grs  0.078000

[phase from 19.0 to 411.0]
       afr    eur   asia    pol
admix  0.0  0.198  0.334  0.468
        afr       eur     asia       pol
ns   0.0001  0.000075  0.00004  0.000064
grs  0.0000  0.000000  0.00000  0.000000

[phase from 411.0 to 1040.0]
      afr  eur  asia
afr     1    0     0
eur     0    1     0
asia    0    0     1
pol     0    0     1
        afr       eur     asia
ns   0.0001  0.000075  0.00037
grs  0.0000  0.000000  0.00000

[phase from 1040.0 to 2004.0]
      afr  eur
afr     1    0
eur     0    1
asia    0    1
        afr       eur
ns   0.0001  0.000405
grs  0.0000  0.000000

[phase from 2004.0 to inf]
     A
afr  1
eur  1
            A
ns   0.000375
grs  0.000000

2026-09-28 09:28:33,314 - INFO - Starting glike optimization.

Initial parameters:
{'t1': 10, 't2': 50, 't3': 100, 'N_anc': 10000, 'N_yri': 10000, 'N_ooa': 10000, 'N_ceu': 10000, 'N_chb': 10000, 'gr_ceu': 0.1, 'gr_chb': 0.1}

Encoded parameters:
{'t1': 10, 't2': 50, 't3': 100, 'N_anc': 10000, 'N_yri': 10000, 'N_ooa': 10000, 'N_ceu': 10000, 'N_chb': 10000, 'gr_ceu': 0.1, 'gr_chb': 0.1}

Normalized CMA-ES parameters:
{'t1': 0.20408163265306123, 't2': 0.5555555555555556, 't3': 0.010050251256281407, 'N_anc': 0.2, 'N_yri': 0.2, 'N_ooa': 0.2, 'N_ceu': 0.2, 'N_chb': 0.2, 'gr_ceu': 0.1, 'gr_chb': 0.1}

CMA-ES parameter scales:
  t1: 49.0
  t2: 90.0
  t3: 9950.0
  N_anc: 50000.0
  N_yri: 50000.0
  N_ooa: 50000.0
  N_ceu: 50000.0
  N_chb: 50000.0
  gr_ceu: 1.0
  gr_chb: 1.0

-118361.55090745818
Generation   1  Likelihood = -115760.780626
{'t1': 10.083712892099763, 't2': 56.478408100656665, 't3': 733.9552509768267, 'N_anc': 12923.447252803518, 'N_yri': 12936.65403468088, 'N_ooa': 10920.978359992825, 'N_ceu': 10887.674252090386, 'N_chb': 9456.24567750072, 'gr_ceu': 0.20826246679584956, 'gr_chb': 0.1254777433003762}
Generation   2  Likelihood = -113466.575813
{'t1': 10.057740212555062, 't2': 58.194643012920146, 't3': 129.07117134317372, 'N_anc': 11281.970725021143, 'N_yri': 12175.251071918898, 'N_ooa': 13449.748046994126, 'N_ceu': 10368.544515199113, 'N_chb': 11687.572783523703, 'gr_ceu': 0.11888862954641537, 'gr_chb': 0.038587472991627514}
Generation   3  Likelihood = -110009.376786
{'t1': 9.495943193197517, 't2': 67.53998988807706, 't3': 627.5229338275698, 'N_anc': 15441.553028852948, 'N_yri': 13806.436704802683, 'N_ooa': 15814.382905628681, 'N_ceu': 11909.825363341328, 'N_chb': 6550.396373968703, 'gr_ceu': 0.1044528572199527, 'gr_chb': -0.020480185145351104}
Generation   4  Likelihood = -108570.443000
{'t1': 13.83550865875969, 't2': 60.14402104808094, 't3': -283.0923289700983, 'N_anc': 18551.741606106192, 'N_yri': 11582.190138762813, 'N_ooa': 18592.785016999456, 'N_ceu': 6241.527928371662, 'N_chb': 7683.447611190628, 'gr_ceu': 0.11481132396427783, 'gr_chb': 0.07551841366805473}
2026-09-28 10:21:15,882 - INFO - Finished fitting ARG.
2026-09-28 10:21:15,882 - INFO - Finished in 0h 52m 42.6s
2026-09-28 10:21:15,882 - INFO - Estimated: {'t1': 11.587875838690588, 't2': 62.37152152720838, 't3': -79.80710417867182, 'N_anc': 18380.425267021845, 'N_yri': 16713.171984405108, 'N_ooa': 21553.856910139897, 'N_ceu': 11846.20765647556, 'N_chb': 6265.408738514219, 'gr_ceu': 0.00017694597234203802, 'gr_chb': 0.1365715349269513}
2026-09-28 10:21:15,882 - INFO - logp = -108252.63059887345  (true = -115488.43070753085)
2026-09-28 10:21:15,882 - INFO - Pipeline executed succesfully.
Generation   5  Likelihood = -108252.630599
{'t1': 11.587875838690588, 't2': 62.37152152720838, 't3': -79.80710417867182, 'N_anc': 18380.425267021845, 'N_yri': 16713.171984405108, 'N_ooa': 21553.856910139897, 'N_ceu': 11846.20765647556, 'N_chb': 6265.408738514219, 'gr_ceu': 0.00017694597234203802, 'gr_chb': 0.1365715349269513}

Final normalized parameters:
{'t1': 0.23648726201409362, 't2': 0.6930169058578709, 't3': -0.008020814490318776, 'N_anc': 0.3676085053404369, 'N_yri': 0.3342634396881021, 'N_ooa': 0.43107713820279797, 'N_ceu': 0.2369241531295112, 'N_chb': 0.1253081747702844, 'gr_ceu': 0.00017694597234203802, 'gr_chb': 0.1365715349269513}

Final demographic parameters:
{'t1': 11.587875838690588, 't2': 62.37152152720838, 't3': -79.80710417867182, 'N_anc': 18380.425267021845, 'N_yri': 16713.171984405108, 'N_ooa': 21553.856910139897, 'N_ceu': 11846.20765647556, 'N_chb': 6265.408738514219, 'gr_ceu': 0.00017694597234203802, 'gr_chb': 0.1365715349269513}

Final likelihood = -108252.630599
