2026-09-28 08:47:13,320 - INFO - Beginning execution of simulate_and_fit_ARG.py in directory /home1/mahj/glike_optimize/opt_scripts

2026-09-28 08:47:13,320 - INFO - Progress is being logged to ../opt_results_CMA_ES_3G09_no_m1_kappa_25000/ntree_10_rep_2_simulate_ARG.log

2026-09-28 08:47:13,320 - INFO - Parsed the following arguments:
	N_SAMPLES = 1000.0
	SEQUENCE_LENGTH = 30000000.0
	RECOMBINATION_RATE = 1e-08
	SEED = 1
	NUM_TREES = 10
	OPTIMIZER = CMA_ES
	MODEL = 3G09_no_m
	KAPPA = 25000
	outprefix = ../opt_results_CMA_ES_3G09_no_m1_kappa_25000/ntree_10_rep_2

2026-09-28 08:47:13,366 - INFO - Sampling 1000 individuals with ploidy 1 in population 0 (name='admix') at time 0
2026-09-28 08:47:13,376 - INFO - Starting replicate 0
2026-09-28 08:47:13,377 - INFO - model[0] {'name': 'hudson'} started at time=0 nodes=1000 edges=0
2026-09-28 08:47:13,377 - INFO - Running model {'name': 'hudson'} until max time: inf
2026-09-28 08:47:14,389 - INFO - Completed at time=24250.7 nodes=39508 edges=264883
2026-09-28 08:47:15,504 - INFO - Finished simulating ARG.
[phase from 0.0 to 19.0]
        admix
ns   0.000006
grs  0.078000

[phase from 19.0 to 411.0]
       afr    eur   asia    pol
admix  0.0  0.198  0.334  0.468
        afr       eur     asia       pol
ns   0.0001  0.000075  0.00004  0.000064
grs  0.0000  0.000000  0.00000  0.000000

[phase from 411.0 to 1040.0]
      afr  eur  asia
afr     1    0     0
eur     0    1     0
asia    0    0     1
pol     0    0     1
        afr       eur     asia
ns   0.0001  0.000075  0.00037
grs  0.0000  0.000000  0.00000

[phase from 1040.0 to 2004.0]
      afr  eur
afr     1    0
eur     0    1
asia    0    1
        afr       eur
ns   0.0001  0.000405
grs  0.0000  0.000000

[phase from 2004.0 to inf]
     A
afr  1
eur  1
            A
ns   0.000375
grs  0.000000

2026-09-28 08:47:37,787 - INFO - Starting glike optimization.

Initial parameters:
{'t1': 10, 't2': 50, 't3': 100, 'N_anc': 10000, 'N_yri': 10000, 'N_ooa': 10000, 'N_ceu': 10000, 'N_chb': 10000, 'gr_ceu': 0.1, 'gr_chb': 0.1}

Encoded parameters:
{'t1': 10, 't2': 50, 't3': 100, 'N_anc': 10000, 'N_yri': 10000, 'N_ooa': 10000, 'N_ceu': 10000, 'N_chb': 10000, 'gr_ceu': 0.1, 'gr_chb': 0.1}

Normalized CMA-ES parameters:
{'t1': 0.20408163265306123, 't2': 0.5555555555555556, 't3': 0.010050251256281407, 'N_anc': 0.2, 'N_yri': 0.2, 'N_ooa': 0.2, 'N_ceu': 0.2, 'N_chb': 0.2, 'gr_ceu': 0.1, 'gr_chb': 0.1}

CMA-ES parameter scales:
  t1: 49.0
  t2: 90.0
  t3: 9950.0
  N_anc: 50000.0
  N_yri: 50000.0
  N_ooa: 50000.0
  N_ceu: 50000.0
  N_chb: 50000.0
  gr_ceu: 1.0
  gr_chb: 1.0

-118361.06157030535
Generation   1  Likelihood = -111991.297278
{'t1': 12.503327497542664, 't2': 52.104881692228496, 't3': 114.82555587019722, 'N_anc': 12076.932960575692, 'N_yri': 11106.122246321635, 'N_ooa': 16021.687541492991, 'N_ceu': 9335.908182379926, 'N_chb': 7936.695950403378, 'gr_ceu': 0.13040871559720574, 'gr_chb': 0.11880926448512105}
Generation   2  Likelihood = -109778.669113
{'t1': 8.817349808216711, 't2': 54.626155631760334, 't3': 239.91072086537827, 'N_anc': 12616.009378625817, 'N_yri': 14725.963677040898, 'N_ooa': 17380.16682070494, 'N_ceu': 6681.528796855661, 'N_chb': 7263.944297460008, 'gr_ceu': 0.16139321799448283, 'gr_chb': 0.08062515049309925}
Generation   3  Likelihood = -109778.669113
{'t1': 8.817349808216711, 't2': 54.626155631760334, 't3': 239.91072086537827, 'N_anc': 12616.009378625817, 'N_yri': 14725.963677040898, 'N_ooa': 17380.16682070494, 'N_ceu': 6681.528796855661, 'N_chb': 7263.944297460008, 'gr_ceu': 0.16139321799448283, 'gr_chb': 0.08062515049309925}
Generation   4  Likelihood = -107127.330013
{'t1': 14.322551345254952, 't2': 49.04216922149641, 't3': 766.9634036933891, 'N_anc': 11828.984527755036, 'N_yri': 18215.762975738056, 'N_ooa': 21633.93520850993, 'N_ceu': 9189.570742276737, 'N_chb': 9716.322740091444, 'gr_ceu': 0.1844791566650879, 'gr_chb': 0.09283338590341628}
2026-09-28 09:57:50,815 - INFO - Finished fitting ARG.
2026-09-28 09:57:50,815 - INFO - Finished in 1h 10m 13.0s
2026-09-28 09:57:50,815 - INFO - Estimated: {'t1': 10.878568718822173, 't2': 51.82840735963023, 't3': 1626.7330409168385, 'N_anc': 14204.349290430186, 'N_yri': 13346.327392257695, 'N_ooa': 24446.78737598879, 'N_ceu': 9783.930077666339, 'N_chb': 12391.557222069237, 'gr_ceu': 0.13629619721309755, 'gr_chb': 0.06389092547194995}
2026-09-28 09:57:50,816 - INFO - logp = -106747.2574850645  (true = -115595.06780509799)
2026-09-28 09:57:50,816 - INFO - Pipeline executed succesfully.
Generation   5  Likelihood = -106747.257485
{'t1': 10.878568718822173, 't2': 51.82840735963023, 't3': 1626.7330409168385, 'N_anc': 14204.349290430186, 'N_yri': 13346.327392257695, 'N_ooa': 24446.78737598879, 'N_ceu': 9783.930077666339, 'N_chb': 12391.557222069237, 'gr_ceu': 0.13629619721309755, 'gr_chb': 0.06389092547194995}

Final normalized parameters:
{'t1': 0.22201160650657495, 't2': 0.5758711928847804, 't3': 0.1634907578810893, 'N_anc': 0.2840869858086037, 'N_yri': 0.2669265478451539, 'N_ooa': 0.48893574751977587, 'N_ceu': 0.19567860155332678, 'N_chb': 0.24783114444138477, 'gr_ceu': 0.13629619721309755, 'gr_chb': 0.06389092547194995}

Final demographic parameters:
{'t1': 10.878568718822173, 't2': 51.82840735963023, 't3': 1626.7330409168385, 'N_anc': 14204.349290430186, 'N_yri': 13346.327392257695, 'N_ooa': 24446.78737598879, 'N_ceu': 9783.930077666339, 'N_chb': 12391.557222069237, 'gr_ceu': 0.13629619721309755, 'gr_chb': 0.06389092547194995}

Final likelihood = -106747.257485
