2026-10-02 20:51:08,011 - INFO - Beginning execution of simulate_and_fit_ARG.py in directory /home1/mahj/glike_optimize/opt_scripts

2026-10-02 20:51:08,011 - INFO - Progress is being logged to ../opt_results_CMA_ES_3G09_no_m1_kappa_10000/ntree_25_rep_10_simulate_ARG.log

2026-10-02 20:51:08,012 - INFO - Parsed the following arguments:
	N_SAMPLES = 1000.0
	SEQUENCE_LENGTH = 30000000.0
	RECOMBINATION_RATE = 1e-08
	SEED = 1
	NUM_TREES = 25
	OPTIMIZER = CMA_ES
	MODEL = 3G09_no_m
	KAPPA = 10000
	outprefix = ../opt_results_CMA_ES_3G09_no_m1_kappa_10000/ntree_25_rep_10

2026-10-02 20:51:08,067 - INFO - Sampling 1000 individuals with ploidy 1 in population 0 (name='admix') at time 0
2026-10-02 20:51:08,074 - INFO - Starting replicate 0
2026-10-02 20:51:08,075 - INFO - model[0] {'name': 'hudson'} started at time=0 nodes=1000 edges=0
2026-10-02 20:51:08,075 - INFO - Running model {'name': 'hudson'} until max time: inf
2026-10-02 20:51:09,096 - INFO - Completed at time=24250.7 nodes=39508 edges=264883
2026-10-02 20:51:11,650 - INFO - Finished simulating ARG.
[phase from 0.0 to 19.0]
        admix
ns   0.000006
grs  0.078000

[phase from 19.0 to 411.0]
       afr    eur   asia    pol
admix  0.0  0.198  0.334  0.468
        afr       eur     asia       pol
ns   0.0001  0.000075  0.00004  0.000064
grs  0.0000  0.000000  0.00000  0.000000

[phase from 411.0 to 1040.0]
      afr  eur  asia
afr     1    0     0
eur     0    1     0
asia    0    0     1
pol     0    0     1
        afr       eur     asia
ns   0.0001  0.000075  0.00037
grs  0.0000  0.000000  0.00000

[phase from 1040.0 to 2004.0]
      afr  eur
afr     1    0
eur     0    1
asia    0    1
        afr       eur
ns   0.0001  0.000405
grs  0.0000  0.000000

[phase from 2004.0 to inf]
     A
afr  1
eur  1
            A
ns   0.000375
grs  0.000000

2026-10-02 20:51:35,379 - INFO - Log likelihood of simulation parameters: -288253.26244509406.
2026-10-02 20:51:35,379 - INFO - Starting glike optimization.

Initial parameters:
{'t1': 10, 't2': 50, 't3': 100, 'N_anc': 10000, 'N_yri': 10000, 'N_ooa': 10000, 'N_ceu': 10000, 'N_chb': 10000, 'gr_ceu': 0.1, 'gr_chb': 0.1}

Encoded parameters:
{'t1': 10, 't2': 50, 't3': 100, 'N_anc': 10000, 'N_yri': 10000, 'N_ooa': 10000, 'N_ceu': 10000, 'N_chb': 10000, 'gr_ceu': 0.1, 'gr_chb': 0.1}

Normalized CMA-ES parameters:
{'t1': 0.20408163265306123, 't2': 0.5555555555555556, 't3': 0.010050251256281407, 'N_anc': 0.2, 'N_yri': 0.2, 'N_ooa': 0.2, 'N_ceu': 0.2, 'N_chb': 0.2, 'gr_ceu': 0.1, 'gr_chb': 0.1}

CMA-ES parameter scales:
  t1: 49.0
  t2: 90.0
  t3: 9950.0
  N_anc: 50000.0
  N_yri: 50000.0
  N_ooa: 50000.0
  N_ceu: 50000.0
  N_chb: 50000.0
  gr_ceu: 1.0
  gr_chb: 1.0

-295747.5809800153
Generation   1  Likelihood = -281238.651745
{'t1': 9.077414224503345, 't2': 53.79044812137702, 't3': -330.8575493729777, 'N_anc': 14031.88262730296, 'N_yri': 12632.220559035934, 'N_ooa': 10848.174584253658, 'N_ceu': 8003.688603605921, 'N_chb': 9739.506797972812, 'gr_ceu': 0.23011062854966127, 'gr_chb': 0.1290340669615292}
Generation   2  Likelihood = -272361.325161
{'t1': 10.152793300397008, 't2': 54.20870416009751, 't3': 29.261717405745397, 'N_anc': 19536.525671946896, 'N_yri': 11753.990848607742, 'N_ooa': 13188.859593621222, 'N_ceu': 8330.055338986282, 'N_chb': 8286.111570457813, 'gr_ceu': 0.18964383076486271, 'gr_chb': 0.06590783388449753}
Generation   3  Likelihood = -268028.799024
{'t1': 8.51255053499836, 't2': 55.24688133857119, 't3': -8.87805062152807, 'N_anc': 25753.703303357444, 'N_yri': 13755.654236158693, 'N_ooa': 15265.02045840403, 'N_ceu': 10297.991213040219, 'N_chb': 10657.586076519832, 'gr_ceu': 0.20038502645157377, 'gr_chb': 0.044285475715342915}
Generation   4  Likelihood = -267506.851717
{'t1': 11.836008763002056, 't2': 53.861639455674506, 't3': -775.3550006990746, 'N_anc': 23477.7911169137, 'N_yri': 14472.912207340063, 'N_ooa': 19078.991087651455, 'N_ceu': 9087.029525170747, 'N_chb': 13812.54238298481, 'gr_ceu': 0.16660367626840883, 'gr_chb': 0.046628491706529794}
Generation   5  Likelihood = -265107.093831
{'t1': 7.744594554166655, 't2': 43.523280321585894, 't3': -1587.4453718244622, 'N_anc': 34481.63926962461, 'N_yri': 15409.6020164809, 'N_ooa': 22013.38532621343, 'N_ceu': 6859.525455571902, 'N_chb': 12535.189090597929, 'gr_ceu': 0.28407294113748477, 'gr_chb': 0.011161179820394336}
Generation   6  Likelihood = -264791.299428
{'t1': 14.413874184081369, 't2': 60.30176466495201, 't3': -1685.66991074623, 'N_anc': 35172.82516191224, 'N_yri': 15077.277604023826, 'N_ooa': 21757.535493173546, 'N_ceu': 10798.938754984081, 'N_chb': 15876.127561259173, 'gr_ceu': 0.3857620287868353, 'gr_chb': -0.03911143567026895}
Generation   7  Likelihood = -264610.897295
{'t1': 15.523877813499508, 't2': 46.021970736932474, 't3': -2612.651613574503, 'N_anc': 40285.19770331667, 'N_yri': 17195.331978544207, 'N_ooa': 25694.555793711508, 'N_ceu': 19393.45549329047, 'N_chb': 17839.051681299443, 'gr_ceu': 0.36600680277803643, 'gr_chb': -0.0893843033170696}
Generation   8  Likelihood = -264491.080186
{'t1': 11.697859401606426, 't2': 59.80049636591634, 't3': -713.0900146453214, 'N_anc': 35444.57559356089, 'N_yri': 21094.96704994287, 'N_ooa': 26692.498631217044, 'N_ceu': 7698.234624174416, 'N_chb': 15881.588445165735, 'gr_ceu': 0.14924167591928858, 'gr_chb': -0.0875362928161776}
Generation   9  Likelihood = -264491.080186
{'t1': 11.697859401606426, 't2': 59.80049636591634, 't3': -713.0900146453214, 'N_anc': 35444.57559356089, 'N_yri': 21094.96704994287, 'N_ooa': 26692.498631217044, 'N_ceu': 7698.234624174416, 'N_chb': 15881.588445165735, 'gr_ceu': 0.14924167591928858, 'gr_chb': -0.0875362928161776}
Generation  10  Likelihood = -264391.616787
{'t1': 10.663166489296673, 't2': 56.650143388517606, 't3': -3397.313579708361, 'N_anc': 39780.08188252179, 'N_yri': 15138.66989060828, 'N_ooa': 30852.95539659424, 'N_ceu': 14395.909948130913, 'N_chb': 25553.098599316716, 'gr_ceu': 0.20735146158381534, 'gr_chb': 0.015273264893156932}
Generation  11  Likelihood = -264391.616787
{'t1': 10.663166489296673, 't2': 56.650143388517606, 't3': -3397.313579708361, 'N_anc': 39780.08188252179, 'N_yri': 15138.66989060828, 'N_ooa': 30852.95539659424, 'N_ceu': 14395.909948130913, 'N_chb': 25553.098599316716, 'gr_ceu': 0.20735146158381534, 'gr_chb': 0.015273264893156932}
Generation  12  Likelihood = -264391.616787
{'t1': 10.663166489296673, 't2': 56.650143388517606, 't3': -3397.313579708361, 'N_anc': 39780.08188252179, 'N_yri': 15138.66989060828, 'N_ooa': 30852.95539659424, 'N_ceu': 14395.909948130913, 'N_chb': 25553.098599316716, 'gr_ceu': 0.20735146158381534, 'gr_chb': 0.015273264893156932}
Generation  13  Likelihood = -264362.409512
{'t1': 3.1867506421470617, 't2': 32.54837796982235, 't3': -4914.261083617232, 'N_anc': 41660.82510333025, 'N_yri': 25834.328645498394, 'N_ooa': 38289.255396362445, 'N_ceu': 19613.82788095863, 'N_chb': 26021.527321658417, 'gr_ceu': 0.0025952630425393752, 'gr_chb': 0.1559520225482311}
Generation  14  Likelihood = -264326.418524
{'t1': 8.459708359065441, 't2': 15.7377033443041, 't3': -5336.341088226082, 'N_anc': 40340.66162207973, 'N_yri': 25262.515166747267, 'N_ooa': 31454.411905101675, 'N_ceu': 19418.71916321137, 'N_chb': 23117.822545378254, 'gr_ceu': 0.20117525081894455, 'gr_chb': -0.19952741697880927}
Generation  15  Likelihood = -264326.418524
{'t1': 8.459708359065441, 't2': 15.7377033443041, 't3': -5336.341088226082, 'N_anc': 40340.66162207973, 'N_yri': 25262.515166747267, 'N_ooa': 31454.411905101675, 'N_ceu': 19418.71916321137, 'N_chb': 23117.822545378254, 'gr_ceu': 0.20117525081894455, 'gr_chb': -0.19952741697880927}
Generation  16  Likelihood = -264326.418524
{'t1': 8.459708359065441, 't2': 15.7377033443041, 't3': -5336.341088226082, 'N_anc': 40340.66162207973, 'N_yri': 25262.515166747267, 'N_ooa': 31454.411905101675, 'N_ceu': 19418.71916321137, 'N_chb': 23117.822545378254, 'gr_ceu': 0.20117525081894455, 'gr_chb': -0.19952741697880927}
Generation  17  Likelihood = -264326.418524
{'t1': 8.459708359065441, 't2': 15.7377033443041, 't3': -5336.341088226082, 'N_anc': 40340.66162207973, 'N_yri': 25262.515166747267, 'N_ooa': 31454.411905101675, 'N_ceu': 19418.71916321137, 'N_chb': 23117.822545378254, 'gr_ceu': 0.20117525081894455, 'gr_chb': -0.19952741697880927}
Generation  18  Likelihood = -264326.418524
{'t1': 8.459708359065441, 't2': 15.7377033443041, 't3': -5336.341088226082, 'N_anc': 40340.66162207973, 'N_yri': 25262.515166747267, 'N_ooa': 31454.411905101675, 'N_ceu': 19418.71916321137, 'N_chb': 23117.822545378254, 'gr_ceu': 0.20117525081894455, 'gr_chb': -0.19952741697880927}
Generation  19  Likelihood = -264326.418524
{'t1': 8.459708359065441, 't2': 15.7377033443041, 't3': -5336.341088226082, 'N_anc': 40340.66162207973, 'N_yri': 25262.515166747267, 'N_ooa': 31454.411905101675, 'N_ceu': 19418.71916321137, 'N_chb': 23117.822545378254, 'gr_ceu': 0.20117525081894455, 'gr_chb': -0.19952741697880927}
2026-10-02 22:43:41,509 - INFO - Finished fitting ARG.
2026-10-02 22:43:41,510 - INFO - Finished in 1h 52m 6.1s
2026-10-02 22:43:41,510 - INFO - Estimated: {'t1': 7.088615893245272, 't2': 26.515778126577455, 't3': -6211.217098268591, 'N_anc': 37949.284339018304, 'N_yri': 26335.450974235948, 'N_ooa': 31579.141084295392, 'N_ceu': 20763.255847496956, 'N_chb': 26438.96973886898, 'gr_ceu': -0.21944482878392077, 'gr_chb': 0.01997914866689919}
2026-10-02 22:43:41,510 - INFO - logp = -264308.74251365964  (true = -288253.26244509406)
2026-10-02 22:43:41,510 - INFO - Pipeline executed succesfully.
Generation  20  Likelihood = -264308.742514
{'t1': 7.088615893245272, 't2': 26.515778126577455, 't3': -6211.217098268591, 'N_anc': 37949.284339018304, 'N_yri': 26335.450974235948, 'N_ooa': 31579.141084295392, 'N_ceu': 20763.255847496956, 'N_chb': 26438.96973886898, 'gr_ceu': -0.21944482878392077, 'gr_chb': 0.01997914866689919}

Final normalized parameters:
{'t1': 0.14466563047439332, 't2': 0.29461975696197173, 't3': -0.6242429244491047, 'N_anc': 0.7589856867803662, 'N_yri': 0.5267090194847189, 'N_ooa': 0.6315828216859078, 'N_ceu': 0.4152651169499391, 'N_chb': 0.5287793947773796, 'gr_ceu': -0.21944482878392077, 'gr_chb': 0.01997914866689919}

Final demographic parameters:
{'t1': 7.088615893245272, 't2': 26.515778126577455, 't3': -6211.217098268591, 'N_anc': 37949.284339018304, 'N_yri': 26335.450974235948, 'N_ooa': 31579.141084295392, 'N_ceu': 20763.255847496956, 'N_chb': 26438.96973886898, 'gr_ceu': -0.21944482878392077, 'gr_chb': 0.01997914866689919}

Final likelihood = -264308.742514
