2026-09-28 13:29:52,096 - INFO - Beginning execution of simulate_and_fit_ARG.py in directory /home1/mahj/glike_optimize/opt_scripts

2026-09-28 13:29:52,096 - INFO - Progress is being logged to ../opt_results_CMA_ES_3G09_no_m1_kappa_50000/ntree_10_rep_10_simulate_ARG.log

2026-09-28 13:29:52,096 - INFO - Parsed the following arguments:
	N_SAMPLES = 1000.0
	SEQUENCE_LENGTH = 30000000.0
	RECOMBINATION_RATE = 1e-08
	SEED = 1
	NUM_TREES = 10
	OPTIMIZER = CMA_ES
	MODEL = 3G09_no_m
	KAPPA = 50000
	outprefix = ../opt_results_CMA_ES_3G09_no_m1_kappa_50000/ntree_10_rep_10

2026-09-28 13:29:52,137 - INFO - Sampling 1000 individuals with ploidy 1 in population 0 (name='admix') at time 0
2026-09-28 13:29:52,140 - INFO - Starting replicate 0
2026-09-28 13:29:52,140 - INFO - model[0] {'name': 'hudson'} started at time=0 nodes=1000 edges=0
2026-09-28 13:29:52,140 - INFO - Running model {'name': 'hudson'} until max time: inf
2026-09-28 13:29:52,926 - INFO - Completed at time=24250.7 nodes=39508 edges=264883
2026-09-28 13:29:53,966 - INFO - Finished simulating ARG.
[phase from 0.0 to 19.0]
        admix
ns   0.000006
grs  0.078000

[phase from 19.0 to 411.0]
       afr    eur   asia    pol
admix  0.0  0.198  0.334  0.468
        afr       eur     asia       pol
ns   0.0001  0.000075  0.00004  0.000064
grs  0.0000  0.000000  0.00000  0.000000

[phase from 411.0 to 1040.0]
      afr  eur  asia
afr     1    0     0
eur     0    1     0
asia    0    0     1
pol     0    0     1
        afr       eur     asia
ns   0.0001  0.000075  0.00037
grs  0.0000  0.000000  0.00000

[phase from 1040.0 to 2004.0]
      afr  eur
afr     1    0
eur     0    1
asia    0    1
        afr       eur
ns   0.0001  0.000405
grs  0.0000  0.000000

[phase from 2004.0 to inf]
     A
afr  1
eur  1
            A
ns   0.000375
grs  0.000000

2026-09-28 13:30:10,774 - INFO - Starting glike optimization.

Initial parameters:
{'t1': 10, 't2': 50, 't3': 100, 'N_anc': 10000, 'N_yri': 10000, 'N_ooa': 10000, 'N_ceu': 10000, 'N_chb': 10000, 'gr_ceu': 0.1, 'gr_chb': 0.1}

Encoded parameters:
{'t1': 10, 't2': 50, 't3': 100, 'N_anc': 10000, 'N_yri': 10000, 'N_ooa': 10000, 'N_ceu': 10000, 'N_chb': 10000, 'gr_ceu': 0.1, 'gr_chb': 0.1}

Normalized CMA-ES parameters:
{'t1': 0.20408163265306123, 't2': 0.5555555555555556, 't3': 0.010050251256281407, 'N_anc': 0.2, 'N_yri': 0.2, 'N_ooa': 0.2, 'N_ceu': 0.2, 'N_chb': 0.2, 'gr_ceu': 0.1, 'gr_chb': 0.1}

CMA-ES parameter scales:
  t1: 49.0
  t2: 90.0
  t3: 9950.0
  N_anc: 50000.0
  N_yri: 50000.0
  N_ooa: 50000.0
  N_ceu: 50000.0
  N_chb: 50000.0
  gr_ceu: 1.0
  gr_chb: 1.0

-118351.38758245934
Generation   1  Likelihood = -113980.275131
{'t1': 9.414151770104633, 't2': 52.85714802110025, 't3': 736.7136236387513, 'N_anc': 8447.827283555087, 'N_yri': 11513.55158953054, 'N_ooa': 12153.357924896167, 'N_ceu': 11976.313124859862, 'N_chb': 11963.115157260978, 'gr_ceu': 0.2339287063749601, 'gr_chb': 0.14766980824403747}
Generation   2  Likelihood = -109881.817486
{'t1': 12.192138537894031, 't2': 54.742443116101214, 't3': 1029.7668777133974, 'N_anc': 6611.978545405313, 'N_yri': 7900.575675323268, 'N_ooa': 16371.915286427185, 'N_ceu': 12744.98185369471, 'N_chb': 12837.010943403768, 'gr_ceu': 0.1781456290917973, 'gr_chb': 0.06331198525326238}
Generation   3  Likelihood = -108180.663257
{'t1': 12.4162603995509, 't2': 57.63276568148143, 't3': 965.4707737470562, 'N_anc': 6070.81469860917, 'N_yri': 12094.808013823807, 'N_ooa': 18635.17785001983, 'N_ceu': 9051.635504989756, 'N_chb': 9566.770077433988, 'gr_ceu': 0.13697228208099008, 'gr_chb': 0.07516951621765197}
Generation   4  Likelihood = -106353.778630
{'t1': 11.4392776248949, 't2': 60.33949364481861, 't3': 1405.1373334252423, 'N_anc': 1716.7596892883726, 'N_yri': 12718.256751521772, 'N_ooa': 25810.663828530545, 'N_ceu': 9572.121731732037, 'N_chb': 13886.315709879424, 'gr_ceu': 0.17106181897870937, 'gr_chb': 0.0952684734650403}
2026-09-28 15:11:35,249 - INFO - Finished fitting ARG.
2026-09-28 15:11:35,250 - INFO - Finished in 1h 41m 24.5s
2026-09-28 15:11:35,250 - INFO - Estimated: {'t1': 12.459564956934186, 't2': 59.64080933373843, 't3': 1379.3161295312862, 'N_anc': 5216.152341684681, 'N_yri': 14478.771906820064, 'N_ooa': 27207.59816251441, 'N_ceu': 8055.32719607657, 'N_chb': 14157.18167954056, 'gr_ceu': 0.18365359447025917, 'gr_chb': 0.09057423281558435}
2026-09-28 15:11:35,250 - INFO - logp = -106122.39640479407  (true = -115503.25178945492)
2026-09-28 15:11:35,250 - INFO - Pipeline executed succesfully.
Generation   5  Likelihood = -106122.396405
{'t1': 12.459564956934186, 't2': 59.64080933373843, 't3': 1379.3161295312862, 'N_anc': 5216.152341684681, 'N_yri': 14478.771906820064, 'N_ooa': 27207.59816251441, 'N_ceu': 8055.32719607657, 'N_chb': 14157.18167954056, 'gr_ceu': 0.18365359447025917, 'gr_chb': 0.09057423281558435}

Final normalized parameters:
{'t1': 0.2542768358557997, 't2': 0.6626756592637604, 't3': 0.13862473663631017, 'N_anc': 0.10432304683369363, 'N_yri': 0.2895754381364013, 'N_ooa': 0.5441519632502881, 'N_ceu': 0.1611065439215314, 'N_chb': 0.2831436335908112, 'gr_ceu': 0.18365359447025917, 'gr_chb': 0.09057423281558435}

Final demographic parameters:
{'t1': 12.459564956934186, 't2': 59.64080933373843, 't3': 1379.3161295312862, 'N_anc': 5216.152341684681, 'N_yri': 14478.771906820064, 'N_ooa': 27207.59816251441, 'N_ceu': 8055.32719607657, 'N_chb': 14157.18167954056, 'gr_ceu': 0.18365359447025917, 'gr_chb': 0.09057423281558435}

Final likelihood = -106122.396405
