2026-09-24 11:17:19,755 - INFO - Beginning execution of simulate_and_fit_ARG.py in directory /home1/mahj/glike_optimize/opt_scripts

2026-09-24 11:17:19,755 - INFO - Progress is being logged to ../opt_results_CMA_ES_3G09_no_m1_kappa_10000/ntree_10_rep_4_simulate_ARG.log

2026-09-24 11:17:19,755 - INFO - Parsed the following arguments:
	N_SAMPLES = 1000.0
	SEQUENCE_LENGTH = 30000000.0
	RECOMBINATION_RATE = 1e-08
	SEED = 1
	NUM_TREES = 10
	OPTIMIZER = CMA_ES
	MODEL = 3G09_no_m
	KAPPA = 10000
	outprefix = ../opt_results_CMA_ES_3G09_no_m1_kappa_10000/ntree_10_rep_4

2026-09-24 11:17:19,814 - INFO - Sampling 1000 individuals with ploidy 1 in population 0 (name='admix') at time 0
2026-09-24 11:17:19,826 - INFO - Starting replicate 0
2026-09-24 11:17:19,827 - INFO - model[0] {'name': 'hudson'} started at time=0 nodes=1000 edges=0
2026-09-24 11:17:19,827 - INFO - Running model {'name': 'hudson'} until max time: inf
2026-09-24 11:17:20,811 - INFO - Completed at time=24250.7 nodes=39508 edges=264883
2026-09-24 11:17:22,013 - INFO - Finished simulating ARG.
[phase from 0.0 to 19.0]
        admix
ns   0.000006
grs  0.078000

[phase from 19.0 to 411.0]
       afr    eur   asia    pol
admix  0.0  0.198  0.334  0.468
        afr       eur     asia       pol
ns   0.0001  0.000075  0.00004  0.000064
grs  0.0000  0.000000  0.00000  0.000000

[phase from 411.0 to 1040.0]
      afr  eur  asia
afr     1    0     0
eur     0    1     0
asia    0    0     1
pol     0    0     1
        afr       eur     asia
ns   0.0001  0.000075  0.00037
grs  0.0000  0.000000  0.00000

[phase from 1040.0 to 2004.0]
      afr  eur
afr     1    0
eur     0    1
asia    0    1
        afr       eur
ns   0.0001  0.000405
grs  0.0000  0.000000

[phase from 2004.0 to inf]
     A
afr  1
eur  1
            A
ns   0.000375
grs  0.000000

2026-09-24 11:17:44,044 - INFO - Starting glike optimization.

Initial parameters:
{'t1': 10, 't2': 50, 't3': 100, 'N_anc': 10000, 'N_yri': 10000, 'N_ooa': 10000, 'N_ceu': 10000, 'N_chb': 10000, 'gr_ceu': 0.1, 'gr_chb': 0.1}

Encoded parameters:
{'t1': 10, 't2': 50, 't3': 100, 'N_anc': 10000, 'N_yri': 10000, 'N_ooa': 10000, 'N_ceu': 10000, 'N_chb': 10000, 'gr_ceu': 0.1, 'gr_chb': 0.1}

Normalized CMA-ES parameters:
{'t1': 0.20408163265306123, 't2': 0.5555555555555556, 't3': 0.010050251256281407, 'N_anc': 0.2, 'N_yri': 0.2, 'N_ooa': 0.2, 'N_ceu': 0.2, 'N_chb': 0.2, 'gr_ceu': 0.1, 'gr_chb': 0.1}

CMA-ES parameter scales:
  t1: 49.0
  t2: 90.0
  t3: 9950.0
  N_anc: 50000.0
  N_yri: 50000.0
  N_ooa: 50000.0
  N_ceu: 50000.0
  N_chb: 50000.0
  gr_ceu: 1.0
  gr_chb: 1.0

-118394.94294992823
Generation   1  Likelihood = -114599.346812
{'t1': 12.774288155459043, 't2': 49.381827665753555, 't3': -50.27554635898274, 'N_anc': 12068.600015127678, 'N_yri': 10231.531453039897, 'N_ooa': 10555.94410535908, 'N_ceu': 13099.868771441847, 'N_chb': 11425.405133768134, 'gr_ceu': 0.10747809798793087, 'gr_chb': 0.13659203662108882}
Generation   2  Likelihood = -112958.777502
{'t1': 14.818287193311399, 't2': 44.50868885364708, 't3': -286.5808144868558, 'N_anc': 13112.758288269191, 'N_yri': 10829.499059580203, 'N_ooa': 13325.464380296151, 'N_ceu': 9795.01787057962, 'N_chb': 11229.33725101047, 'gr_ceu': 0.11449881015502496, 'gr_chb': 0.15139093265249515}
Generation   3  Likelihood = -111488.159893
{'t1': 13.754849968078702, 't2': 49.49952710569805, 't3': -671.1039256475071, 'N_anc': 15208.916000778625, 'N_yri': 8693.559227339503, 'N_ooa': 11624.68863480277, 'N_ceu': 10946.424925825095, 'N_chb': 11363.172912467582, 'gr_ceu': 0.11157096838954703, 'gr_chb': 0.14826599184137879}
Generation   4  Likelihood = -109637.158839
{'t1': 18.068000077292645, 't2': 59.03331192379562, 't3': -321.9894510832288, 'N_anc': 18368.491652721124, 'N_yri': 10656.530423124248, 'N_ooa': 12075.331245130494, 'N_ceu': 7544.35876371197, 'N_chb': 11335.365917534778, 'gr_ceu': 0.2823544849169166, 'gr_chb': 0.25543233265294707}
2026-09-24 11:46:02,108 - INFO - Finished fitting ARG.
2026-09-24 11:46:02,109 - INFO - Finished in 0h 28m 18.1s
2026-09-24 11:46:02,109 - INFO - Estimated: {'t1': 15.821613367832514, 't2': 52.69103009477931, 't3': -566.8011324557502, 'N_anc': 18933.815315087206, 'N_yri': 9086.588871256674, 'N_ooa': 14105.569082397022, 'N_ceu': 13598.729388128902, 'N_chb': 15795.100655245498, 'gr_ceu': 0.26601287078143665, 'gr_chb': 0.1754439666651125}
2026-09-24 11:46:02,109 - INFO - logp = -109199.80066571303  (true = -115484.46272643228)
2026-09-24 11:46:02,110 - INFO - Pipeline executed succesfully.
Generation   5  Likelihood = -109199.800666
{'t1': 15.821613367832514, 't2': 52.69103009477931, 't3': -566.8011324557502, 'N_anc': 18933.815315087206, 'N_yri': 9086.588871256674, 'N_ooa': 14105.569082397022, 'N_ceu': 13598.729388128902, 'N_chb': 15795.100655245498, 'gr_ceu': 0.26601287078143665, 'gr_chb': 0.1754439666651125}

Final normalized parameters:
{'t1': 0.3228900687312758, 't2': 0.5854558899419923, 't3': -0.05696493793525128, 'N_anc': 0.3786763063017441, 'N_yri': 0.1817317774251335, 'N_ooa': 0.2821113816479404, 'N_ceu': 0.27197458776257805, 'N_chb': 0.31590201310490995, 'gr_ceu': 0.26601287078143665, 'gr_chb': 0.1754439666651125}

Final demographic parameters:
{'t1': 15.821613367832514, 't2': 52.69103009477931, 't3': -566.8011324557502, 'N_anc': 18933.815315087206, 'N_yri': 9086.588871256674, 'N_ooa': 14105.569082397022, 'N_ceu': 13598.729388128902, 'N_chb': 15795.100655245498, 'gr_ceu': 0.26601287078143665, 'gr_chb': 0.1754439666651125}

Final likelihood = -109199.800666
