2026-10-02 20:28:46,658 - INFO - Beginning execution of simulate_and_fit_ARG.py in directory /home1/mahj/glike_optimize/opt_scripts

2026-10-02 20:28:46,658 - INFO - Progress is being logged to ../opt_results_CMA_ES_3G09_no_m1_kappa_10000/ntree_25_rep_7_simulate_ARG.log

2026-10-02 20:28:46,658 - INFO - Parsed the following arguments:
	N_SAMPLES = 1000.0
	SEQUENCE_LENGTH = 30000000.0
	RECOMBINATION_RATE = 1e-08
	SEED = 1
	NUM_TREES = 25
	OPTIMIZER = CMA_ES
	MODEL = 3G09_no_m
	KAPPA = 10000
	outprefix = ../opt_results_CMA_ES_3G09_no_m1_kappa_10000/ntree_25_rep_7

2026-10-02 20:28:46,689 - INFO - Sampling 1000 individuals with ploidy 1 in population 0 (name='admix') at time 0
2026-10-02 20:28:46,699 - INFO - Starting replicate 0
2026-10-02 20:28:46,699 - INFO - model[0] {'name': 'hudson'} started at time=0 nodes=1000 edges=0
2026-10-02 20:28:46,699 - INFO - Running model {'name': 'hudson'} until max time: inf
2026-10-02 20:28:47,410 - INFO - Completed at time=24250.7 nodes=39508 edges=264883
2026-10-02 20:28:49,837 - INFO - Finished simulating ARG.
[phase from 0.0 to 19.0]
        admix
ns   0.000006
grs  0.078000

[phase from 19.0 to 411.0]
       afr    eur   asia    pol
admix  0.0  0.198  0.334  0.468
        afr       eur     asia       pol
ns   0.0001  0.000075  0.00004  0.000064
grs  0.0000  0.000000  0.00000  0.000000

[phase from 411.0 to 1040.0]
      afr  eur  asia
afr     1    0     0
eur     0    1     0
asia    0    0     1
pol     0    0     1
        afr       eur     asia
ns   0.0001  0.000075  0.00037
grs  0.0000  0.000000  0.00000

[phase from 1040.0 to 2004.0]
      afr  eur
afr     1    0
eur     0    1
asia    0    1
        afr       eur
ns   0.0001  0.000405
grs  0.0000  0.000000

[phase from 2004.0 to inf]
     A
afr  1
eur  1
            A
ns   0.000375
grs  0.000000

2026-10-02 20:29:12,659 - INFO - Log likelihood of simulation parameters: -288307.6039536629.
2026-10-02 20:29:12,659 - INFO - Starting glike optimization.

Initial parameters:
{'t1': 10, 't2': 50, 't3': 100, 'N_anc': 10000, 'N_yri': 10000, 'N_ooa': 10000, 'N_ceu': 10000, 'N_chb': 10000, 'gr_ceu': 0.1, 'gr_chb': 0.1}

Encoded parameters:
{'t1': 10, 't2': 50, 't3': 100, 'N_anc': 10000, 'N_yri': 10000, 'N_ooa': 10000, 'N_ceu': 10000, 'N_chb': 10000, 'gr_ceu': 0.1, 'gr_chb': 0.1}

Normalized CMA-ES parameters:
{'t1': 0.20408163265306123, 't2': 0.5555555555555556, 't3': 0.010050251256281407, 'N_anc': 0.2, 'N_yri': 0.2, 'N_ooa': 0.2, 'N_ceu': 0.2, 'N_chb': 0.2, 'gr_ceu': 0.1, 'gr_chb': 0.1}

CMA-ES parameter scales:
  t1: 49.0
  t2: 90.0
  t3: 9950.0
  N_anc: 50000.0
  N_yri: 50000.0
  N_ooa: 50000.0
  N_ceu: 50000.0
  N_chb: 50000.0
  gr_ceu: 1.0
  gr_chb: 1.0

-295746.73340259667
Generation   1  Likelihood = -280708.172777
{'t1': 11.803267104652267, 't2': 56.54299351243903, 't3': -162.76308169382932, 'N_anc': 13648.995725266283, 'N_yri': 7665.217780339367, 'N_ooa': 13987.179208196216, 'N_ceu': 9834.34890707263, 'N_chb': 12776.605964456176, 'gr_ceu': 0.10077963526386326, 'gr_chb': 0.10018639216686065}
Generation   2  Likelihood = -272760.899151
{'t1': 11.507574388135433, 't2': 66.54446133738477, 't3': 428.04808969205595, 'N_anc': 17295.07140480438, 'N_yri': 8227.707789589047, 'N_ooa': 17483.300494524916, 'N_ceu': 10332.339509653157, 'N_chb': 12325.965346319928, 'gr_ceu': 0.16359684480714864, 'gr_chb': 0.18632167117572426}
Generation   3  Likelihood = -270399.661964
{'t1': 13.242024773337592, 't2': 72.14902146612111, 't3': -635.0860329346601, 'N_anc': 20069.13416326358, 'N_yri': 8932.895574635988, 'N_ooa': 16480.999109838205, 'N_ceu': 14586.172676914572, 'N_chb': 13363.36242796987, 'gr_ceu': 0.11708682140350099, 'gr_chb': 0.17075752255472276}
Generation   4  Likelihood = -267144.658721
{'t1': 12.61811405424229, 't2': 75.66238754039975, 't3': -292.3409930381878, 'N_anc': 24755.034453508528, 'N_yri': 9027.085074344077, 'N_ooa': 21053.27666550217, 'N_ceu': 12856.500995869183, 'N_chb': 16643.200878647913, 'gr_ceu': 0.08701243818238832, 'gr_chb': 0.11273571502163529}
Generation   5  Likelihood = -265412.472990
{'t1': 15.605301473041344, 't2': 81.71353259884535, 't3': -594.5837684950001, 'N_anc': 32998.97068320395, 'N_yri': 9809.045710662505, 'N_ooa': 23899.77336948461, 'N_ceu': 14706.274251561526, 'N_chb': 9800.99429730943, 'gr_ceu': 0.1612935265377351, 'gr_chb': 0.1139912968927724}
Generation   6  Likelihood = -265055.581062
{'t1': 2.0857732204450583, 't2': 75.84967857810547, 't3': -1201.01812388698, 'N_anc': 38493.23783012636, 'N_yri': 11870.074772027318, 'N_ooa': 30989.71334684676, 'N_ceu': 15670.247007473572, 'N_chb': 18186.26827455468, 'gr_ceu': 0.07398991237857463, 'gr_chb': 0.25290254745112767}
Generation   7  Likelihood = -264789.040256
{'t1': 15.170544715826473, 't2': 83.97586519689773, 't3': -2163.072888260501, 'N_anc': 33495.04548608136, 'N_yri': 15251.676907636902, 'N_ooa': 36745.073674220286, 'N_ceu': 9366.628255856387, 'N_chb': 22152.430809402846, 'gr_ceu': 0.2574750783451601, 'gr_chb': 0.09190127344078426}
Generation   8  Likelihood = -264579.200340
{'t1': 9.590099927139816, 't2': 95.17904137812087, 't3': -3027.575158395578, 'N_anc': 39540.44561565547, 'N_yri': 18120.349146882014, 'N_ooa': 37279.69986652551, 'N_ceu': 22385.131624919115, 'N_chb': 30250.47374300482, 'gr_ceu': 0.01299996710677545, 'gr_chb': 0.26271563940591675}
Generation   9  Likelihood = -264573.741147
{'t1': 14.220224175107932, 't2': 87.61319035009376, 't3': -3151.081194499357, 'N_anc': 44970.313872525425, 'N_yri': 16806.324090834707, 'N_ooa': 31345.223938561583, 'N_ceu': 25314.61994572471, 'N_chb': 31255.87236129394, 'gr_ceu': -0.13674500124688022, 'gr_chb': 0.09353386509826579}
Generation  10  Likelihood = -264408.385913
{'t1': 12.23510539558581, 't2': 68.67115936491308, 't3': -3739.2869666307156, 'N_anc': 32665.23389493744, 'N_yri': 19369.01191949741, 'N_ooa': 29989.81688286026, 'N_ceu': 13911.176249501053, 'N_chb': 43858.79228631556, 'gr_ceu': -0.2490512108469486, 'gr_chb': 0.09957012573947742}
Generation  11  Likelihood = -264408.385913
{'t1': 12.23510539558581, 't2': 68.67115936491308, 't3': -3739.2869666307156, 'N_anc': 32665.23389493744, 'N_yri': 19369.01191949741, 'N_ooa': 29989.81688286026, 'N_ceu': 13911.176249501053, 'N_chb': 43858.79228631556, 'gr_ceu': -0.2490512108469486, 'gr_chb': 0.09957012573947742}
Generation  12  Likelihood = -264408.385913
{'t1': 12.23510539558581, 't2': 68.67115936491308, 't3': -3739.2869666307156, 'N_anc': 32665.23389493744, 'N_yri': 19369.01191949741, 'N_ooa': 29989.81688286026, 'N_ceu': 13911.176249501053, 'N_chb': 43858.79228631556, 'gr_ceu': -0.2490512108469486, 'gr_chb': 0.09957012573947742}
Generation  13  Likelihood = -264230.604486
{'t1': 12.316496746426049, 't2': 35.81978422902791, 't3': -7368.605948860962, 'N_anc': 39240.98643134385, 'N_yri': 29632.382458193828, 'N_ooa': 30730.111867961292, 'N_ceu': 27128.76693234805, 'N_chb': 55321.24061635901, 'gr_ceu': -0.1546599229020295, 'gr_chb': -0.24847722058689176}
Generation  14  Likelihood = -264230.604486
{'t1': 12.316496746426049, 't2': 35.81978422902791, 't3': -7368.605948860962, 'N_anc': 39240.98643134385, 'N_yri': 29632.382458193828, 'N_ooa': 30730.111867961292, 'N_ceu': 27128.76693234805, 'N_chb': 55321.24061635901, 'gr_ceu': -0.1546599229020295, 'gr_chb': -0.24847722058689176}
Generation  15  Likelihood = -264230.604486
{'t1': 12.316496746426049, 't2': 35.81978422902791, 't3': -7368.605948860962, 'N_anc': 39240.98643134385, 'N_yri': 29632.382458193828, 'N_ooa': 30730.111867961292, 'N_ceu': 27128.76693234805, 'N_chb': 55321.24061635901, 'gr_ceu': -0.1546599229020295, 'gr_chb': -0.24847722058689176}
Generation  16  Likelihood = -264230.604486
{'t1': 12.316496746426049, 't2': 35.81978422902791, 't3': -7368.605948860962, 'N_anc': 39240.98643134385, 'N_yri': 29632.382458193828, 'N_ooa': 30730.111867961292, 'N_ceu': 27128.76693234805, 'N_chb': 55321.24061635901, 'gr_ceu': -0.1546599229020295, 'gr_chb': -0.24847722058689176}
Generation  17  Likelihood = -264230.604486
{'t1': 12.316496746426049, 't2': 35.81978422902791, 't3': -7368.605948860962, 'N_anc': 39240.98643134385, 'N_yri': 29632.382458193828, 'N_ooa': 30730.111867961292, 'N_ceu': 27128.76693234805, 'N_chb': 55321.24061635901, 'gr_ceu': -0.1546599229020295, 'gr_chb': -0.24847722058689176}
Generation  18  Likelihood = -264230.604486
{'t1': 12.316496746426049, 't2': 35.81978422902791, 't3': -7368.605948860962, 'N_anc': 39240.98643134385, 'N_yri': 29632.382458193828, 'N_ooa': 30730.111867961292, 'N_ceu': 27128.76693234805, 'N_chb': 55321.24061635901, 'gr_ceu': -0.1546599229020295, 'gr_chb': -0.24847722058689176}
Generation  19  Likelihood = -264230.604486
{'t1': 12.316496746426049, 't2': 35.81978422902791, 't3': -7368.605948860962, 'N_anc': 39240.98643134385, 'N_yri': 29632.382458193828, 'N_ooa': 30730.111867961292, 'N_ceu': 27128.76693234805, 'N_chb': 55321.24061635901, 'gr_ceu': -0.1546599229020295, 'gr_chb': -0.24847722058689176}
2026-10-02 22:19:26,401 - INFO - Finished fitting ARG.
2026-10-02 22:19:26,401 - INFO - Finished in 1h 50m 13.7s
2026-10-02 22:19:26,401 - INFO - Estimated: {'t1': 12.316496746426049, 't2': 35.81978422902791, 't3': -7368.605948860962, 'N_anc': 39240.98643134385, 'N_yri': 29632.382458193828, 'N_ooa': 30730.111867961292, 'N_ceu': 27128.76693234805, 'N_chb': 55321.24061635901, 'gr_ceu': -0.1546599229020295, 'gr_chb': -0.24847722058689176}
2026-10-02 22:19:26,401 - INFO - logp = -264230.6044859032  (true = -288307.6039536629)
2026-10-02 22:19:26,401 - INFO - Pipeline executed succesfully.
Generation  20  Likelihood = -264230.604486
{'t1': 12.316496746426049, 't2': 35.81978422902791, 't3': -7368.605948860962, 'N_anc': 39240.98643134385, 'N_yri': 29632.382458193828, 'N_ooa': 30730.111867961292, 'N_ceu': 27128.76693234805, 'N_chb': 55321.24061635901, 'gr_ceu': -0.1546599229020295, 'gr_chb': -0.24847722058689176}

Final normalized parameters:
{'t1': 0.25135707645767447, 't2': 0.3979976025447546, 't3': -0.7405634119458253, 'N_anc': 0.784819728626877, 'N_yri': 0.5926476491638766, 'N_ooa': 0.6146022373592258, 'N_ceu': 0.5425753386469611, 'N_chb': 1.1064248123271803, 'gr_ceu': -0.1546599229020295, 'gr_chb': -0.24847722058689176}

Final demographic parameters:
{'t1': 12.316496746426049, 't2': 35.81978422902791, 't3': -7368.605948860962, 'N_anc': 39240.98643134385, 'N_yri': 29632.382458193828, 'N_ooa': 30730.111867961292, 'N_ceu': 27128.76693234805, 'N_chb': 55321.24061635901, 'gr_ceu': -0.1546599229020295, 'gr_chb': -0.24847722058689176}

Final likelihood = -264230.604486
