2026-09-23 10:56:31,810 - INFO - Beginning execution of simulate_and_fit_ARG.py in directory /home1/mahj/glike_optimize/opt_scripts

2026-09-23 10:56:31,810 - INFO - Progress is being logged to ../opt_results_CMA_ES_3G09_no_m1_low_kappa/ntree_10_rep_8_simulate_ARG.log

2026-09-23 10:56:31,810 - INFO - Parsed the following arguments:
	N_SAMPLES = 1000.0
	SEQUENCE_LENGTH = 30000000.0
	RECOMBINATION_RATE = 1e-08
	SEED = 1
	NUM_TREES = 10
	OPTIMIZER = CMA_ES
	MODEL = 3G09_no_m
	KAPPA = 5000
	outprefix = ../opt_results_CMA_ES_3G09_no_m1_low_kappa/ntree_10_rep_8

2026-09-23 10:56:31,849 - INFO - Sampling 1000 individuals with ploidy 1 in population 0 (name='admix') at time 0
2026-09-23 10:56:31,852 - INFO - Starting replicate 0
2026-09-23 10:56:31,853 - INFO - model[0] {'name': 'hudson'} started at time=0 nodes=1000 edges=0
2026-09-23 10:56:31,853 - INFO - Running model {'name': 'hudson'} until max time: inf
2026-09-23 10:56:32,661 - INFO - Completed at time=24250.7 nodes=39508 edges=264883
2026-09-23 10:56:33,703 - INFO - Finished simulating ARG.
[phase from 0.0 to 19.0]
        admix
ns   0.000006
grs  0.078000

[phase from 19.0 to 411.0]
       afr    eur   asia    pol
admix  0.0  0.198  0.334  0.468
        afr       eur     asia       pol
ns   0.0001  0.000075  0.00004  0.000064
grs  0.0000  0.000000  0.00000  0.000000

[phase from 411.0 to 1040.0]
      afr  eur  asia
afr     1    0     0
eur     0    1     0
asia    0    0     1
pol     0    0     1
        afr       eur     asia
ns   0.0001  0.000075  0.00037
grs  0.0000  0.000000  0.00000

[phase from 1040.0 to 2004.0]
      afr  eur
afr     1    0
eur     0    1
asia    0    1
        afr       eur
ns   0.0001  0.000405
grs  0.0000  0.000000

[phase from 2004.0 to inf]
     A
afr  1
eur  1
            A
ns   0.000375
grs  0.000000

2026-09-23 10:56:50,926 - INFO - Starting glike optimization.
-118350.65176800449
2026-09-23 11:07:07,502 - INFO - Finished fitting ARG.
2026-09-23 11:07:07,503 - INFO - Finished in 0h 10m 16.6s
2026-09-23 11:07:07,503 - INFO - Estimated: {'t1': 10.153888013423261, 't2': 50.08966980485187, 't3': 99.95629240428265, 'N_anc': 9999.994048937791, 'N_yri': 9999.998181308209, 'N_ooa': 10000.030044834224, 'N_ceu': 9999.978807945552, 'N_chb': 10000.011715100927, 'gr_ceu': 0.15654091417642058, 'gr_chb': 0.22495438011596522}
2026-09-23 11:07:07,503 - INFO - logp = -118297.69961851364  (true = -115586.13608258501)
2026-09-23 11:07:07,503 - INFO - Pipeline executed succesfully.
Generation   5  Likelihood = -118297.699619
{'t1': 10.153888013423261, 't2': 50.08966980485187, 't3': 99.95629240428265, 'N_anc': 9999.994048937791, 'N_yri': 9999.998181308209, 'N_ooa': 10000.030044834224, 'N_ceu': 9999.978807945552, 'N_chb': 10000.011715100927, 'gr_ceu': 0.15654091417642058, 'gr_chb': 0.22495438011596522}
