2026-09-03 10:09:17,478 - INFO - Beginning execution of simulate_and_fit_ARG.py in directory /home1/mahj/glike_optimize/opt_scripts

2026-09-03 10:09:17,479 - INFO - Progress is being logged to ../opt_results_CMA_ES_3G09_no_m1/ntree_10_rep_20_simulate_ARG.log

2026-09-03 10:09:17,479 - INFO - Parsed the following arguments:
	N_SAMPLES = 1000.0
	SEQUENCE_LENGTH = 30000000.0
	RECOMBINATION_RATE = 1e-08
	SEED = 1
	NUM_TREES = 10
	OPTIMIZER = CMA_ES
	MODEL = 3G09
	outprefix = ../opt_results_CMA_ES_3G09_no_m1/ntree_10_rep_20

2026-09-03 10:09:17,523 - INFO - Sampling 1000 individuals with ploidy 1 in population 1 (name='ceu') at time 0
2026-09-03 10:09:17,528 - INFO - Starting replicate 0
2026-09-03 10:09:17,529 - INFO - model[0] {'name': 'hudson'} started at time=0 nodes=1000 edges=0
2026-09-03 10:09:17,529 - INFO - Running model {'name': 'hudson'} until max time: inf
2026-09-03 10:09:18,790 - INFO - Completed at time=130012 nodes=28005 edges=152908
2026-09-03 10:09:19,508 - INFO - Finished simulating ARG.
[phase from 0.0 to 30.0]
        yri     ceu     nea
ns   0.0001  0.0001  0.0001
grs  0.0000  0.0000  0.0000

[phase from 30.0 to 50.0]
        yri     ceu     nea
ns   0.0001  0.0001  0.0001
grs  0.0000  0.0000  0.0000

[phase from 50.0 to 73.95]
        yri     ceu     nea
ns   0.0001  0.0001  0.0001
grs  0.0000  0.0000  0.0000

[phase from 73.95 to 290.0]
     yri  nea
yri    1    0
ceu    1    0
nea    0    1
        yri     nea
ns   0.0001  0.0001
grs  0.0000  0.0000

[phase from 290.0 to inf]
     yri
yri    1
nea    1
        yri
ns   0.0001
grs  0.0000

2026-09-03 10:09:53,360 - INFO - Starting glike optimization.
-94750.78769898589
2026-09-03 10:33:50,017 - INFO - Finished fitting ARG.
2026-09-03 10:33:50,018 - INFO - Finished in 0h 23m 56.7s
2026-09-03 10:33:50,018 - INFO - Estimated: {'N_yri': 10000.101538802668, 'N_ceu': 9999.915158774591, 'N_nea': 9999.941759568685, 'm1': 0.09250432124535488, 't1': 8.947394760807104, 't2': 43.23582772519889, 't3': 80.85229905823186, 't4': 298.9522718739023}
2026-09-03 10:33:50,019 - INFO - logp = -93661.50733216129  (true = -94793.0934775816)
2026-09-03 10:33:50,019 - INFO - Pipeline executed succesfully.
