2026-09-03 10:09:17,968 - INFO - Beginning execution of simulate_and_fit_ARG.py in directory /home1/mahj/glike_optimize/opt_scripts

2026-09-03 10:09:17,968 - INFO - Progress is being logged to ../opt_results_CMA_ES_3G09_no_m1/ntree_10_rep_4_simulate_ARG.log

2026-09-03 10:09:17,969 - INFO - Parsed the following arguments:
	N_SAMPLES = 1000.0
	SEQUENCE_LENGTH = 30000000.0
	RECOMBINATION_RATE = 1e-08
	SEED = 1
	NUM_TREES = 10
	OPTIMIZER = CMA_ES
	MODEL = 3G09
	outprefix = ../opt_results_CMA_ES_3G09_no_m1/ntree_10_rep_4

2026-09-03 10:09:17,993 - INFO - Sampling 1000 individuals with ploidy 1 in population 1 (name='ceu') at time 0
2026-09-03 10:09:17,997 - INFO - Starting replicate 0
2026-09-03 10:09:17,997 - INFO - model[0] {'name': 'hudson'} started at time=0 nodes=1000 edges=0
2026-09-03 10:09:17,997 - INFO - Running model {'name': 'hudson'} until max time: inf
2026-09-03 10:09:18,895 - INFO - Completed at time=130012 nodes=28005 edges=152908
2026-09-03 10:09:20,005 - INFO - Finished simulating ARG.
[phase from 0.0 to 30.0]
        yri     ceu     nea
ns   0.0001  0.0001  0.0001
grs  0.0000  0.0000  0.0000

[phase from 30.0 to 50.0]
        yri     ceu     nea
ns   0.0001  0.0001  0.0001
grs  0.0000  0.0000  0.0000

[phase from 50.0 to 73.95]
        yri     ceu     nea
ns   0.0001  0.0001  0.0001
grs  0.0000  0.0000  0.0000

[phase from 73.95 to 290.0]
     yri  nea
yri    1    0
ceu    1    0
nea    0    1
        yri     nea
ns   0.0001  0.0001
grs  0.0000  0.0000

[phase from 290.0 to inf]
     yri
yri    1
nea    1
        yri
ns   0.0001
grs  0.0000

2026-09-03 10:09:40,139 - INFO - Starting glike optimization.
-94750.72901501697
2026-09-03 10:22:57,681 - INFO - Finished fitting ARG.
2026-09-03 10:22:57,681 - INFO - Finished in 0h 13m 17.5s
2026-09-03 10:22:57,681 - INFO - Estimated: {'N_yri': 9999.873175608034, 'N_ceu': 9999.94068928888, 'N_nea': 9999.939466989325, 'm1': 0.0851243665687644, 't1': 10.176455424641002, 't2': 51.292757450258264, 't3': 93.8445585569711, 't4': 281.4992676349078}
2026-09-03 10:22:57,682 - INFO - logp = -93803.0895400352  (true = -94793.72966755583)
2026-09-03 10:22:57,682 - INFO - Pipeline executed succesfully.
