2026-09-24 11:17:20,016 - INFO - Beginning execution of simulate_and_fit_ARG.py in directory /home1/mahj/glike_optimize/opt_scripts

2026-09-24 11:17:20,016 - INFO - Progress is being logged to ../opt_results_CMA_ES_3G09_no_m1_kappa_10000/ntree_10_rep_6_simulate_ARG.log

2026-09-24 11:17:20,016 - INFO - Parsed the following arguments:
	N_SAMPLES = 1000.0
	SEQUENCE_LENGTH = 30000000.0
	RECOMBINATION_RATE = 1e-08
	SEED = 1
	NUM_TREES = 10
	OPTIMIZER = CMA_ES
	MODEL = 3G09_no_m
	KAPPA = 10000
	outprefix = ../opt_results_CMA_ES_3G09_no_m1_kappa_10000/ntree_10_rep_6

2026-09-24 11:17:20,074 - INFO - Sampling 1000 individuals with ploidy 1 in population 0 (name='admix') at time 0
2026-09-24 11:17:20,085 - INFO - Starting replicate 0
2026-09-24 11:17:20,086 - INFO - model[0] {'name': 'hudson'} started at time=0 nodes=1000 edges=0
2026-09-24 11:17:20,086 - INFO - Running model {'name': 'hudson'} until max time: inf
2026-09-24 11:17:21,070 - INFO - Completed at time=24250.7 nodes=39508 edges=264883
2026-09-24 11:17:22,271 - INFO - Finished simulating ARG.
[phase from 0.0 to 19.0]
        admix
ns   0.000006
grs  0.078000

[phase from 19.0 to 411.0]
       afr    eur   asia    pol
admix  0.0  0.198  0.334  0.468
        afr       eur     asia       pol
ns   0.0001  0.000075  0.00004  0.000064
grs  0.0000  0.000000  0.00000  0.000000

[phase from 411.0 to 1040.0]
      afr  eur  asia
afr     1    0     0
eur     0    1     0
asia    0    0     1
pol     0    0     1
        afr       eur     asia
ns   0.0001  0.000075  0.00037
grs  0.0000  0.000000  0.00000

[phase from 1040.0 to 2004.0]
      afr  eur
afr     1    0
eur     0    1
asia    0    1
        afr       eur
ns   0.0001  0.000405
grs  0.0000  0.000000

[phase from 2004.0 to inf]
     A
afr  1
eur  1
            A
ns   0.000375
grs  0.000000

2026-09-24 11:17:43,466 - INFO - Starting glike optimization.

Initial parameters:
{'t1': 10, 't2': 50, 't3': 100, 'N_anc': 10000, 'N_yri': 10000, 'N_ooa': 10000, 'N_ceu': 10000, 'N_chb': 10000, 'gr_ceu': 0.1, 'gr_chb': 0.1}

Encoded parameters:
{'t1': 10, 't2': 50, 't3': 100, 'N_anc': 10000, 'N_yri': 10000, 'N_ooa': 10000, 'N_ceu': 10000, 'N_chb': 10000, 'gr_ceu': 0.1, 'gr_chb': 0.1}

Normalized CMA-ES parameters:
{'t1': 0.20408163265306123, 't2': 0.5555555555555556, 't3': 0.010050251256281407, 'N_anc': 0.2, 'N_yri': 0.2, 'N_ooa': 0.2, 'N_ceu': 0.2, 'N_chb': 0.2, 'gr_ceu': 0.1, 'gr_chb': 0.1}

CMA-ES parameter scales:
  t1: 49.0
  t2: 90.0
  t3: 9950.0
  N_anc: 50000.0
  N_yri: 50000.0
  N_ooa: 50000.0
  N_ceu: 50000.0
  N_chb: 50000.0
  gr_ceu: 1.0
  gr_chb: 1.0

-118394.90819139831
Generation   1  Likelihood = -112580.179822
{'t1': 9.94834539242638, 't2': 48.370255626332906, 't3': 299.70431298994856, 'N_anc': 10259.11130914451, 'N_yri': 12566.533222413573, 'N_ooa': 13751.58070595512, 'N_ceu': 11614.193795568199, 'N_chb': 7014.723142264069, 'gr_ceu': 0.10034137500633239, 'gr_chb': 0.13962533100828722}
Generation   2  Likelihood = -110945.702665
{'t1': 10.624183483789295, 't2': 52.57352599055253, 't3': -547.5937162666195, 'N_anc': 15439.242970961344, 'N_yri': 9330.661690131477, 'N_ooa': 13680.644744227255, 'N_ceu': 15025.123459113707, 'N_chb': 12702.199887636218, 'gr_ceu': 0.0824571443653819, 'gr_chb': 0.17917721129042335}
Generation   3  Likelihood = -107672.097485
{'t1': 8.673614515943521, 't2': 48.54255967460874, 't3': 556.2468171794729, 'N_anc': 15571.477036014312, 'N_yri': 12303.997323230526, 'N_ooa': 20831.783070288246, 'N_ceu': 16506.236474944668, 'N_chb': 12035.614917856923, 'gr_ceu': 0.17019508311318304, 'gr_chb': 0.11123631873104073}
Generation   4  Likelihood = -107395.177912
{'t1': 9.330614923758567, 't2': 44.52421749037444, 't3': 377.00277946262247, 'N_anc': 16302.46228867262, 'N_yri': 12071.877765917086, 'N_ooa': 21453.464150531952, 'N_ceu': 19460.040187894738, 'N_chb': 8572.462533378222, 'gr_ceu': 0.21954615606418323, 'gr_chb': 0.0952206413459321}
2026-09-24 11:45:40,079 - INFO - Finished fitting ARG.
2026-09-24 11:45:40,080 - INFO - Finished in 0h 27m 56.6s
2026-09-24 11:45:40,080 - INFO - Estimated: {'t1': 6.675925823217005, 't2': 37.42675576078083, 't3': 1122.3646910136101, 'N_anc': 14333.455067644543, 'N_yri': 14244.421348079428, 'N_ooa': 26648.004832444218, 'N_ceu': 19504.138600770377, 'N_chb': 10473.169391509222, 'gr_ceu': 0.2334849299063647, 'gr_chb': 0.10588143014934676}
2026-09-24 11:45:40,080 - INFO - logp = -106446.69129081008  (true = -115518.70664747563)
2026-09-24 11:45:40,080 - INFO - Pipeline executed succesfully.
Generation   5  Likelihood = -106446.691291
{'t1': 6.675925823217005, 't2': 37.42675576078083, 't3': 1122.3646910136101, 'N_anc': 14333.455067644543, 'N_yri': 14244.421348079428, 'N_ooa': 26648.004832444218, 'N_ceu': 19504.138600770377, 'N_chb': 10473.169391509222, 'gr_ceu': 0.2334849299063647, 'gr_chb': 0.10588143014934676}

Final normalized parameters:
{'t1': 0.13624338414728582, 't2': 0.41585284178645365, 't3': 0.1128004714586543, 'N_anc': 0.28666910135289086, 'N_yri': 0.28488842696158856, 'N_ooa': 0.5329600966488843, 'N_ceu': 0.39008277201540753, 'N_chb': 0.20946338783018442, 'gr_ceu': 0.2334849299063647, 'gr_chb': 0.10588143014934676}

Final demographic parameters:
{'t1': 6.675925823217005, 't2': 37.42675576078083, 't3': 1122.3646910136101, 'N_anc': 14333.455067644543, 'N_yri': 14244.421348079428, 'N_ooa': 26648.004832444218, 'N_ceu': 19504.138600770377, 'N_chb': 10473.169391509222, 'gr_ceu': 0.2334849299063647, 'gr_chb': 0.10588143014934676}

Final likelihood = -106446.691291
