2026-09-28 08:47:00,981 - INFO - Beginning execution of simulate_and_fit_ARG.py in directory /home1/mahj/glike_optimize/opt_scripts

2026-09-28 08:47:00,981 - INFO - Progress is being logged to ../opt_results_CMA_ES_3G09_no_m1_kappa_25000/ntree_10_rep_3_simulate_ARG.log

2026-09-28 08:47:00,981 - INFO - Parsed the following arguments:
	N_SAMPLES = 1000.0
	SEQUENCE_LENGTH = 30000000.0
	RECOMBINATION_RATE = 1e-08
	SEED = 1
	NUM_TREES = 10
	OPTIMIZER = CMA_ES
	MODEL = 3G09_no_m
	KAPPA = 25000
	outprefix = ../opt_results_CMA_ES_3G09_no_m1_kappa_25000/ntree_10_rep_3

2026-09-28 08:47:01,040 - INFO - Sampling 1000 individuals with ploidy 1 in population 0 (name='admix') at time 0
2026-09-28 08:47:01,050 - INFO - Starting replicate 0
2026-09-28 08:47:01,051 - INFO - model[0] {'name': 'hudson'} started at time=0 nodes=1000 edges=0
2026-09-28 08:47:01,051 - INFO - Running model {'name': 'hudson'} until max time: inf
2026-09-28 08:47:02,024 - INFO - Completed at time=24250.7 nodes=39508 edges=264883
2026-09-28 08:47:03,237 - INFO - Finished simulating ARG.
[phase from 0.0 to 19.0]
        admix
ns   0.000006
grs  0.078000

[phase from 19.0 to 411.0]
       afr    eur   asia    pol
admix  0.0  0.198  0.334  0.468
        afr       eur     asia       pol
ns   0.0001  0.000075  0.00004  0.000064
grs  0.0000  0.000000  0.00000  0.000000

[phase from 411.0 to 1040.0]
      afr  eur  asia
afr     1    0     0
eur     0    1     0
asia    0    0     1
pol     0    0     1
        afr       eur     asia
ns   0.0001  0.000075  0.00037
grs  0.0000  0.000000  0.00000

[phase from 1040.0 to 2004.0]
      afr  eur
afr     1    0
eur     0    1
asia    0    1
        afr       eur
ns   0.0001  0.000405
grs  0.0000  0.000000

[phase from 2004.0 to inf]
     A
afr  1
eur  1
            A
ns   0.000375
grs  0.000000

2026-09-28 08:47:24,556 - INFO - Starting glike optimization.

Initial parameters:
{'t1': 10, 't2': 50, 't3': 100, 'N_anc': 10000, 'N_yri': 10000, 'N_ooa': 10000, 'N_ceu': 10000, 'N_chb': 10000, 'gr_ceu': 0.1, 'gr_chb': 0.1}

Encoded parameters:
{'t1': 10, 't2': 50, 't3': 100, 'N_anc': 10000, 'N_yri': 10000, 'N_ooa': 10000, 'N_ceu': 10000, 'N_chb': 10000, 'gr_ceu': 0.1, 'gr_chb': 0.1}

Normalized CMA-ES parameters:
{'t1': 0.20408163265306123, 't2': 0.5555555555555556, 't3': 0.010050251256281407, 'N_anc': 0.2, 'N_yri': 0.2, 'N_ooa': 0.2, 'N_ceu': 0.2, 'N_chb': 0.2, 'gr_ceu': 0.1, 'gr_chb': 0.1}

CMA-ES parameter scales:
  t1: 49.0
  t2: 90.0
  t3: 9950.0
  N_anc: 50000.0
  N_yri: 50000.0
  N_ooa: 50000.0
  N_ceu: 50000.0
  N_chb: 50000.0
  gr_ceu: 1.0
  gr_chb: 1.0

-118361.66779390613
Generation   1  Likelihood = -112795.609276
{'t1': 13.828429870399834, 't2': 52.83013864913998, 't3': 352.7442840320659, 'N_anc': 9227.11434005624, 'N_yri': 8969.8029247198, 'N_ooa': 13199.595364133023, 'N_ceu': 13758.233656323502, 'N_chb': 11040.954307166221, 'gr_ceu': 0.14357309001048568, 'gr_chb': 0.0963219889788876}
Generation   2  Likelihood = -112013.506557
{'t1': 15.69898144616017, 't2': 52.382163127179304, 't3': 142.82877707505475, 'N_anc': 14347.8231558127, 'N_yri': 10425.846206984472, 'N_ooa': 13270.25399976835, 'N_ceu': 11437.73492364851, 'N_chb': 11427.883572848588, 'gr_ceu': 0.13990131751643942, 'gr_chb': 0.1534217594260354}
Generation   3  Likelihood = -109114.836202
{'t1': 15.981170525031658, 't2': 51.60979781513179, 't3': 1084.4261978209672, 'N_anc': 12568.965510890792, 'N_yri': 7379.892514395636, 'N_ooa': 18133.08022011648, 'N_ceu': 14143.496330166996, 'N_chb': 9068.634679709075, 'gr_ceu': 0.0810331803117251, 'gr_chb': 0.1926786752987745}
Generation   4  Likelihood = -107209.438809
{'t1': 15.075099004088035, 't2': 53.492505029463494, 't3': 1282.5549241186886, 'N_anc': 14654.619281328718, 'N_yri': 8976.342237568973, 'N_ooa': 23019.380681152812, 'N_ceu': 17497.9261886147, 'N_chb': 11569.770728404827, 'gr_ceu': 0.0021564568192594946, 'gr_chb': 0.22131798319118332}
2026-09-28 09:56:16,072 - INFO - Finished fitting ARG.
2026-09-28 09:56:16,073 - INFO - Finished in 1h 8m 51.5s
2026-09-28 09:56:16,073 - INFO - Estimated: {'t1': 15.090304481865436, 't2': 55.446027892253746, 't3': 2214.588046603699, 'N_anc': 13301.708587901661, 'N_yri': 8858.797668131658, 'N_ooa': 27698.536134170943, 'N_ceu': 12878.58075338896, 'N_chb': 12856.37304966562, 'gr_ceu': 0.09170769406999692, 'gr_chb': 0.14695559901693947}
2026-09-28 09:56:16,073 - INFO - logp = -106497.24470386599  (true = -115581.23111938387)
2026-09-28 09:56:16,073 - INFO - Pipeline executed succesfully.
Generation   5  Likelihood = -106497.244704
{'t1': 15.090304481865436, 't2': 55.446027892253746, 't3': 2214.588046603699, 'N_anc': 13301.708587901661, 'N_yri': 8858.797668131658, 'N_ooa': 27698.536134170943, 'N_ceu': 12878.58075338896, 'N_chb': 12856.37304966562, 'gr_ceu': 0.09170769406999692, 'gr_chb': 0.14695559901693947}

Final normalized parameters:
{'t1': 0.30796539758909053, 't2': 0.6160669765805972, 't3': 0.2225716629752461, 'N_anc': 0.26603417175803323, 'N_yri': 0.17717595336263314, 'N_ooa': 0.5539707226834188, 'N_ceu': 0.2575716150677792, 'N_chb': 0.2571274609933124, 'gr_ceu': 0.09170769406999692, 'gr_chb': 0.14695559901693947}

Final demographic parameters:
{'t1': 15.090304481865436, 't2': 55.446027892253746, 't3': 2214.588046603699, 'N_anc': 13301.708587901661, 'N_yri': 8858.797668131658, 'N_ooa': 27698.536134170943, 'N_ceu': 12878.58075338896, 'N_chb': 12856.37304966562, 'gr_ceu': 0.09170769406999692, 'gr_chb': 0.14695559901693947}

Final likelihood = -106497.244704
