2026-09-03 10:09:18,605 - INFO - Beginning execution of simulate_and_fit_ARG.py in directory /home1/mahj/glike_optimize/opt_scripts

2026-09-03 10:09:18,605 - INFO - Progress is being logged to ../opt_results_CMA_ES_3G09_no_m1/ntree_10_rep_12_simulate_ARG.log

2026-09-03 10:09:18,605 - INFO - Parsed the following arguments:
	N_SAMPLES = 1000.0
	SEQUENCE_LENGTH = 30000000.0
	RECOMBINATION_RATE = 1e-08
	SEED = 1
	NUM_TREES = 10
	OPTIMIZER = CMA_ES
	MODEL = 3G09
	outprefix = ../opt_results_CMA_ES_3G09_no_m1/ntree_10_rep_12

2026-09-03 10:09:18,633 - INFO - Sampling 1000 individuals with ploidy 1 in population 1 (name='ceu') at time 0
2026-09-03 10:09:18,638 - INFO - Starting replicate 0
2026-09-03 10:09:18,639 - INFO - model[0] {'name': 'hudson'} started at time=0 nodes=1000 edges=0
2026-09-03 10:09:18,639 - INFO - Running model {'name': 'hudson'} until max time: inf
2026-09-03 10:09:19,528 - INFO - Completed at time=130012 nodes=28005 edges=152908
2026-09-03 10:09:20,636 - INFO - Finished simulating ARG.
[phase from 0.0 to 30.0]
        yri     ceu     nea
ns   0.0001  0.0001  0.0001
grs  0.0000  0.0000  0.0000

[phase from 30.0 to 50.0]
        yri     ceu     nea
ns   0.0001  0.0001  0.0001
grs  0.0000  0.0000  0.0000

[phase from 50.0 to 73.95]
        yri     ceu     nea
ns   0.0001  0.0001  0.0001
grs  0.0000  0.0000  0.0000

[phase from 73.95 to 290.0]
     yri  nea
yri    1    0
ceu    1    0
nea    0    1
        yri     nea
ns   0.0001  0.0001
grs  0.0000  0.0000

[phase from 290.0 to inf]
     yri
yri    1
nea    1
        yri
ns   0.0001
grs  0.0000

2026-09-03 10:09:41,649 - INFO - Starting glike optimization.
-94751.22493227824
2026-09-03 10:24:35,925 - INFO - Finished fitting ARG.
2026-09-03 10:24:35,925 - INFO - Finished in 0h 14m 54.3s
2026-09-03 10:24:35,925 - INFO - Estimated: {'N_yri': 10000.075638717695, 'N_ceu': 10000.02395116895, 'N_nea': 9999.899017432148, 'm1': 0.09190244083224611, 't1': 9.644476905191661, 't2': 51.12995365764069, 't3': 94.93508520198074, 't4': 320.6474089471234}
2026-09-03 10:24:35,925 - INFO - logp = -93823.8625226389  (true = -94793.60280195632)
2026-09-03 10:24:35,925 - INFO - Pipeline executed succesfully.
