2026-09-23 10:58:07,059 - INFO - Beginning execution of simulate_and_fit_ARG.py in directory /home1/mahj/glike_optimize/opt_scripts

2026-09-23 10:58:07,059 - INFO - Progress is being logged to ../opt_results_CMA_ES_3G09_no_m1_low_kappa/ntree_10_rep_10_simulate_ARG.log

2026-09-23 10:58:07,059 - INFO - Parsed the following arguments:
	N_SAMPLES = 1000.0
	SEQUENCE_LENGTH = 30000000.0
	RECOMBINATION_RATE = 1e-08
	SEED = 1
	NUM_TREES = 10
	OPTIMIZER = CMA_ES
	MODEL = 3G09_no_m
	KAPPA = 5000
	outprefix = ../opt_results_CMA_ES_3G09_no_m1_low_kappa/ntree_10_rep_10

2026-09-23 10:58:07,097 - INFO - Sampling 1000 individuals with ploidy 1 in population 0 (name='admix') at time 0
2026-09-23 10:58:07,105 - INFO - Starting replicate 0
2026-09-23 10:58:07,106 - INFO - model[0] {'name': 'hudson'} started at time=0 nodes=1000 edges=0
2026-09-23 10:58:07,106 - INFO - Running model {'name': 'hudson'} until max time: inf
2026-09-23 10:58:07,838 - INFO - Completed at time=24250.7 nodes=39508 edges=264883
2026-09-23 10:58:08,887 - INFO - Finished simulating ARG.
[phase from 0.0 to 19.0]
        admix
ns   0.000006
grs  0.078000

[phase from 19.0 to 411.0]
       afr    eur   asia    pol
admix  0.0  0.198  0.334  0.468
        afr       eur     asia       pol
ns   0.0001  0.000075  0.00004  0.000064
grs  0.0000  0.000000  0.00000  0.000000

[phase from 411.0 to 1040.0]
      afr  eur  asia
afr     1    0     0
eur     0    1     0
asia    0    0     1
pol     0    0     1
        afr       eur     asia
ns   0.0001  0.000075  0.00037
grs  0.0000  0.000000  0.00000

[phase from 1040.0 to 2004.0]
      afr  eur
afr     1    0
eur     0    1
asia    0    1
        afr       eur
ns   0.0001  0.000405
grs  0.0000  0.000000

[phase from 2004.0 to inf]
     A
afr  1
eur  1
            A
ns   0.000375
grs  0.000000

2026-09-23 10:58:21,866 - INFO - Starting glike optimization.
-118350.49290584918
2026-09-23 11:06:33,262 - INFO - Finished fitting ARG.
2026-09-23 11:06:33,262 - INFO - Finished in 0h 8m 11.4s
2026-09-23 11:06:33,262 - INFO - Estimated: {'t1': 10.159186260227829, 't2': 50.20320733617657, 't3': 99.99585966219288, 'N_anc': 9999.955586781238, 'N_yri': 9999.949741920267, 'N_ooa': 10000.152706874884, 'N_ceu': 10000.044684396471, 'N_chb': 10000.072053255459, 'gr_ceu': 0.19426212486699118, 'gr_chb': 0.1853002031566348}
2026-09-23 11:06:33,262 - INFO - logp = -118278.12030898759  (true = -115592.4996691405)
2026-09-23 11:06:33,262 - INFO - Pipeline executed succesfully.
Generation   5  Likelihood = -118278.120309
{'t1': 10.159186260227829, 't2': 50.20320733617657, 't3': 99.99585966219288, 'N_anc': 9999.955586781238, 'N_yri': 9999.949741920267, 'N_ooa': 10000.152706874884, 'N_ceu': 10000.044684396471, 'N_chb': 10000.072053255459, 'gr_ceu': 0.19426212486699118, 'gr_chb': 0.1853002031566348}
