2026-09-28 09:37:57,494 - INFO - Beginning execution of simulate_and_fit_ARG.py in directory /home1/mahj/glike_optimize/opt_scripts

2026-09-28 09:37:57,495 - INFO - Progress is being logged to ../opt_results_CMA_ES_3G09_no_m1_kappa_25000/ntree_10_rep_9_simulate_ARG.log

2026-09-28 09:37:57,495 - INFO - Parsed the following arguments:
	N_SAMPLES = 1000.0
	SEQUENCE_LENGTH = 30000000.0
	RECOMBINATION_RATE = 1e-08
	SEED = 1
	NUM_TREES = 10
	OPTIMIZER = CMA_ES
	MODEL = 3G09_no_m
	KAPPA = 25000
	outprefix = ../opt_results_CMA_ES_3G09_no_m1_kappa_25000/ntree_10_rep_9

2026-09-28 09:37:57,524 - INFO - Sampling 1000 individuals with ploidy 1 in population 0 (name='admix') at time 0
2026-09-28 09:37:57,527 - INFO - Starting replicate 0
2026-09-28 09:37:57,528 - INFO - model[0] {'name': 'hudson'} started at time=0 nodes=1000 edges=0
2026-09-28 09:37:57,528 - INFO - Running model {'name': 'hudson'} until max time: inf
2026-09-28 09:37:58,241 - INFO - Completed at time=24250.7 nodes=39508 edges=264883
2026-09-28 09:37:59,347 - INFO - Finished simulating ARG.
[phase from 0.0 to 19.0]
        admix
ns   0.000006
grs  0.078000

[phase from 19.0 to 411.0]
       afr    eur   asia    pol
admix  0.0  0.198  0.334  0.468
        afr       eur     asia       pol
ns   0.0001  0.000075  0.00004  0.000064
grs  0.0000  0.000000  0.00000  0.000000

[phase from 411.0 to 1040.0]
      afr  eur  asia
afr     1    0     0
eur     0    1     0
asia    0    0     1
pol     0    0     1
        afr       eur     asia
ns   0.0001  0.000075  0.00037
grs  0.0000  0.000000  0.00000

[phase from 1040.0 to 2004.0]
      afr  eur
afr     1    0
eur     0    1
asia    0    1
        afr       eur
ns   0.0001  0.000405
grs  0.0000  0.000000

[phase from 2004.0 to inf]
     A
afr  1
eur  1
            A
ns   0.000375
grs  0.000000

2026-09-28 09:38:12,290 - INFO - Starting glike optimization.

Initial parameters:
{'t1': 10, 't2': 50, 't3': 100, 'N_anc': 10000, 'N_yri': 10000, 'N_ooa': 10000, 'N_ceu': 10000, 'N_chb': 10000, 'gr_ceu': 0.1, 'gr_chb': 0.1}

Encoded parameters:
{'t1': 10, 't2': 50, 't3': 100, 'N_anc': 10000, 'N_yri': 10000, 'N_ooa': 10000, 'N_ceu': 10000, 'N_chb': 10000, 'gr_ceu': 0.1, 'gr_chb': 0.1}

Normalized CMA-ES parameters:
{'t1': 0.20408163265306123, 't2': 0.5555555555555556, 't3': 0.010050251256281407, 'N_anc': 0.2, 'N_yri': 0.2, 'N_ooa': 0.2, 'N_ceu': 0.2, 'N_chb': 0.2, 'gr_ceu': 0.1, 'gr_chb': 0.1}

CMA-ES parameter scales:
  t1: 49.0
  t2: 90.0
  t3: 9950.0
  N_anc: 50000.0
  N_yri: 50000.0
  N_ooa: 50000.0
  N_ceu: 50000.0
  N_chb: 50000.0
  gr_ceu: 1.0
  gr_chb: 1.0

-118361.54404359669
Generation   1  Likelihood = -110850.194732
{'t1': 9.062881603272027, 't2': 51.6044499421907, 't3': 547.1111267771153, 'N_anc': 9231.323612583603, 'N_yri': 9824.451725497549, 'N_ooa': 15295.106676297957, 'N_ceu': 9968.113839661539, 'N_chb': 9676.020044863584, 'gr_ceu': 0.046971523397232685, 'gr_chb': 0.15647957740313817}
Generation   2  Likelihood = -110850.194732
{'t1': 9.062881603272027, 't2': 51.6044499421907, 't3': 547.1111267771153, 'N_anc': 9231.323612583603, 'N_yri': 9824.451725497549, 'N_ooa': 15295.106676297957, 'N_ceu': 9968.113839661539, 'N_chb': 9676.020044863584, 'gr_ceu': 0.046971523397232685, 'gr_chb': 0.15647957740313817}
Generation   3  Likelihood = -108344.681490
{'t1': 9.646150005813695, 't2': 53.66031191723834, 't3': 1222.6971194699086, 'N_anc': 11888.342198543087, 'N_yri': 12917.859116780366, 'N_ooa': 18922.856178550148, 'N_ceu': 9581.17555407837, 'N_chb': 9160.893572464369, 'gr_ceu': 0.21899489894075302, 'gr_chb': 0.15609312155941046}
Generation   4  Likelihood = -106608.922283
{'t1': 7.282477559477509, 't2': 53.792550986632996, 't3': 1379.475492050078, 'N_anc': 11429.72488502384, 'N_yri': 15579.582886982585, 'N_ooa': 25421.802774562424, 'N_ceu': 9980.282170366818, 'N_chb': 6043.795960124551, 'gr_ceu': 0.16251965823619346, 'gr_chb': 0.1830107774562095}
2026-09-28 10:19:48,029 - INFO - Finished fitting ARG.
2026-09-28 10:19:48,030 - INFO - Finished in 0h 41m 35.7s
2026-09-28 10:19:48,030 - INFO - Estimated: {'t1': 2.694858177928637, 't2': 54.46936811449106, 't3': 2639.742144092588, 'N_anc': 5787.589962846564, 'N_yri': 12783.573114858282, 'N_ooa': 29917.417703113275, 'N_ceu': 9314.176374457502, 'N_chb': 8775.448570101973, 'gr_ceu': 0.1520358775953628, 'gr_chb': 0.2520575362862215}
2026-09-28 10:19:48,030 - INFO - logp = -106219.00689875535  (true = -115572.87478264462)
2026-09-28 10:19:48,030 - INFO - Pipeline executed succesfully.
Generation   5  Likelihood = -106219.006899
{'t1': 2.694858177928637, 't2': 54.46936811449106, 't3': 2639.742144092588, 'N_anc': 5787.589962846564, 'N_yri': 12783.573114858282, 'N_ooa': 29917.417703113275, 'N_ceu': 9314.176374457502, 'N_chb': 8775.448570101973, 'gr_ceu': 0.1520358775953628, 'gr_chb': 0.2520575362862215}

Final normalized parameters:
{'t1': 0.054997105672013005, 't2': 0.6052152012721229, 't3': 0.2653007179992551, 'N_anc': 0.11575179925693128, 'N_yri': 0.25567146229716564, 'N_ooa': 0.5983483540622655, 'N_ceu': 0.18628352748915003, 'N_chb': 0.17550897140203947, 'gr_ceu': 0.1520358775953628, 'gr_chb': 0.2520575362862215}

Final demographic parameters:
{'t1': 2.694858177928637, 't2': 54.46936811449106, 't3': 2639.742144092588, 'N_anc': 5787.589962846564, 'N_yri': 12783.573114858282, 'N_ooa': 29917.417703113275, 'N_ceu': 9314.176374457502, 'N_chb': 8775.448570101973, 'gr_ceu': 0.1520358775953628, 'gr_chb': 0.2520575362862215}

Final likelihood = -106219.006899
