2026-09-28 08:56:20,213 - INFO - Beginning execution of simulate_and_fit_ARG.py in directory /home1/mahj/glike_optimize/opt_scripts

2026-09-28 08:56:20,213 - INFO - Progress is being logged to ../opt_results_CMA_ES_3G09_no_m1_kappa_25000/ntree_10_rep_6_simulate_ARG.log

2026-09-28 08:56:20,213 - INFO - Parsed the following arguments:
	N_SAMPLES = 1000.0
	SEQUENCE_LENGTH = 30000000.0
	RECOMBINATION_RATE = 1e-08
	SEED = 1
	NUM_TREES = 10
	OPTIMIZER = CMA_ES
	MODEL = 3G09_no_m
	KAPPA = 25000
	outprefix = ../opt_results_CMA_ES_3G09_no_m1_kappa_25000/ntree_10_rep_6

2026-09-28 08:56:20,244 - INFO - Sampling 1000 individuals with ploidy 1 in population 0 (name='admix') at time 0
2026-09-28 08:56:20,254 - INFO - Starting replicate 0
2026-09-28 08:56:20,255 - INFO - model[0] {'name': 'hudson'} started at time=0 nodes=1000 edges=0
2026-09-28 08:56:20,255 - INFO - Running model {'name': 'hudson'} until max time: inf
2026-09-28 08:56:20,936 - INFO - Completed at time=24250.7 nodes=39508 edges=264883
2026-09-28 08:56:21,991 - INFO - Finished simulating ARG.
[phase from 0.0 to 19.0]
        admix
ns   0.000006
grs  0.078000

[phase from 19.0 to 411.0]
       afr    eur   asia    pol
admix  0.0  0.198  0.334  0.468
        afr       eur     asia       pol
ns   0.0001  0.000075  0.00004  0.000064
grs  0.0000  0.000000  0.00000  0.000000

[phase from 411.0 to 1040.0]
      afr  eur  asia
afr     1    0     0
eur     0    1     0
asia    0    0     1
pol     0    0     1
        afr       eur     asia
ns   0.0001  0.000075  0.00037
grs  0.0000  0.000000  0.00000

[phase from 1040.0 to 2004.0]
      afr  eur
afr     1    0
eur     0    1
asia    0    1
        afr       eur
ns   0.0001  0.000405
grs  0.0000  0.000000

[phase from 2004.0 to inf]
     A
afr  1
eur  1
            A
ns   0.000375
grs  0.000000

2026-09-28 08:56:35,066 - INFO - Starting glike optimization.

Initial parameters:
{'t1': 10, 't2': 50, 't3': 100, 'N_anc': 10000, 'N_yri': 10000, 'N_ooa': 10000, 'N_ceu': 10000, 'N_chb': 10000, 'gr_ceu': 0.1, 'gr_chb': 0.1}

Encoded parameters:
{'t1': 10, 't2': 50, 't3': 100, 'N_anc': 10000, 'N_yri': 10000, 'N_ooa': 10000, 'N_ceu': 10000, 'N_chb': 10000, 'gr_ceu': 0.1, 'gr_chb': 0.1}

Normalized CMA-ES parameters:
{'t1': 0.20408163265306123, 't2': 0.5555555555555556, 't3': 0.010050251256281407, 'N_anc': 0.2, 'N_yri': 0.2, 'N_ooa': 0.2, 'N_ceu': 0.2, 'N_chb': 0.2, 'gr_ceu': 0.1, 'gr_chb': 0.1}

CMA-ES parameter scales:
  t1: 49.0
  t2: 90.0
  t3: 9950.0
  N_anc: 50000.0
  N_yri: 50000.0
  N_ooa: 50000.0
  N_ceu: 50000.0
  N_chb: 50000.0
  gr_ceu: 1.0
  gr_chb: 1.0

-118361.0240086557
Generation   1  Likelihood = -113410.503328
{'t1': 8.970987906316795, 't2': 42.57777791771482, 't3': -392.36734419769317, 'N_anc': 14919.259947467539, 'N_yri': 7881.906947934325, 'N_ooa': 8610.059702140004, 'N_ceu': 14833.919998418904, 'N_chb': 8114.611327784383, 'gr_ceu': 0.0669603617345747, 'gr_chb': 0.07753498323182977}
Generation   2  Likelihood = -110553.091436
{'t1': 11.288412829374806, 't2': 55.001468301631505, 't3': -428.34035670103106, 'N_anc': 15884.160366713942, 'N_yri': 14491.78146698576, 'N_ooa': 11893.644672042119, 'N_ceu': 10547.979781166943, 'N_chb': 13728.945364605055, 'gr_ceu': 0.1494767601443001, 'gr_chb': 0.05710318521973673}
Generation   3  Likelihood = -109105.000563
{'t1': 12.23446943481395, 't2': 50.782691574689245, 't3': -597.1753449015597, 'N_anc': 19638.324051007665, 'N_yri': 12865.512725920331, 'N_ooa': 11643.361893023048, 'N_ceu': 7554.446752684215, 'N_chb': 12509.755694683094, 'gr_ceu': 0.07676601384692279, 'gr_chb': 0.0054564811571010605}
Generation   4  Likelihood = -107402.009082
{'t1': 15.314084770183108, 't2': 49.137962483170305, 't3': -1380.6040648488934, 'N_anc': 22951.41248526959, 'N_yri': 15632.162619614617, 'N_ooa': 14786.524076041153, 'N_ceu': 5781.813761244387, 'N_chb': 12761.969642103819, 'gr_ceu': 0.1022437047612362, 'gr_chb': 0.07393946622166303}
2026-09-28 09:37:40,579 - INFO - Finished fitting ARG.
2026-09-28 09:37:40,580 - INFO - Finished in 0h 41m 5.5s
2026-09-28 09:37:40,580 - INFO - Estimated: {'t1': 16.89320799381044, 't2': 53.47503119476925, 't3': -982.0961081426245, 'N_anc': 26018.324344303834, 'N_yri': 17061.250427364226, 'N_ooa': 19121.815292978135, 'N_ceu': 3425.7263612933907, 'N_chb': 16721.673612638813, 'gr_ceu': 0.1958101672173361, 'gr_chb': 0.11539475480734367}
2026-09-28 09:37:40,580 - INFO - logp = -106598.5268780812  (true = -115566.99855437165)
2026-09-28 09:37:40,580 - INFO - Pipeline executed succesfully.
Generation   5  Likelihood = -106598.526878
{'t1': 16.89320799381044, 't2': 53.47503119476925, 't3': -982.0961081426245, 'N_anc': 26018.324344303834, 'N_yri': 17061.250427364226, 'N_ooa': 19121.815292978135, 'N_ceu': 3425.7263612933907, 'N_chb': 16721.673612638813, 'gr_ceu': 0.1958101672173361, 'gr_chb': 0.11539475480734367}

Final normalized parameters:
{'t1': 0.34475934681245796, 't2': 0.5941670132752139, 't3': -0.09870312644649493, 'N_anc': 0.5203664868860767, 'N_yri': 0.3412250085472845, 'N_ooa': 0.38243630585956273, 'N_ceu': 0.06851452722586782, 'N_chb': 0.33443347225277625, 'gr_ceu': 0.1958101672173361, 'gr_chb': 0.11539475480734367}

Final demographic parameters:
{'t1': 16.89320799381044, 't2': 53.47503119476925, 't3': -982.0961081426245, 'N_anc': 26018.324344303834, 'N_yri': 17061.250427364226, 'N_ooa': 19121.815292978135, 'N_ceu': 3425.7263612933907, 'N_chb': 16721.673612638813, 'gr_ceu': 0.1958101672173361, 'gr_chb': 0.11539475480734367}

Final likelihood = -106598.526878
