2026-10-02 20:39:59,967 - INFO - Beginning execution of simulate_and_fit_ARG.py in directory /home1/mahj/glike_optimize/opt_scripts

2026-10-02 20:39:59,967 - INFO - Progress is being logged to ../opt_results_CMA_ES_3G09_no_m1_kappa_10000/ntree_25_rep_8_simulate_ARG.log

2026-10-02 20:39:59,967 - INFO - Parsed the following arguments:
	N_SAMPLES = 1000.0
	SEQUENCE_LENGTH = 30000000.0
	RECOMBINATION_RATE = 1e-08
	SEED = 1
	NUM_TREES = 25
	OPTIMIZER = CMA_ES
	MODEL = 3G09_no_m
	KAPPA = 10000
	outprefix = ../opt_results_CMA_ES_3G09_no_m1_kappa_10000/ntree_25_rep_8

2026-10-02 20:40:00,008 - INFO - Sampling 1000 individuals with ploidy 1 in population 0 (name='admix') at time 0
2026-10-02 20:40:00,016 - INFO - Starting replicate 0
2026-10-02 20:40:00,016 - INFO - model[0] {'name': 'hudson'} started at time=0 nodes=1000 edges=0
2026-10-02 20:40:00,016 - INFO - Running model {'name': 'hudson'} until max time: inf
2026-10-02 20:40:00,698 - INFO - Completed at time=24250.7 nodes=39508 edges=264883
2026-10-02 20:40:03,173 - INFO - Finished simulating ARG.
[phase from 0.0 to 19.0]
        admix
ns   0.000006
grs  0.078000

[phase from 19.0 to 411.0]
       afr    eur   asia    pol
admix  0.0  0.198  0.334  0.468
        afr       eur     asia       pol
ns   0.0001  0.000075  0.00004  0.000064
grs  0.0000  0.000000  0.00000  0.000000

[phase from 411.0 to 1040.0]
      afr  eur  asia
afr     1    0     0
eur     0    1     0
asia    0    0     1
pol     0    0     1
        afr       eur     asia
ns   0.0001  0.000075  0.00037
grs  0.0000  0.000000  0.00000

[phase from 1040.0 to 2004.0]
      afr  eur
afr     1    0
eur     0    1
asia    0    1
        afr       eur
ns   0.0001  0.000405
grs  0.0000  0.000000

[phase from 2004.0 to inf]
     A
afr  1
eur  1
            A
ns   0.000375
grs  0.000000

2026-10-02 20:40:24,088 - INFO - Log likelihood of simulation parameters: -288210.8555195972.
2026-10-02 20:40:24,089 - INFO - Starting glike optimization.

Initial parameters:
{'t1': 10, 't2': 50, 't3': 100, 'N_anc': 10000, 'N_yri': 10000, 'N_ooa': 10000, 'N_ceu': 10000, 'N_chb': 10000, 'gr_ceu': 0.1, 'gr_chb': 0.1}

Encoded parameters:
{'t1': 10, 't2': 50, 't3': 100, 'N_anc': 10000, 'N_yri': 10000, 'N_ooa': 10000, 'N_ceu': 10000, 'N_chb': 10000, 'gr_ceu': 0.1, 'gr_chb': 0.1}

Normalized CMA-ES parameters:
{'t1': 0.20408163265306123, 't2': 0.5555555555555556, 't3': 0.010050251256281407, 'N_anc': 0.2, 'N_yri': 0.2, 'N_ooa': 0.2, 'N_ceu': 0.2, 'N_chb': 0.2, 'gr_ceu': 0.1, 'gr_chb': 0.1}

CMA-ES parameter scales:
  t1: 49.0
  t2: 90.0
  t3: 9950.0
  N_anc: 50000.0
  N_yri: 50000.0
  N_ooa: 50000.0
  N_ceu: 50000.0
  N_chb: 50000.0
  gr_ceu: 1.0
  gr_chb: 1.0

-295748.48661815777
Generation   1  Likelihood = -281262.316594
{'t1': 10.238414088305241, 't2': 49.00342523273002, 't3': 362.80307181781757, 'N_anc': 14522.755213457116, 'N_yri': 8201.935443595396, 'N_ooa': 13836.230869688716, 'N_ceu': 9072.472707674246, 'N_chb': 12156.447703751377, 'gr_ceu': 0.07122319075845707, 'gr_chb': 0.07330724314949426}
Generation   2  Likelihood = -275747.628042
{'t1': 9.163382863294093, 't2': 45.45903709504872, 't3': 679.0066956593698, 'N_anc': 12667.750388772434, 'N_yri': 12810.480954228218, 'N_ooa': 16276.390989799242, 'N_ceu': 7521.379743188658, 'N_chb': 7363.712566960984, 'gr_ceu': 0.08457304418075838, 'gr_chb': -0.037359621748556476}
Generation   3  Likelihood = -269772.906271
{'t1': 11.284198474309544, 't2': 46.82236049346542, 't3': 590.7835540181833, 'N_anc': 9096.238652489914, 'N_yri': 13815.14458786874, 'N_ooa': 20581.767675823055, 'N_ceu': 9552.58300655651, 'N_chb': 6422.734861994089, 'gr_ceu': 0.08342663545445576, 'gr_chb': -0.06712849971132333}
Generation   4  Likelihood = -268051.436496
{'t1': 9.877900478117112, 't2': 52.49947966096475, 't3': 727.2018212916892, 'N_anc': 12691.940157508963, 'N_yri': 15177.80823754288, 'N_ooa': 22635.434214777357, 'N_ceu': 10961.899200631531, 'N_chb': 5403.8321196629895, 'gr_ceu': 0.1051938342184468, 'gr_chb': 0.02248398966681246}
Generation   5  Likelihood = -266958.721103
{'t1': 10.73095884526112, 't2': 52.498467841617014, 't3': 1088.8705203394218, 'N_anc': 12493.571701372752, 'N_yri': 16230.563464101757, 'N_ooa': 26318.235558626835, 'N_ceu': 5523.904612105777, 'N_chb': 4731.346812255959, 'gr_ceu': 0.19886759109116928, 'gr_chb': -0.14355902825019393}
Generation   6  Likelihood = -264993.074037
{'t1': 2.7478876664479057, 't2': 51.693613300791874, 't3': 1832.2821789348493, 'N_anc': 8136.733892583445, 'N_yri': 13267.36147120269, 'N_ooa': 34450.2913631485, 'N_ceu': 9301.684201354457, 'N_chb': 7266.249835752656, 'gr_ceu': 0.057047714707444075, 'gr_chb': -0.09911475219439564}
Generation   7  Likelihood = -264616.476068
{'t1': -1.3232726779123973, 't2': 47.155033340132675, 't3': 1246.8444785352458, 'N_anc': 14349.733685365029, 'N_yri': 19517.26000057482, 'N_ooa': 31952.29958000635, 'N_ceu': 11087.179738981582, 'N_chb': 8895.55555471751, 'gr_ceu': 0.15699909422027275, 'gr_chb': -0.06154533581739135}
Generation   8  Likelihood = -264376.223170
{'t1': 8.005136150107983, 't2': 48.50053376728537, 't3': 1675.1776470724071, 'N_anc': 6124.382564379413, 'N_yri': 22340.812809304756, 'N_ooa': 33926.13302409151, 'N_ceu': 12979.336018400936, 'N_chb': 13358.223230993714, 'gr_ceu': 0.1590402958395894, 'gr_chb': -0.2217499337239126}
Generation   9  Likelihood = -263951.180325
{'t1': 14.86199360767405, 't2': 57.83279940877306, 't3': 922.9807061715977, 'N_anc': 11871.399931201386, 'N_yri': 31173.807190634212, 'N_ooa': 33677.660505855805, 'N_ceu': 9923.68080069955, 'N_chb': 14843.912012426978, 'gr_ceu': 0.345204025338289, 'gr_chb': -0.24482803952638577}
Generation  10  Likelihood = -263818.723121
{'t1': 9.795453508626714, 't2': 40.2756976181409, 't3': 976.9003905609991, 'N_anc': 15928.315590287479, 'N_yri': 30836.214724058536, 'N_ooa': 38544.94580094568, 'N_ceu': 8903.528633820406, 'N_chb': 14627.902993861922, 'gr_ceu': 0.27606888395309576, 'gr_chb': -0.2311554135744701}
Generation  11  Likelihood = -263796.420303
{'t1': 10.479726231208991, 't2': 57.340285839587686, 't3': 937.3840173450347, 'N_anc': 14035.541728212715, 'N_yri': 28795.947801032868, 'N_ooa': 38232.5703668332, 'N_ceu': 17420.717623047145, 'N_chb': 12385.003343229202, 'gr_ceu': 0.26926184502721157, 'gr_chb': 0.07553565930793385}
Generation  12  Likelihood = -263796.420303
{'t1': 10.479726231208991, 't2': 57.340285839587686, 't3': 937.3840173450347, 'N_anc': 14035.541728212715, 'N_yri': 28795.947801032868, 'N_ooa': 38232.5703668332, 'N_ceu': 17420.717623047145, 'N_chb': 12385.003343229202, 'gr_ceu': 0.26926184502721157, 'gr_chb': 0.07553565930793385}
Generation  13  Likelihood = -263796.420303
{'t1': 10.479726231208991, 't2': 57.340285839587686, 't3': 937.3840173450347, 'N_anc': 14035.541728212715, 'N_yri': 28795.947801032868, 'N_ooa': 38232.5703668332, 'N_ceu': 17420.717623047145, 'N_chb': 12385.003343229202, 'gr_ceu': 0.26926184502721157, 'gr_chb': 0.07553565930793385}
Generation  14  Likelihood = -262983.577167
{'t1': 12.817702687713993, 't2': 59.815533659966384, 't3': 382.47568977306406, 'N_anc': 22438.613640977088, 'N_yri': 39521.88810565051, 'N_ooa': 35784.784646098116, 'N_ceu': 20790.798182134105, 'N_chb': 19318.32994602932, 'gr_ceu': 0.13205091102233454, 'gr_chb': 0.08186488903970837}
Generation  15  Likelihood = -262983.577167
{'t1': 12.817702687713993, 't2': 59.815533659966384, 't3': 382.47568977306406, 'N_anc': 22438.613640977088, 'N_yri': 39521.88810565051, 'N_ooa': 35784.784646098116, 'N_ceu': 20790.798182134105, 'N_chb': 19318.32994602932, 'gr_ceu': 0.13205091102233454, 'gr_chb': 0.08186488903970837}
Generation  16  Likelihood = -262983.577167
{'t1': 12.817702687713993, 't2': 59.815533659966384, 't3': 382.47568977306406, 'N_anc': 22438.613640977088, 'N_yri': 39521.88810565051, 'N_ooa': 35784.784646098116, 'N_ceu': 20790.798182134105, 'N_chb': 19318.32994602932, 'gr_ceu': 0.13205091102233454, 'gr_chb': 0.08186488903970837}
Generation  17  Likelihood = -262983.577167
{'t1': 12.817702687713993, 't2': 59.815533659966384, 't3': 382.47568977306406, 'N_anc': 22438.613640977088, 'N_yri': 39521.88810565051, 'N_ooa': 35784.784646098116, 'N_ceu': 20790.798182134105, 'N_chb': 19318.32994602932, 'gr_ceu': 0.13205091102233454, 'gr_chb': 0.08186488903970837}
Generation  18  Likelihood = -262983.577167
{'t1': 12.817702687713993, 't2': 59.815533659966384, 't3': 382.47568977306406, 'N_anc': 22438.613640977088, 'N_yri': 39521.88810565051, 'N_ooa': 35784.784646098116, 'N_ceu': 20790.798182134105, 'N_chb': 19318.32994602932, 'gr_ceu': 0.13205091102233454, 'gr_chb': 0.08186488903970837}
Generation  19  Likelihood = -262983.577167
{'t1': 12.817702687713993, 't2': 59.815533659966384, 't3': 382.47568977306406, 'N_anc': 22438.613640977088, 'N_yri': 39521.88810565051, 'N_ooa': 35784.784646098116, 'N_ceu': 20790.798182134105, 'N_chb': 19318.32994602932, 'gr_ceu': 0.13205091102233454, 'gr_chb': 0.08186488903970837}
2026-10-02 22:21:57,213 - INFO - Finished fitting ARG.
2026-10-02 22:21:57,214 - INFO - Finished in 1h 41m 33.1s
2026-10-02 22:21:57,214 - INFO - Estimated: {'t1': 12.817702687713993, 't2': 59.815533659966384, 't3': 382.47568977306406, 'N_anc': 22438.613640977088, 'N_yri': 39521.88810565051, 'N_ooa': 35784.784646098116, 'N_ceu': 20790.798182134105, 'N_chb': 19318.32994602932, 'gr_ceu': 0.13205091102233454, 'gr_chb': 0.08186488903970837}
2026-10-02 22:21:57,214 - INFO - logp = -262983.5771668826  (true = -288210.8555195972)
2026-10-02 22:21:57,214 - INFO - Pipeline executed succesfully.
Generation  20  Likelihood = -262983.577167
{'t1': 12.817702687713993, 't2': 59.815533659966384, 't3': 382.47568977306406, 'N_anc': 22438.613640977088, 'N_yri': 39521.88810565051, 'N_ooa': 35784.784646098116, 'N_ceu': 20790.798182134105, 'N_chb': 19318.32994602932, 'gr_ceu': 0.13205091102233454, 'gr_chb': 0.08186488903970837}

Final normalized parameters:
{'t1': 0.26158576913702025, 't2': 0.6646170406662931, 't3': 0.038439767816388346, 'N_anc': 0.44877227281954174, 'N_yri': 0.7904377621130102, 'N_ooa': 0.7156956929219623, 'N_ceu': 0.41581596364268214, 'N_chb': 0.3863665989205864, 'gr_ceu': 0.13205091102233454, 'gr_chb': 0.08186488903970837}

Final demographic parameters:
{'t1': 12.817702687713993, 't2': 59.815533659966384, 't3': 382.47568977306406, 'N_anc': 22438.613640977088, 'N_yri': 39521.88810565051, 'N_ooa': 35784.784646098116, 'N_ceu': 20790.798182134105, 'N_chb': 19318.32994602932, 'gr_ceu': 0.13205091102233454, 'gr_chb': 0.08186488903970837}

Final likelihood = -262983.577167
