2026-09-23 10:54:12,670 - INFO - Beginning execution of simulate_and_fit_ARG.py in directory /home1/mahj/glike_optimize/opt_scripts

2026-09-23 10:54:12,670 - INFO - Progress is being logged to ../opt_results_CMA_ES_3G09_no_m1_low_kappa/ntree_10_rep_2_simulate_ARG.log

2026-09-23 10:54:12,670 - INFO - Parsed the following arguments:
	N_SAMPLES = 1000.0
	SEQUENCE_LENGTH = 30000000.0
	RECOMBINATION_RATE = 1e-08
	SEED = 1
	NUM_TREES = 10
	OPTIMIZER = CMA_ES
	MODEL = 3G09_no_m
	KAPPA = 5000
	outprefix = ../opt_results_CMA_ES_3G09_no_m1_low_kappa/ntree_10_rep_2

2026-09-23 10:54:12,713 - INFO - Sampling 1000 individuals with ploidy 1 in population 0 (name='admix') at time 0
2026-09-23 10:54:12,716 - INFO - Starting replicate 0
2026-09-23 10:54:12,716 - INFO - model[0] {'name': 'hudson'} started at time=0 nodes=1000 edges=0
2026-09-23 10:54:12,716 - INFO - Running model {'name': 'hudson'} until max time: inf
2026-09-23 10:54:13,490 - INFO - Completed at time=24250.7 nodes=39508 edges=264883
2026-09-23 10:54:14,537 - INFO - Finished simulating ARG.
[phase from 0.0 to 19.0]
        admix
ns   0.000006
grs  0.078000

[phase from 19.0 to 411.0]
       afr    eur   asia    pol
admix  0.0  0.198  0.334  0.468
        afr       eur     asia       pol
ns   0.0001  0.000075  0.00004  0.000064
grs  0.0000  0.000000  0.00000  0.000000

[phase from 411.0 to 1040.0]
      afr  eur  asia
afr     1    0     0
eur     0    1     0
asia    0    0     1
pol     0    0     1
        afr       eur     asia
ns   0.0001  0.000075  0.00037
grs  0.0000  0.000000  0.00000

[phase from 1040.0 to 2004.0]
      afr  eur
afr     1    0
eur     0    1
asia    0    1
        afr       eur
ns   0.0001  0.000405
grs  0.0000  0.000000

[phase from 2004.0 to inf]
     A
afr  1
eur  1
            A
ns   0.000375
grs  0.000000

2026-09-23 10:54:31,584 - INFO - Starting glike optimization.
-118350.55989258006
INVALID PARAMETERS:
gr_ceu out of bounds
{'t1': 9.962661940574078, 't2': 49.9797619929486, 't3': 100.04318664618036, 'N_anc': 9999.98863994617, 'N_yri': 9999.900709575937, 'N_ooa': 10000.032681041155, 'N_ceu': 10000.004653438431, 'N_chb': 10000.021189770709, 'gr_ceu': -0.0121576048279185, 'gr_chb': 0.11596485504632364}
2026-09-23 11:04:30,949 - INFO - Finished fitting ARG.
2026-09-23 11:04:30,950 - INFO - Finished in 0h 9m 59.4s
2026-09-23 11:04:30,950 - INFO - Estimated: {'t1': 10.280607636222811, 't2': 50.090958296205265, 't3': 100.0547936287266, 'N_anc': 10000.128671673092, 'N_yri': 9999.918732776887, 'N_ooa': 10000.087076472115, 'N_ceu': 9999.94973317524, 'N_chb': 9999.960529997219, 'gr_ceu': 0.23603067394082358, 'gr_chb': 0.18887258181415853}
2026-09-23 11:04:30,950 - INFO - logp = -118284.76824456299  (true = -115582.10201388212)
2026-09-23 11:04:30,950 - INFO - Pipeline executed succesfully.
Generation   5  Likelihood = -118284.768245
{'t1': 10.280607636222811, 't2': 50.090958296205265, 't3': 100.0547936287266, 'N_anc': 10000.128671673092, 'N_yri': 9999.918732776887, 'N_ooa': 10000.087076472115, 'N_ceu': 9999.94973317524, 'N_chb': 9999.960529997219, 'gr_ceu': 0.23603067394082358, 'gr_chb': 0.18887258181415853}
