2026-09-28 13:28:46,209 - INFO - Beginning execution of simulate_and_fit_ARG.py in directory /home1/mahj/glike_optimize/opt_scripts

2026-09-28 13:28:46,210 - INFO - Progress is being logged to ../opt_results_CMA_ES_3G09_no_m1_kappa_50000/ntree_10_rep_9_simulate_ARG.log

2026-09-28 13:28:46,210 - INFO - Parsed the following arguments:
	N_SAMPLES = 1000.0
	SEQUENCE_LENGTH = 30000000.0
	RECOMBINATION_RATE = 1e-08
	SEED = 1
	NUM_TREES = 10
	OPTIMIZER = CMA_ES
	MODEL = 3G09_no_m
	KAPPA = 50000
	outprefix = ../opt_results_CMA_ES_3G09_no_m1_kappa_50000/ntree_10_rep_9

2026-09-28 13:28:46,237 - INFO - Sampling 1000 individuals with ploidy 1 in population 0 (name='admix') at time 0
2026-09-28 13:28:46,243 - INFO - Starting replicate 0
2026-09-28 13:28:46,244 - INFO - model[0] {'name': 'hudson'} started at time=0 nodes=1000 edges=0
2026-09-28 13:28:46,244 - INFO - Running model {'name': 'hudson'} until max time: inf
2026-09-28 13:28:46,930 - INFO - Completed at time=24250.7 nodes=39508 edges=264883
2026-09-28 13:28:47,967 - INFO - Finished simulating ARG.
[phase from 0.0 to 19.0]
        admix
ns   0.000006
grs  0.078000

[phase from 19.0 to 411.0]
       afr    eur   asia    pol
admix  0.0  0.198  0.334  0.468
        afr       eur     asia       pol
ns   0.0001  0.000075  0.00004  0.000064
grs  0.0000  0.000000  0.00000  0.000000

[phase from 411.0 to 1040.0]
      afr  eur  asia
afr     1    0     0
eur     0    1     0
asia    0    0     1
pol     0    0     1
        afr       eur     asia
ns   0.0001  0.000075  0.00037
grs  0.0000  0.000000  0.00000

[phase from 1040.0 to 2004.0]
      afr  eur
afr     1    0
eur     0    1
asia    0    1
        afr       eur
ns   0.0001  0.000405
grs  0.0000  0.000000

[phase from 2004.0 to inf]
     A
afr  1
eur  1
            A
ns   0.000375
grs  0.000000

2026-09-28 13:29:01,377 - INFO - Starting glike optimization.

Initial parameters:
{'t1': 10, 't2': 50, 't3': 100, 'N_anc': 10000, 'N_yri': 10000, 'N_ooa': 10000, 'N_ceu': 10000, 'N_chb': 10000, 'gr_ceu': 0.1, 'gr_chb': 0.1}

Encoded parameters:
{'t1': 10, 't2': 50, 't3': 100, 'N_anc': 10000, 'N_yri': 10000, 'N_ooa': 10000, 'N_ceu': 10000, 'N_chb': 10000, 'gr_ceu': 0.1, 'gr_chb': 0.1}

Normalized CMA-ES parameters:
{'t1': 0.20408163265306123, 't2': 0.5555555555555556, 't3': 0.010050251256281407, 'N_anc': 0.2, 'N_yri': 0.2, 'N_ooa': 0.2, 'N_ceu': 0.2, 'N_chb': 0.2, 'gr_ceu': 0.1, 'gr_chb': 0.1}

CMA-ES parameter scales:
  t1: 49.0
  t2: 90.0
  t3: 9950.0
  N_anc: 50000.0
  N_yri: 50000.0
  N_ooa: 50000.0
  N_ceu: 50000.0
  N_chb: 50000.0
  gr_ceu: 1.0
  gr_chb: 1.0

-118351.2359595783
Generation   1  Likelihood = -111904.324144
{'t1': 4.953992289410434, 't2': 41.52947541123801, 't3': 56.54459274573962, 'N_anc': 16974.73955145876, 'N_yri': 8042.283070678087, 'N_ooa': 11811.234635201117, 'N_ceu': 11995.947585970116, 'N_chb': 13835.65981251009, 'gr_ceu': 0.1626644028171239, 'gr_chb': 0.15086161957192776}
Generation   2  Likelihood = -109910.818460
{'t1': 11.755109015619693, 't2': 48.813612889593394, 't3': -191.62362791153507, 'N_anc': 17355.64457661316, 'N_yri': 10072.104723498831, 'N_ooa': 14035.730538897276, 'N_ceu': 9535.82081309481, 'N_chb': 8600.081330519917, 'gr_ceu': 0.0748787227844506, 'gr_chb': 0.0438371075150895}
Generation   3  Likelihood = -109705.682635
{'t1': 12.968301335865457, 't2': 49.70487759227856, 't3': -774.3799935977395, 'N_anc': 17152.794031910926, 'N_yri': 9457.633154582914, 'N_ooa': 15858.33504236179, 'N_ceu': 12136.980419981846, 'N_chb': 9698.402126449075, 'gr_ceu': 0.1687322303342087, 'gr_chb': -0.029442451180626494}
Generation   4  Likelihood = -107625.443722
{'t1': 14.688836796666232, 't2': 47.03253047101621, 't3': -441.4305488393583, 'N_anc': 22206.340291594934, 'N_yri': 11856.031395100092, 'N_ooa': 15700.033747760195, 'N_ceu': 14167.535189954935, 'N_chb': 9132.932515198088, 'gr_ceu': 0.12597650506887134, 'gr_chb': 0.105302238691007}
2026-09-28 14:52:35,367 - INFO - Finished fitting ARG.
2026-09-28 14:52:35,367 - INFO - Finished in 1h 23m 34.0s
2026-09-28 14:52:35,367 - INFO - Estimated: {'t1': 17.495054591953377, 't2': 51.51083034126134, 't3': -666.8407750261338, 'N_anc': 26816.77270530681, 'N_yri': 8458.913574834785, 'N_ooa': 16046.0443527754, 'N_ceu': 10786.083794747925, 'N_chb': 9021.768844200635, 'gr_ceu': 0.13321112277337802, 'gr_chb': 0.1871002190148928}
2026-09-28 14:52:35,367 - INFO - logp = -107108.96492093537  (true = -115523.52385456757)
2026-09-28 14:52:35,367 - INFO - Pipeline executed succesfully.
Generation   5  Likelihood = -107108.964921
{'t1': 17.495054591953377, 't2': 51.51083034126134, 't3': -666.8407750261338, 'N_anc': 26816.77270530681, 'N_yri': 8458.913574834785, 'N_ooa': 16046.0443527754, 'N_ceu': 10786.083794747925, 'N_chb': 9021.768844200635, 'gr_ceu': 0.13321112277337802, 'gr_chb': 0.1871002190148928}

Final normalized parameters:
{'t1': 0.3570419304480281, 't2': 0.5723425593473482, 't3': -0.06701917336946069, 'N_anc': 0.5363354541061361, 'N_yri': 0.1691782714966957, 'N_ooa': 0.320920887055508, 'N_ceu': 0.2157216758949585, 'N_chb': 0.18043537688401268, 'gr_ceu': 0.13321112277337802, 'gr_chb': 0.1871002190148928}

Final demographic parameters:
{'t1': 17.495054591953377, 't2': 51.51083034126134, 't3': -666.8407750261338, 'N_anc': 26816.77270530681, 'N_yri': 8458.913574834785, 'N_ooa': 16046.0443527754, 'N_ceu': 10786.083794747925, 'N_chb': 9021.768844200635, 'gr_ceu': 0.13321112277337802, 'gr_chb': 0.1871002190148928}

Final likelihood = -107108.964921
