2026-09-03 10:09:18,605 - INFO - Beginning execution of simulate_and_fit_ARG.py in directory /home1/mahj/glike_optimize/opt_scripts

2026-09-03 10:09:18,606 - INFO - Progress is being logged to ../opt_results_CMA_ES_3G09_no_m1/ntree_10_rep_13_simulate_ARG.log

2026-09-03 10:09:18,606 - INFO - Parsed the following arguments:
	N_SAMPLES = 1000.0
	SEQUENCE_LENGTH = 30000000.0
	RECOMBINATION_RATE = 1e-08
	SEED = 1
	NUM_TREES = 10
	OPTIMIZER = CMA_ES
	MODEL = 3G09
	outprefix = ../opt_results_CMA_ES_3G09_no_m1/ntree_10_rep_13

2026-09-03 10:09:18,639 - INFO - Sampling 1000 individuals with ploidy 1 in population 1 (name='ceu') at time 0
2026-09-03 10:09:18,642 - INFO - Starting replicate 0
2026-09-03 10:09:18,643 - INFO - model[0] {'name': 'hudson'} started at time=0 nodes=1000 edges=0
2026-09-03 10:09:18,643 - INFO - Running model {'name': 'hudson'} until max time: inf
2026-09-03 10:09:19,532 - INFO - Completed at time=130012 nodes=28005 edges=152908
2026-09-03 10:09:20,639 - INFO - Finished simulating ARG.
[phase from 0.0 to 30.0]
        yri     ceu     nea
ns   0.0001  0.0001  0.0001
grs  0.0000  0.0000  0.0000

[phase from 30.0 to 50.0]
        yri     ceu     nea
ns   0.0001  0.0001  0.0001
grs  0.0000  0.0000  0.0000

[phase from 50.0 to 73.95]
        yri     ceu     nea
ns   0.0001  0.0001  0.0001
grs  0.0000  0.0000  0.0000

[phase from 73.95 to 290.0]
     yri  nea
yri    1    0
ceu    1    0
nea    0    1
        yri     nea
ns   0.0001  0.0001
grs  0.0000  0.0000

[phase from 290.0 to inf]
     yri
yri    1
nea    1
        yri
ns   0.0001
grs  0.0000

2026-09-03 10:09:40,562 - INFO - Starting glike optimization.
-94749.68023065855
2026-09-03 10:23:18,446 - INFO - Finished fitting ARG.
2026-09-03 10:23:18,446 - INFO - Finished in 0h 13m 37.9s
2026-09-03 10:23:18,446 - INFO - Estimated: {'N_yri': 9999.950924621386, 'N_ceu': 10000.121323575184, 'N_nea': 10000.023997133942, 'm1': 0.09026842620933699, 't1': 8.626502920043123, 't2': 39.818637587097896, 't3': 90.8350082943911, 't4': 297.06466422572674}
2026-09-03 10:23:18,446 - INFO - logp = -93756.86697609724  (true = -94794.34452993737)
2026-09-03 10:23:18,446 - INFO - Pipeline executed succesfully.
