2026-09-03 10:09:17,949 - INFO - Beginning execution of simulate_and_fit_ARG.py in directory /home1/mahj/glike_optimize/opt_scripts

2026-09-03 10:09:17,949 - INFO - Progress is being logged to ../opt_results_CMA_ES_3G09_no_m1/ntree_10_rep_8_simulate_ARG.log

2026-09-03 10:09:17,949 - INFO - Parsed the following arguments:
	N_SAMPLES = 1000.0
	SEQUENCE_LENGTH = 30000000.0
	RECOMBINATION_RATE = 1e-08
	SEED = 1
	NUM_TREES = 10
	OPTIMIZER = CMA_ES
	MODEL = 3G09
	outprefix = ../opt_results_CMA_ES_3G09_no_m1/ntree_10_rep_8

2026-09-03 10:09:17,975 - INFO - Sampling 1000 individuals with ploidy 1 in population 1 (name='ceu') at time 0
2026-09-03 10:09:17,979 - INFO - Starting replicate 0
2026-09-03 10:09:17,979 - INFO - model[0] {'name': 'hudson'} started at time=0 nodes=1000 edges=0
2026-09-03 10:09:17,979 - INFO - Running model {'name': 'hudson'} until max time: inf
2026-09-03 10:09:18,875 - INFO - Completed at time=130012 nodes=28005 edges=152908
2026-09-03 10:09:19,484 - INFO - Finished simulating ARG.
[phase from 0.0 to 30.0]
        yri     ceu     nea
ns   0.0001  0.0001  0.0001
grs  0.0000  0.0000  0.0000

[phase from 30.0 to 50.0]
        yri     ceu     nea
ns   0.0001  0.0001  0.0001
grs  0.0000  0.0000  0.0000

[phase from 50.0 to 73.95]
        yri     ceu     nea
ns   0.0001  0.0001  0.0001
grs  0.0000  0.0000  0.0000

[phase from 73.95 to 290.0]
     yri  nea
yri    1    0
ceu    1    0
nea    0    1
        yri     nea
ns   0.0001  0.0001
grs  0.0000  0.0000

[phase from 290.0 to inf]
     yri
yri    1
nea    1
        yri
ns   0.0001
grs  0.0000

2026-09-03 10:09:40,416 - INFO - Starting glike optimization.
-94750.56629224373
2026-09-03 10:24:49,467 - INFO - Finished fitting ARG.
2026-09-03 10:24:49,467 - INFO - Finished in 0h 15m 9.1s
2026-09-03 10:24:49,467 - INFO - Estimated: {'N_yri': 9999.854024286631, 'N_ceu': 10000.002126601787, 'N_nea': 9999.932623277047, 'm1': 0.09776070230787505, 't1': 8.631753697999091, 't2': 47.446461439166725, 't3': 95.19083363416917, 't4': 274.7690893649521}
2026-09-03 10:24:49,467 - INFO - logp = -93769.82245720361  (true = -94793.59141680886)
2026-09-03 10:24:49,467 - INFO - Pipeline executed succesfully.
