2026-09-23 10:57:35,152 - INFO - Beginning execution of simulate_and_fit_ARG.py in directory /home1/mahj/glike_optimize/opt_scripts

2026-09-23 10:57:35,152 - INFO - Progress is being logged to ../opt_results_CMA_ES_3G09_no_m1_low_kappa/ntree_10_rep_9_simulate_ARG.log

2026-09-23 10:57:35,152 - INFO - Parsed the following arguments:
	N_SAMPLES = 1000.0
	SEQUENCE_LENGTH = 30000000.0
	RECOMBINATION_RATE = 1e-08
	SEED = 1
	NUM_TREES = 10
	OPTIMIZER = CMA_ES
	MODEL = 3G09_no_m
	KAPPA = 5000
	outprefix = ../opt_results_CMA_ES_3G09_no_m1_low_kappa/ntree_10_rep_9

2026-09-23 10:57:35,195 - INFO - Sampling 1000 individuals with ploidy 1 in population 0 (name='admix') at time 0
2026-09-23 10:57:35,198 - INFO - Starting replicate 0
2026-09-23 10:57:35,198 - INFO - model[0] {'name': 'hudson'} started at time=0 nodes=1000 edges=0
2026-09-23 10:57:35,198 - INFO - Running model {'name': 'hudson'} until max time: inf
2026-09-23 10:57:35,975 - INFO - Completed at time=24250.7 nodes=39508 edges=264883
2026-09-23 10:57:37,025 - INFO - Finished simulating ARG.
[phase from 0.0 to 19.0]
        admix
ns   0.000006
grs  0.078000

[phase from 19.0 to 411.0]
       afr    eur   asia    pol
admix  0.0  0.198  0.334  0.468
        afr       eur     asia       pol
ns   0.0001  0.000075  0.00004  0.000064
grs  0.0000  0.000000  0.00000  0.000000

[phase from 411.0 to 1040.0]
      afr  eur  asia
afr     1    0     0
eur     0    1     0
asia    0    0     1
pol     0    0     1
        afr       eur     asia
ns   0.0001  0.000075  0.00037
grs  0.0000  0.000000  0.00000

[phase from 1040.0 to 2004.0]
      afr  eur
afr     1    0
eur     0    1
asia    0    1
        afr       eur
ns   0.0001  0.000405
grs  0.0000  0.000000

[phase from 2004.0 to inf]
     A
afr  1
eur  1
            A
ns   0.000375
grs  0.000000

2026-09-23 10:57:54,048 - INFO - Starting glike optimization.
-118350.5982536113
2026-09-23 11:08:07,123 - INFO - Finished fitting ARG.
2026-09-23 11:08:07,124 - INFO - Finished in 0h 10m 13.1s
2026-09-23 11:08:07,124 - INFO - Estimated: {'t1': 10.172229941609137, 't2': 50.21353280045463, 't3': 100.11593001206866, 'N_anc': 10000.052551477187, 'N_yri': 10000.153357164292, 'N_ooa': 9999.971406180224, 'N_ceu': 10000.05340988646, 'N_chb': 9999.971166992944, 'gr_ceu': 0.11990395746560761, 'gr_chb': 0.167216391517514}
2026-09-23 11:08:07,124 - INFO - logp = -118281.10850926577  (true = -115577.72803522734)
2026-09-23 11:08:07,124 - INFO - Pipeline executed succesfully.
Generation   5  Likelihood = -118281.108509
{'t1': 10.172229941609137, 't2': 50.21353280045463, 't3': 100.11593001206866, 'N_anc': 10000.052551477187, 'N_yri': 10000.153357164292, 'N_ooa': 9999.971406180224, 'N_ceu': 10000.05340988646, 'N_chb': 9999.971166992944, 'gr_ceu': 0.11990395746560761, 'gr_chb': 0.167216391517514}
