2026-10-02 20:47:28,477 - INFO - Beginning execution of simulate_and_fit_ARG.py in directory /home1/mahj/glike_optimize/opt_scripts

2026-10-02 20:47:28,477 - INFO - Progress is being logged to ../opt_results_CMA_ES_3G09_no_m1_kappa_10000/ntree_25_rep_9_simulate_ARG.log

2026-10-02 20:47:28,477 - INFO - Parsed the following arguments:
	N_SAMPLES = 1000.0
	SEQUENCE_LENGTH = 30000000.0
	RECOMBINATION_RATE = 1e-08
	SEED = 1
	NUM_TREES = 25
	OPTIMIZER = CMA_ES
	MODEL = 3G09_no_m
	KAPPA = 10000
	outprefix = ../opt_results_CMA_ES_3G09_no_m1_kappa_10000/ntree_25_rep_9

2026-10-02 20:47:28,532 - INFO - Sampling 1000 individuals with ploidy 1 in population 0 (name='admix') at time 0
2026-10-02 20:47:28,541 - INFO - Starting replicate 0
2026-10-02 20:47:28,542 - INFO - model[0] {'name': 'hudson'} started at time=0 nodes=1000 edges=0
2026-10-02 20:47:28,542 - INFO - Running model {'name': 'hudson'} until max time: inf
2026-10-02 20:47:29,622 - INFO - Completed at time=24250.7 nodes=39508 edges=264883
2026-10-02 20:47:32,168 - INFO - Finished simulating ARG.
[phase from 0.0 to 19.0]
        admix
ns   0.000006
grs  0.078000

[phase from 19.0 to 411.0]
       afr    eur   asia    pol
admix  0.0  0.198  0.334  0.468
        afr       eur     asia       pol
ns   0.0001  0.000075  0.00004  0.000064
grs  0.0000  0.000000  0.00000  0.000000

[phase from 411.0 to 1040.0]
      afr  eur  asia
afr     1    0     0
eur     0    1     0
asia    0    0     1
pol     0    0     1
        afr       eur     asia
ns   0.0001  0.000075  0.00037
grs  0.0000  0.000000  0.00000

[phase from 1040.0 to 2004.0]
      afr  eur
afr     1    0
eur     0    1
asia    0    1
        afr       eur
ns   0.0001  0.000405
grs  0.0000  0.000000

[phase from 2004.0 to inf]
     A
afr  1
eur  1
            A
ns   0.000375
grs  0.000000

2026-10-02 20:48:14,958 - INFO - Log likelihood of simulation parameters: -288270.64149709.
2026-10-02 20:48:15,075 - INFO - Starting glike optimization.

Initial parameters:
{'t1': 10, 't2': 50, 't3': 100, 'N_anc': 10000, 'N_yri': 10000, 'N_ooa': 10000, 'N_ceu': 10000, 'N_chb': 10000, 'gr_ceu': 0.1, 'gr_chb': 0.1}

Encoded parameters:
{'t1': 10, 't2': 50, 't3': 100, 'N_anc': 10000, 'N_yri': 10000, 'N_ooa': 10000, 'N_ceu': 10000, 'N_chb': 10000, 'gr_ceu': 0.1, 'gr_chb': 0.1}

Normalized CMA-ES parameters:
{'t1': 0.20408163265306123, 't2': 0.5555555555555556, 't3': 0.010050251256281407, 'N_anc': 0.2, 'N_yri': 0.2, 'N_ooa': 0.2, 'N_ceu': 0.2, 'N_chb': 0.2, 'gr_ceu': 0.1, 'gr_chb': 0.1}

CMA-ES parameter scales:
  t1: 49.0
  t2: 90.0
  t3: 9950.0
  N_anc: 50000.0
  N_yri: 50000.0
  N_ooa: 50000.0
  N_ceu: 50000.0
  N_chb: 50000.0
  gr_ceu: 1.0
  gr_chb: 1.0

-295736.85753141524
Generation   1  Likelihood = -280630.981820
{'t1': 10.636613638019004, 't2': 49.51170316896547, 't3': -891.8610228284983, 'N_anc': 14555.199533393357, 'N_yri': 14197.207100222906, 'N_ooa': 9889.967456606453, 'N_ceu': 13235.888297268857, 'N_chb': 9484.943822255136, 'gr_ceu': 0.1404771069195906, 'gr_chb': 0.017241724975530975}
Generation   2  Likelihood = -277627.063138
{'t1': 11.86057163929221, 't2': 50.18147810884878, 't3': -150.69704466078497, 'N_anc': 15851.848378118117, 'N_yri': 15821.762881501378, 'N_ooa': 10073.580760375145, 'N_ceu': 6743.026533924051, 'N_chb': 13209.169081471906, 'gr_ceu': 0.202290566964571, 'gr_chb': 0.07938516157146168}
Generation   3  Likelihood = -271260.847353
{'t1': 7.295719091180083, 't2': 60.30323554676415, 't3': -830.3743426344967, 'N_anc': 20734.82404661007, 'N_yri': 14755.77074078299, 'N_ooa': 13606.613318729524, 'N_ceu': 10182.130611843604, 'N_chb': 12166.032067282635, 'gr_ceu': 0.04623428171237068, 'gr_chb': 0.10014138593313704}
Generation   4  Likelihood = -268293.151402
{'t1': 4.745028956205284, 't2': 49.07390928033316, 't3': -1152.0620305649068, 'N_anc': 25181.737047868173, 'N_yri': 14719.019699193525, 'N_ooa': 16541.52873346897, 'N_ceu': 9109.674879246415, 'N_chb': 8216.067432030904, 'gr_ceu': 0.17598334006317554, 'gr_chb': 0.033034043353327526}
Generation   5  Likelihood = -267523.640018
{'t1': -1.3316837307788685, 't2': 62.14790000426032, 't3': -341.96589713204463, 'N_anc': 28395.519722650643, 'N_yri': 22931.16758096917, 'N_ooa': 16709.26114289639, 'N_ceu': 9324.830530547595, 'N_chb': 11507.028960864107, 'gr_ceu': 0.17651940071688912, 'gr_chb': 0.09604059035944026}
Generation   6  Likelihood = -265604.573547
{'t1': 8.089166127397561, 't2': 37.05780839529687, 't3': -1431.4382438618418, 'N_anc': 31710.499361192902, 'N_yri': 16344.058639630673, 'N_ooa': 23371.379339062903, 'N_ceu': 9203.642938662642, 'N_chb': 7142.48072491247, 'gr_ceu': -0.11311113617754634, 'gr_chb': 0.12394634111459216}
Generation   7  Likelihood = -264719.376530
{'t1': 5.937198978060845, 't2': 32.49322631794412, 't3': -1559.4682360678564, 'N_anc': 42968.773460909026, 'N_yri': 21117.885814558347, 'N_ooa': 21831.91830586118, 'N_ceu': 10224.393857047207, 'N_chb': 12524.096261175187, 'gr_ceu': 0.1340710050423595, 'gr_chb': 0.2729748834672729}
Generation   8  Likelihood = -264545.577194
{'t1': 0.13498244498337497, 't2': 34.57826699719066, 't3': -19.801037622701227, 'N_anc': 38023.782766411794, 'N_yri': 21798.883452524504, 'N_ooa': 27676.686882313094, 'N_ceu': 3000.438571700975, 'N_chb': 6236.3374870296075, 'gr_ceu': 0.12167023159953763, 'gr_chb': 0.07095885448264781}
Generation   9  Likelihood = -264545.577194
{'t1': 0.13498244498337497, 't2': 34.57826699719066, 't3': -19.801037622701227, 'N_anc': 38023.782766411794, 'N_yri': 21798.883452524504, 'N_ooa': 27676.686882313094, 'N_ceu': 3000.438571700975, 'N_chb': 6236.3374870296075, 'gr_ceu': 0.12167023159953763, 'gr_chb': 0.07095885448264781}
Generation  10  Likelihood = -264458.701337
{'t1': -1.8226915070321992, 't2': 21.54528500874547, 't3': -1422.5415357119375, 'N_anc': 39940.01927537086, 'N_yri': 27532.464885597346, 'N_ooa': 27773.53152705384, 'N_ceu': 20115.08263821154, 'N_chb': 12851.356300740883, 'gr_ceu': -0.08458737600701023, 'gr_chb': -0.045812650621402703}
Generation  11  Likelihood = -264389.977912
{'t1': -4.576007865409942, 't2': 33.003130174912755, 't3': -2728.538717178319, 'N_anc': 41387.857653463994, 'N_yri': 30997.169663885277, 'N_ooa': 30268.01290701607, 'N_ceu': 15909.032081140775, 'N_chb': 18364.41551797692, 'gr_ceu': -0.2846968170547246, 'gr_chb': 0.010877802284882929}
Generation  12  Likelihood = -264389.977912
{'t1': -4.576007865409942, 't2': 33.003130174912755, 't3': -2728.538717178319, 'N_anc': 41387.857653463994, 'N_yri': 30997.169663885277, 'N_ooa': 30268.01290701607, 'N_ceu': 15909.032081140775, 'N_chb': 18364.41551797692, 'gr_ceu': -0.2846968170547246, 'gr_chb': 0.010877802284882929}
Generation  13  Likelihood = -264348.309951
{'t1': -23.33573443097773, 't2': 30.154973451854584, 't3': -3300.4540489001347, 'N_anc': 40169.763121564865, 'N_yri': 27529.234129756125, 'N_ooa': 36160.54808194569, 'N_ceu': 11051.693497753044, 'N_chb': 25514.048935250266, 'gr_ceu': -0.014142791801876553, 'gr_chb': -0.29059095737205376}
Generation  14  Likelihood = -264348.309951
{'t1': -23.33573443097773, 't2': 30.154973451854584, 't3': -3300.4540489001347, 'N_anc': 40169.763121564865, 'N_yri': 27529.234129756125, 'N_ooa': 36160.54808194569, 'N_ceu': 11051.693497753044, 'N_chb': 25514.048935250266, 'gr_ceu': -0.014142791801876553, 'gr_chb': -0.29059095737205376}
Generation  15  Likelihood = -264348.309951
{'t1': -23.33573443097773, 't2': 30.154973451854584, 't3': -3300.4540489001347, 'N_anc': 40169.763121564865, 'N_yri': 27529.234129756125, 'N_ooa': 36160.54808194569, 'N_ceu': 11051.693497753044, 'N_chb': 25514.048935250266, 'gr_ceu': -0.014142791801876553, 'gr_chb': -0.29059095737205376}
Generation  16  Likelihood = -264348.309951
{'t1': -23.33573443097773, 't2': 30.154973451854584, 't3': -3300.4540489001347, 'N_anc': 40169.763121564865, 'N_yri': 27529.234129756125, 'N_ooa': 36160.54808194569, 'N_ceu': 11051.693497753044, 'N_chb': 25514.048935250266, 'gr_ceu': -0.014142791801876553, 'gr_chb': -0.29059095737205376}
Generation  17  Likelihood = -264330.845260
{'t1': -27.582926806933116, 't2': 24.68371684673131, 't3': -2312.878045601057, 'N_anc': 41862.05378277085, 'N_yri': 27545.804845864197, 'N_ooa': 38318.12992777075, 'N_ceu': 9439.050276345464, 'N_chb': 26596.572346013934, 'gr_ceu': 0.09408949403665004, 'gr_chb': -0.11765868732625259}
Generation  18  Likelihood = -264330.845260
{'t1': -27.582926806933116, 't2': 24.68371684673131, 't3': -2312.878045601057, 'N_anc': 41862.05378277085, 'N_yri': 27545.804845864197, 'N_ooa': 38318.12992777075, 'N_ceu': 9439.050276345464, 'N_chb': 26596.572346013934, 'gr_ceu': 0.09408949403665004, 'gr_chb': -0.11765868732625259}
Generation  19  Likelihood = -264330.845260
{'t1': -27.582926806933116, 't2': 24.68371684673131, 't3': -2312.878045601057, 'N_anc': 41862.05378277085, 'N_yri': 27545.804845864197, 'N_ooa': 38318.12992777075, 'N_ceu': 9439.050276345464, 'N_chb': 26596.572346013934, 'gr_ceu': 0.09408949403665004, 'gr_chb': -0.11765868732625259}
2026-10-03 00:24:44,539 - INFO - Finished fitting ARG.
2026-10-03 00:24:44,539 - INFO - Finished in 3h 36m 29.5s
2026-10-03 00:24:44,540 - INFO - Estimated: {'t1': -27.346198612034694, 't2': 16.128197050012723, 't3': -2831.9455459812316, 'N_anc': 43236.56766932529, 'N_yri': 38467.39060912809, 'N_ooa': 37262.973161273214, 'N_ceu': 25766.77865906882, 'N_chb': 25031.714025888614, 'gr_ceu': 0.008409991134556385, 'gr_chb': -0.13718321560264946}
2026-10-03 00:24:44,540 - INFO - logp = -264300.65840042586  (true = -288270.64149709)
2026-10-03 00:24:44,540 - INFO - Pipeline executed succesfully.
Generation  20  Likelihood = -264300.658400
{'t1': -27.346198612034694, 't2': 16.128197050012723, 't3': -2831.9455459812316, 'N_anc': 43236.56766932529, 'N_yri': 38467.39060912809, 'N_ooa': 37262.973161273214, 'N_ceu': 25766.77865906882, 'N_chb': 25031.714025888614, 'gr_ceu': 0.008409991134556385, 'gr_chb': -0.13718321560264946}

Final normalized parameters:
{'t1': -0.5580856859598917, 't2': 0.1792021894445858, 't3': -0.2846176428121841, 'N_anc': 0.8647313533865058, 'N_yri': 0.7693478121825618, 'N_ooa': 0.7452594632254642, 'N_ceu': 0.5153355731813763, 'N_chb': 0.5006342805177723, 'gr_ceu': 0.008409991134556385, 'gr_chb': -0.13718321560264946}

Final demographic parameters:
{'t1': -27.346198612034694, 't2': 16.128197050012723, 't3': -2831.9455459812316, 'N_anc': 43236.56766932529, 'N_yri': 38467.39060912809, 'N_ooa': 37262.973161273214, 'N_ceu': 25766.77865906882, 'N_chb': 25031.714025888614, 'gr_ceu': 0.008409991134556385, 'gr_chb': -0.13718321560264946}

Final likelihood = -264300.658400
