2026-09-28 09:56:27,828 - INFO - Beginning execution of simulate_and_fit_ARG.py in directory /home1/mahj/glike_optimize/opt_scripts

2026-09-28 09:56:27,828 - INFO - Progress is being logged to ../opt_results_CMA_ES_3G09_no_m1_kappa_25000/ntree_10_rep_10_simulate_ARG.log

2026-09-28 09:56:27,828 - INFO - Parsed the following arguments:
	N_SAMPLES = 1000.0
	SEQUENCE_LENGTH = 30000000.0
	RECOMBINATION_RATE = 1e-08
	SEED = 1
	NUM_TREES = 10
	OPTIMIZER = CMA_ES
	MODEL = 3G09_no_m
	KAPPA = 25000
	outprefix = ../opt_results_CMA_ES_3G09_no_m1_kappa_25000/ntree_10_rep_10

2026-09-28 09:56:27,874 - INFO - Sampling 1000 individuals with ploidy 1 in population 0 (name='admix') at time 0
2026-09-28 09:56:27,879 - INFO - Starting replicate 0
2026-09-28 09:56:27,880 - INFO - model[0] {'name': 'hudson'} started at time=0 nodes=1000 edges=0
2026-09-28 09:56:27,880 - INFO - Running model {'name': 'hudson'} until max time: inf
2026-09-28 09:56:28,857 - INFO - Completed at time=24250.7 nodes=39508 edges=264883
2026-09-28 09:56:30,041 - INFO - Finished simulating ARG.
[phase from 0.0 to 19.0]
        admix
ns   0.000006
grs  0.078000

[phase from 19.0 to 411.0]
       afr    eur   asia    pol
admix  0.0  0.198  0.334  0.468
        afr       eur     asia       pol
ns   0.0001  0.000075  0.00004  0.000064
grs  0.0000  0.000000  0.00000  0.000000

[phase from 411.0 to 1040.0]
      afr  eur  asia
afr     1    0     0
eur     0    1     0
asia    0    0     1
pol     0    0     1
        afr       eur     asia
ns   0.0001  0.000075  0.00037
grs  0.0000  0.000000  0.00000

[phase from 1040.0 to 2004.0]
      afr  eur
afr     1    0
eur     0    1
asia    0    1
        afr       eur
ns   0.0001  0.000405
grs  0.0000  0.000000

[phase from 2004.0 to inf]
     A
afr  1
eur  1
            A
ns   0.000375
grs  0.000000

2026-09-28 09:56:51,239 - INFO - Starting glike optimization.

Initial parameters:
{'t1': 10, 't2': 50, 't3': 100, 'N_anc': 10000, 'N_yri': 10000, 'N_ooa': 10000, 'N_ceu': 10000, 'N_chb': 10000, 'gr_ceu': 0.1, 'gr_chb': 0.1}

Encoded parameters:
{'t1': 10, 't2': 50, 't3': 100, 'N_anc': 10000, 'N_yri': 10000, 'N_ooa': 10000, 'N_ceu': 10000, 'N_chb': 10000, 'gr_ceu': 0.1, 'gr_chb': 0.1}

Normalized CMA-ES parameters:
{'t1': 0.20408163265306123, 't2': 0.5555555555555556, 't3': 0.010050251256281407, 'N_anc': 0.2, 'N_yri': 0.2, 'N_ooa': 0.2, 'N_ceu': 0.2, 'N_chb': 0.2, 'gr_ceu': 0.1, 'gr_chb': 0.1}

CMA-ES parameter scales:
  t1: 49.0
  t2: 90.0
  t3: 9950.0
  N_anc: 50000.0
  N_yri: 50000.0
  N_ooa: 50000.0
  N_ceu: 50000.0
  N_chb: 50000.0
  gr_ceu: 1.0
  gr_chb: 1.0

-118361.86387731382
Generation   1  Likelihood = -116812.544697
{'t1': 5.38813046578271, 't2': 54.76114038694752, 't3': 701.7603819157775, 'N_anc': 10741.811113650572, 'N_yri': 6511.88582932496, 'N_ooa': 11290.446703082382, 'N_ceu': 6332.010328124535, 'N_chb': 7940.51543341355, 'gr_ceu': 0.05731932746732185, 'gr_chb': 0.06649872218857025}
Generation   2  Likelihood = -112238.732371
{'t1': 10.551980380440689, 't2': 58.208595642170614, 't3': 325.80443848945197, 'N_anc': 9717.990128582198, 'N_yri': 10494.001535012967, 'N_ooa': 13789.240662517426, 'N_ceu': 6625.281014204419, 'N_chb': 12392.801725718014, 'gr_ceu': 0.11969525657662936, 'gr_chb': 0.06437264752234881}
Generation   3  Likelihood = -110972.328054
{'t1': 8.525829428345807, 't2': 56.53050441862386, 't3': 587.0344046061572, 'N_anc': 9571.202228306955, 'N_yri': 9826.386742366818, 'N_ooa': 15076.577624351079, 'N_ceu': 8848.153221451066, 'N_chb': 13387.978633667568, 'gr_ceu': -0.062102610906429295, 'gr_chb': 0.08822487249981881}
Generation   4  Likelihood = -108669.084191
{'t1': 6.4560771103541565, 't2': 50.70330035442545, 't3': 1512.0761156973413, 'N_anc': 12551.76358972256, 'N_yri': 10723.29354689113, 'N_ooa': 19052.250562379024, 'N_ceu': 10617.539562822622, 'N_chb': 11654.937144721614, 'gr_ceu': -0.006566636662042924, 'gr_chb': 0.13688725783631903}
2026-09-28 11:06:34,087 - INFO - Finished fitting ARG.
2026-09-28 11:06:34,088 - INFO - Finished in 1h 9m 42.8s
2026-09-28 11:06:34,088 - INFO - Estimated: {'t1': 8.334510437094382, 't2': 59.68465267922789, 't3': 1708.575814158042, 'N_anc': 12059.217950900636, 'N_yri': 10246.434112907484, 'N_ooa': 22631.802689245407, 'N_ceu': 13596.71109217734, 'N_chb': 12689.276711166853, 'gr_ceu': 0.0059836692876515385, 'gr_chb': 0.10002789904121603}
2026-09-28 11:06:34,088 - INFO - logp = -107293.1669320827  (true = -115590.22219253614)
2026-09-28 11:06:34,088 - INFO - Pipeline executed succesfully.
Generation   5  Likelihood = -107293.166932
{'t1': 8.334510437094382, 't2': 59.68465267922789, 't3': 1708.575814158042, 'N_anc': 12059.217950900636, 'N_yri': 10246.434112907484, 'N_ooa': 22631.802689245407, 'N_ceu': 13596.71109217734, 'N_chb': 12689.276711166853, 'gr_ceu': 0.0059836692876515385, 'gr_chb': 0.10002789904121603}

Final normalized parameters:
{'t1': 0.17009204973662004, 't2': 0.6631628075469765, 't3': 0.1717161622269389, 'N_anc': 0.24118435901801275, 'N_yri': 0.20492868225814967, 'N_ooa': 0.4526360537849081, 'N_ceu': 0.2719342218435468, 'N_chb': 0.25378553422333705, 'gr_ceu': 0.0059836692876515385, 'gr_chb': 0.10002789904121603}

Final demographic parameters:
{'t1': 8.334510437094382, 't2': 59.68465267922789, 't3': 1708.575814158042, 'N_anc': 12059.217950900636, 'N_yri': 10246.434112907484, 'N_ooa': 22631.802689245407, 'N_ceu': 13596.71109217734, 'N_chb': 12689.276711166853, 'gr_ceu': 0.0059836692876515385, 'gr_chb': 0.10002789904121603}

Final likelihood = -107293.166932
