2026-09-03 10:09:17,968 - INFO - Beginning execution of simulate_and_fit_ARG.py in directory /home1/mahj/glike_optimize/opt_scripts

2026-09-03 10:09:17,968 - INFO - Progress is being logged to ../opt_results_CMA_ES_3G09_no_m1/ntree_10_rep_5_simulate_ARG.log

2026-09-03 10:09:17,968 - INFO - Parsed the following arguments:
	N_SAMPLES = 1000.0
	SEQUENCE_LENGTH = 30000000.0
	RECOMBINATION_RATE = 1e-08
	SEED = 1
	NUM_TREES = 10
	OPTIMIZER = CMA_ES
	MODEL = 3G09
	outprefix = ../opt_results_CMA_ES_3G09_no_m1/ntree_10_rep_5

2026-09-03 10:09:17,994 - INFO - Sampling 1000 individuals with ploidy 1 in population 1 (name='ceu') at time 0
2026-09-03 10:09:17,997 - INFO - Starting replicate 0
2026-09-03 10:09:17,998 - INFO - model[0] {'name': 'hudson'} started at time=0 nodes=1000 edges=0
2026-09-03 10:09:17,998 - INFO - Running model {'name': 'hudson'} until max time: inf
2026-09-03 10:09:18,894 - INFO - Completed at time=130012 nodes=28005 edges=152908
2026-09-03 10:09:19,950 - INFO - Finished simulating ARG.
[phase from 0.0 to 30.0]
        yri     ceu     nea
ns   0.0001  0.0001  0.0001
grs  0.0000  0.0000  0.0000

[phase from 30.0 to 50.0]
        yri     ceu     nea
ns   0.0001  0.0001  0.0001
grs  0.0000  0.0000  0.0000

[phase from 50.0 to 73.95]
        yri     ceu     nea
ns   0.0001  0.0001  0.0001
grs  0.0000  0.0000  0.0000

[phase from 73.95 to 290.0]
     yri  nea
yri    1    0
ceu    1    0
nea    0    1
        yri     nea
ns   0.0001  0.0001
grs  0.0000  0.0000

[phase from 290.0 to inf]
     yri
yri    1
nea    1
        yri
ns   0.0001
grs  0.0000

2026-09-03 10:09:39,881 - INFO - Starting glike optimization.
-94751.97403492185
2026-09-03 10:23:14,669 - INFO - Finished fitting ARG.
2026-09-03 10:23:14,670 - INFO - Finished in 0h 13m 34.8s
2026-09-03 10:23:14,670 - INFO - Estimated: {'N_yri': 10000.028625740764, 'N_ceu': 10000.001725100483, 'N_nea': 10000.058516376997, 'm1': 0.07028294132127064, 't1': 9.53453123022413, 't2': 46.811527519971555, 't3': 89.80418868254247, 't4': 287.84219970233335}
2026-09-03 10:23:14,670 - INFO - logp = -93733.77930794134  (true = -94793.30379038573)
2026-09-03 10:23:14,670 - INFO - Pipeline executed succesfully.
