2026-09-28 11:28:13,545 - INFO - Beginning execution of simulate_and_fit_ARG.py in directory /home1/mahj/glike_optimize/opt_scripts

2026-09-28 11:28:13,545 - INFO - Progress is being logged to ../opt_results_CMA_ES_3G09_no_m1_kappa_50000/ntree_10_rep_4_simulate_ARG.log

2026-09-28 11:28:13,545 - INFO - Parsed the following arguments:
	N_SAMPLES = 1000.0
	SEQUENCE_LENGTH = 30000000.0
	RECOMBINATION_RATE = 1e-08
	SEED = 1
	NUM_TREES = 10
	OPTIMIZER = CMA_ES
	MODEL = 3G09_no_m
	KAPPA = 50000
	outprefix = ../opt_results_CMA_ES_3G09_no_m1_kappa_50000/ntree_10_rep_4

2026-09-28 11:28:13,597 - INFO - Sampling 1000 individuals with ploidy 1 in population 0 (name='admix') at time 0
2026-09-28 11:28:13,604 - INFO - Starting replicate 0
2026-09-28 11:28:13,604 - INFO - model[0] {'name': 'hudson'} started at time=0 nodes=1000 edges=0
2026-09-28 11:28:13,604 - INFO - Running model {'name': 'hudson'} until max time: inf
2026-09-28 11:28:14,382 - INFO - Completed at time=24250.7 nodes=39508 edges=264883
2026-09-28 11:28:15,893 - INFO - Finished simulating ARG.
[phase from 0.0 to 19.0]
        admix
ns   0.000006
grs  0.078000

[phase from 19.0 to 411.0]
       afr    eur   asia    pol
admix  0.0  0.198  0.334  0.468
        afr       eur     asia       pol
ns   0.0001  0.000075  0.00004  0.000064
grs  0.0000  0.000000  0.00000  0.000000

[phase from 411.0 to 1040.0]
      afr  eur  asia
afr     1    0     0
eur     0    1     0
asia    0    0     1
pol     0    0     1
        afr       eur     asia
ns   0.0001  0.000075  0.00037
grs  0.0000  0.000000  0.00000

[phase from 1040.0 to 2004.0]
      afr  eur
afr     1    0
eur     0    1
asia    0    1
        afr       eur
ns   0.0001  0.000405
grs  0.0000  0.000000

[phase from 2004.0 to inf]
     A
afr  1
eur  1
            A
ns   0.000375
grs  0.000000

2026-09-28 11:28:32,826 - INFO - Starting glike optimization.

Initial parameters:
{'t1': 10, 't2': 50, 't3': 100, 'N_anc': 10000, 'N_yri': 10000, 'N_ooa': 10000, 'N_ceu': 10000, 'N_chb': 10000, 'gr_ceu': 0.1, 'gr_chb': 0.1}

Encoded parameters:
{'t1': 10, 't2': 50, 't3': 100, 'N_anc': 10000, 'N_yri': 10000, 'N_ooa': 10000, 'N_ceu': 10000, 'N_chb': 10000, 'gr_ceu': 0.1, 'gr_chb': 0.1}

Normalized CMA-ES parameters:
{'t1': 0.20408163265306123, 't2': 0.5555555555555556, 't3': 0.010050251256281407, 'N_anc': 0.2, 'N_yri': 0.2, 'N_ooa': 0.2, 'N_ceu': 0.2, 'N_chb': 0.2, 'gr_ceu': 0.1, 'gr_chb': 0.1}

CMA-ES parameter scales:
  t1: 49.0
  t2: 90.0
  t3: 9950.0
  N_anc: 50000.0
  N_yri: 50000.0
  N_ooa: 50000.0
  N_ceu: 50000.0
  N_chb: 50000.0
  gr_ceu: 1.0
  gr_chb: 1.0

-118350.42626709242
Generation   1  Likelihood = -112319.266423
{'t1': 8.60979445081783, 't2': 45.055479395676976, 't3': 1213.3929992585977, 'N_anc': 9444.630105955452, 'N_yri': 12667.063819334451, 'N_ooa': 13775.884852036108, 'N_ceu': 13500.815337890284, 'N_chb': 14673.191435462812, 'gr_ceu': 0.031031994644274336, 'gr_chb': 0.10008315880388442}
Generation   2  Likelihood = -112319.266423
{'t1': 8.60979445081783, 't2': 45.055479395676976, 't3': 1213.3929992585977, 'N_anc': 9444.630105955452, 'N_yri': 12667.063819334451, 'N_ooa': 13775.884852036108, 'N_ceu': 13500.815337890284, 'N_chb': 14673.191435462812, 'gr_ceu': 0.031031994644274336, 'gr_chb': 0.10008315880388442}
Generation   3  Likelihood = -108725.555171
{'t1': 10.577895484141196, 't2': 42.93293588647068, 't3': 1349.4045273107245, 'N_anc': 9072.818744665152, 'N_yri': 11642.841652953608, 'N_ooa': 18909.499134722984, 'N_ceu': 12002.691817859886, 'N_chb': 13539.805627315201, 'gr_ceu': 0.002871926771189394, 'gr_chb': 0.02512530704509658}
Generation   4  Likelihood = -107556.981617
{'t1': 10.51596813397311, 't2': 41.0484035589471, 't3': 1287.4184603278088, 'N_anc': 9969.56998856084, 'N_yri': 11343.421895425869, 'N_ooa': 22142.193032922114, 'N_ceu': 9752.432154778096, 'N_chb': 17892.319517513526, 'gr_ceu': 0.029828019731220703, 'gr_chb': 0.005403743702019247}
2026-09-28 13:09:15,520 - INFO - Finished fitting ARG.
2026-09-28 13:09:15,520 - INFO - Finished in 1h 40m 42.7s
2026-09-28 13:09:15,520 - INFO - Estimated: {'t1': 10.378414509224552, 't2': 48.12158988327658, 't3': 1611.5330866404818, 'N_anc': 13008.92683433123, 'N_yri': 11500.319460186129, 'N_ooa': 26181.40944998642, 'N_ceu': 7196.814490853072, 'N_chb': 11998.94855646417, 'gr_ceu': 0.09403595567289952, 'gr_chb': 0.06395507565486706}
2026-09-28 13:09:15,520 - INFO - logp = -106677.86949475133  (true = -115580.03557458144)
2026-09-28 13:09:15,520 - INFO - Pipeline executed succesfully.
Generation   5  Likelihood = -106677.869495
{'t1': 10.378414509224552, 't2': 48.12158988327658, 't3': 1611.5330866404818, 'N_anc': 13008.92683433123, 'N_yri': 11500.319460186129, 'N_ooa': 26181.40944998642, 'N_ceu': 7196.814490853072, 'N_chb': 11998.94855646417, 'gr_ceu': 0.09403595567289952, 'gr_chb': 0.06395507565486706}

Final normalized parameters:
{'t1': 0.21180437773927657, 't2': 0.5346843320364064, 't3': 0.16196312428547555, 'N_anc': 0.2601785366866246, 'N_yri': 0.23000638920372257, 'N_ooa': 0.5236281889997284, 'N_ceu': 0.14393628981706144, 'N_chb': 0.2399789711292834, 'gr_ceu': 0.09403595567289952, 'gr_chb': 0.06395507565486706}

Final demographic parameters:
{'t1': 10.378414509224552, 't2': 48.12158988327658, 't3': 1611.5330866404818, 'N_anc': 13008.92683433123, 'N_yri': 11500.319460186129, 'N_ooa': 26181.40944998642, 'N_ceu': 7196.814490853072, 'N_chb': 11998.94855646417, 'gr_ceu': 0.09403595567289952, 'gr_chb': 0.06395507565486706}

Final likelihood = -106677.869495
