2026-09-23 10:54:58,422 - INFO - Beginning execution of simulate_and_fit_ARG.py in directory /home1/mahj/glike_optimize/opt_scripts

2026-09-23 10:54:58,422 - INFO - Progress is being logged to ../opt_results_CMA_ES_3G09_no_m1_low_kappa/ntree_10_rep_4_simulate_ARG.log

2026-09-23 10:54:58,422 - INFO - Parsed the following arguments:
	N_SAMPLES = 1000.0
	SEQUENCE_LENGTH = 30000000.0
	RECOMBINATION_RATE = 1e-08
	SEED = 1
	NUM_TREES = 10
	OPTIMIZER = CMA_ES
	MODEL = 3G09_no_m
	KAPPA = 5000
	outprefix = ../opt_results_CMA_ES_3G09_no_m1_low_kappa/ntree_10_rep_4

2026-09-23 10:54:58,449 - INFO - Sampling 1000 individuals with ploidy 1 in population 0 (name='admix') at time 0
2026-09-23 10:54:58,456 - INFO - Starting replicate 0
2026-09-23 10:54:58,456 - INFO - model[0] {'name': 'hudson'} started at time=0 nodes=1000 edges=0
2026-09-23 10:54:58,456 - INFO - Running model {'name': 'hudson'} until max time: inf
2026-09-23 10:54:59,172 - INFO - Completed at time=24250.7 nodes=39508 edges=264883
2026-09-23 10:55:00,217 - INFO - Finished simulating ARG.
[phase from 0.0 to 19.0]
        admix
ns   0.000006
grs  0.078000

[phase from 19.0 to 411.0]
       afr    eur   asia    pol
admix  0.0  0.198  0.334  0.468
        afr       eur     asia       pol
ns   0.0001  0.000075  0.00004  0.000064
grs  0.0000  0.000000  0.00000  0.000000

[phase from 411.0 to 1040.0]
      afr  eur  asia
afr     1    0     0
eur     0    1     0
asia    0    0     1
pol     0    0     1
        afr       eur     asia
ns   0.0001  0.000075  0.00037
grs  0.0000  0.000000  0.00000

[phase from 1040.0 to 2004.0]
      afr  eur
afr     1    0
eur     0    1
asia    0    1
        afr       eur
ns   0.0001  0.000405
grs  0.0000  0.000000

[phase from 2004.0 to inf]
     A
afr  1
eur  1
            A
ns   0.000375
grs  0.000000

2026-09-23 10:55:12,975 - INFO - Starting glike optimization.
-118350.75843948414
INVALID PARAMETERS:
gr_chb out of bounds
{'t1': 9.93165785433874, 't2': 49.95674745502265, 't3': 99.93827557887779, 'N_anc': 9999.980841586565, 'N_yri': 10000.020622236449, 'N_ooa': 9999.936746692962, 'N_ceu': 9999.96725184125, 'N_chb': 9999.940988643222, 'gr_ceu': 0.1504339422245946, 'gr_chb': -0.027644107019887315}
2026-09-23 11:03:18,605 - INFO - Finished fitting ARG.
2026-09-23 11:03:18,605 - INFO - Finished in 0h 8m 5.6s
2026-09-23 11:03:18,605 - INFO - Estimated: {'t1': 10.179311904663496, 't2': 50.09959552673929, 't3': 99.99576847479692, 'N_anc': 9999.936464364655, 'N_yri': 10000.029055652201, 'N_ooa': 9999.880742954494, 'N_ceu': 10000.061410014294, 'N_chb': 9999.976914968904, 'gr_ceu': 0.21701823751618513, 'gr_chb': 0.13779001961191048}
2026-09-23 11:03:18,605 - INFO - logp = -118287.44061166572  (true = -115498.02502380706)
2026-09-23 11:03:18,605 - INFO - Pipeline executed succesfully.
Generation   5  Likelihood = -118287.440612
{'t1': 10.179311904663496, 't2': 50.09959552673929, 't3': 99.99576847479692, 'N_anc': 9999.936464364655, 'N_yri': 10000.029055652201, 'N_ooa': 9999.880742954494, 'N_ceu': 10000.061410014294, 'N_chb': 9999.976914968904, 'gr_ceu': 0.21701823751618513, 'gr_chb': 0.13779001961191048}
