2026-09-28 11:24:29,873 - INFO - Beginning execution of simulate_and_fit_ARG.py in directory /home1/mahj/glike_optimize/opt_scripts

2026-09-28 11:24:29,873 - INFO - Progress is being logged to ../opt_results_CMA_ES_3G09_no_m1_kappa_50000/ntree_10_rep_1_simulate_ARG.log

2026-09-28 11:24:29,873 - INFO - Parsed the following arguments:
	N_SAMPLES = 1000.0
	SEQUENCE_LENGTH = 30000000.0
	RECOMBINATION_RATE = 1e-08
	SEED = 1
	NUM_TREES = 10
	OPTIMIZER = CMA_ES
	MODEL = 3G09_no_m
	KAPPA = 50000
	outprefix = ../opt_results_CMA_ES_3G09_no_m1_kappa_50000/ntree_10_rep_1

2026-09-28 11:24:30,120 - INFO - Sampling 1000 individuals with ploidy 1 in population 0 (name='admix') at time 0
2026-09-28 11:24:30,129 - INFO - Starting replicate 0
2026-09-28 11:24:30,129 - INFO - model[0] {'name': 'hudson'} started at time=0 nodes=1000 edges=0
2026-09-28 11:24:30,129 - INFO - Running model {'name': 'hudson'} until max time: inf
2026-09-28 11:24:30,812 - INFO - Completed at time=24250.7 nodes=39508 edges=264883
2026-09-28 11:24:31,853 - INFO - Finished simulating ARG.
[phase from 0.0 to 19.0]
        admix
ns   0.000006
grs  0.078000

[phase from 19.0 to 411.0]
       afr    eur   asia    pol
admix  0.0  0.198  0.334  0.468
        afr       eur     asia       pol
ns   0.0001  0.000075  0.00004  0.000064
grs  0.0000  0.000000  0.00000  0.000000

[phase from 411.0 to 1040.0]
      afr  eur  asia
afr     1    0     0
eur     0    1     0
asia    0    0     1
pol     0    0     1
        afr       eur     asia
ns   0.0001  0.000075  0.00037
grs  0.0000  0.000000  0.00000

[phase from 1040.0 to 2004.0]
      afr  eur
afr     1    0
eur     0    1
asia    0    1
        afr       eur
ns   0.0001  0.000405
grs  0.0000  0.000000

[phase from 2004.0 to inf]
     A
afr  1
eur  1
            A
ns   0.000375
grs  0.000000

2026-09-28 11:24:44,884 - INFO - Starting glike optimization.

Initial parameters:
{'t1': 10, 't2': 50, 't3': 100, 'N_anc': 10000, 'N_yri': 10000, 'N_ooa': 10000, 'N_ceu': 10000, 'N_chb': 10000, 'gr_ceu': 0.1, 'gr_chb': 0.1}

Encoded parameters:
{'t1': 10, 't2': 50, 't3': 100, 'N_anc': 10000, 'N_yri': 10000, 'N_ooa': 10000, 'N_ceu': 10000, 'N_chb': 10000, 'gr_ceu': 0.1, 'gr_chb': 0.1}

Normalized CMA-ES parameters:
{'t1': 0.20408163265306123, 't2': 0.5555555555555556, 't3': 0.010050251256281407, 'N_anc': 0.2, 'N_yri': 0.2, 'N_ooa': 0.2, 'N_ceu': 0.2, 'N_chb': 0.2, 'gr_ceu': 0.1, 'gr_chb': 0.1}

CMA-ES parameter scales:
  t1: 49.0
  t2: 90.0
  t3: 9950.0
  N_anc: 50000.0
  N_yri: 50000.0
  N_ooa: 50000.0
  N_ceu: 50000.0
  N_chb: 50000.0
  gr_ceu: 1.0
  gr_chb: 1.0

-118351.50765479711
Generation   1  Likelihood = -112317.948688
{'t1': 11.619855131212471, 't2': 46.66588354308879, 't3': 485.245561984274, 'N_anc': 9703.956044139557, 'N_yri': 8341.12212087152, 'N_ooa': 13954.527077316936, 'N_ceu': 9973.663278907308, 'N_chb': 8575.797937035917, 'gr_ceu': 0.17066542369807483, 'gr_chb': 0.09778896656849141}
Generation   2  Likelihood = -111633.315010
{'t1': 8.288839210087287, 't2': 51.40953500951855, 't3': 1027.4654328599054, 'N_anc': 10703.081370547688, 'N_yri': 8308.096485869926, 'N_ooa': 14726.015040133223, 'N_ceu': 6436.732614211113, 'N_chb': 9264.18529204218, 'gr_ceu': 0.1607272903426133, 'gr_chb': 0.13129175854145925}
Generation   3  Likelihood = -109502.988004
{'t1': 16.102706495879215, 't2': 42.10123111311291, 't3': 647.8749767696254, 'N_anc': 10320.757705618873, 'N_yri': 11478.473297194745, 'N_ooa': 17023.097363971574, 'N_ceu': 6987.74303342477, 'N_chb': 9872.078899925773, 'gr_ceu': 0.22746284052658305, 'gr_chb': 0.08798560641758563}
Generation   4  Likelihood = -108257.146964
{'t1': 11.445089010559284, 't2': 40.63724350171398, 't3': 1584.1231374244392, 'N_anc': 12259.600190054303, 'N_yri': 10456.073350259872, 'N_ooa': 20120.693941325, 'N_ceu': 6800.426228183796, 'N_chb': 12981.191464510086, 'gr_ceu': 0.16347682805715757, 'gr_chb': 0.1764213145962122}
2026-09-28 12:46:45,005 - INFO - Finished fitting ARG.
2026-09-28 12:46:45,005 - INFO - Finished in 1h 22m 0.1s
2026-09-28 12:46:45,005 - INFO - Estimated: {'t1': 11.445089010559284, 't2': 40.63724350171398, 't3': 1584.1231374244392, 'N_anc': 12259.600190054303, 'N_yri': 10456.073350259872, 'N_ooa': 20120.693941325, 'N_ceu': 6800.426228183796, 'N_chb': 12981.191464510086, 'gr_ceu': 0.16347682805715757, 'gr_chb': 0.1764213145962122}
2026-09-28 12:46:45,005 - INFO - logp = -108257.14696369132  (true = -115575.01332189361)
2026-09-28 12:46:45,005 - INFO - Pipeline executed succesfully.
Generation   5  Likelihood = -108257.146964
{'t1': 11.445089010559284, 't2': 40.63724350171398, 't3': 1584.1231374244392, 'N_anc': 12259.600190054303, 'N_yri': 10456.073350259872, 'N_ooa': 20120.693941325, 'N_ceu': 6800.426228183796, 'N_chb': 12981.191464510086, 'gr_ceu': 0.16347682805715757, 'gr_chb': 0.1764213145962122}

Final normalized parameters:
{'t1': 0.23357324511345479, 't2': 0.451524927796822, 't3': 0.15920835552004414, 'N_anc': 0.24519200380108608, 'N_yri': 0.20912146700519746, 'N_ooa': 0.40241387882650004, 'N_ceu': 0.13600852456367593, 'N_chb': 0.2596238292902017, 'gr_ceu': 0.16347682805715757, 'gr_chb': 0.1764213145962122}

Final demographic parameters:
{'t1': 11.445089010559284, 't2': 40.63724350171398, 't3': 1584.1231374244392, 'N_anc': 12259.600190054303, 'N_yri': 10456.073350259872, 'N_ooa': 20120.693941325, 'N_ceu': 6800.426228183796, 'N_chb': 12981.191464510086, 'gr_ceu': 0.16347682805715757, 'gr_chb': 0.1764213145962122}

Final likelihood = -108257.146964
