2026-09-24 11:17:19,247 - INFO - Beginning execution of simulate_and_fit_ARG.py in directory /home1/mahj/glike_optimize/opt_scripts

2026-09-24 11:17:19,248 - INFO - Progress is being logged to ../opt_results_CMA_ES_3G09_no_m1_kappa_10000/ntree_10_rep_1_simulate_ARG.log

2026-09-24 11:17:19,248 - INFO - Parsed the following arguments:
	N_SAMPLES = 1000.0
	SEQUENCE_LENGTH = 30000000.0
	RECOMBINATION_RATE = 1e-08
	SEED = 1
	NUM_TREES = 10
	OPTIMIZER = CMA_ES
	MODEL = 3G09_no_m
	KAPPA = 10000
	outprefix = ../opt_results_CMA_ES_3G09_no_m1_kappa_10000/ntree_10_rep_1

2026-09-24 11:17:19,280 - INFO - Sampling 1000 individuals with ploidy 1 in population 0 (name='admix') at time 0
2026-09-24 11:17:19,290 - INFO - Starting replicate 0
2026-09-24 11:17:19,290 - INFO - model[0] {'name': 'hudson'} started at time=0 nodes=1000 edges=0
2026-09-24 11:17:19,290 - INFO - Running model {'name': 'hudson'} until max time: inf
2026-09-24 11:17:19,985 - INFO - Completed at time=24250.7 nodes=39508 edges=264883
2026-09-24 11:17:21,028 - INFO - Finished simulating ARG.
[phase from 0.0 to 19.0]
        admix
ns   0.000006
grs  0.078000

[phase from 19.0 to 411.0]
       afr    eur   asia    pol
admix  0.0  0.198  0.334  0.468
        afr       eur     asia       pol
ns   0.0001  0.000075  0.00004  0.000064
grs  0.0000  0.000000  0.00000  0.000000

[phase from 411.0 to 1040.0]
      afr  eur  asia
afr     1    0     0
eur     0    1     0
asia    0    0     1
pol     0    0     1
        afr       eur     asia
ns   0.0001  0.000075  0.00037
grs  0.0000  0.000000  0.00000

[phase from 1040.0 to 2004.0]
      afr  eur
afr     1    0
eur     0    1
asia    0    1
        afr       eur
ns   0.0001  0.000405
grs  0.0000  0.000000

[phase from 2004.0 to inf]
     A
afr  1
eur  1
            A
ns   0.000375
grs  0.000000

2026-09-24 11:17:34,777 - INFO - Starting glike optimization.

Initial parameters:
{'t1': 10, 't2': 50, 't3': 100, 'N_anc': 10000, 'N_yri': 10000, 'N_ooa': 10000, 'N_ceu': 10000, 'N_chb': 10000, 'gr_ceu': 0.1, 'gr_chb': 0.1}

Encoded parameters:
{'t1': 10, 't2': 50, 't3': 100, 'N_anc': 10000, 'N_yri': 10000, 'N_ooa': 10000, 'N_ceu': 10000, 'N_chb': 10000, 'gr_ceu': 0.1, 'gr_chb': 0.1}

Normalized CMA-ES parameters:
{'t1': 0.20408163265306123, 't2': 0.5555555555555556, 't3': 0.010050251256281407, 'N_anc': 0.2, 'N_yri': 0.2, 'N_ooa': 0.2, 'N_ceu': 0.2, 'N_chb': 0.2, 'gr_ceu': 0.1, 'gr_chb': 0.1}

CMA-ES parameter scales:
  t1: 49.0
  t2: 90.0
  t3: 9950.0
  N_anc: 50000.0
  N_yri: 50000.0
  N_ooa: 50000.0
  N_ceu: 50000.0
  N_chb: 50000.0
  gr_ceu: 1.0
  gr_chb: 1.0

-118395.2101752678
Generation   1  Likelihood = -109713.037410
{'t1': 8.208124050783873, 't2': 48.92180111511397, 't3': 995.6031380873866, 'N_anc': 7387.987763743397, 'N_yri': 14882.401898568223, 'N_ooa': 16468.81367039404, 'N_ceu': 9011.410508668361, 'N_chb': 8836.497315695264, 'gr_ceu': 0.12712843349391187, 'gr_chb': 0.08900601715242085}
Generation   2  Likelihood = -109713.037410
{'t1': 8.208124050783873, 't2': 48.92180111511397, 't3': 995.6031380873866, 'N_anc': 7387.987763743397, 'N_yri': 14882.401898568223, 'N_ooa': 16468.81367039404, 'N_ceu': 9011.410508668361, 'N_chb': 8836.497315695264, 'gr_ceu': 0.12712843349391187, 'gr_chb': 0.08900601715242085}
Generation   3  Likelihood = -108984.028257
{'t1': 9.046996588195633, 't2': 54.59445009011793, 't3': 1044.3277459574701, 'N_anc': 5237.024070879809, 'N_yri': 8250.148395771417, 'N_ooa': 18462.41051766879, 'N_ceu': 11460.650515113184, 'N_chb': 4998.470749162941, 'gr_ceu': 0.06974870199435283, 'gr_chb': 0.10213304834624001}
Generation   4  Likelihood = -108064.575807
{'t1': 6.068110353671034, 't2': 59.65674112473764, 't3': 813.9796035039285, 'N_anc': 5438.069860584911, 'N_yri': 7414.86611954254, 'N_ooa': 22242.06880621196, 'N_ceu': 7718.794970381533, 'N_chb': 4198.217065679262, 'gr_ceu': 0.01657054596433373, 'gr_chb': 0.08794468147935972}
2026-09-24 11:34:06,050 - INFO - Finished fitting ARG.
2026-09-24 11:34:06,051 - INFO - Finished in 0h 16m 31.3s
2026-09-24 11:34:06,051 - INFO - Estimated: {'t1': 5.176477904325466, 't2': 64.68410798864909, 't3': 951.8120749694962, 'N_anc': 2295.431930340853, 'N_yri': 11488.412471405092, 'N_ooa': 23653.93504986221, 'N_ceu': 8435.857033624643, 'N_chb': 7524.2843970406675, 'gr_ceu': 0.15953818253393498, 'gr_chb': 0.0685660168439495}
2026-09-24 11:34:06,051 - INFO - logp = -106878.01717087098  (true = -115593.45290358014)
2026-09-24 11:34:06,051 - INFO - Pipeline executed succesfully.
Generation   5  Likelihood = -106878.017171
{'t1': 5.176477904325466, 't2': 64.68410798864909, 't3': 951.8120749694962, 'N_anc': 2295.431930340853, 'N_yri': 11488.412471405092, 'N_ooa': 23653.93504986221, 'N_ceu': 8435.857033624643, 'N_chb': 7524.2843970406675, 'gr_ceu': 0.15953818253393498, 'gr_chb': 0.0685660168439495}

Final normalized parameters:
{'t1': 0.1056424062107238, 't2': 0.7187123109849899, 't3': 0.09565950502205992, 'N_anc': 0.04590863860681706, 'N_yri': 0.22976824942810184, 'N_ooa': 0.47307870099724425, 'N_ceu': 0.16871714067249285, 'N_chb': 0.15048568794081335, 'gr_ceu': 0.15953818253393498, 'gr_chb': 0.0685660168439495}

Final demographic parameters:
{'t1': 5.176477904325466, 't2': 64.68410798864909, 't3': 951.8120749694962, 'N_anc': 2295.431930340853, 'N_yri': 11488.412471405092, 'N_ooa': 23653.93504986221, 'N_ceu': 8435.857033624643, 'N_chb': 7524.2843970406675, 'gr_ceu': 0.15953818253393498, 'gr_chb': 0.0685660168439495}

Final likelihood = -106878.017171
