2026-09-23 11:03:12,408 - INFO - Beginning execution of simulate_and_fit_ARG.py in directory /home1/mahj/glike_optimize/opt_scripts

2026-09-23 11:03:12,408 - INFO - Progress is being logged to ../opt_results_CMA_ES_3G09_no_m1/ntree_10_rep_7_simulate_ARG.log

2026-09-23 11:03:12,408 - INFO - Parsed the following arguments:
	N_SAMPLES = 1000.0
	SEQUENCE_LENGTH = 30000000.0
	RECOMBINATION_RATE = 1e-08
	SEED = 1
	NUM_TREES = 10
	OPTIMIZER = CMA_ES
	MODEL = 3G09_no_m
	KAPPA = 20000
	outprefix = ../opt_results_CMA_ES_3G09_no_m1/ntree_10_rep_7

2026-09-23 11:03:12,435 - INFO - Sampling 1000 individuals with ploidy 1 in population 0 (name='admix') at time 0
2026-09-23 11:03:12,438 - INFO - Starting replicate 0
2026-09-23 11:03:12,438 - INFO - model[0] {'name': 'hudson'} started at time=0 nodes=1000 edges=0
2026-09-23 11:03:12,438 - INFO - Running model {'name': 'hudson'} until max time: inf
2026-09-23 11:03:13,151 - INFO - Completed at time=24250.7 nodes=39508 edges=264883
2026-09-23 11:03:14,194 - INFO - Finished simulating ARG.
[phase from 0.0 to 19.0]
        admix
ns   0.000006
grs  0.078000

[phase from 19.0 to 411.0]
       afr    eur   asia    pol
admix  0.0  0.198  0.334  0.468
        afr       eur     asia       pol
ns   0.0001  0.000075  0.00004  0.000064
grs  0.0000  0.000000  0.00000  0.000000

[phase from 411.0 to 1040.0]
      afr  eur  asia
afr     1    0     0
eur     0    1     0
asia    0    0     1
pol     0    0     1
        afr       eur     asia
ns   0.0001  0.000075  0.00037
grs  0.0000  0.000000  0.00000

[phase from 1040.0 to 2004.0]
      afr  eur
afr     1    0
eur     0    1
asia    0    1
        afr       eur
ns   0.0001  0.000405
grs  0.0000  0.000000

[phase from 2004.0 to inf]
     A
afr  1
eur  1
            A
ns   0.000375
grs  0.000000

2026-09-23 11:03:27,159 - INFO - Starting glike optimization.
-118373.53714930861
2026-09-23 11:35:50,432 - INFO - Finished fitting ARG.
2026-09-23 11:35:50,432 - INFO - Finished in 0h 32m 23.3s
2026-09-23 11:35:50,432 - INFO - Estimated: {'t1': 10.10719045205411, 't2': 49.95323815508548, 't3': 99.97915014646892, 'N_anc': 9999.82153328112, 'N_yri': 9999.973670152403, 'N_ooa': 10000.015153841958, 'N_ceu': 9999.931418393635, 'N_chb': 10000.048416095571, 'gr_ceu': 0.15653938721696342, 'gr_chb': 0.20603080486618675}
2026-09-23 11:35:50,432 - INFO - logp = -118316.63432574058  (true = -115581.21752421318)
2026-09-23 11:35:50,432 - INFO - Pipeline executed succesfully.
Generation   5  Likelihood = -118316.634326
{'t1': 10.10719045205411, 't2': 49.95323815508548, 't3': 99.97915014646892, 'N_anc': 9999.82153328112, 'N_yri': 9999.973670152403, 'N_ooa': 10000.015153841958, 'N_ceu': 9999.931418393635, 'N_chb': 10000.048416095571, 'gr_ceu': 0.15653938721696342, 'gr_chb': 0.20603080486618675}
