2026-09-03 02:36:57,952 - INFO - Beginning execution of simulate_and_fit_ARG.py in directory /home1/mahj/glike_optimize/opt_scripts

2026-09-03 02:36:57,953 - INFO - Progress is being logged to ../opt_results_glike_NH/ntree_10_rep_3_simulate_ARG.log

2026-09-03 02:36:57,953 - INFO - Parsed the following arguments:
	N_SAMPLES = 1000.0
	SEQUENCE_LENGTH = 30000000.0
	RECOMBINATION_RATE = 1e-08
	SEED = 1
	NUM_TREES = 10
	OPTIMIZER = glike
	MODEL = NH
	outprefix = ../opt_results_glike_NH/ntree_10_rep_3

2026-09-03 02:36:57,980 - INFO - Sampling 1000 individuals with ploidy 1 in population 0 (name='admix') at time 0
2026-09-03 02:36:57,988 - INFO - Starting replicate 0
2026-09-03 02:36:57,988 - INFO - model[0] {'name': 'hudson'} started at time=0 nodes=1000 edges=0
2026-09-03 02:36:57,988 - INFO - Running model {'name': 'hudson'} until max time: inf
2026-09-03 02:36:58,686 - INFO - Completed at time=24250.7 nodes=39508 edges=264883
2026-09-03 02:36:59,732 - INFO - Finished simulating ARG.
[phase from 0.0 to 19.0]
        admix
ns   0.000006
grs  0.078000

[phase from 19.0 to 411.0]
       afr    eur   asia    pol
admix  0.0  0.198  0.334  0.468
        afr       eur     asia       pol
ns   0.0001  0.000075  0.00004  0.000064
grs  0.0000  0.000000  0.00000  0.000000

[phase from 411.0 to 1040.0]
      afr  eur  asia
afr     1    0     0
eur     0    1     0
asia    0    0     1
pol     0    0     1
        afr       eur     asia
ns   0.0001  0.000075  0.00037
grs  0.0000  0.000000  0.00000

[phase from 1040.0 to 2004.0]
      afr  eur
afr     1    0
eur     0    1
asia    0    1
        afr       eur
ns   0.0001  0.000405
grs  0.0000  0.000000

[phase from 2004.0 to inf]
     A
afr  1
eur  1
            A
ns   0.000375
grs  0.000000

2026-09-03 02:37:13,272 - INFO - Starting glike optimization.
{'t1': 10, 't2': 100, 't3': 1000, 't4': 2000, 'r1': 0.25, 'r2': 0.25, 'r3': 0.25, 'N_admix': 10000, 'N_afr': 10000, 'N_eur': 10000, 'N_asia': 10000, 'N_pol': 10000, 'N_aa': 10000, 'N_ooa': 10000, 'N_anc': 10000, 'gr': 0.1} -118561.27646533331
{'t1': 10.9, 't2': 108.91, 't3': 1000, 't4': 1900.0, 'r1': 0.275, 'r2': 0.275, 'r3': 0.225, 'N_admix': 10990.0, 'N_afr': 10990.0, 'N_eur': 10990.0, 'N_asia': 10000, 'N_pol': 10000, 'N_aa': 10990.0, 'N_ooa': 9010.0, 'N_anc': 9010.0, 'gr': 0.11} -117880.76613922763
{'t1': 12.385, 't2': 123.38875, 't3': 956.16944, 't4': 1758.42542, 'r1': 0.275, 'r2': 0.31625, 'r3': 0.19125, 'N_admix': 12623.5, 'N_afr': 12623.5, 'N_eur': 12623.5, 'N_asia': 9505.0, 'N_pol': 10495.0, 'N_aa': 12623.5, 'N_ooa': 7673.5, 'N_anc': 7673.5, 'gr': 0.1265} -117237.54296981107
{'t1': 14.94663, 't2': 147.78823, 't3': 956.16944, 't4': 1577.91782, 'r1': 0.275, 'r2': 0.31625, 'r3': 0.19125, 'N_admix': 15441.2875, 'N_afr': 12623.5, 'N_eur': 12623.5, 'N_asia': 9505.0, 'N_pol': 11274.625, 'N_aa': 12623.5, 'N_ooa': 5969.4625, 'N_anc': 5969.4625, 'gr': 0.15496} -116673.74337481383
{'t1': 19.65362, 't2': 191.03366, 't3': 987.25686, 't4': 1378.56975, 'r1': 0.26125, 'r2': 0.31625, 'r3': 0.21277, 'N_admix': 20618.97203, 'N_afr': 11214.60625, 'N_eur': 12623.5, 'N_asia': 9975.25, 'N_pol': 11274.625, 'N_aa': 12623.5, 'N_ooa': 3988.51891, 'N_anc': 3988.51891, 'gr': 0.10266} -116322.77388179762
{'t1': 19.65362, 't2': 276.72368, 't3': 1016.60533, 't4': 1197.58754, 'r1': 0.24166, 'r2': 0.29846, 'r3': 0.21277, 'N_admix': 30878.45804, 'N_afr': 11214.60625, 'N_eur': 12623.5, 'N_asia': 10715.89375, 'N_pol': 11274.625, 'N_aa': 11919.05313, 'N_ooa': 2044.25945, 'N_anc': 2044.25945, 'gr': 0.05133} -116059.3322142024
{'t1': 24.31703, 't2': 402.92701, 't3': 1016.60533, 't4': 1107.09643, 'r1': 0.21447, 'r2': 0.29846, 'r3': 0.21277, 'N_admix': 30878.45804, 'N_afr': 11214.60625, 'N_eur': 12623.5, 'N_asia': 11910.1818, 'N_pol': 11833.35625, 'N_aa': 10921.82052, 'N_ooa': 3016.38918, 'N_anc': 3016.38918, 'gr': 0.05133} -115721.60723794461
{'t1': 24.31703, 't2': 402.92701, 't3': 1016.60533, 't4': 1061.85088, 'r1': 0.21447, 'r2': 0.29846, 'r3': 0.22341, 'N_admix': 38573.07255, 'N_afr': 10658.87594, 'N_eur': 11997.325, 'N_asia': 13903.14998, 'N_pol': 12713.35797, 'N_aa': 9552.18386, 'N_ooa': 1558.19459, 'N_anc': 3016.38918, 'gr': 0.0385} -115544.61243396519
{'t1': 28.68897, 't2': 402.92701, 't3': 1016.60533, 't4': 1061.85088, 'r1': 0.21447, 'r2': 0.28354, 'r3': 0.24017, 'N_admix': 38573.07255, 'N_afr': 10658.87594, 'N_eur': 11105.02563, 'N_asia': 13903.14998, 'N_pol': 14132.36074, 'N_aa': 7757.74583, 'N_ooa': 1558.19459, 'N_anc': 2287.29189, 'gr': 0.0385} -115347.8813333577
{'t1': 28.68897, 't2': 402.92701, 't3': 1016.60533, 't4': 1061.85088, 'r1': 0.21447, 'r2': 0.26227, 'r3': 0.26719, 'N_admix': 38573.07255, 'N_afr': 10658.87594, 'N_eur': 9866.96025, 'N_asia': 15650.11115, 'N_pol': 14132.36074, 'N_aa': 5577.08305, 'N_ooa': 1558.19459, 'N_anc': 2287.29189, 'gr': 0.03128} -115109.60632098939
{'t1': 28.68897, 't2': 402.92701, 't3': 1016.60533, 't4': 1061.85088, 'r1': 0.20375, 'r2': 0.23276, 'r3': 0.26719, 'N_admix': 38573.07255, 'N_afr': 10130.93214, 'N_eur': 9866.96025, 'N_asia': 15650.11115, 'N_pol': 15316.34118, 'N_aa': 3237.55558, 'N_ooa': 1740.46891, 'N_anc': 2697.40912, 'gr': 0.03128} -114916.75384817157
{'t1': 30.63585, 't2': 402.92701, 't3': 1018.86761, 't4': 1059.16443, 'r1': 0.20375, 'r2': 0.23276, 'r3': 0.26719, 'N_admix': 36649.41892, 'N_afr': 10130.93214, 'N_eur': 9042.87298, 'N_asia': 14174.06544, 'N_pol': 17242.15936, 'N_aa': 3237.55558, 'N_ooa': 1740.46891, 'N_anc': 2697.40912, 'gr': 0.03128} -114843.74435310264
{'t1': 30.63585, 't2': 402.92701, 't3': 1018.86761, 't4': 1059.16443, 'r1': 0.20375, 'r2': 0.23276, 'r3': 0.26719, 'N_admix': 36649.41892, 'N_afr': 10130.93214, 'N_eur': 9042.87298, 'N_asia': 14174.06544, 'N_pol': 17242.15936, 'N_aa': 3237.55558, 'N_ooa': 1740.46891, 'N_anc': 2697.40912, 'gr': 0.03128} -114843.74435310264
{'t1': 29.07302, 't2': 402.92701, 't3': 1018.86761, 't4': 1059.16443, 'r1': 0.20375, 'r2': 0.23276, 'r3': 0.26719, 'N_admix': 38476.88987, 'N_afr': 10130.93214, 'N_eur': 9042.87298, 'N_asia': 13172.11293, 'N_pol': 17242.15936, 'N_aa': 3237.55558, 'N_ooa': 1740.46891, 'N_anc': 2697.40912, 'gr': 0.03128} -114823.15834860588
{'t1': 29.07302, 't2': 402.92701, 't3': 1018.86761, 't4': 1059.16443, 'r1': 0.20375, 'r2': 0.23276, 'r3': 0.26719, 'N_admix': 38476.88987, 'N_afr': 10130.93214, 'N_eur': 9042.87298, 'N_asia': 13172.11293, 'N_pol': 17242.15936, 'N_aa': 3237.55558, 'N_ooa': 1740.46891, 'N_anc': 2697.40912, 'gr': 0.03128} -114823.15834860588
{'t1': 29.07302, 't2': 402.92701, 't3': 1018.86761, 't4': 1059.16443, 'r1': 0.20375, 'r2': 0.23276, 'r3': 0.26719, 'N_admix': 38476.88987, 'N_afr': 10130.93214, 'N_eur': 9042.87298, 'N_asia': 13172.11293, 'N_pol': 17242.15936, 'N_aa': 3237.55558, 'N_ooa': 1740.46891, 'N_anc': 2697.40912, 'gr': 0.03128} -114823.15834860588
{'t1': 29.07302, 't2': 402.92701, 't3': 1018.86761, 't4': 1059.16443, 'r1': 0.20375, 'r2': 0.23276, 'r3': 0.26719, 'N_admix': 38476.88987, 'N_afr': 10130.93214, 'N_eur': 9042.87298, 'N_asia': 13172.11293, 'N_pol': 17242.15936, 'N_aa': 3237.55558, 'N_ooa': 1740.46891, 'N_anc': 2697.40912, 'gr': 0.03128} -114823.15834860588
{'t1': 29.07302, 't2': 402.92701, 't3': 1018.86761, 't4': 1059.16443, 'r1': 0.20375, 'r2': 0.23276, 'r3': 0.26719, 'N_admix': 38476.88987, 'N_afr': 10130.93214, 'N_eur': 9042.87298, 'N_asia': 13172.11293, 'N_pol': 17242.15936, 'N_aa': 3237.55558, 'N_ooa': 1740.46891, 'N_anc': 2697.40912, 'gr': 0.03128} -114823.15834860588
2026-09-03 05:58:11,261 - INFO - Finished fitting ARG.
2026-09-03 05:58:11,261 - INFO - Finished in 3h 20m 58.0s
2026-09-03 05:58:11,262 - INFO - Estimated: {'t1': 29.07302, 't2': 402.92701, 't3': 1018.86761, 't4': 1059.16443, 'r1': 0.20375, 'r2': 0.23276, 'r3': 0.26719, 'N_admix': 38476.88987, 'N_afr': 10130.93214, 'N_eur': 9042.87298, 'N_asia': 13172.11293, 'N_pol': 17242.15936, 'N_aa': 3237.55558, 'N_ooa': 1740.46891, 'N_anc': 2697.40912, 'gr': 0.03128}
2026-09-03 05:58:11,262 - INFO - logp = -114823.15834860588  (true = -115582.41169792054)
2026-09-03 05:58:11,262 - INFO - Pipeline executed succesfully.
