2026-09-03 02:38:02,664 - INFO - Beginning execution of simulate_and_fit_ARG.py in directory /home1/mahj/glike_optimize/opt_scripts

2026-09-03 02:38:02,664 - INFO - Progress is being logged to ../opt_results_glike_NH/ntree_10_rep_7_simulate_ARG.log

2026-09-03 02:38:02,664 - INFO - Parsed the following arguments:
	N_SAMPLES = 1000.0
	SEQUENCE_LENGTH = 30000000.0
	RECOMBINATION_RATE = 1e-08
	SEED = 1
	NUM_TREES = 10
	OPTIMIZER = glike
	MODEL = NH
	outprefix = ../opt_results_glike_NH/ntree_10_rep_7

2026-09-03 02:38:02,733 - INFO - Sampling 1000 individuals with ploidy 1 in population 0 (name='admix') at time 0
2026-09-03 02:38:02,744 - INFO - Starting replicate 0
2026-09-03 02:38:02,745 - INFO - model[0] {'name': 'hudson'} started at time=0 nodes=1000 edges=0
2026-09-03 02:38:02,745 - INFO - Running model {'name': 'hudson'} until max time: inf
2026-09-03 02:38:03,741 - INFO - Completed at time=24250.7 nodes=39508 edges=264883
2026-09-03 02:38:04,941 - INFO - Finished simulating ARG.
[phase from 0.0 to 19.0]
        admix
ns   0.000006
grs  0.078000

[phase from 19.0 to 411.0]
       afr    eur   asia    pol
admix  0.0  0.198  0.334  0.468
        afr       eur     asia       pol
ns   0.0001  0.000075  0.00004  0.000064
grs  0.0000  0.000000  0.00000  0.000000

[phase from 411.0 to 1040.0]
      afr  eur  asia
afr     1    0     0
eur     0    1     0
asia    0    0     1
pol     0    0     1
        afr       eur     asia
ns   0.0001  0.000075  0.00037
grs  0.0000  0.000000  0.00000

[phase from 1040.0 to 2004.0]
      afr  eur
afr     1    0
eur     0    1
asia    0    1
        afr       eur
ns   0.0001  0.000405
grs  0.0000  0.000000

[phase from 2004.0 to inf]
     A
afr  1
eur  1
            A
ns   0.000375
grs  0.000000

2026-09-03 02:38:27,191 - INFO - Starting glike optimization.
{'t1': 10, 't2': 100, 't3': 1000, 't4': 2000, 'r1': 0.25, 'r2': 0.25, 'r3': 0.25, 'N_admix': 10000, 'N_afr': 10000, 'N_eur': 10000, 'N_asia': 10000, 'N_pol': 10000, 'N_aa': 10000, 'N_ooa': 10000, 'N_anc': 10000, 'gr': 0.1} -118601.15507210333
{'t1': 10.9, 't2': 108.91, 't3': 1000, 't4': 1900.0, 'r1': 0.275, 'r2': 0.275, 'r3': 0.225, 'N_admix': 10990.0, 'N_afr': 10990.0, 'N_eur': 10000, 'N_asia': 10000, 'N_pol': 10990.0, 'N_aa': 10990.0, 'N_ooa': 9010.0, 'N_anc': 9010.0, 'gr': 0.11} -117916.86908913928
{'t1': 12.385, 't2': 123.38875, 't3': 1043.83056, 't4': 1771.57458, 'r1': 0.275, 'r2': 0.275, 'r3': 0.225, 'N_admix': 12623.5, 'N_afr': 12623.5, 'N_eur': 10495.0, 'N_asia': 10000, 'N_pol': 10990.0, 'N_aa': 12623.5, 'N_ooa': 7673.5, 'N_anc': 7673.5, 'gr': 0.1265} -117321.96384805124
{'t1': 14.94663, 't2': 147.78823, 't3': 989.24976, 't4': 1595.5515, 'r1': 0.275, 'r2': 0.275, 'r3': 0.225, 'N_admix': 15441.2875, 'N_afr': 12623.5, 'N_eur': 11274.625, 'N_asia': 10000, 'N_pol': 10990.0, 'N_aa': 12623.5, 'N_ooa': 5969.4625, 'N_anc': 5969.4625, 'gr': 0.15496} -116712.56103051719
{'t1': 19.65362, 't2': 191.03366, 't3': 989.24976, 't4': 1390.92466, 'r1': 0.28875, 'r2': 0.275, 'r3': 0.21375, 'N_admix': 20618.97203, 'N_afr': 11214.60625, 'N_eur': 12531.77031, 'N_asia': 10495.0, 'N_pol': 11534.5, 'N_aa': 11214.60625, 'N_ooa': 3988.51891, 'N_anc': 3988.51891, 'gr': 0.10266} -116331.31641080728
{'t1': 19.65362, 't2': 276.72368, 't3': 989.24976, 't4': 1190.08721, 'r1': 0.26709, 'r2': 0.28875, 'r3': 0.21375, 'N_admix': 30878.45804, 'N_afr': 11214.60625, 'N_eur': 12531.77031, 'N_asia': 11274.625, 'N_pol': 10676.9125, 'N_aa': 9339.01645, 'N_ooa': 2044.25945, 'N_anc': 2044.25945, 'gr': 0.05133} -116022.44272115514
{'t1': 24.31703, 't2': 402.92701, 't3': 979.20789, 't4': 1084.64755, 'r1': 0.23704, 'r2': 0.26709, 'r3': 0.22444, 'N_admix': 30878.45804, 'N_afr': 11214.60625, 'N_eur': 11482.83969, 'N_asia': 12531.77031, 'N_pol': 11866.81516, 'N_aa': 7000.39041, 'N_ooa': 2044.25945, 'N_anc': 3016.38918, 'gr': 0.05133} -115381.77274974345
{'t1': 24.31703, 't2': 402.92701, 't3': 979.20789, 't4': 1031.92772, 'r1': 0.19704, 'r2': 0.26709, 'r3': 0.24127, 'N_admix': 38573.07255, 'N_afr': 11214.60625, 'N_eur': 10042.19904, 'N_asia': 14629.63155, 'N_pol': 13852.46522, 'N_aa': 4380.39843, 'N_ooa': 1558.19459, 'N_anc': 3016.38918, 'gr': 0.0385} -115003.67984895974
{'t1': 24.31703, 't2': 402.92701, 't3': 979.20789, 't4': 1031.92772, 'r1': 0.19704, 'r2': 0.25207, 'r3': 0.24127, 'N_admix': 38573.07255, 'N_afr': 11214.60625, 'N_eur': 10042.19904, 'N_asia': 14629.63155, 'N_pol': 13852.46522, 'N_aa': 4380.39843, 'N_ooa': 1558.19459, 'N_anc': 3016.38918, 'gr': 0.0385} -114998.36349057661
{'t1': 24.31703, 't2': 402.92701, 't3': 981.84388, 't4': 1031.92772, 'r1': 0.19704, 'r2': 0.25207, 'r3': 0.24127, 'N_admix': 38573.07255, 'N_afr': 11214.60625, 'N_eur': 10042.19904, 'N_asia': 14629.63155, 'N_pol': 15593.0116, 'N_aa': 3310.29882, 'N_ooa': 1558.19459, 'N_anc': 2651.84053, 'gr': 0.0385} -114928.89124400014
{'t1': 25.48288, 't2': 402.92701, 't3': 981.84388, 't4': 1031.92772, 'r1': 0.19704, 'r2': 0.25207, 'r3': 0.24127, 'N_admix': 38573.07255, 'N_afr': 11214.60625, 'N_eur': 10539.30899, 'N_asia': 13710.1783, 'N_pol': 15593.0116, 'N_aa': 3310.29882, 'N_ooa': 1558.19459, 'N_anc': 2651.84053, 'gr': 0.0385} -114898.4986775161
{'t1': 25.48288, 't2': 402.92701, 't3': 981.84388, 't4': 1031.92772, 'r1': 0.19704, 'r2': 0.25207, 'r3': 0.24127, 'N_admix': 38573.07255, 'N_afr': 11214.60625, 'N_eur': 10539.30899, 'N_asia': 12418.27466, 'N_pol': 15593.0116, 'N_aa': 3310.29882, 'N_ooa': 1558.19459, 'N_anc': 2891.07558, 'gr': 0.03657} -114897.69792431802
{'t1': 25.48288, 't2': 402.92701, 't3': 981.84388, 't4': 1031.92772, 'r1': 0.19704, 'r2': 0.25207, 'r3': 0.24127, 'N_admix': 40496.72618, 'N_afr': 11214.60625, 'N_eur': 10539.30899, 'N_asia': 12418.27466, 'N_pol': 16367.66218, 'N_aa': 3009.33331, 'N_ooa': 1558.19459, 'N_anc': 2891.07558, 'gr': 0.03383} -114884.18737647463
{'t1': 25.48288, 't2': 402.92701, 't3': 981.84388, 't4': 1031.92772, 'r1': 0.19704, 'r2': 0.25207, 'r3': 0.24127, 'N_admix': 40496.72618, 'N_afr': 11214.60625, 'N_eur': 10017.34354, 'N_asia': 12418.27466, 'N_pol': 16367.66218, 'N_aa': 3009.33331, 'N_ooa': 1558.19459, 'N_anc': 2694.82808, 'gr': 0.03383} -114883.66312943643
{'t1': 25.48288, 't2': 402.92701, 't3': 981.84388, 't4': 1031.92772, 'r1': 0.19704, 'r2': 0.25207, 'r3': 0.24127, 'N_admix': 40496.72618, 'N_afr': 11214.60625, 'N_eur': 10017.34354, 'N_asia': 12418.27466, 'N_pol': 16367.66218, 'N_aa': 3009.33331, 'N_ooa': 1558.19459, 'N_anc': 2694.82808, 'gr': 0.03383} -114883.66312943643
{'t1': 25.48288, 't2': 402.92701, 't3': 981.84388, 't4': 1031.92772, 'r1': 0.19704, 'r2': 0.25207, 'r3': 0.24127, 'N_admix': 40496.72618, 'N_afr': 11214.60625, 'N_eur': 10017.34354, 'N_asia': 12418.27466, 'N_pol': 16367.66218, 'N_aa': 3009.33331, 'N_ooa': 1558.19459, 'N_anc': 2831.66472, 'gr': 0.03383} -114883.54494743214
{'t1': 25.48288, 't2': 402.92701, 't3': 981.84388, 't4': 1031.92772, 'r1': 0.19704, 'r2': 0.25207, 'r3': 0.24127, 'N_admix': 40496.72618, 'N_afr': 11214.60625, 'N_eur': 10017.34354, 'N_asia': 12418.27466, 'N_pol': 16367.66218, 'N_aa': 3009.33331, 'N_ooa': 1558.19459, 'N_anc': 2831.66472, 'gr': 0.03383} -114883.54494743214
{'t1': 25.48288, 't2': 402.92701, 't3': 981.84388, 't4': 1031.92772, 'r1': 0.19704, 'r2': 0.25207, 'r3': 0.24127, 'N_admix': 40496.72618, 'N_afr': 11214.60625, 'N_eur': 10017.34354, 'N_asia': 12418.27466, 'N_pol': 16367.66218, 'N_aa': 3009.33331, 'N_ooa': 1558.19459, 'N_anc': 2831.66472, 'gr': 0.03383} -114883.54494743214
{'t1': 25.48288, 't2': 402.92701, 't3': 981.84388, 't4': 1031.92772, 'r1': 0.19704, 'r2': 0.25207, 'r3': 0.24127, 'N_admix': 40496.72618, 'N_afr': 11214.60625, 'N_eur': 10017.34354, 'N_asia': 12418.27466, 'N_pol': 16367.66218, 'N_aa': 3009.33331, 'N_ooa': 1558.19459, 'N_anc': 2831.66472, 'gr': 0.03383} -114883.54494743214
{'t1': 25.48288, 't2': 402.92701, 't3': 981.84388, 't4': 1031.92772, 'r1': 0.19704, 'r2': 0.25207, 'r3': 0.24127, 'N_admix': 40496.72618, 'N_afr': 11214.60625, 'N_eur': 10017.34354, 'N_asia': 12418.27466, 'N_pol': 16367.66218, 'N_aa': 3009.33331, 'N_ooa': 1558.19459, 'N_anc': 2831.66472, 'gr': 0.03383} -114883.54494743214
2026-09-03 08:37:33,071 - INFO - Finished fitting ARG.
2026-09-03 08:37:33,072 - INFO - Finished in 5h 59m 5.9s
2026-09-03 08:37:33,072 - INFO - Estimated: {'t1': 25.48288, 't2': 402.92701, 't3': 981.84388, 't4': 1031.92772, 'r1': 0.19704, 'r2': 0.25207, 'r3': 0.24127, 'N_admix': 40496.72618, 'N_afr': 11214.60625, 'N_eur': 10017.34354, 'N_asia': 12418.27466, 'N_pol': 16367.66218, 'N_aa': 3009.33331, 'N_ooa': 1558.19459, 'N_anc': 2831.66472, 'gr': 0.03383}
2026-09-03 08:37:33,073 - INFO - logp = -114883.54494743214  (true = -115563.07701804308)
2026-09-03 08:37:33,073 - INFO - Pipeline executed succesfully.
