2026-09-03 02:21:26,156 - INFO - Beginning execution of simulate_and_fit_ARG.py in directory /home1/mahj/glike_optimize/opt_scripts

2026-09-03 02:21:26,157 - INFO - Progress is being logged to ../opt_results_glike_3G09_no_m1/ntree_10_rep_19_simulate_ARG.log

2026-09-03 02:21:26,157 - INFO - Parsed the following arguments:
	N_SAMPLES = 1000.0
	SEQUENCE_LENGTH = 30000000.0
	RECOMBINATION_RATE = 1e-08
	SEED = 1
	NUM_TREES = 10
	OPTIMIZER = glike
	MODEL = 3G09
	outprefix = ../opt_results_glike_3G09_no_m1/ntree_10_rep_19

2026-09-03 02:21:26,186 - INFO - Sampling 1000 individuals with ploidy 1 in population 1 (name='ceu') at time 0
2026-09-03 02:21:26,191 - INFO - Starting replicate 0
2026-09-03 02:21:26,192 - INFO - model[0] {'name': 'hudson'} started at time=0 nodes=1000 edges=0
2026-09-03 02:21:26,192 - INFO - Running model {'name': 'hudson'} until max time: inf
2026-09-03 02:21:27,101 - INFO - Completed at time=130012 nodes=28005 edges=152908
2026-09-03 02:21:27,716 - INFO - Finished simulating ARG.
[phase from 0.0 to 30.0]
        yri     ceu     nea
ns   0.0001  0.0001  0.0001
grs  0.0000  0.0000  0.0000

[phase from 30.0 to 50.0]
        yri     ceu     nea
ns   0.0001  0.0001  0.0001
grs  0.0000  0.0000  0.0000

[phase from 50.0 to 73.95]
        yri     ceu     nea
ns   0.0001  0.0001  0.0001
grs  0.0000  0.0000  0.0000

[phase from 73.95 to 290.0]
     yri  nea
yri    1    0
ceu    1    0
nea    0    1
        yri     nea
ns   0.0001  0.0001
grs  0.0000  0.0000

[phase from 290.0 to inf]
     yri
yri    1
nea    1
        yri
ns   0.0001
grs  0.0000

2026-09-03 02:21:47,752 - INFO - Starting glike optimization.
{'t1': 10, 't2': 50, 't3': 100, 't4': 300, 'N_yri': 10000, 'N_ceu': 10000, 'N_nea': 10000, 'm1': 0.0} -94751.46478721983
{'t1': 10, 't2': 54.0, 't3': 95.4, 't4': 279.54, 'N_yri': 9010.0, 'N_ceu': 9010.0, 'N_nea': 9010.0, 'm1': 0.0} -94140.81061392542
{'t1': 10.45, 't2': 47.79, 't3': 88.2585, 't4': 250.84778, 'N_yri': 7673.5, 'N_ceu': 7673.5, 'N_nea': 7673.5, 'm1': 0.0} -93266.74696463167
{'t1': 10.45, 't2': 39.3885, 't3': 88.2585, 't4': 214.26519, 'N_yri': 5969.4625, 'N_ceu': 5969.4625, 'N_nea': 5969.4625, 'm1': 1e-05} -92234.32287448188
{'t1': 10.9225, 't2': 39.3885, 't3': 93.75637, 't4': 214.26519, 'N_yri': 3988.51891, 'N_ceu': 3988.51891, 'N_nea': 3988.51891, 'm1': 0.0} -91551.626893909
{'t1': 10.9225, 't2': 39.3885, 't3': 102.93095, 't4': 233.05284, 'N_yri': 5932.77837, 'N_ceu': 2044.25945, 'N_nea': 3988.51891, 'm1': 0.0} -91310.89783388392
{'t1': 10.42638, 't2': 36.94482, 't3': 102.93095, 't4': 233.05284, 'N_yri': 5932.77837, 'N_ceu': 3016.38918, 'N_nea': 3016.38918, 'm1': 0.0} -91214.13674471309
{'t1': 10.42638, 't2': 36.94482, 't3': 94.57958, 't4': 250.57836, 'N_yri': 5932.77837, 'N_ceu': 3016.38918, 'N_nea': 3016.38918, 'm1': 0.0} -91205.45501599158
{'t1': 10.42638, 't2': 36.94482, 't3': 105.52118, 't4': 250.57836, 'N_yri': 5203.68107, 'N_ceu': 3016.38918, 'N_nea': 3016.38918, 'm1': 1e-05} -91162.06742939379
{'t1': 10.42638, 't2': 38.27074, 't3': 105.52118, 't4': 250.57836, 'N_yri': 5203.68107, 'N_ceu': 3016.38918, 'N_nea': 3016.38918, 'm1': 1e-05} -91158.68460047603
{'t1': 10.42638, 't2': 38.27074, 't3': 105.52118, 't4': 250.57836, 'N_yri': 5203.68107, 'N_ceu': 2834.11486, 'N_nea': 3016.38918, 'm1': 1e-05} -91155.22433818714
{'t1': 10.42638, 't2': 38.27074, 't3': 105.52118, 't4': 250.57836, 'N_yri': 5203.68107, 'N_ceu': 2834.11486, 'N_nea': 3016.38918, 'm1': 1e-05} -91155.22433818714
{'t1': 10.42638, 't2': 38.27074, 't3': 105.52118, 't4': 250.57836, 'N_yri': 5203.68107, 'N_ceu': 2834.11486, 'N_nea': 3016.38918, 'm1': 1e-05} -91155.22433818714
{'t1': 10.42638, 't2': 38.27074, 't3': 105.52118, 't4': 250.57836, 'N_yri': 5203.68107, 'N_ceu': 2834.11486, 'N_nea': 3016.38918, 'm1': 1e-05} -91155.22433818714
{'t1': 10.42638, 't2': 38.27074, 't3': 105.52118, 't4': 250.57836, 'N_yri': 5203.68107, 'N_ceu': 2834.11486, 'N_nea': 3016.38918, 'm1': 1e-05} -91155.22433818714
2026-09-03 04:05:49,216 - INFO - Finished fitting ARG.
2026-09-03 04:05:49,216 - INFO - Finished in 1h 44m 1.5s
2026-09-03 04:05:49,217 - INFO - Estimated: {'t1': 10.42638, 't2': 38.27074, 't3': 105.52118, 't4': 250.57836, 'N_yri': 5203.68107, 'N_ceu': 2834.11486, 'N_nea': 3016.38918, 'm1': 1e-05}
2026-09-03 04:05:49,217 - INFO - logp = -91155.22433818714  (true = -94794.49416301408)
2026-09-03 04:05:49,217 - INFO - Pipeline executed succesfully.
