2026-09-03 02:21:27,040 - INFO - Beginning execution of simulate_and_fit_ARG.py in directory /home1/mahj/glike_optimize/opt_scripts

2026-09-03 02:21:27,040 - INFO - Progress is being logged to ../opt_results_glike_3G09_no_m1/ntree_10_rep_20_simulate_ARG.log

2026-09-03 02:21:27,040 - INFO - Parsed the following arguments:
	N_SAMPLES = 1000.0
	SEQUENCE_LENGTH = 30000000.0
	RECOMBINATION_RATE = 1e-08
	SEED = 1
	NUM_TREES = 10
	OPTIMIZER = glike
	MODEL = 3G09
	outprefix = ../opt_results_glike_3G09_no_m1/ntree_10_rep_20

2026-09-03 02:21:27,140 - INFO - Sampling 1000 individuals with ploidy 1 in population 1 (name='ceu') at time 0
2026-09-03 02:21:27,145 - INFO - Starting replicate 0
2026-09-03 02:21:27,146 - INFO - model[0] {'name': 'hudson'} started at time=0 nodes=1000 edges=0
2026-09-03 02:21:27,146 - INFO - Running model {'name': 'hudson'} until max time: inf
2026-09-03 02:21:28,031 - INFO - Completed at time=130012 nodes=28005 edges=152908
2026-09-03 02:21:28,641 - INFO - Finished simulating ARG.
[phase from 0.0 to 30.0]
        yri     ceu     nea
ns   0.0001  0.0001  0.0001
grs  0.0000  0.0000  0.0000

[phase from 30.0 to 50.0]
        yri     ceu     nea
ns   0.0001  0.0001  0.0001
grs  0.0000  0.0000  0.0000

[phase from 50.0 to 73.95]
        yri     ceu     nea
ns   0.0001  0.0001  0.0001
grs  0.0000  0.0000  0.0000

[phase from 73.95 to 290.0]
     yri  nea
yri    1    0
ceu    1    0
nea    0    1
        yri     nea
ns   0.0001  0.0001
grs  0.0000  0.0000

[phase from 290.0 to inf]
     yri
yri    1
nea    1
        yri
ns   0.0001
grs  0.0000

2026-09-03 02:21:50,066 - INFO - Starting glike optimization.
{'t1': 10, 't2': 50, 't3': 100, 't4': 300, 'N_yri': 10000, 'N_ceu': 10000, 'N_nea': 10000, 'm1': 0.0} -94751.07987148731
{'t1': 10, 't2': 54.0, 't3': 100, 't4': 280.0, 'N_yri': 9010.0, 'N_ceu': 9010.0, 'N_nea': 9010.0, 'm1': 0.0} -94132.14904602048
{'t1': 10, 't2': 47.4, 't3': 97.37, 't4': 252.6055, 'N_yri': 7673.5, 'N_ceu': 7673.5, 'N_nea': 7673.5, 'm1': 1e-05} -93263.58767674207
{'t1': 10, 't2': 55.815, 't3': 94.25338, 't4': 216.97627, 'N_yri': 5969.4625, 'N_ceu': 5969.4625, 'N_nea': 5969.4625, 'm1': 0.0} -92234.34625916145
{'t1': 10, 't2': 68.78795, 't3': 97.11824, 't4': 216.97627, 'N_yri': 3988.51891, 'N_ceu': 3988.51891, 'N_nea': 3988.51891, 'm1': 0.0} -91531.42428364705
{'t1': 10, 't2': 68.78795, 't3': 101.89898, 't4': 236.39556, 'N_yri': 5932.77837, 'N_ceu': 2044.25945, 'N_nea': 3988.51891, 'm1': 0.0} -91331.28850657682
{'t1': 10, 't2': 68.78795, 't3': 110.28021, 't4': 236.39556, 'N_yri': 5932.77837, 'N_ceu': 3016.38918, 'N_nea': 3016.38918, 'm1': 1e-05} -91242.0561384288
{'t1': 10, 't2': 63.60142, 't3': 92.55686, 't4': 254.60015, 'N_yri': 5932.77837, 'N_ceu': 3016.38918, 'N_nea': 3016.38918, 'm1': 1e-05} -91187.44536173636
{'t1': 10, 't2': 63.60142, 't3': 107.03458, 't4': 282.61455, 'N_yri': 5203.68107, 'N_ceu': 3016.38918, 'N_nea': 3016.38918, 'm1': 1e-05} -91171.50150242077
{'t1': 9.55, 't2': 59.52956, 't3': 107.03458, 't4': 282.61455, 'N_yri': 5203.68107, 'N_ceu': 2651.84053, 'N_nea': 3016.38918, 'm1': 1e-05} -91158.85197690068
{'t1': 9.55, 't2': 59.52956, 't3': 107.03458, 't4': 282.61455, 'N_yri': 5203.68107, 'N_ceu': 2651.84053, 'N_nea': 3016.38918, 'm1': 1e-05} -91158.85197690068
{'t1': 9.55, 't2': 59.52956, 't3': 107.03458, 't4': 282.61455, 'N_yri': 5203.68107, 'N_ceu': 2891.07558, 'N_nea': 3016.38918, 'm1': 1e-05} -91156.1322454156
{'t1': 9.55, 't2': 59.52956, 't3': 107.03458, 't4': 282.61455, 'N_yri': 5458.86512, 'N_ceu': 2891.07558, 'N_nea': 2870.56972, 'm1': 1e-05} -91152.9967063635
{'t1': 9.1225, 't2': 59.52956, 't3': 107.03458, 't4': 282.61455, 'N_yri': 5458.86512, 'N_ceu': 2891.07558, 'N_nea': 2870.56972, 'm1': 1e-05} -91146.49403525479
{'t1': 9.1225, 't2': 59.52956, 't3': 107.03458, 't4': 282.61455, 'N_yri': 5458.86512, 'N_ceu': 2891.07558, 'N_nea': 2870.56972, 'm1': 1e-05} -91146.49403525479
{'t1': 8.71638, 't2': 59.52956, 't3': 107.03458, 't4': 282.61455, 'N_yri': 5458.86512, 'N_ceu': 2891.07558, 'N_nea': 2870.56972, 'm1': 1e-05} -91146.15974808719
{'t1': 8.71638, 't2': 59.52956, 't3': 107.03458, 't4': 282.61455, 'N_yri': 5458.86512, 'N_ceu': 2891.07558, 'N_nea': 2870.56972, 'm1': 1e-05} -91146.15974808719
{'t1': 8.71638, 't2': 59.52956, 't3': 107.03458, 't4': 282.61455, 'N_yri': 5458.86512, 'N_ceu': 2891.07558, 'N_nea': 2870.56972, 'm1': 1e-05} -91146.15974808719
{'t1': 8.71638, 't2': 59.52956, 't3': 107.03458, 't4': 282.61455, 'N_yri': 5458.86512, 'N_ceu': 2891.07558, 'N_nea': 2870.56972, 'm1': 1e-05} -91146.15974808719
{'t1': 8.71638, 't2': 59.52956, 't3': 107.03458, 't4': 282.61455, 'N_yri': 5458.86512, 'N_ceu': 2891.07558, 'N_nea': 2870.56972, 'm1': 1e-05} -91146.15974808719
2026-09-03 04:33:54,166 - INFO - Finished fitting ARG.
2026-09-03 04:33:54,166 - INFO - Finished in 2h 12m 4.1s
2026-09-03 04:33:54,166 - INFO - Estimated: {'t1': 8.71638, 't2': 59.52956, 't3': 107.03458, 't4': 282.61455, 'N_yri': 5458.86512, 'N_ceu': 2891.07558, 'N_nea': 2870.56972, 'm1': 1e-05}
2026-09-03 04:33:54,166 - INFO - logp = -91146.15974808719  (true = -94794.23255165438)
2026-09-03 04:33:54,166 - INFO - Pipeline executed succesfully.
