2026-09-03 02:21:25,156 - INFO - Beginning execution of simulate_and_fit_ARG.py in directory /home1/mahj/glike_optimize/opt_scripts

2026-09-03 02:21:25,156 - INFO - Progress is being logged to ../opt_results_glike_3G09_no_m1/ntree_10_rep_5_simulate_ARG.log

2026-09-03 02:21:25,156 - INFO - Parsed the following arguments:
	N_SAMPLES = 1000.0
	SEQUENCE_LENGTH = 30000000.0
	RECOMBINATION_RATE = 1e-08
	SEED = 1
	NUM_TREES = 10
	OPTIMIZER = glike
	MODEL = 3G09
	outprefix = ../opt_results_glike_3G09_no_m1/ntree_10_rep_5

2026-09-03 02:21:25,195 - INFO - Sampling 1000 individuals with ploidy 1 in population 1 (name='ceu') at time 0
2026-09-03 02:21:25,198 - INFO - Starting replicate 0
2026-09-03 02:21:25,199 - INFO - model[0] {'name': 'hudson'} started at time=0 nodes=1000 edges=0
2026-09-03 02:21:25,199 - INFO - Running model {'name': 'hudson'} until max time: inf
2026-09-03 02:21:26,101 - INFO - Completed at time=130012 nodes=28005 edges=152908
2026-09-03 02:21:26,718 - INFO - Finished simulating ARG.
[phase from 0.0 to 30.0]
        yri     ceu     nea
ns   0.0001  0.0001  0.0001
grs  0.0000  0.0000  0.0000

[phase from 30.0 to 50.0]
        yri     ceu     nea
ns   0.0001  0.0001  0.0001
grs  0.0000  0.0000  0.0000

[phase from 50.0 to 73.95]
        yri     ceu     nea
ns   0.0001  0.0001  0.0001
grs  0.0000  0.0000  0.0000

[phase from 73.95 to 290.0]
     yri  nea
yri    1    0
ceu    1    0
nea    0    1
        yri     nea
ns   0.0001  0.0001
grs  0.0000  0.0000

[phase from 290.0 to inf]
     yri
yri    1
nea    1
        yri
ns   0.0001
grs  0.0000

2026-09-03 02:21:46,732 - INFO - Starting glike optimization.
{'t1': 10, 't2': 50, 't3': 100, 't4': 300, 'N_yri': 10000, 'N_ceu': 10000, 'N_nea': 10000, 'm1': 0.0} -94750.4684898055
{'t1': 10, 't2': 54.0, 't3': 100, 't4': 280.0, 'N_yri': 9010.0, 'N_ceu': 9010.0, 'N_nea': 9010.0, 'm1': 0.0} -94132.10288671593
{'t1': 10.45, 't2': 47.4675, 't3': 97.37337, 't4': 252.60601, 'N_yri': 7673.5, 'N_ceu': 7673.5, 'N_nea': 7673.5, 'm1': 1e-05} -93262.9722178977
{'t1': 9.74125, 't2': 55.95591, 't3': 97.37337, 't4': 217.67867, 'N_yri': 5969.4625, 'N_ceu': 5969.4625, 'N_nea': 5969.4625, 'm1': 0.0} -92227.43114985799
{'t1': 9.74125, 't2': 55.95591, 't3': 97.37337, 't4': 217.67867, 'N_yri': 3988.51891, 'N_ceu': 3988.51891, 'N_nea': 3988.51891, 'm1': 0.0} -91525.53544410903
{'t1': 10.23295, 't2': 55.95591, 't3': 97.37337, 't4': 217.67867, 'N_yri': 5932.77837, 'N_ceu': 2044.25945, 'N_nea': 3988.51891, 'm1': 0.0} -91347.7239198651
{'t1': 10.23295, 't2': 55.95591, 't3': 99.44424, 't4': 227.6547, 'N_yri': 5932.77837, 'N_ceu': 3016.38918, 'N_nea': 3016.38918, 'm1': 0.0} -91210.01074221422
{'t1': 10.23295, 't2': 55.95591, 't3': 96.18262, 't4': 244.29414, 'N_yri': 5932.77837, 'N_ceu': 3016.38918, 'N_nea': 3016.38918, 'm1': 0.0} -91190.63712762378
{'t1': 10.23295, 't2': 55.95591, 't3': 96.18262, 't4': 244.29414, 'N_yri': 5932.77837, 'N_ceu': 3016.38918, 'N_nea': 3016.38918, 'm1': 0.0} -91190.63712762378
{'t1': 10.23295, 't2': 55.95591, 't3': 96.18262, 't4': 244.29414, 'N_yri': 5568.22972, 'N_ceu': 3016.38918, 'N_nea': 3016.38918, 'm1': 0.0} -91186.3122731547
{'t1': 10.23295, 't2': 55.95591, 't3': 96.18262, 't4': 251.69972, 'N_yri': 5568.22972, 'N_ceu': 2834.11486, 'N_nea': 2870.56972, 'm1': 0.0} -91160.5164735092
{'t1': 10.23295, 't2': 55.95591, 't3': 96.18262, 't4': 251.69972, 'N_yri': 5568.22972, 'N_ceu': 2834.11486, 'N_nea': 2870.56972, 'm1': 0.0} -91160.5164735092
{'t1': 10.23295, 't2': 55.95591, 't3': 96.18262, 't4': 251.69972, 'N_yri': 5568.22972, 'N_ceu': 2834.11486, 'N_nea': 2870.56972, 'm1': 0.0} -91160.5164735092
{'t1': 10.23295, 't2': 55.95591, 't3': 96.18262, 't4': 251.69972, 'N_yri': 5568.22972, 'N_ceu': 2834.11486, 'N_nea': 2870.56972, 'm1': 0.0} -91160.5164735092
{'t1': 10.23295, 't2': 55.95591, 't3': 96.18262, 't4': 251.69972, 'N_yri': 5568.22972, 'N_ceu': 2834.11486, 'N_nea': 2870.56972, 'm1': 0.0} -91160.5164735092
2026-09-03 04:22:47,748 - INFO - Finished fitting ARG.
2026-09-03 04:22:47,748 - INFO - Finished in 2h 1m 1.0s
2026-09-03 04:22:47,748 - INFO - Estimated: {'t1': 10.23295, 't2': 55.95591, 't3': 96.18262, 't4': 251.69972, 'N_yri': 5568.22972, 'N_ceu': 2834.11486, 'N_nea': 2870.56972, 'm1': 0.0}
2026-09-03 04:22:47,748 - INFO - logp = -91160.5164735092  (true = -94793.3728174218)
2026-09-03 04:22:47,748 - INFO - Pipeline executed succesfully.
