2026-09-03 02:41:05,596 - INFO - Beginning execution of simulate_and_fit_ARG.py in directory /home1/mahj/glike_optimize/opt_scripts

2026-09-03 02:41:05,596 - INFO - Progress is being logged to ../opt_results_glike_NH/ntree_10_rep_18_simulate_ARG.log

2026-09-03 02:41:05,596 - INFO - Parsed the following arguments:
	N_SAMPLES = 1000.0
	SEQUENCE_LENGTH = 30000000.0
	RECOMBINATION_RATE = 1e-08
	SEED = 1
	NUM_TREES = 10
	OPTIMIZER = glike
	MODEL = NH
	outprefix = ../opt_results_glike_NH/ntree_10_rep_18

2026-09-03 02:41:05,626 - INFO - Sampling 1000 individuals with ploidy 1 in population 0 (name='admix') at time 0
2026-09-03 02:41:05,633 - INFO - Starting replicate 0
2026-09-03 02:41:05,633 - INFO - model[0] {'name': 'hudson'} started at time=0 nodes=1000 edges=0
2026-09-03 02:41:05,633 - INFO - Running model {'name': 'hudson'} until max time: inf
2026-09-03 02:41:06,317 - INFO - Completed at time=24250.7 nodes=39508 edges=264883
2026-09-03 02:41:08,199 - INFO - Finished simulating ARG.
[phase from 0.0 to 19.0]
        admix
ns   0.000006
grs  0.078000

[phase from 19.0 to 411.0]
       afr    eur   asia    pol
admix  0.0  0.198  0.334  0.468
        afr       eur     asia       pol
ns   0.0001  0.000075  0.00004  0.000064
grs  0.0000  0.000000  0.00000  0.000000

[phase from 411.0 to 1040.0]
      afr  eur  asia
afr     1    0     0
eur     0    1     0
asia    0    0     1
pol     0    0     1
        afr       eur     asia
ns   0.0001  0.000075  0.00037
grs  0.0000  0.000000  0.00000

[phase from 1040.0 to 2004.0]
      afr  eur
afr     1    0
eur     0    1
asia    0    1
        afr       eur
ns   0.0001  0.000405
grs  0.0000  0.000000

[phase from 2004.0 to inf]
     A
afr  1
eur  1
            A
ns   0.000375
grs  0.000000

2026-09-03 02:41:21,182 - INFO - Starting glike optimization.
{'t1': 10, 't2': 100, 't3': 1000, 't4': 2000, 'r1': 0.25, 'r2': 0.25, 'r3': 0.25, 'N_admix': 10000, 'N_afr': 10000, 'N_eur': 10000, 'N_asia': 10000, 'N_pol': 10000, 'N_aa': 10000, 'N_ooa': 10000, 'N_anc': 10000, 'gr': 0.1} -118576.43239026642
{'t1': 9.1, 't2': 109.09, 't3': 1000, 't4': 2000, 'r1': 0.275, 'r2': 0.275, 'r3': 0.225, 'N_admix': 10990.0, 'N_afr': 10990.0, 'N_eur': 10990.0, 'N_asia': 10000, 'N_pol': 10000, 'N_aa': 10990.0, 'N_ooa': 9010.0, 'N_anc': 9010.0, 'gr': 0.11} -117907.07821568656
{'t1': 10.315, 't2': 123.90625, 't3': 1000, 't4': 2050.0, 'r1': 0.31625, 'r2': 0.275, 'r3': 0.225, 'N_admix': 12623.5, 'N_afr': 12623.5, 'N_eur': 12623.5, 'N_asia': 10495.0, 'N_pol': 9505.0, 'N_aa': 12623.5, 'N_ooa': 7673.5, 'N_anc': 7673.5, 'gr': 0.1265} -117359.0396980332
{'t1': 12.41088, 't2': 148.99271, 't3': 1000, 't4': 1971.25, 'r1': 0.31625, 'r2': 0.275, 'r3': 0.20813, 'N_admix': 15441.2875, 'N_afr': 12623.5, 'N_eur': 12623.5, 'N_asia': 11274.625, 'N_pol': 10210.375, 'N_aa': 12623.5, 'N_ooa': 5969.4625, 'N_anc': 5969.4625, 'gr': 0.15496} -116853.38306469026
{'t1': 16.26205, 't2': 193.78931, 't3': 1000, 't4': 1971.25, 'r1': 0.31625, 'r2': 0.275, 'r3': 0.20813, 'N_admix': 20618.97203, 'N_afr': 12623.5, 'N_eur': 12623.5, 'N_asia': 11274.625, 'N_pol': 11347.79219, 'N_aa': 12623.5, 'N_ooa': 3988.51891, 'N_anc': 3988.51891, 'gr': 0.15496} -116498.11502181686
{'t1': 16.26205, 't2': 282.55294, 't3': 1000, 't4': 2025.88281, 'r1': 0.29846, 'r2': 0.26125, 'r3': 0.21984, 'N_admix': 30878.45804, 'N_afr': 12623.5, 'N_eur': 12623.5, 'N_asia': 11274.625, 'N_pol': 11347.79219, 'N_aa': 11919.05313, 'N_ooa': 2044.25945, 'N_anc': 2044.25945, 'gr': 0.12881} -116252.56869551906
{'t1': 12.44654, 't2': 417.60614, 't3': 1000, 't4': 1939.32395, 'r1': 0.27328, 'r2': 0.26125, 'r3': 0.21984, 'N_admix': 46267.68706, 'N_afr': 12623.5, 'N_eur': 12623.5, 'N_asia': 11833.35625, 'N_pol': 12296.82466, 'N_aa': 10921.82052, 'N_ooa': 3016.38918, 'N_anc': 3016.38918, 'gr': 0.0962} -116057.34837926216
{'t1': 12.44654, 't2': 417.60614, 't3': 1000, 't4': 1820.44076, 'r1': 0.23869, 'r2': 0.26125, 'r3': 0.21984, 'N_admix': 46267.68706, 'N_afr': 11997.325, 'N_eur': 11997.325, 'N_asia': 12713.35797, 'N_pol': 13840.48528, 'N_aa': 9552.18386, 'N_ooa': 1558.19459, 'N_anc': 3016.38918, 'gr': 0.05967} -115839.42464474242
{'t1': 14.59277, 't2': 417.60614, 't3': 1029.11969, 't4': 1670.2134, 'r1': 0.19338, 'r2': 0.24819, 'r3': 0.23083, 'N_admix': 57809.60882, 'N_afr': 11105.02563, 'N_eur': 11105.02563, 'N_asia': 12713.35797, 'N_pol': 16449.03053, 'N_aa': 7757.74583, 'N_ooa': 1558.19459, 'N_anc': 3016.38918, 'gr': 0.02984} -115508.95946216711
{'t1': 18.41574, 't2': 417.60614, 't3': 1029.11969, 't4': 1487.65195, 'r1': 0.13831, 'r2': 0.24819, 'r3': 0.24814, 'N_admix': 57809.60882, 'N_afr': 9866.96025, 'N_eur': 9866.96025, 'N_asia': 12003.85658, 'N_pol': 21104.67243, 'N_aa': 5577.08305, 'N_ooa': 1558.19459, 'N_anc': 3016.38918, 'gr': 0.02984} -115242.08794551357
{'t1': 18.41574, 't2': 392.65674, 't3': 1052.0463, 't4': 1301.58368, 'r1': 0.13831, 'r2': 0.23578, 'r3': 0.27606, 'N_admix': 49898.91047, 'N_afr': 9866.96025, 'N_eur': 9866.96025, 'N_asia': 10999.46868, 'N_pol': 21104.67243, 'N_aa': 5577.08305, 'N_ooa': 1375.92027, 'N_anc': 2834.11486, 'gr': 0.0373} -115147.03711757278
{'t1': 18.41574, 't2': 392.65674, 't3': 1052.0463, 't4': 1176.81499, 'r1': 0.13831, 'r2': 0.23578, 'r3': 0.27606, 'N_admix': 49898.91047, 'N_afr': 9866.96025, 'N_eur': 9866.96025, 'N_asia': 10999.46868, 'N_pol': 21104.67243, 'N_aa': 4407.31932, 'N_ooa': 1375.92027, 'N_anc': 2834.11486, 'gr': 0.0373} -115085.18065147052
{'t1': 20.25256, 't2': 411.27695, 't3': 1052.0463, 't4': 1176.81499, 'r1': 0.13831, 'r2': 0.23578, 'r3': 0.27606, 'N_admix': 49898.91047, 'N_afr': 9866.96025, 'N_eur': 9866.96025, 'N_asia': 10999.46868, 'N_pol': 21104.67243, 'N_aa': 3027.42078, 'N_ooa': 1375.92027, 'N_anc': 2697.40912, 'gr': 0.03031} -114684.69526556684
{'t1': 20.25256, 't2': 411.27695, 't3': 1052.0463, 't4': 1145.62282, 'r1': 0.14569, 'r2': 0.23578, 'r3': 0.27606, 'N_admix': 49898.91047, 'N_afr': 9378.61224, 'N_eur': 9866.96025, 'N_asia': 11544.44211, 'N_pol': 19983.1583, 'N_aa': 3027.42078, 'N_ooa': 1375.92027, 'N_anc': 2697.40912, 'gr': 0.03031} -114652.3053477647
{'t1': 18.72965, 't2': 411.27695, 't3': 1052.0463, 't4': 1145.62282, 'r1': 0.14569, 'r2': 0.23578, 'r3': 0.27606, 'N_admix': 52388.85599, 'N_afr': 9378.61224, 'N_eur': 10355.30826, 'N_asia': 11544.44211, 'N_pol': 19983.1583, 'N_aa': 3027.42078, 'N_ooa': 1375.92027, 'N_anc': 2567.53866, 'gr': 0.03457} -114644.42635756012
{'t1': 18.72965, 't2': 411.27695, 't3': 1052.0463, 't4': 1145.62282, 'r1': 0.14569, 'r2': 0.23578, 'r3': 0.27606, 'N_admix': 48818.02019, 'N_afr': 9378.61224, 'N_eur': 9586.16014, 'N_asia': 11544.44211, 'N_pol': 19983.1583, 'N_aa': 3027.42078, 'N_ooa': 1375.92027, 'N_anc': 2567.53866, 'gr': 0.04186} -114642.56603270872
{'t1': 18.72965, 't2': 411.27695, 't3': 1052.0463, 't4': 1145.62282, 'r1': 0.14569, 'r2': 0.23578, 'r3': 0.27606, 'N_admix': 48818.02019, 'N_afr': 9378.61224, 'N_eur': 9586.16014, 'N_asia': 11544.44211, 'N_pol': 19983.1583, 'N_aa': 2851.5772, 'N_ooa': 1375.92027, 'N_anc': 2567.53866, 'gr': 0.04186} -114638.63742957886
{'t1': 18.72965, 't2': 411.27695, 't3': 1052.0463, 't4': 1145.62282, 'r1': 0.14569, 'r2': 0.23578, 'r3': 0.28986, 'N_admix': 46077.63155, 'N_afr': 9378.61224, 'N_eur': 9586.16014, 'N_asia': 12116.66422, 'N_pol': 18989.00038, 'N_aa': 2851.5772, 'N_ooa': 1375.92027, 'N_anc': 2567.53866, 'gr': 0.04186} -114627.61904306129
{'t1': 19.61613, 't2': 411.27695, 't3': 1052.0463, 't4': 1145.62282, 'r1': 0.14569, 'r2': 0.23578, 'r3': 0.28986, 'N_admix': 46077.63155, 'N_afr': 9378.61224, 'N_eur': 9586.16014, 'N_asia': 13017.91404, 'N_pol': 18989.00038, 'N_aa': 2851.5772, 'N_ooa': 1375.92027, 'N_anc': 2567.53866, 'gr': 0.04186} -114617.35225266882
{'t1': 21.01234, 't2': 411.27695, 't3': 1052.0463, 't4': 1145.62282, 'r1': 0.15297, 'r2': 0.23578, 'r3': 0.28986, 'N_admix': 43778.74997, 'N_afr': 9378.61224, 'N_eur': 9586.16014, 'N_asia': 13017.91404, 'N_pol': 18044.55036, 'N_aa': 2989.15606, 'N_ooa': 1375.92027, 'N_anc': 2567.53866, 'gr': 0.03977} -114594.3032740274
{'t1': 21.01234, 't2': 411.27695, 't3': 1052.0463, 't4': 1145.62282, 'r1': 0.15297, 'r2': 0.23578, 'r3': 0.28986, 'N_admix': 43778.74997, 'N_afr': 9378.61224, 'N_eur': 9586.16014, 'N_asia': 13744.5467, 'N_pol': 18044.55036, 'N_aa': 2989.15606, 'N_ooa': 1375.92027, 'N_anc': 2567.53866, 'gr': 0.03977} -114591.29382682218
2026-09-03 06:30:32,123 - INFO - Finished fitting ARG.
2026-09-03 06:30:32,124 - INFO - Finished in 3h 49m 10.9s
2026-09-03 06:30:32,124 - INFO - Estimated: {'t1': 21.01234, 't2': 411.27695, 't3': 1052.0463, 't4': 1145.62282, 'r1': 0.15297, 'r2': 0.23578, 'r3': 0.28986, 'N_admix': 43778.74997, 'N_afr': 9378.61224, 'N_eur': 9586.16014, 'N_asia': 13744.5467, 'N_pol': 18044.55036, 'N_aa': 2989.15606, 'N_ooa': 1375.92027, 'N_anc': 2567.53866, 'gr': 0.03977}
2026-09-03 06:30:32,124 - INFO - logp = -114591.29382682218  (true = -115581.61922374771)
2026-09-03 06:30:32,124 - INFO - Pipeline executed succesfully.
