2026-09-03 02:21:26,797 - INFO - Beginning execution of simulate_and_fit_ARG.py in directory /home1/mahj/glike_optimize/opt_scripts

2026-09-03 02:21:26,797 - INFO - Progress is being logged to ../opt_results_glike_3G09_no_m1/ntree_10_rep_3_simulate_ARG.log

2026-09-03 02:21:26,797 - INFO - Parsed the following arguments:
	N_SAMPLES = 1000.0
	SEQUENCE_LENGTH = 30000000.0
	RECOMBINATION_RATE = 1e-08
	SEED = 1
	NUM_TREES = 10
	OPTIMIZER = glike
	MODEL = 3G09
	outprefix = ../opt_results_glike_3G09_no_m1/ntree_10_rep_3

2026-09-03 02:21:26,829 - INFO - Sampling 1000 individuals with ploidy 1 in population 1 (name='ceu') at time 0
2026-09-03 02:21:26,834 - INFO - Starting replicate 0
2026-09-03 02:21:26,835 - INFO - model[0] {'name': 'hudson'} started at time=0 nodes=1000 edges=0
2026-09-03 02:21:26,835 - INFO - Running model {'name': 'hudson'} until max time: inf
2026-09-03 02:21:27,724 - INFO - Completed at time=130012 nodes=28005 edges=152908
2026-09-03 02:21:28,346 - INFO - Finished simulating ARG.
[phase from 0.0 to 30.0]
        yri     ceu     nea
ns   0.0001  0.0001  0.0001
grs  0.0000  0.0000  0.0000

[phase from 30.0 to 50.0]
        yri     ceu     nea
ns   0.0001  0.0001  0.0001
grs  0.0000  0.0000  0.0000

[phase from 50.0 to 73.95]
        yri     ceu     nea
ns   0.0001  0.0001  0.0001
grs  0.0000  0.0000  0.0000

[phase from 73.95 to 290.0]
     yri  nea
yri    1    0
ceu    1    0
nea    0    1
        yri     nea
ns   0.0001  0.0001
grs  0.0000  0.0000

[phase from 290.0 to inf]
     yri
yri    1
nea    1
        yri
ns   0.0001
grs  0.0000

2026-09-03 02:21:48,571 - INFO - Starting glike optimization.
{'t1': 10, 't2': 50, 't3': 100, 't4': 300, 'N_yri': 10000, 'N_ceu': 10000, 'N_nea': 10000, 'm1': 0.0} -94751.00842393453
{'t1': 10, 't2': 54.0, 't3': 100, 't4': 280.0, 'N_yri': 9010.0, 'N_ceu': 9010.0, 'N_nea': 9010.0, 'm1': 0.0} -94132.24508464603
{'t1': 10, 't2': 47.4, 't3': 97.37, 't4': 252.6055, 'N_yri': 7673.5, 'N_ceu': 7673.5, 'N_nea': 7673.5, 'm1': 1e-05} -93263.52904792732
{'t1': 10.45, 't2': 55.71375, 't3': 94.24578, 't4': 216.97456, 'N_yri': 5969.4625, 'N_ceu': 5969.4625, 'N_nea': 5969.4625, 'm1': 0.0} -92233.63042650721
{'t1': 9.74125, 't2': 55.71375, 't3': 98.58063, 't4': 256.93251, 'N_yri': 3988.51891, 'N_ceu': 3988.51891, 'N_nea': 3988.51891, 'm1': 1e-05} -91498.08430879012
{'t1': 10.72464, 't2': 62.94754, 't3': 104.59371, 't4': 256.93251, 'N_yri': 5932.77837, 'N_ceu': 2044.25945, 'N_nea': 3988.51891, 'm1': 0.0} -91325.27122153484
{'t1': 10.72464, 't2': 52.40585, 't3': 117.80376, 't4': 256.93251, 'N_yri': 5932.77837, 'N_ceu': 3016.38918, 'N_nea': 3016.38918, 'm1': 0.0} -91207.88952937724
{'t1': 10.72464, 't2': 36.58002, 't3': 117.80376, 't4': 274.3236, 'N_yri': 5932.77837, 'N_ceu': 3016.38918, 'N_nea': 3016.38918, 'm1': 0.0} -91192.9944924759
{'t1': 10.72464, 't2': 36.58002, 't3': 102.38394, 't4': 274.3236, 'N_yri': 5203.68107, 'N_ceu': 3016.38918, 'N_nea': 3016.38918, 'm1': 0.0} -91181.45471929903
{'t1': 10.72464, 't2': 36.58002, 't3': 121.12263, 't4': 288.68619, 'N_yri': 5203.68107, 'N_ceu': 3016.38918, 'N_nea': 3016.38918, 'm1': 0.0} -91160.5416025743
{'t1': 10.72464, 't2': 33.3481, 't3': 121.12263, 't4': 288.68619, 'N_yri': 5203.68107, 'N_ceu': 2834.11486, 'N_nea': 3162.20864, 'm1': 1e-05} -91151.51623212919
{'t1': 10.72464, 't2': 33.3481, 't3': 121.12263, 't4': 288.68619, 'N_yri': 5203.68107, 'N_ceu': 2834.11486, 'N_nea': 3162.20864, 'm1': 1e-05} -91151.51623212919
{'t1': 10.72464, 't2': 33.3481, 't3': 121.12263, 't4': 288.68619, 'N_yri': 5203.68107, 'N_ceu': 2834.11486, 'N_nea': 3162.20864, 'm1': 1e-05} -91151.51623212919
{'t1': 10.72464, 't2': 33.3481, 't3': 121.12263, 't4': 288.68619, 'N_yri': 5203.68107, 'N_ceu': 2834.11486, 'N_nea': 3162.20864, 'm1': 1e-05} -91151.51623212919
{'t1': 10.72464, 't2': 33.3481, 't3': 121.12263, 't4': 288.68619, 'N_yri': 5203.68107, 'N_ceu': 2834.11486, 'N_nea': 3162.20864, 'm1': 1e-05} -91151.51623212919
2026-09-03 04:09:59,011 - INFO - Finished fitting ARG.
2026-09-03 04:09:59,011 - INFO - Finished in 1h 48m 10.4s
2026-09-03 04:09:59,011 - INFO - Estimated: {'t1': 10.72464, 't2': 33.3481, 't3': 121.12263, 't4': 288.68619, 'N_yri': 5203.68107, 'N_ceu': 2834.11486, 'N_nea': 3162.20864, 'm1': 1e-05}
2026-09-03 04:09:59,011 - INFO - logp = -91151.51623212919  (true = -94795.23757258609)
2026-09-03 04:09:59,011 - INFO - Pipeline executed succesfully.
