2026-09-03 02:40:06,167 - INFO - Beginning execution of simulate_and_fit_ARG.py in directory /home1/mahj/glike_optimize/opt_scripts

2026-09-03 02:40:06,167 - INFO - Progress is being logged to ../opt_results_glike_NH/ntree_10_rep_16_simulate_ARG.log

2026-09-03 02:40:06,167 - INFO - Parsed the following arguments:
	N_SAMPLES = 1000.0
	SEQUENCE_LENGTH = 30000000.0
	RECOMBINATION_RATE = 1e-08
	SEED = 1
	NUM_TREES = 10
	OPTIMIZER = glike
	MODEL = NH
	outprefix = ../opt_results_glike_NH/ntree_10_rep_16

2026-09-03 02:40:06,236 - INFO - Sampling 1000 individuals with ploidy 1 in population 0 (name='admix') at time 0
2026-09-03 02:40:06,246 - INFO - Starting replicate 0
2026-09-03 02:40:06,247 - INFO - model[0] {'name': 'hudson'} started at time=0 nodes=1000 edges=0
2026-09-03 02:40:06,247 - INFO - Running model {'name': 'hudson'} until max time: inf
2026-09-03 02:40:07,241 - INFO - Completed at time=24250.7 nodes=39508 edges=264883
2026-09-03 02:40:08,437 - INFO - Finished simulating ARG.
[phase from 0.0 to 19.0]
        admix
ns   0.000006
grs  0.078000

[phase from 19.0 to 411.0]
       afr    eur   asia    pol
admix  0.0  0.198  0.334  0.468
        afr       eur     asia       pol
ns   0.0001  0.000075  0.00004  0.000064
grs  0.0000  0.000000  0.00000  0.000000

[phase from 411.0 to 1040.0]
      afr  eur  asia
afr     1    0     0
eur     0    1     0
asia    0    0     1
pol     0    0     1
        afr       eur     asia
ns   0.0001  0.000075  0.00037
grs  0.0000  0.000000  0.00000

[phase from 1040.0 to 2004.0]
      afr  eur
afr     1    0
eur     0    1
asia    0    1
        afr       eur
ns   0.0001  0.000405
grs  0.0000  0.000000

[phase from 2004.0 to inf]
     A
afr  1
eur  1
            A
ns   0.000375
grs  0.000000

2026-09-03 02:40:29,039 - INFO - Starting glike optimization.
{'t1': 10, 't2': 100, 't3': 1000, 't4': 2000, 'r1': 0.25, 'r2': 0.25, 'r3': 0.25, 'N_admix': 10000, 'N_afr': 10000, 'N_eur': 10000, 'N_asia': 10000, 'N_pol': 10000, 'N_aa': 10000, 'N_ooa': 10000, 'N_anc': 10000, 'gr': 0.1} -118559.1909030682
{'t1': 10.9, 't2': 108.91, 't3': 1000, 't4': 2000, 'r1': 0.275, 'r2': 0.275, 'r3': 0.225, 'N_admix': 10990.0, 'N_afr': 10990.0, 'N_eur': 10000, 'N_asia': 10000, 'N_pol': 10990.0, 'N_aa': 10990.0, 'N_ooa': 9010.0, 'N_anc': 9010.0, 'gr': 0.11} -117919.42336219622
{'t1': 12.385, 't2': 123.38875, 't3': 1000, 't4': 2050.0, 'r1': 0.31625, 'r2': 0.275, 'r3': 0.19125, 'N_admix': 12623.5, 'N_afr': 12623.5, 'N_eur': 10000, 'N_asia': 10000, 'N_pol': 10990.0, 'N_aa': 12623.5, 'N_ooa': 9010.0, 'N_anc': 7673.5, 'gr': 0.1265} -117363.17301819162
{'t1': 14.94663, 't2': 147.78823, 't3': 1042.61059, 't4': 2050.0, 'r1': 0.31625, 'r2': 0.275, 'r3': 0.19125, 'N_admix': 15441.2875, 'N_afr': 12623.5, 'N_eur': 10495.0, 'N_asia': 10000, 'N_pol': 11806.75, 'N_aa': 12623.5, 'N_ooa': 9010.0, 'N_anc': 5969.4625, 'gr': 0.15496} -116835.79439627906
{'t1': 19.65362, 't2': 191.03366, 't3': 1042.61059, 't4': 1999.63053, 'r1': 0.31625, 'r2': 0.275, 'r3': 0.19125, 'N_admix': 20618.97203, 'N_afr': 12623.5, 'N_eur': 11274.625, 'N_asia': 10000, 'N_pol': 11806.75, 'N_aa': 12623.5, 'N_ooa': 8564.5, 'N_anc': 3988.51891, 'gr': 0.10266} -116535.09253161559
{'t1': 19.65362, 't2': 276.72368, 't3': 1042.61059, 't4': 1999.63053, 'r1': 0.29846, 'r2': 0.275, 'r3': 0.19125, 'N_admix': 30878.45804, 'N_afr': 12623.5, 'N_eur': 11274.625, 'N_asia': 10000, 'N_pol': 12465.25469, 'N_aa': 11919.05313, 'N_ooa': 8564.5, 'N_anc': 2044.25945, 'gr': 0.05133} -116362.4106601689
{'t1': 24.31703, 't2': 402.92701, 't3': 1010.62641, 't4': 1950.18032, 'r1': 0.27328, 'r2': 0.26125, 'r3': 0.20081, 'N_admix': 30878.45804, 'N_afr': 11997.325, 'N_eur': 11274.625, 'N_asia': 10495.0, 'N_pol': 13508.57305, 'N_aa': 10921.82052, 'N_ooa': 8141.275, 'N_anc': 3016.38918, 'gr': 0.05133} -116048.96687461113
{'t1': 24.31703, 't2': 402.92701, 't3': 965.04895, 't4': 1950.18032, 'r1': 0.23869, 'r2': 0.24166, 'r3': 0.21587, 'N_admix': 38573.07255, 'N_afr': 11105.02563, 'N_eur': 11274.625, 'N_asia': 11274.625, 'N_pol': 15205.59558, 'N_aa': 9552.18386, 'N_ooa': 7538.17937, 'N_anc': 3016.38918, 'gr': 0.0385} -115795.60609202342
{'t1': 24.31703, 't2': 402.92701, 't3': 965.04895, 't4': 1999.43689, 'r1': 0.19338, 'r2': 0.21447, 'r3': 0.24016, 'N_admix': 38573.07255, 'N_afr': 11105.02563, 'N_eur': 11274.625, 'N_asia': 12531.77031, 'N_pol': 18073.29849, 'N_aa': 7757.74583, 'N_ooa': 6701.38419, 'N_anc': 3016.38918, 'gr': 0.0385} -115512.71933570555
{'t1': 26.503, 't2': 402.92701, 't3': 965.04895, 't4': 1921.85779, 'r1': 0.13831, 'r2': 0.21447, 'r3': 0.28069, 'N_admix': 38573.07255, 'N_afr': 11105.02563, 'N_eur': 10715.89375, 'N_asia': 12531.77031, 'N_pol': 18073.29849, 'N_aa': 5577.08305, 'N_ooa': 5587.40061, 'N_anc': 2651.84053, 'gr': 0.0385} -115275.82590467011
{'t1': 26.503, 't2': 402.92701, 't3': 993.15505, 't4': 1817.37873, 'r1': 0.13831, 'r2': 0.19637, 'r3': 0.28069, 'N_admix': 38573.07255, 'N_afr': 11105.02563, 'N_eur': 10715.89375, 'N_asia': 12531.77031, 'N_pol': 20632.38728, 'N_aa': 5577.08305, 'N_ooa': 4198.40233, 'N_anc': 2651.84053, 'gr': 0.03489} -115188.79874157577
{'t1': 28.29618, 't2': 402.92701, 't3': 948.88795, 't4': 1817.37873, 'r1': 0.16785, 'r2': 0.17152, 'r3': 0.31621, 'N_admix': 36649.41892, 'N_afr': 11105.02563, 'N_eur': 10185.09906, 'N_asia': 13153.35883, 'N_pol': 20632.38728, 'N_aa': 4407.31932, 'N_ooa': 4198.40233, 'N_anc': 2651.84053, 'gr': 0.03489} -115095.7731181862
{'t1': 25.41729, 't2': 402.92701, 't3': 1010.30856, 't4': 1817.37873, 'r1': 0.16785, 'r2': 0.17152, 'r3': 0.31621, 'N_admix': 39390.62534, 'N_afr': 10554.77435, 'N_eur': 10185.09906, 'N_asia': 13153.35883, 'N_pol': 18439.79299, 'N_aa': 4407.31932, 'N_ooa': 4198.40233, 'N_anc': 2651.84053, 'gr': 0.03734} -115023.12018623631
{'t1': 25.41729, 't2': 402.92701, 't3': 1010.30856, 't4': 1817.37873, 'r1': 0.16785, 'r2': 0.17152, 'r3': 0.31621, 'N_admix': 39390.62534, 'N_afr': 10554.77435, 'N_eur': 10185.09906, 'N_asia': 13153.35883, 'N_pol': 18439.79299, 'N_aa': 3717.37005, 'N_ooa': 4198.40233, 'N_anc': 2651.84053, 'gr': 0.03734} -115018.76521039594
{'t1': 25.41729, 't2': 402.92701, 't3': 1010.30856, 't4': 1817.37873, 'r1': 0.16785, 'r2': 0.17152, 'r3': 0.31621, 'N_admix': 39390.62534, 'N_afr': 11077.51307, 'N_eur': 9680.84411, 'N_asia': 13806.02677, 'N_pol': 18439.79299, 'N_aa': 3717.37005, 'N_ooa': 4198.40233, 'N_anc': 2651.84053, 'gr': 0.03734} -114997.55296212541
{'t1': 24.19643, 't2': 402.92701, 't3': 1010.30856, 't4': 1817.37873, 'r1': 0.17624, 'r2': 0.17152, 'r3': 0.31621, 'N_admix': 41355.15661, 'N_afr': 11077.51307, 'N_eur': 9680.84411, 'N_asia': 13806.02677, 'N_pol': 17522.80334, 'N_aa': 4151.9446, 'N_ooa': 4198.40233, 'N_anc': 2651.84053, 'gr': 0.03547} -114979.68085889285
{'t1': 24.19643, 't2': 402.92701, 't3': 1010.30856, 't4': 1817.37873, 'r1': 0.17624, 'r2': 0.17152, 'r3': 0.31621, 'N_admix': 41355.15661, 'N_afr': 11077.51307, 'N_eur': 9680.84411, 'N_asia': 14491.32811, 'N_pol': 17522.80334, 'N_aa': 4151.9446, 'N_ooa': 4198.40233, 'N_anc': 2651.84053, 'gr': 0.03547} -114978.78250355172
{'t1': 23.03661, 't2': 402.92701, 't3': 1010.30856, 't4': 1817.37873, 'r1': 0.17624, 'r2': 0.17152, 'r3': 0.31621, 'N_admix': 43417.91444, 'N_afr': 11077.51307, 'N_eur': 9680.84411, 'N_asia': 14491.32811, 'N_pol': 18393.94351, 'N_aa': 4151.9446, 'N_ooa': 4198.40233, 'N_anc': 2651.84053, 'gr': 0.03547} -114973.86223470901
{'t1': 23.03661, 't2': 402.92701, 't3': 1010.30856, 't4': 1817.37873, 'r1': 0.17624, 'r2': 0.17152, 'r3': 0.31621, 'N_admix': 43417.91444, 'N_afr': 11077.51307, 'N_eur': 9680.84411, 'N_asia': 14491.32811, 'N_pol': 18393.94351, 'N_aa': 4151.9446, 'N_ooa': 4198.40233, 'N_anc': 2651.84053, 'gr': 0.03547} -114973.86223470901
{'t1': 23.03661, 't2': 402.92701, 't3': 1010.30856, 't4': 1817.37873, 'r1': 0.17624, 'r2': 0.17152, 'r3': 0.31621, 'N_admix': 43417.91444, 'N_afr': 11077.51307, 'N_eur': 9680.84411, 'N_asia': 14491.32811, 'N_pol': 18393.94351, 'N_aa': 4151.9446, 'N_ooa': 4198.40233, 'N_anc': 2651.84053, 'gr': 0.03547} -114973.86223470901
{'t1': 23.03661, 't2': 402.92701, 't3': 1010.30856, 't4': 1817.37873, 'r1': 0.17624, 'r2': 0.17152, 'r3': 0.31621, 'N_admix': 43417.91444, 'N_afr': 11077.51307, 'N_eur': 9680.84411, 'N_asia': 14491.32811, 'N_pol': 18393.94351, 'N_aa': 4151.9446, 'N_ooa': 4198.40233, 'N_anc': 2651.84053, 'gr': 0.03547} -114973.86223470901
2026-09-03 08:23:20,751 - INFO - Finished fitting ARG.
2026-09-03 08:23:20,752 - INFO - Finished in 5h 42m 51.7s
2026-09-03 08:23:20,753 - INFO - Estimated: {'t1': 23.03661, 't2': 402.92701, 't3': 1010.30856, 't4': 1817.37873, 'r1': 0.17624, 'r2': 0.17152, 'r3': 0.31621, 'N_admix': 43417.91444, 'N_afr': 11077.51307, 'N_eur': 9680.84411, 'N_asia': 14491.32811, 'N_pol': 18393.94351, 'N_aa': 4151.9446, 'N_ooa': 4198.40233, 'N_anc': 2651.84053, 'gr': 0.03547}
2026-09-03 08:23:20,753 - INFO - logp = -114973.86223470901  (true = -115566.93900850377)
2026-09-03 08:23:20,753 - INFO - Pipeline executed succesfully.
