2026-09-03 02:40:06,166 - INFO - Beginning execution of simulate_and_fit_ARG.py in directory /home1/mahj/glike_optimize/opt_scripts

2026-09-03 02:40:06,166 - INFO - Progress is being logged to ../opt_results_glike_NH/ntree_10_rep_15_simulate_ARG.log

2026-09-03 02:40:06,166 - INFO - Parsed the following arguments:
	N_SAMPLES = 1000.0
	SEQUENCE_LENGTH = 30000000.0
	RECOMBINATION_RATE = 1e-08
	SEED = 1
	NUM_TREES = 10
	OPTIMIZER = glike
	MODEL = NH
	outprefix = ../opt_results_glike_NH/ntree_10_rep_15

2026-09-03 02:40:06,231 - INFO - Sampling 1000 individuals with ploidy 1 in population 0 (name='admix') at time 0
2026-09-03 02:40:06,243 - INFO - Starting replicate 0
2026-09-03 02:40:06,244 - INFO - model[0] {'name': 'hudson'} started at time=0 nodes=1000 edges=0
2026-09-03 02:40:06,244 - INFO - Running model {'name': 'hudson'} until max time: inf
2026-09-03 02:40:07,210 - INFO - Completed at time=24250.7 nodes=39508 edges=264883
2026-09-03 02:40:08,401 - INFO - Finished simulating ARG.
[phase from 0.0 to 19.0]
        admix
ns   0.000006
grs  0.078000

[phase from 19.0 to 411.0]
       afr    eur   asia    pol
admix  0.0  0.198  0.334  0.468
        afr       eur     asia       pol
ns   0.0001  0.000075  0.00004  0.000064
grs  0.0000  0.000000  0.00000  0.000000

[phase from 411.0 to 1040.0]
      afr  eur  asia
afr     1    0     0
eur     0    1     0
asia    0    0     1
pol     0    0     1
        afr       eur     asia
ns   0.0001  0.000075  0.00037
grs  0.0000  0.000000  0.00000

[phase from 1040.0 to 2004.0]
      afr  eur
afr     1    0
eur     0    1
asia    0    1
        afr       eur
ns   0.0001  0.000405
grs  0.0000  0.000000

[phase from 2004.0 to inf]
     A
afr  1
eur  1
            A
ns   0.000375
grs  0.000000

2026-09-03 02:40:29,299 - INFO - Starting glike optimization.
{'t1': 10, 't2': 100, 't3': 1000, 't4': 2000, 'r1': 0.25, 'r2': 0.25, 'r3': 0.25, 'N_admix': 10000, 'N_afr': 10000, 'N_eur': 10000, 'N_asia': 10000, 'N_pol': 10000, 'N_aa': 10000, 'N_ooa': 10000, 'N_anc': 10000, 'gr': 0.1} -118543.59583870231
{'t1': 10.9, 't2': 108.91, 't3': 1000, 't4': 2000, 'r1': 0.275, 'r2': 0.275, 'r3': 0.225, 'N_admix': 10990.0, 'N_afr': 10990.0, 'N_eur': 10990.0, 'N_asia': 10990.0, 'N_pol': 9010.0, 'N_aa': 10990.0, 'N_ooa': 10990.0, 'N_anc': 9010.0, 'gr': 0.11} -117885.80391805567
{'t1': 10.9, 't2': 123.6115, 't3': 1043.81942, 't4': 2000, 'r1': 0.31625, 'r2': 0.275, 'r3': 0.225, 'N_admix': 12623.5, 'N_afr': 12623.5, 'N_eur': 10990.0, 'N_asia': 10990.0, 'N_pol': 9010.0, 'N_aa': 12623.5, 'N_ooa': 9356.5, 'N_anc': 7673.5, 'gr': 0.1265} -117374.54729821153
{'t1': 11.6425, 't2': 148.80453, 't3': 1043.81942, 't4': 2000, 'r1': 0.31625, 'r2': 0.275, 'r3': 0.225, 'N_admix': 15441.2875, 'N_afr': 12623.5, 'N_eur': 11806.75, 'N_asia': 11806.75, 'N_pol': 9010.0, 'N_aa': 12623.5, 'N_ooa': 7273.7875, 'N_anc': 5969.4625, 'gr': 0.15496} -116926.95557971326
{'t1': 12.83978, 't2': 194.69263, 't3': 1001.36308, 't4': 1950.06815, 'r1': 0.31625, 'r2': 0.275, 'r3': 0.225, 'N_admix': 20618.97203, 'N_afr': 14032.39375, 'N_eur': 11806.75, 'N_asia': 13123.75937, 'N_pol': 8564.5, 'N_aa': 12623.5, 'N_ooa': 4852.63422, 'N_anc': 3988.51891, 'gr': 0.20726} -116564.90952892054
{'t1': 10.84182, 't2': 286.61804, 't3': 1001.36308, 't4': 1878.91527, 'r1': 0.29846, 'r2': 0.275, 'r3': 0.225, 'N_admix': 30878.45804, 'N_afr': 11681.3023, 'N_eur': 11806.75, 'N_asia': 13123.75937, 'N_pol': 9199.3375, 'N_aa': 11919.05313, 'N_ooa': 2476.31711, 'N_anc': 2044.25945, 'gr': 0.10363} -116274.9695814641
{'t1': 13.33303, 't2': 423.26054, 't3': 1001.36308, 't4': 1780.19065, 'r1': 0.27328, 'r2': 0.26125, 'r3': 0.23625, 'N_admix': 46267.68706, 'N_afr': 11681.3023, 'N_eur': 11806.75, 'N_asia': 13123.75937, 'N_pol': 10223.01297, 'N_aa': 10921.82052, 'N_ooa': 2476.31711, 'N_anc': 3016.38918, 'gr': 0.05181} -116031.87959253395
{'t1': 18.01573, 't2': 423.26054, 't3': 1030.26821, 't4': 1653.64124, 'r1': 0.23869, 'r2': 0.26125, 'r3': 0.25397, 'N_admix': 46267.68706, 'N_afr': 10215.54373, 'N_eur': 11221.4125, 'N_asia': 13774.94734, 'N_pol': 11931.27141, 'N_aa': 9552.18386, 'N_ooa': 1882.23783, 'N_anc': 3016.38918, 'gr': 0.05181} -115781.78006106765
{'t1': 18.01573, 't2': 423.26054, 't3': 1030.26821, 't4': 1495.84994, 'r1': 0.19338, 'r2': 0.24819, 'r3': 0.28254, 'N_admix': 46267.68706, 'N_afr': 10215.54373, 'N_eur': 10387.30656, 'N_asia': 14800.56839, 'N_pol': 11931.27141, 'N_aa': 7757.74583, 'N_ooa': 1213.89864, 'N_anc': 3016.38918, 'gr': 0.05181} -115568.14504249534
{'t1': 18.01573, 't2': 372.60494, 't3': 1030.26821, 't4': 1495.84994, 'r1': 0.19338, 'r2': 0.2668, 'r3': 0.28254, 'N_admix': 46267.68706, 'N_afr': 11175.73011, 'N_eur': 11544.62855, 'N_asia': 14800.56839, 'N_pol': 11931.27141, 'N_aa': 5577.08305, 'N_ooa': 1213.89864, 'N_anc': 3016.38918, 'gr': 0.04533} -115412.62748540108
{'t1': 18.01573, 't2': 372.60494, 't3': 1030.26821, 't4': 1495.84994, 'r1': 0.19338, 'r2': 0.2668, 'r3': 0.28254, 'N_admix': 49153.1675, 'N_afr': 11175.73011, 'N_eur': 11544.62855, 'N_asia': 14800.56839, 'N_pol': 12679.96905, 'N_aa': 5577.08305, 'N_ooa': 1492.3733, 'N_anc': 2834.11486, 'gr': 0.03683} -115396.77472717222
{'t1': 19.07921, 't2': 405.74798, 't3': 1030.26821, 't4': 1495.84994, 'r1': 0.17961, 'r2': 0.25179, 'r3': 0.29667, 'N_admix': 49153.1675, 'N_afr': 10387.23331, 'N_eur': 10578.98802, 'N_asia': 15535.59681, 'N_pol': 13874.0833, 'N_aa': 4407.31932, 'N_ooa': 1492.3733, 'N_anc': 2834.11486, 'gr': 0.03683} -114985.87814099994
{'t1': 19.07921, 't2': 405.74798, 't3': 1030.26821, 't4': 1472.57085, 'r1': 0.16043, 'r2': 0.23055, 'r3': 0.31892, 'N_admix': 49153.1675, 'N_afr': 9288.6894, 'N_eur': 10578.98802, 'N_asia': 16693.26657, 'N_pol': 13874.0833, 'N_aa': 3027.42078, 'N_ooa': 1753.44329, 'N_anc': 2834.11486, 'gr': 0.03683} -114872.79651001107
{'t1': 18.17525, 't2': 405.74798, 't3': 1030.26821, 't4': 1505.74355, 'r1': 0.16043, 'r2': 0.23055, 'r3': 0.31892, 'N_admix': 51605.82588, 'N_afr': 9288.6894, 'N_eur': 10578.98802, 'N_asia': 16693.26657, 'N_pol': 12893.48694, 'N_aa': 3027.42078, 'N_ooa': 1753.44329, 'N_anc': 2834.11486, 'gr': 0.03683} -114840.99608095294
{'t1': 18.17525, 't2': 405.74798, 't3': 1030.26821, 't4': 1505.74355, 'r1': 0.17328, 'r2': 0.23055, 'r3': 0.30098, 'N_admix': 51605.82588, 'N_afr': 9288.6894, 'N_eur': 10578.98802, 'N_asia': 16693.26657, 'N_pol': 14259.66643, 'N_aa': 3027.42078, 'N_ooa': 1753.44329, 'N_anc': 2834.11486, 'gr': 0.03683} -114822.63172415382
{'t1': 18.17525, 't2': 405.74798, 't3': 1030.26821, 't4': 1505.74355, 'r1': 0.17328, 'r2': 0.23055, 'r3': 0.30098, 'N_admix': 51605.82588, 'N_afr': 9288.6894, 'N_eur': 10578.98802, 'N_asia': 15863.60324, 'N_pol': 14259.66643, 'N_aa': 3027.42078, 'N_ooa': 1753.44329, 'N_anc': 2834.11486, 'gr': 0.03683} -114819.08858371034
{'t1': 18.17525, 't2': 405.74798, 't3': 1030.26821, 't4': 1505.74355, 'r1': 0.17328, 'r2': 0.23055, 'r3': 0.30098, 'N_admix': 51605.82588, 'N_afr': 9288.6894, 'N_eur': 10578.98802, 'N_asia': 15863.60324, 'N_pol': 14259.66643, 'N_aa': 3027.42078, 'N_ooa': 1753.44329, 'N_anc': 2834.11486, 'gr': 0.03683} -114819.08858371034
{'t1': 18.17525, 't2': 405.74798, 't3': 1030.26821, 't4': 1505.74355, 'r1': 0.17328, 'r2': 0.23055, 'r3': 0.30098, 'N_admix': 51605.82588, 'N_afr': 9288.6894, 'N_eur': 10578.98802, 'N_asia': 15863.60324, 'N_pol': 14259.66643, 'N_aa': 3027.42078, 'N_ooa': 1753.44329, 'N_anc': 2834.11486, 'gr': 0.03683} -114819.08858371034
{'t1': 18.17525, 't2': 405.74798, 't3': 1030.26821, 't4': 1505.74355, 'r1': 0.17328, 'r2': 0.23055, 'r3': 0.30098, 'N_admix': 51605.82588, 'N_afr': 9288.6894, 'N_eur': 10578.98802, 'N_asia': 15863.60324, 'N_pol': 14259.66643, 'N_aa': 3027.42078, 'N_ooa': 1753.44329, 'N_anc': 2834.11486, 'gr': 0.03683} -114819.08858371034
{'t1': 18.17525, 't2': 405.74798, 't3': 1030.26821, 't4': 1505.74355, 'r1': 0.17328, 'r2': 0.23055, 'r3': 0.30098, 'N_admix': 51605.82588, 'N_afr': 9288.6894, 'N_eur': 10578.98802, 'N_asia': 15863.60324, 'N_pol': 14259.66643, 'N_aa': 3027.42078, 'N_ooa': 1753.44329, 'N_anc': 2834.11486, 'gr': 0.03683} -114819.08858371034
2026-09-03 08:26:10,597 - INFO - Finished fitting ARG.
2026-09-03 08:26:10,598 - INFO - Finished in 5h 45m 41.3s
2026-09-03 08:26:10,598 - INFO - Estimated: {'t1': 18.17525, 't2': 405.74798, 't3': 1030.26821, 't4': 1505.74355, 'r1': 0.17328, 'r2': 0.23055, 'r3': 0.30098, 'N_admix': 51605.82588, 'N_afr': 9288.6894, 'N_eur': 10578.98802, 'N_asia': 15863.60324, 'N_pol': 14259.66643, 'N_aa': 3027.42078, 'N_ooa': 1753.44329, 'N_anc': 2834.11486, 'gr': 0.03683}
2026-09-03 08:26:10,599 - INFO - logp = -114819.08858371034  (true = -115458.10025546125)
2026-09-03 08:26:10,599 - INFO - Pipeline executed succesfully.
