2026-09-03 02:37:29,831 - INFO - Beginning execution of simulate_and_fit_ARG.py in directory /home1/mahj/glike_optimize/opt_scripts

2026-09-03 02:37:29,831 - INFO - Progress is being logged to ../opt_results_glike_NH/ntree_10_rep_5_simulate_ARG.log

2026-09-03 02:37:29,831 - INFO - Parsed the following arguments:
	N_SAMPLES = 1000.0
	SEQUENCE_LENGTH = 30000000.0
	RECOMBINATION_RATE = 1e-08
	SEED = 1
	NUM_TREES = 10
	OPTIMIZER = glike
	MODEL = NH
	outprefix = ../opt_results_glike_NH/ntree_10_rep_5

2026-09-03 02:37:29,859 - INFO - Sampling 1000 individuals with ploidy 1 in population 0 (name='admix') at time 0
2026-09-03 02:37:29,866 - INFO - Starting replicate 0
2026-09-03 02:37:29,867 - INFO - model[0] {'name': 'hudson'} started at time=0 nodes=1000 edges=0
2026-09-03 02:37:29,867 - INFO - Running model {'name': 'hudson'} until max time: inf
2026-09-03 02:37:30,551 - INFO - Completed at time=24250.7 nodes=39508 edges=264883
2026-09-03 02:37:31,608 - INFO - Finished simulating ARG.
[phase from 0.0 to 19.0]
        admix
ns   0.000006
grs  0.078000

[phase from 19.0 to 411.0]
       afr    eur   asia    pol
admix  0.0  0.198  0.334  0.468
        afr       eur     asia       pol
ns   0.0001  0.000075  0.00004  0.000064
grs  0.0000  0.000000  0.00000  0.000000

[phase from 411.0 to 1040.0]
      afr  eur  asia
afr     1    0     0
eur     0    1     0
asia    0    0     1
pol     0    0     1
        afr       eur     asia
ns   0.0001  0.000075  0.00037
grs  0.0000  0.000000  0.00000

[phase from 1040.0 to 2004.0]
      afr  eur
afr     1    0
eur     0    1
asia    0    1
        afr       eur
ns   0.0001  0.000405
grs  0.0000  0.000000

[phase from 2004.0 to inf]
     A
afr  1
eur  1
            A
ns   0.000375
grs  0.000000

2026-09-03 02:37:44,748 - INFO - Starting glike optimization.
{'t1': 10, 't2': 100, 't3': 1000, 't4': 2000, 'r1': 0.25, 'r2': 0.25, 'r3': 0.25, 'N_admix': 10000, 'N_afr': 10000, 'N_eur': 10000, 'N_asia': 10000, 'N_pol': 10000, 'N_aa': 10000, 'N_ooa': 10000, 'N_anc': 10000, 'gr': 0.1} -118545.43176005577
{'t1': 10.9, 't2': 108.91, 't3': 1000, 't4': 1900.0, 'r1': 0.275, 'r2': 0.275, 'r3': 0.225, 'N_admix': 10990.0, 'N_afr': 10990.0, 'N_eur': 10990.0, 'N_asia': 10000, 'N_pol': 10000, 'N_aa': 10990.0, 'N_ooa': 9010.0, 'N_anc': 9010.0, 'gr': 0.11} -117873.99708387768
{'t1': 12.385, 't2': 123.38875, 't3': 1000, 't4': 1765.0, 'r1': 0.31625, 'r2': 0.275, 'r3': 0.225, 'N_admix': 12623.5, 'N_afr': 12623.5, 'N_eur': 10990.0, 'N_asia': 10495.0, 'N_pol': 9505.0, 'N_aa': 12623.5, 'N_ooa': 9010.0, 'N_anc': 7673.5, 'gr': 0.1265} -117299.65861310188
{'t1': 14.94663, 't2': 147.78823, 't3': 1000, 't4': 1592.875, 'r1': 0.31625, 'r2': 0.275, 'r3': 0.225, 'N_admix': 15441.2875, 'N_afr': 12623.5, 'N_eur': 11806.75, 'N_asia': 11274.625, 'N_pol': 9505.0, 'N_aa': 12623.5, 'N_ooa': 8341.75, 'N_anc': 5969.4625, 'gr': 0.15496} -116748.18083783402
{'t1': 19.65362, 't2': 191.03366, 't3': 1000, 't4': 1392.77969, 'r1': 0.28067, 'r2': 0.275, 'r3': 0.23625, 'N_admix': 20618.97203, 'N_afr': 12623.5, 'N_eur': 11806.75, 'N_asia': 11274.625, 'N_pol': 9505.0, 'N_aa': 11214.60625, 'N_ooa': 7414.55313, 'N_anc': 3988.51891, 'gr': 0.10266} -116385.27313314479
{'t1': 19.65362, 't2': 276.72368, 't3': 1000, 't4': 1196.38985, 'r1': 0.28067, 'r2': 0.26125, 'r3': 0.23625, 'N_admix': 30878.45804, 'N_afr': 12623.5, 'N_eur': 12465.25469, 'N_asia': 11903.19766, 'N_pol': 9975.25, 'N_aa': 9339.01645, 'N_ooa': 6180.22229, 'N_anc': 2044.25945, 'gr': 0.05133} -116080.83626095604
{'t1': 24.31703, 't2': 402.92701, 't3': 990.18051, 't4': 1093.28518, 'r1': 0.25699, 'r2': 0.24166, 'r3': 0.23625, 'N_admix': 30878.45804, 'N_afr': 11997.325, 'N_eur': 11421.93633, 'N_asia': 12899.09246, 'N_pol': 10715.89375, 'N_aa': 7000.39041, 'N_ooa': 4641.16602, 'N_anc': 3016.38918, 'gr': 0.05133} -115425.34230507934
{'t1': 24.31703, 't2': 402.92701, 't3': 990.18051, 't4': 1041.73284, 'r1': 0.22446, 'r2': 0.24166, 'r3': 0.24806, 'N_admix': 38573.07255, 'N_afr': 11105.02563, 'N_eur': 9989.00376, 'N_asia': 14518.9776, 'N_pol': 11910.1818, 'N_aa': 4380.39843, 'N_ooa': 6365.38999, 'N_anc': 3016.38918, 'gr': 0.0385} -114984.45883214567
{'t1': 24.31703, 't2': 402.92701, 't3': 990.18051, 't4': 1041.73284, 'r1': 0.22446, 'r2': 0.24166, 'r3': 0.26666, 'N_admix': 38573.07255, 'N_afr': 9866.96025, 'N_eur': 9989.00376, 'N_asia': 17256.33038, 'N_pol': 11910.1818, 'N_aa': 4380.39843, 'N_ooa': 9498.08498, 'N_anc': 3016.38918, 'gr': 0.0385} -114966.4763758734
{'t1': 26.503, 't2': 402.92701, 't3': 990.18051, 't4': 1041.73284, 'r1': 0.22446, 'r2': 0.22958, 'r3': 0.26666, 'N_admix': 38573.07255, 'N_afr': 9866.96025, 'N_eur': 9989.00376, 'N_asia': 17256.33038, 'N_pol': 12906.66589, 'N_aa': 3310.29882, 'N_ooa': 9498.08498, 'N_anc': 2651.84053, 'gr': 0.0385} -114852.497520517
{'t1': 26.503, 't2': 402.92701, 't3': 990.18051, 't4': 1041.73284, 'r1': 0.22446, 'r2': 0.22958, 'r3': 0.26666, 'N_admix': 38573.07255, 'N_afr': 9866.96025, 'N_eur': 9494.55357, 'N_asia': 17256.33038, 'N_pol': 12906.66589, 'N_aa': 3310.29882, 'N_ooa': 9498.08498, 'N_anc': 2651.84053, 'gr': 0.03489} -114847.5824527455
{'t1': 26.503, 't2': 402.92701, 't3': 990.18051, 't4': 1041.73284, 'r1': 0.22446, 'r2': 0.22958, 'r3': 0.27999, 'N_admix': 38573.07255, 'N_afr': 9866.96025, 'N_eur': 9494.55357, 'N_asia': 17256.33038, 'N_pol': 12906.66589, 'N_aa': 3310.29882, 'N_ooa': 9498.08498, 'N_anc': 2651.84053, 'gr': 0.03489} -114840.08279593218
{'t1': 26.503, 't2': 402.92701, 't3': 990.18051, 't4': 1041.73284, 'r1': 0.22446, 'r2': 0.22958, 'r3': 0.27999, 'N_admix': 38573.07255, 'N_afr': 9866.96025, 'N_eur': 9964.28125, 'N_asia': 17256.33038, 'N_pol': 12266.3326, 'N_aa': 3310.29882, 'N_ooa': 9498.08498, 'N_anc': 2651.84053, 'gr': 0.03489} -114834.3261036104
{'t1': 26.503, 't2': 402.92701, 't3': 990.18051, 't4': 1041.73284, 'r1': 0.22446, 'r2': 0.22958, 'r3': 0.27999, 'N_admix': 38573.07255, 'N_afr': 9866.96025, 'N_eur': 9964.28125, 'N_asia': 18114.1469, 'N_pol': 11353.85765, 'N_aa': 3310.29882, 'N_ooa': 9498.08498, 'N_anc': 2651.84053, 'gr': 0.03489} -114833.60313479831
{'t1': 26.503, 't2': 402.92701, 't3': 990.18051, 't4': 1041.73284, 'r1': 0.22446, 'r2': 0.22958, 'r3': 0.27999, 'N_admix': 38573.07255, 'N_afr': 9866.96025, 'N_eur': 9964.28125, 'N_asia': 18114.1469, 'N_pol': 11353.85765, 'N_aa': 3310.29882, 'N_ooa': 9498.08498, 'N_anc': 2651.84053, 'gr': 0.03489} -114833.60313479831
{'t1': 26.503, 't2': 402.92701, 't3': 990.18051, 't4': 1041.73284, 'r1': 0.22446, 'r2': 0.22958, 'r3': 0.27999, 'N_admix': 38573.07255, 'N_afr': 9866.96025, 'N_eur': 9964.28125, 'N_asia': 18114.1469, 'N_pol': 11986.88714, 'N_aa': 3310.29882, 'N_ooa': 9498.08498, 'N_anc': 2651.84053, 'gr': 0.03489} -114833.18153315435
{'t1': 26.503, 't2': 402.92701, 't3': 990.18051, 't4': 1041.73284, 'r1': 0.22446, 'r2': 0.22958, 'r3': 0.27999, 'N_admix': 38573.07255, 'N_afr': 9866.96025, 'N_eur': 9964.28125, 'N_asia': 18114.1469, 'N_pol': 11986.88714, 'N_aa': 3310.29882, 'N_ooa': 9498.08498, 'N_anc': 2651.84053, 'gr': 0.03489} -114833.18153315435
{'t1': 26.503, 't2': 402.92701, 't3': 990.18051, 't4': 1041.73284, 'r1': 0.22446, 'r2': 0.22958, 'r3': 0.27999, 'N_admix': 38573.07255, 'N_afr': 9866.96025, 'N_eur': 9964.28125, 'N_asia': 18114.1469, 'N_pol': 11986.88714, 'N_aa': 3310.29882, 'N_ooa': 9498.08498, 'N_anc': 2651.84053, 'gr': 0.03489} -114833.18153315435
{'t1': 26.503, 't2': 402.92701, 't3': 990.18051, 't4': 1041.73284, 'r1': 0.22446, 'r2': 0.22958, 'r3': 0.27999, 'N_admix': 38573.07255, 'N_afr': 9866.96025, 'N_eur': 9964.28125, 'N_asia': 18114.1469, 'N_pol': 11986.88714, 'N_aa': 3310.29882, 'N_ooa': 9498.08498, 'N_anc': 2651.84053, 'gr': 0.03489} -114833.18153315435
{'t1': 26.503, 't2': 402.92701, 't3': 990.18051, 't4': 1041.73284, 'r1': 0.22446, 'r2': 0.22958, 'r3': 0.27999, 'N_admix': 38573.07255, 'N_afr': 9866.96025, 'N_eur': 9964.28125, 'N_asia': 18114.1469, 'N_pol': 11986.88714, 'N_aa': 3310.29882, 'N_ooa': 9498.08498, 'N_anc': 2651.84053, 'gr': 0.03489} -114833.18153315435
2026-09-03 06:11:49,519 - INFO - Finished fitting ARG.
2026-09-03 06:11:49,519 - INFO - Finished in 3h 34m 4.8s
2026-09-03 06:11:49,519 - INFO - Estimated: {'t1': 26.503, 't2': 402.92701, 't3': 990.18051, 't4': 1041.73284, 'r1': 0.22446, 'r2': 0.22958, 'r3': 0.27999, 'N_admix': 38573.07255, 'N_afr': 9866.96025, 'N_eur': 9964.28125, 'N_asia': 18114.1469, 'N_pol': 11986.88714, 'N_aa': 3310.29882, 'N_ooa': 9498.08498, 'N_anc': 2651.84053, 'gr': 0.03489}
2026-09-03 06:11:49,519 - INFO - logp = -114833.18153315435  (true = -115577.07808511086)
2026-09-03 06:11:49,519 - INFO - Pipeline executed succesfully.
