2026-09-03 02:21:24,527 - INFO - Beginning execution of simulate_and_fit_ARG.py in directory /home1/mahj/glike_optimize/opt_scripts

2026-09-03 02:21:24,527 - INFO - Progress is being logged to ../opt_results_glike_3G09_no_m1/ntree_10_rep_18_simulate_ARG.log

2026-09-03 02:21:24,527 - INFO - Parsed the following arguments:
	N_SAMPLES = 1000.0
	SEQUENCE_LENGTH = 30000000.0
	RECOMBINATION_RATE = 1e-08
	SEED = 1
	NUM_TREES = 10
	OPTIMIZER = glike
	MODEL = 3G09
	outprefix = ../opt_results_glike_3G09_no_m1/ntree_10_rep_18

2026-09-03 02:21:24,554 - INFO - Sampling 1000 individuals with ploidy 1 in population 1 (name='ceu') at time 0
2026-09-03 02:21:24,557 - INFO - Starting replicate 0
2026-09-03 02:21:24,557 - INFO - model[0] {'name': 'hudson'} started at time=0 nodes=1000 edges=0
2026-09-03 02:21:24,557 - INFO - Running model {'name': 'hudson'} until max time: inf
2026-09-03 02:21:25,445 - INFO - Completed at time=130012 nodes=28005 edges=152908
2026-09-03 02:21:26,059 - INFO - Finished simulating ARG.
[phase from 0.0 to 30.0]
        yri     ceu     nea
ns   0.0001  0.0001  0.0001
grs  0.0000  0.0000  0.0000

[phase from 30.0 to 50.0]
        yri     ceu     nea
ns   0.0001  0.0001  0.0001
grs  0.0000  0.0000  0.0000

[phase from 50.0 to 73.95]
        yri     ceu     nea
ns   0.0001  0.0001  0.0001
grs  0.0000  0.0000  0.0000

[phase from 73.95 to 290.0]
     yri  nea
yri    1    0
ceu    1    0
nea    0    1
        yri     nea
ns   0.0001  0.0001
grs  0.0000  0.0000

[phase from 290.0 to inf]
     yri
yri    1
nea    1
        yri
ns   0.0001
grs  0.0000

2026-09-03 02:21:45,806 - INFO - Starting glike optimization.
{'t1': 10, 't2': 50, 't3': 100, 't4': 300, 'N_yri': 10000, 'N_ceu': 10000, 'N_nea': 10000, 'm1': 0.0} -94751.40347295928
{'t1': 9.1, 't2': 50, 't3': 100, 't4': 280.0, 'N_yri': 9010.0, 'N_ceu': 9010.0, 'N_nea': 9010.0, 'm1': 0.0} -94132.32294799
{'t1': 10.315, 't2': 48.01575, 't3': 97.40079, 't4': 252.61012, 'N_yri': 7673.5, 'N_ceu': 7673.5, 'N_nea': 7673.5, 'm1': 1e-05} -93263.35997220164
{'t1': 8.21912, 't2': 51.0005, 't3': 97.40079, 't4': 217.68802, 'N_yri': 5969.4625, 'N_ceu': 5969.4625, 'N_nea': 5969.4625, 'm1': 0.0} -92227.35608105139
{'t1': 8.21912, 't2': 55.81341, 't3': 97.40079, 't4': 217.68802, 'N_yri': 3988.51891, 'N_ceu': 3988.51891, 'N_nea': 3988.51891, 'm1': 0.0} -91526.40909000198
{'t1': 8.21912, 't2': 62.83128, 't3': 97.40079, 't4': 217.68802, 'N_yri': 5932.77837, 'N_ceu': 2044.25945, 'N_nea': 3988.51891, 'm1': 0.0} -91343.61445346917
{'t1': 8.21912, 't2': 54.08087, 't3': 95.23479, 't4': 217.68802, 'N_yri': 5932.77837, 'N_ceu': 3016.38918, 'N_nea': 3016.38918, 'm1': 0.0} -91220.9838484362
{'t1': 8.21912, 't2': 38.45524, 't3': 90.97632, 't4': 224.02361, 'N_yri': 5932.77837, 'N_ceu': 3016.38918, 'N_nea': 3016.38918, 'm1': 0.0} -91192.68430807261
{'t1': 8.21912, 't2': 38.45524, 't3': 90.97632, 't4': 224.02361, 'N_yri': 5932.77837, 'N_ceu': 3016.38918, 'N_nea': 3016.38918, 'm1': 0.0} -91192.68430807261
{'t1': 8.21912, 't2': 30.89621, 't3': 90.97632, 't4': 224.02361, 'N_yri': 5932.77837, 'N_ceu': 3016.38918, 'N_nea': 3016.38918, 'm1': 0.0} -91192.6843080726
{'t1': 8.21912, 't2': 30.89621, 't3': 90.97632, 't4': 224.02361, 'N_yri': 5932.77837, 'N_ceu': 2834.11486, 'N_nea': 3016.38918, 'm1': 0.0} -91191.4354265538
{'t1': 8.21912, 't2': 30.89621, 't3': 90.97632, 't4': 224.02361, 'N_yri': 5932.77837, 'N_ceu': 2834.11486, 'N_nea': 3016.38918, 'm1': 0.0} -91191.4354265538
{'t1': 8.21912, 't2': 28.77023, 't3': 90.97632, 't4': 224.02361, 'N_yri': 5932.77837, 'N_ceu': 2834.11486, 'N_nea': 3016.38918, 'm1': 0.0} -91191.43542655378
{'t1': 8.21912, 't2': 28.77023, 't3': 90.97632, 't4': 224.02361, 'N_yri': 5932.77837, 'N_ceu': 2834.11486, 'N_nea': 3016.38918, 'm1': 0.0} -91191.43542655378
{'t1': 8.21912, 't2': 28.77023, 't3': 90.97632, 't4': 224.02361, 'N_yri': 5932.77837, 'N_ceu': 2834.11486, 'N_nea': 3016.38918, 'm1': 0.0} -91191.43542655378
{'t1': 8.21912, 't2': 28.77023, 't3': 90.97632, 't4': 224.02361, 'N_yri': 5932.77837, 'N_ceu': 2834.11486, 'N_nea': 3016.38918, 'm1': 0.0} -91191.43542655378
{'t1': 8.21912, 't2': 28.77023, 't3': 90.97632, 't4': 224.02361, 'N_yri': 5932.77837, 'N_ceu': 2834.11486, 'N_nea': 3016.38918, 'm1': 0.0} -91191.43542655378
2026-09-03 04:37:18,202 - INFO - Finished fitting ARG.
2026-09-03 04:37:18,202 - INFO - Finished in 2h 15m 32.4s
2026-09-03 04:37:18,202 - INFO - Estimated: {'t1': 8.21912, 't2': 28.77023, 't3': 90.97632, 't4': 224.02361, 'N_yri': 5932.77837, 'N_ceu': 2834.11486, 'N_nea': 3016.38918, 'm1': 0.0}
2026-09-03 04:37:18,202 - INFO - logp = -91191.43542655378  (true = -94793.29802803662)
2026-09-03 04:37:18,202 - INFO - Pipeline executed succesfully.
