2026-09-03 02:41:07,245 - INFO - Beginning execution of simulate_and_fit_ARG.py in directory /home1/mahj/glike_optimize/opt_scripts

2026-09-03 02:41:07,245 - INFO - Progress is being logged to ../opt_results_glike_NH/ntree_10_rep_19_simulate_ARG.log

2026-09-03 02:41:07,245 - INFO - Parsed the following arguments:
	N_SAMPLES = 1000.0
	SEQUENCE_LENGTH = 30000000.0
	RECOMBINATION_RATE = 1e-08
	SEED = 1
	NUM_TREES = 10
	OPTIMIZER = glike
	MODEL = NH
	outprefix = ../opt_results_glike_NH/ntree_10_rep_19

2026-09-03 02:41:07,273 - INFO - Sampling 1000 individuals with ploidy 1 in population 0 (name='admix') at time 0
2026-09-03 02:41:07,278 - INFO - Starting replicate 0
2026-09-03 02:41:07,278 - INFO - model[0] {'name': 'hudson'} started at time=0 nodes=1000 edges=0
2026-09-03 02:41:07,278 - INFO - Running model {'name': 'hudson'} until max time: inf
2026-09-03 02:41:07,965 - INFO - Completed at time=24250.7 nodes=39508 edges=264883
2026-09-03 02:41:09,020 - INFO - Finished simulating ARG.
[phase from 0.0 to 19.0]
        admix
ns   0.000006
grs  0.078000

[phase from 19.0 to 411.0]
       afr    eur   asia    pol
admix  0.0  0.198  0.334  0.468
        afr       eur     asia       pol
ns   0.0001  0.000075  0.00004  0.000064
grs  0.0000  0.000000  0.00000  0.000000

[phase from 411.0 to 1040.0]
      afr  eur  asia
afr     1    0     0
eur     0    1     0
asia    0    0     1
pol     0    0     1
        afr       eur     asia
ns   0.0001  0.000075  0.00037
grs  0.0000  0.000000  0.00000

[phase from 1040.0 to 2004.0]
      afr  eur
afr     1    0
eur     0    1
asia    0    1
        afr       eur
ns   0.0001  0.000405
grs  0.0000  0.000000

[phase from 2004.0 to inf]
     A
afr  1
eur  1
            A
ns   0.000375
grs  0.000000

2026-09-03 02:41:21,965 - INFO - Starting glike optimization.
{'t1': 10, 't2': 100, 't3': 1000, 't4': 2000, 'r1': 0.25, 'r2': 0.25, 'r3': 0.25, 'N_admix': 10000, 'N_afr': 10000, 'N_eur': 10000, 'N_asia': 10000, 'N_pol': 10000, 'N_aa': 10000, 'N_ooa': 10000, 'N_anc': 10000, 'gr': 0.1} -118556.37801664183
{'t1': 10.9, 't2': 108.91, 't3': 1000, 't4': 1900.0, 'r1': 0.275, 'r2': 0.275, 'r3': 0.225, 'N_admix': 10990.0, 'N_afr': 10990.0, 'N_eur': 10000, 'N_asia': 10000, 'N_pol': 10990.0, 'N_aa': 10990.0, 'N_ooa': 9010.0, 'N_anc': 9010.0, 'gr': 0.11} -117930.381412293
{'t1': 12.385, 't2': 123.38875, 't3': 1043.83056, 't4': 1771.57458, 'r1': 0.31625, 'r2': 0.275, 'r3': 0.225, 'N_admix': 12623.5, 'N_afr': 12623.5, 'N_eur': 10495.0, 'N_asia': 10000, 'N_pol': 9356.5, 'N_aa': 12623.5, 'N_ooa': 9010.0, 'N_anc': 7673.5, 'gr': 0.1265} -117325.29931544744
{'t1': 14.94663, 't2': 147.78823, 't3': 1043.83056, 't4': 1607.83218, 'r1': 0.31625, 'r2': 0.275, 'r3': 0.225, 'N_admix': 15441.2875, 'N_afr': 12623.5, 'N_eur': 11274.625, 'N_asia': 10495.0, 'N_pol': 9356.5, 'N_aa': 12623.5, 'N_ooa': 8341.75, 'N_anc': 5969.4625, 'gr': 0.15496} -116761.35269855105
{'t1': 19.65362, 't2': 191.03366, 't3': 1015.63048, 't4': 1407.96411, 'r1': 0.28067, 'r2': 0.28875, 'r3': 0.225, 'N_admix': 20618.97203, 'N_afr': 12623.5, 'N_eur': 12531.77031, 'N_asia': 11274.625, 'N_pol': 10397.85625, 'N_aa': 11214.60625, 'N_ooa': 7414.55313, 'N_anc': 3988.51891, 'gr': 0.10266} -116391.93714924736
{'t1': 19.65362, 't2': 276.72368, 't3': 986.20546, 't4': 1197.08479, 'r1': 0.23331, 'r2': 0.28875, 'r3': 0.225, 'N_admix': 30878.45804, 'N_afr': 12623.5, 'N_eur': 12531.77031, 'N_asia': 11274.625, 'N_pol': 12135.61949, 'N_aa': 9339.01645, 'N_ooa': 6180.22229, 'N_anc': 2044.25945, 'gr': 0.05133} -116086.35175430193
{'t1': 24.31703, 't2': 402.92701, 't3': 1009.92938, 't4': 1103.50709, 'r1': 0.17425, 'r2': 0.28875, 'r3': 0.23625, 'N_admix': 30878.45804, 'N_afr': 11997.325, 'N_eur': 11482.83969, 'N_asia': 11903.19766, 'N_pol': 15182.13567, 'N_aa': 7000.39041, 'N_ooa': 4641.16602, 'N_anc': 3016.38918, 'gr': 0.05133} -115335.1407637338
{'t1': 24.31703, 't2': 402.92701, 't3': 1025.72062, 't4': 1064.61386, 'r1': 0.17425, 'r2': 0.27431, 'r3': 0.25397, 'N_admix': 38573.07255, 'N_afr': 11105.02563, 'N_eur': 10042.19904, 'N_asia': 12899.09246, 'N_pol': 20908.63406, 'N_aa': 4380.39843, 'N_ooa': 6365.38999, 'N_anc': 3016.38918, 'gr': 0.0385} -114965.62024267501
{'t1': 28.68897, 't2': 402.92701, 't3': 1025.72062, 't4': 1064.61386, 'r1': 0.17425, 'r2': 0.25374, 'r3': 0.28254, 'N_admix': 38573.07255, 'N_afr': 11105.02563, 'N_eur': 10042.19904, 'N_asia': 12899.09246, 'N_pol': 20908.63406, 'N_aa': 4380.39843, 'N_ooa': 6365.38999, 'N_anc': 2287.29189, 'gr': 0.0385} -114951.53055036729
{'t1': 28.68897, 't2': 402.92701, 't3': 1030.64305, 't4': 1064.61386, 'r1': 0.17425, 'r2': 0.22519, 'r3': 0.23486, 'N_admix': 38573.07255, 'N_afr': 11105.02563, 'N_eur': 9098.46687, 'N_asia': 12089.14989, 'N_pol': 20908.63406, 'N_aa': 4380.39843, 'N_ooa': 6365.38999, 'N_anc': 2287.29189, 'gr': 0.03128} -114880.08412282768
{'t1': 28.68897, 't2': 402.92701, 't3': 1030.64305, 't4': 1064.61386, 'r1': 0.17425, 'r2': 0.22519, 'r3': 0.23486, 'N_admix': 38573.07255, 'N_afr': 11105.02563, 'N_eur': 9098.46687, 'N_asia': 12089.14989, 'N_pol': 20908.63406, 'N_aa': 3845.34863, 'N_ooa': 6365.38999, 'N_anc': 2697.40912, 'gr': 0.03128} -114853.91912708891
{'t1': 28.68897, 't2': 402.92701, 't3': 1030.64305, 't4': 1064.61386, 'r1': 0.17425, 'r2': 0.22519, 'r3': 0.23486, 'N_admix': 38573.07255, 'N_afr': 11105.02563, 'N_eur': 9098.46687, 'N_asia': 11489.6924, 'N_pol': 20908.63406, 'N_aa': 3845.34863, 'N_ooa': 6365.38999, 'N_anc': 2697.40912, 'gr': 0.03128} -114852.44214765965
{'t1': 28.68897, 't2': 402.92701, 't3': 1030.64305, 't4': 1064.61386, 'r1': 0.17425, 'r2': 0.22519, 'r3': 0.23486, 'N_admix': 38573.07255, 'N_afr': 11105.02563, 'N_eur': 9098.46687, 'N_asia': 11489.6924, 'N_pol': 20908.63406, 'N_aa': 3845.34863, 'N_ooa': 6365.38999, 'N_anc': 2697.40912, 'gr': 0.03128} -114852.44214765965
{'t1': 28.68897, 't2': 402.92701, 't3': 1030.64305, 't4': 1064.61386, 'r1': 0.17425, 'r2': 0.22519, 'r3': 0.23486, 'N_admix': 38573.07255, 'N_afr': 11105.02563, 'N_eur': 9098.46687, 'N_asia': 11489.6924, 'N_pol': 20908.63406, 'N_aa': 3845.34863, 'N_ooa': 6365.38999, 'N_anc': 2514.77879, 'gr': 0.03128} -114852.26514552091
{'t1': 28.68897, 't2': 402.92701, 't3': 1030.64305, 't4': 1064.61386, 'r1': 0.17425, 'r2': 0.22519, 'r3': 0.23486, 'N_admix': 38573.07255, 'N_afr': 11105.02563, 'N_eur': 9098.46687, 'N_asia': 11489.6924, 'N_pol': 20908.63406, 'N_aa': 3845.34863, 'N_ooa': 6365.38999, 'N_anc': 2514.77879, 'gr': 0.03128} -114852.26514552091
{'t1': 28.68897, 't2': 402.92701, 't3': 1030.64305, 't4': 1064.61386, 'r1': 0.17425, 'r2': 0.22519, 'r3': 0.23486, 'N_admix': 38573.07255, 'N_afr': 11105.02563, 'N_eur': 9098.46687, 'N_asia': 11489.6924, 'N_pol': 20908.63406, 'N_aa': 3845.34863, 'N_ooa': 6365.38999, 'N_anc': 2642.12064, 'gr': 0.03128} -114852.2460766893
{'t1': 28.68897, 't2': 402.92701, 't3': 1030.64305, 't4': 1064.61386, 'r1': 0.17425, 'r2': 0.22519, 'r3': 0.23486, 'N_admix': 38573.07255, 'N_afr': 11105.02563, 'N_eur': 9098.46687, 'N_asia': 11489.6924, 'N_pol': 20908.63406, 'N_aa': 3845.34863, 'N_ooa': 6365.38999, 'N_anc': 2642.12064, 'gr': 0.03128} -114852.2460766893
{'t1': 28.68897, 't2': 402.92701, 't3': 1030.64305, 't4': 1064.61386, 'r1': 0.17425, 'r2': 0.22519, 'r3': 0.23486, 'N_admix': 38573.07255, 'N_afr': 11105.02563, 'N_eur': 9098.46687, 'N_asia': 11489.6924, 'N_pol': 20908.63406, 'N_aa': 3845.34863, 'N_ooa': 6365.38999, 'N_anc': 2642.12064, 'gr': 0.03128} -114852.2460766893
{'t1': 28.68897, 't2': 402.92701, 't3': 1030.64305, 't4': 1064.61386, 'r1': 0.17425, 'r2': 0.22519, 'r3': 0.23486, 'N_admix': 38573.07255, 'N_afr': 11105.02563, 'N_eur': 9098.46687, 'N_asia': 11489.6924, 'N_pol': 20908.63406, 'N_aa': 3845.34863, 'N_ooa': 6365.38999, 'N_anc': 2642.12064, 'gr': 0.03128} -114852.2460766893
{'t1': 28.68897, 't2': 402.92701, 't3': 1030.64305, 't4': 1064.61386, 'r1': 0.17425, 'r2': 0.22519, 'r3': 0.23486, 'N_admix': 38573.07255, 'N_afr': 11105.02563, 'N_eur': 9098.46687, 'N_asia': 11489.6924, 'N_pol': 20908.63406, 'N_aa': 3845.34863, 'N_ooa': 6365.38999, 'N_anc': 2642.12064, 'gr': 0.03128} -114852.2460766893
2026-09-03 06:10:06,723 - INFO - Finished fitting ARG.
2026-09-03 06:10:06,723 - INFO - Finished in 3h 28m 44.8s
2026-09-03 06:10:06,723 - INFO - Estimated: {'t1': 28.68897, 't2': 402.92701, 't3': 1030.64305, 't4': 1064.61386, 'r1': 0.17425, 'r2': 0.22519, 'r3': 0.23486, 'N_admix': 38573.07255, 'N_afr': 11105.02563, 'N_eur': 9098.46687, 'N_asia': 11489.6924, 'N_pol': 20908.63406, 'N_aa': 3845.34863, 'N_ooa': 6365.38999, 'N_anc': 2642.12064, 'gr': 0.03128}
2026-09-03 06:10:06,723 - INFO - logp = -114852.2460766893  (true = -115563.75700408698)
2026-09-03 06:10:06,723 - INFO - Pipeline executed succesfully.
