2026-09-03 02:21:26,821 - INFO - Beginning execution of simulate_and_fit_ARG.py in directory /home1/mahj/glike_optimize/opt_scripts

2026-09-03 02:21:26,821 - INFO - Progress is being logged to ../opt_results_glike_3G09_no_m1/ntree_10_rep_16_simulate_ARG.log

2026-09-03 02:21:26,821 - INFO - Parsed the following arguments:
	N_SAMPLES = 1000.0
	SEQUENCE_LENGTH = 30000000.0
	RECOMBINATION_RATE = 1e-08
	SEED = 1
	NUM_TREES = 10
	OPTIMIZER = glike
	MODEL = 3G09
	outprefix = ../opt_results_glike_3G09_no_m1/ntree_10_rep_16

2026-09-03 02:21:26,896 - INFO - Sampling 1000 individuals with ploidy 1 in population 1 (name='ceu') at time 0
2026-09-03 02:21:26,903 - INFO - Starting replicate 0
2026-09-03 02:21:26,904 - INFO - model[0] {'name': 'hudson'} started at time=0 nodes=1000 edges=0
2026-09-03 02:21:26,904 - INFO - Running model {'name': 'hudson'} until max time: inf
2026-09-03 02:21:28,095 - INFO - Completed at time=130012 nodes=28005 edges=152908
2026-09-03 02:21:28,752 - INFO - Finished simulating ARG.
[phase from 0.0 to 30.0]
        yri     ceu     nea
ns   0.0001  0.0001  0.0001
grs  0.0000  0.0000  0.0000

[phase from 30.0 to 50.0]
        yri     ceu     nea
ns   0.0001  0.0001  0.0001
grs  0.0000  0.0000  0.0000

[phase from 50.0 to 73.95]
        yri     ceu     nea
ns   0.0001  0.0001  0.0001
grs  0.0000  0.0000  0.0000

[phase from 73.95 to 290.0]
     yri  nea
yri    1    0
ceu    1    0
nea    0    1
        yri     nea
ns   0.0001  0.0001
grs  0.0000  0.0000

[phase from 290.0 to inf]
     yri
yri    1
nea    1
        yri
ns   0.0001
grs  0.0000

2026-09-03 02:21:50,667 - INFO - Starting glike optimization.
{'t1': 10, 't2': 50, 't3': 100, 't4': 300, 'N_yri': 10000, 'N_ceu': 10000, 'N_nea': 10000, 'm1': 0.0} -94750.62145418032
{'t1': 10, 't2': 54.0, 't3': 100, 't4': 280.0, 'N_yri': 9010.0, 'N_ceu': 9010.0, 'N_nea': 9010.0, 'm1': 0.0} -94132.14826613251
{'t1': 10, 't2': 47.4, 't3': 97.37, 't4': 252.6055, 'N_yri': 7673.5, 'N_ceu': 7673.5, 'N_nea': 7673.5, 'm1': 1e-05} -93263.61447164608
{'t1': 10, 't2': 38.985, 't3': 92.99113, 't4': 216.69227, 'N_yri': 5969.4625, 'N_ceu': 5969.4625, 'N_nea': 5969.4625, 'm1': 0.0} -92234.73595253778
{'t1': 10, 't2': 48.76744, 't3': 97.9663, 't4': 256.76228, 'N_yri': 3988.51891, 'N_ceu': 3988.51891, 'N_nea': 3988.51891, 'm1': 0.0} -91489.258694827
{'t1': 10, 't2': 48.76744, 't3': 106.26861, 't4': 256.76228, 'N_yri': 5932.77837, 'N_ceu': 2044.25945, 'N_nea': 3988.51891, 'm1': 1e-05} -91313.95143710556
{'t1': 10, 't2': 39.07558, 't3': 106.26861, 't4': 256.76228, 'N_yri': 5932.77837, 'N_ceu': 3016.38918, 'N_nea': 3016.38918, 'm1': 0.0} -91169.20300712013
{'t1': 10, 't2': 39.07558, 't3': 97.76449, 't4': 256.76228, 'N_yri': 5932.77837, 'N_ceu': 3016.38918, 'N_nea': 3016.38918, 'm1': 1e-05} -91150.79147444441
{'t1': 10, 't2': 39.07558, 't3': 97.76449, 't4': 256.76228, 'N_yri': 5932.77837, 'N_ceu': 3016.38918, 'N_nea': 3016.38918, 'm1': 1e-05} -91150.79147444441
{'t1': 10, 't2': 39.07558, 't3': 97.76449, 't4': 256.76228, 'N_yri': 5568.22972, 'N_ceu': 2651.84053, 'N_nea': 2742.97769, 'm1': 1e-05} -91143.97819579342
{'t1': 10, 't2': 39.07558, 't3': 97.76449, 't4': 256.76228, 'N_yri': 5568.22972, 'N_ceu': 2651.84053, 'N_nea': 2742.97769, 'm1': 1e-05} -91143.97819579342
{'t1': 10, 't2': 39.07558, 't3': 97.76449, 't4': 256.76228, 'N_yri': 5568.22972, 'N_ceu': 2891.07558, 'N_nea': 2742.97769, 'm1': 1e-05} -91136.38058598009
{'t1': 10, 't2': 39.07558, 't3': 97.76449, 't4': 256.76228, 'N_yri': 5568.22972, 'N_ceu': 2891.07558, 'N_nea': 2742.97769, 'm1': 1e-05} -91136.38058598009
{'t1': 10, 't2': 39.07558, 't3': 97.76449, 't4': 256.76228, 'N_yri': 5568.22972, 'N_ceu': 2891.07558, 'N_nea': 2742.97769, 'm1': 1e-05} -91136.38058598009
{'t1': 10, 't2': 39.07558, 't3': 97.76449, 't4': 256.76228, 'N_yri': 5568.22972, 'N_ceu': 2891.07558, 'N_nea': 2742.97769, 'm1': 1e-05} -91136.38058598009
{'t1': 10, 't2': 39.07558, 't3': 97.76449, 't4': 256.76228, 'N_yri': 5568.22972, 'N_ceu': 2891.07558, 'N_nea': 2742.97769, 'm1': 1e-05} -91136.38058598009
2026-09-03 04:15:42,477 - INFO - Finished fitting ARG.
2026-09-03 04:15:42,477 - INFO - Finished in 1h 53m 51.8s
2026-09-03 04:15:42,477 - INFO - Estimated: {'t1': 10, 't2': 39.07558, 't3': 97.76449, 't4': 256.76228, 'N_yri': 5568.22972, 'N_ceu': 2891.07558, 'N_nea': 2742.97769, 'm1': 1e-05}
2026-09-03 04:15:42,477 - INFO - logp = -91136.38058598009  (true = -94794.38262245149)
2026-09-03 04:15:42,477 - INFO - Pipeline executed succesfully.
