2026-09-03 02:41:08,569 - INFO - Beginning execution of simulate_and_fit_ARG.py in directory /home1/mahj/glike_optimize/opt_scripts

2026-09-03 02:41:08,570 - INFO - Progress is being logged to ../opt_results_glike_NH/ntree_10_rep_20_simulate_ARG.log

2026-09-03 02:41:08,570 - INFO - Parsed the following arguments:
	N_SAMPLES = 1000.0
	SEQUENCE_LENGTH = 30000000.0
	RECOMBINATION_RATE = 1e-08
	SEED = 1
	NUM_TREES = 10
	OPTIMIZER = glike
	MODEL = NH
	outprefix = ../opt_results_glike_NH/ntree_10_rep_20

2026-09-03 02:41:08,638 - INFO - Sampling 1000 individuals with ploidy 1 in population 0 (name='admix') at time 0
2026-09-03 02:41:08,649 - INFO - Starting replicate 0
2026-09-03 02:41:08,650 - INFO - model[0] {'name': 'hudson'} started at time=0 nodes=1000 edges=0
2026-09-03 02:41:08,650 - INFO - Running model {'name': 'hudson'} until max time: inf
2026-09-03 02:41:09,636 - INFO - Completed at time=24250.7 nodes=39508 edges=264883
2026-09-03 02:41:10,836 - INFO - Finished simulating ARG.
[phase from 0.0 to 19.0]
        admix
ns   0.000006
grs  0.078000

[phase from 19.0 to 411.0]
       afr    eur   asia    pol
admix  0.0  0.198  0.334  0.468
        afr       eur     asia       pol
ns   0.0001  0.000075  0.00004  0.000064
grs  0.0000  0.000000  0.00000  0.000000

[phase from 411.0 to 1040.0]
      afr  eur  asia
afr     1    0     0
eur     0    1     0
asia    0    0     1
pol     0    0     1
        afr       eur     asia
ns   0.0001  0.000075  0.00037
grs  0.0000  0.000000  0.00000

[phase from 1040.0 to 2004.0]
      afr  eur
afr     1    0
eur     0    1
asia    0    1
        afr       eur
ns   0.0001  0.000405
grs  0.0000  0.000000

[phase from 2004.0 to inf]
     A
afr  1
eur  1
            A
ns   0.000375
grs  0.000000

2026-09-03 02:41:32,551 - INFO - Starting glike optimization.
{'t1': 10, 't2': 100, 't3': 1000, 't4': 2000, 'r1': 0.25, 'r2': 0.25, 'r3': 0.25, 'N_admix': 10000, 'N_afr': 10000, 'N_eur': 10000, 'N_asia': 10000, 'N_pol': 10000, 'N_aa': 10000, 'N_ooa': 10000, 'N_anc': 10000, 'gr': 0.1} -118570.90165812177
{'t1': 10.9, 't2': 108.91, 't3': 1000, 't4': 2000, 'r1': 0.275, 'r2': 0.275, 'r3': 0.225, 'N_admix': 10990.0, 'N_afr': 10990.0, 'N_eur': 10990.0, 'N_asia': 10000, 'N_pol': 10000, 'N_aa': 10990.0, 'N_ooa': 9010.0, 'N_anc': 9010.0, 'gr': 0.11} -117883.97541382094
{'t1': 10.9, 't2': 123.6115, 't3': 1043.81942, 't4': 2000, 'r1': 0.275, 'r2': 0.275, 'r3': 0.225, 'N_admix': 12623.5, 'N_afr': 12623.5, 'N_eur': 12623.5, 'N_asia': 10000, 'N_pol': 10495.0, 'N_aa': 12623.5, 'N_ooa': 7673.5, 'N_anc': 7673.5, 'gr': 0.1265} -117356.39447028178
{'t1': 10.9, 't2': 148.97159, 't3': 976.70583, 't4': 2051.16471, 'r1': 0.29563, 'r2': 0.275, 'r3': 0.20813, 'N_admix': 15441.2875, 'N_afr': 12623.5, 'N_eur': 12623.5, 'N_asia': 10495.0, 'N_pol': 10495.0, 'N_aa': 12623.5, 'N_ooa': 5969.4625, 'N_anc': 5969.4625, 'gr': 0.15496} -116882.70931490202
{'t1': 11.395, 't2': 195.40369, 't3': 976.70583, 't4': 2051.16471, 'r1': 0.29563, 'r2': 0.275, 'r3': 0.20813, 'N_admix': 20618.97203, 'N_afr': 12623.5, 'N_eur': 12623.5, 'N_asia': 10495.0, 'N_pol': 11014.75, 'N_aa': 11214.60625, 'N_ooa': 3988.51891, 'N_anc': 3988.51891, 'gr': 0.20726} -116507.11337020542
{'t1': 10.61538, 't2': 287.79785, 't3': 1015.4569, 't4': 2051.16471, 'r1': 0.29563, 'r2': 0.26125, 'r3': 0.20813, 'N_admix': 30878.45804, 'N_afr': 12623.5, 'N_eur': 12623.5, 'N_asia': 11014.75, 'N_pol': 11833.35625, 'N_aa': 9339.01645, 'N_ooa': 2044.25945, 'N_anc': 2044.25945, 'gr': 0.10363} -116191.36196183691
{'t1': 11.69711, 't2': 287.79785, 't3': 1015.4569, 't4': 2051.16471, 'r1': 0.29563, 'r2': 0.26125, 'r3': 0.20813, 'N_admix': 46267.68706, 'N_afr': 12623.5, 'N_eur': 12623.5, 'N_asia': 11014.75, 'N_pol': 11833.35625, 'N_aa': 9339.01645, 'N_ooa': 2044.25945, 'N_anc': 3016.38918, 'gr': 0.10363} -116106.76653784321
{'t1': 11.69711, 't2': 356.82304, 't3': 1015.4569, 't4': 2051.16471, 'r1': 0.29563, 'r2': 0.24819, 'r3': 0.20813, 'N_admix': 46267.68706, 'N_afr': 12623.5, 'N_eur': 11997.325, 'N_asia': 11560.4875, 'N_pol': 12493.35754, 'N_aa': 8169.70343, 'N_ooa': 2044.25945, 'N_anc': 3016.38918, 'gr': 0.07772} -115892.08650457252
{'t1': 12.59968, 't2': 356.82304, 't3': 1015.4569, 't4': 2051.16471, 'r1': 0.28085, 'r2': 0.22958, 'r3': 0.21854, 'N_admix': 57809.60882, 'N_afr': 12623.5, 'N_eur': 11105.02563, 'N_asia': 11560.4875, 'N_pol': 13539.04708, 'N_aa': 6637.72067, 'N_ooa': 2044.25945, 'N_anc': 2287.29189, 'gr': 0.04858} -115785.86177313438
{'t1': 14.06776, 't2': 356.82304, 't3': 1015.4569, 't4': 2051.16471, 'r1': 0.30191, 'r2': 0.22958, 'r3': 0.21854, 'N_admix': 57809.60882, 'N_afr': 12623.5, 'N_eur': 11105.02563, 'N_asia': 12133.51188, 'N_pol': 13539.04708, 'N_aa': 6637.72067, 'N_ooa': 2044.25945, 'N_anc': 2287.29189, 'gr': 0.04858} -115771.67105937743
{'t1': 14.06776, 't2': 388.95635, 't3': 1015.4569, 't4': 2051.16471, 'r1': 0.26795, 'r2': 0.21667, 'r3': 0.22947, 'N_admix': 57809.60882, 'N_afr': 11997.325, 'N_eur': 10485.99294, 'N_asia': 13036.02527, 'N_pol': 14389.48678, 'N_aa': 5706.86161, 'N_ooa': 2044.25945, 'N_anc': 2697.40912, 'gr': 0.03643} -115543.31887174663
{'t1': 15.30818, 't2': 388.95635, 't3': 1015.4569, 't4': 2051.16471, 'r1': 0.22273, 'r2': 0.21667, 'r3': 0.24668, 'N_admix': 57809.60882, 'N_afr': 11105.02563, 'N_eur': 10485.99294, 'N_asia': 14491.32811, 'N_pol': 15745.87166, 'N_aa': 4509.38052, 'N_ooa': 2044.25945, 'N_anc': 2697.40912, 'gr': 0.03643} -115430.23166964449
{'t1': 17.34542, 't2': 415.08524, 't3': 1045.47548, 't4': 2101.44917, 'r1': 0.16635, 'r2': 0.20584, 'r3': 0.27443, 'N_admix': 55700.08926, 'N_afr': 11105.02563, 'N_eur': 9966.69329, 'N_asia': 14491.32811, 'N_pol': 15745.87166, 'N_aa': 3096.78552, 'N_ooa': 2044.25945, 'N_anc': 2697.40912, 'gr': 0.0296} -115129.949431443
{'t1': 17.34542, 't2': 415.08524, 't3': 1045.47548, 't4': 2022.25114, 'r1': 0.16635, 'r2': 0.22128, 'r3': 0.27443, 'N_admix': 55700.08926, 'N_afr': 11105.02563, 'N_eur': 10706.69529, 'N_asia': 13277.0598, 'N_pol': 15745.87166, 'N_aa': 3096.78552, 'N_ooa': 2044.25945, 'N_anc': 2514.77879, 'gr': 0.0296} -115074.38630521155
{'t1': 15.59994, 't2': 415.08524, 't3': 1045.47548, 't4': 1912.36388, 'r1': 0.16635, 'r2': 0.19639, 'r3': 0.29759, 'N_admix': 57915.0848, 'N_afr': 11105.02563, 'N_eur': 10706.69529, 'N_asia': 14944.78143, 'N_pol': 15745.87166, 'N_aa': 3096.78552, 'N_ooa': 2044.25945, 'N_anc': 2514.77879, 'gr': 0.03376} -115004.5393431444
{'t1': 15.59994, 't2': 415.08524, 't3': 1045.47548, 't4': 1766.07646, 'r1': 0.15056, 'r2': 0.19639, 'r3': 0.33525, 'N_admix': 57915.0848, 'N_afr': 11105.02563, 'N_eur': 10110.06868, 'N_asia': 14944.78143, 'N_pol': 15745.87166, 'N_aa': 3096.78552, 'N_ooa': 2044.25945, 'N_anc': 2642.12064, 'gr': 0.03376} -114979.0135944584
{'t1': 15.59994, 't2': 415.08524, 't3': 1045.47548, 't4': 1766.07646, 'r1': 0.15056, 'r2': 0.17982, 'r3': 0.33525, 'N_admix': 57915.0848, 'N_afr': 11105.02563, 'N_eur': 9265.46914, 'N_asia': 14944.78143, 'N_pol': 16528.16524, 'N_aa': 3096.78552, 'N_ooa': 2044.25945, 'N_anc': 2843.20635, 'gr': 0.03376} -114963.5244802401
{'t1': 15.59994, 't2': 415.08524, 't3': 1045.47548, 't4': 1766.07646, 'r1': 0.15056, 'r2': 0.17982, 'r3': 0.33525, 'N_admix': 57915.0848, 'N_afr': 11105.02563, 'N_eur': 9265.46914, 'N_asia': 14202.54236, 'N_pol': 16528.16524, 'N_aa': 3096.78552, 'N_ooa': 2044.25945, 'N_anc': 2843.20635, 'gr': 0.03376} -114962.82178043303
{'t1': 15.59994, 't2': 415.08524, 't3': 1045.47548, 't4': 1766.07646, 'r1': 0.15056, 'r2': 0.17982, 'r3': 0.33525, 'N_admix': 57915.0848, 'N_afr': 11105.02563, 'N_eur': 9265.46914, 'N_asia': 14202.54236, 'N_pol': 16528.16524, 'N_aa': 3096.78552, 'N_ooa': 2044.25945, 'N_anc': 2843.20635, 'gr': 0.03376} -114962.82178043303
{'t1': 15.59994, 't2': 415.08524, 't3': 1045.47548, 't4': 1766.07646, 'r1': 0.15056, 'r2': 0.17982, 'r3': 0.33525, 'N_admix': 57915.0848, 'N_afr': 11105.02563, 'N_eur': 9265.46914, 'N_asia': 14202.54236, 'N_pol': 16528.16524, 'N_aa': 3096.78552, 'N_ooa': 2044.25945, 'N_anc': 2843.20635, 'gr': 0.03376} -114962.82178043303
{'t1': 15.59994, 't2': 415.08524, 't3': 1045.47548, 't4': 1766.07646, 'r1': 0.15056, 'r2': 0.17982, 'r3': 0.33525, 'N_admix': 57915.0848, 'N_afr': 11105.02563, 'N_eur': 9265.46914, 'N_asia': 14202.54236, 'N_pol': 16528.16524, 'N_aa': 3096.78552, 'N_ooa': 2044.25945, 'N_anc': 2843.20635, 'gr': 0.03376} -114962.82178043303
2026-09-03 08:59:47,315 - INFO - Finished fitting ARG.
2026-09-03 08:59:47,316 - INFO - Finished in 6h 18m 14.8s
2026-09-03 08:59:47,316 - INFO - Estimated: {'t1': 15.59994, 't2': 415.08524, 't3': 1045.47548, 't4': 1766.07646, 'r1': 0.15056, 'r2': 0.17982, 'r3': 0.33525, 'N_admix': 57915.0848, 'N_afr': 11105.02563, 'N_eur': 9265.46914, 'N_asia': 14202.54236, 'N_pol': 16528.16524, 'N_aa': 3096.78552, 'N_ooa': 2044.25945, 'N_anc': 2843.20635, 'gr': 0.03376}
2026-09-03 08:59:47,317 - INFO - logp = -114962.82178043303  (true = -115590.1135227886)
2026-09-03 08:59:47,317 - INFO - Pipeline executed succesfully.
