2026-09-03 02:21:24,480 - INFO - Beginning execution of simulate_and_fit_ARG.py in directory /home1/mahj/glike_optimize/opt_scripts

2026-09-03 02:21:24,480 - INFO - Progress is being logged to ../opt_results_glike_3G09_no_m1/ntree_10_rep_6_simulate_ARG.log

2026-09-03 02:21:24,480 - INFO - Parsed the following arguments:
	N_SAMPLES = 1000.0
	SEQUENCE_LENGTH = 30000000.0
	RECOMBINATION_RATE = 1e-08
	SEED = 1
	NUM_TREES = 10
	OPTIMIZER = glike
	MODEL = 3G09
	outprefix = ../opt_results_glike_3G09_no_m1/ntree_10_rep_6

2026-09-03 02:21:24,507 - INFO - Sampling 1000 individuals with ploidy 1 in population 1 (name='ceu') at time 0
2026-09-03 02:21:24,511 - INFO - Starting replicate 0
2026-09-03 02:21:24,511 - INFO - model[0] {'name': 'hudson'} started at time=0 nodes=1000 edges=0
2026-09-03 02:21:24,511 - INFO - Running model {'name': 'hudson'} until max time: inf
2026-09-03 02:21:25,414 - INFO - Completed at time=130012 nodes=28005 edges=152908
2026-09-03 02:21:26,031 - INFO - Finished simulating ARG.
[phase from 0.0 to 30.0]
        yri     ceu     nea
ns   0.0001  0.0001  0.0001
grs  0.0000  0.0000  0.0000

[phase from 30.0 to 50.0]
        yri     ceu     nea
ns   0.0001  0.0001  0.0001
grs  0.0000  0.0000  0.0000

[phase from 50.0 to 73.95]
        yri     ceu     nea
ns   0.0001  0.0001  0.0001
grs  0.0000  0.0000  0.0000

[phase from 73.95 to 290.0]
     yri  nea
yri    1    0
ceu    1    0
nea    0    1
        yri     nea
ns   0.0001  0.0001
grs  0.0000  0.0000

[phase from 290.0 to inf]
     yri
yri    1
nea    1
        yri
ns   0.0001
grs  0.0000

2026-09-03 02:21:46,209 - INFO - Starting glike optimization.
{'t1': 10, 't2': 50, 't3': 100, 't4': 300, 'N_yri': 10000, 'N_ceu': 10000, 'N_nea': 10000, 'm1': 0.0} -94750.9598997194
{'t1': 10, 't2': 54.0, 't3': 100, 't4': 280.0, 'N_yri': 9010.0, 'N_ceu': 9010.0, 'N_nea': 9010.0, 'm1': 0.0} -94132.2323308677
{'t1': 10.45, 't2': 47.4675, 't3': 97.37337, 't4': 252.60601, 'N_yri': 7673.5, 'N_ceu': 7673.5, 'N_nea': 7673.5, 'm1': 1e-05} -93263.37140300433
{'t1': 11.15875, 't2': 47.4675, 't3': 93.63043, 't4': 216.8365, 'N_yri': 5969.4625, 'N_ceu': 5969.4625, 'N_nea': 5969.4625, 'm1': 0.0} -92234.67808390067
{'t1': 11.15875, 't2': 51.55223, 't3': 98.36423, 't4': 256.82089, 'N_yri': 3988.51891, 'N_ceu': 3988.51891, 'N_nea': 3988.51891, 'm1': 0.0} -91488.69107904065
{'t1': 11.73018, 't2': 51.55223, 't3': 106.26376, 't4': 256.82089, 'N_yri': 5932.77837, 'N_ceu': 2044.25945, 'N_nea': 3988.51891, 'm1': 0.0} -91311.90710958153
{'t1': 12.63554, 't2': 48.26863, 't3': 120.94378, 't4': 256.82089, 'N_yri': 5932.77837, 'N_ceu': 3016.38918, 'N_nea': 3016.38918, 'm1': 0.0} -91226.22992436583
{'t1': 11.16292, 't2': 48.26863, 't3': 93.34993, 't4': 256.82089, 'N_yri': 5932.77837, 'N_ceu': 3016.38918, 'N_nea': 3016.38918, 'm1': 0.0} -91179.93256700932
{'t1': 11.16292, 't2': 48.26863, 't3': 93.34993, 't4': 256.82089, 'N_yri': 5203.68107, 'N_ceu': 3016.38918, 'N_nea': 3016.38918, 'm1': 0.0} -91173.05320388293
{'t1': 11.16292, 't2': 48.26863, 't3': 104.62026, 't4': 256.82089, 'N_yri': 5203.68107, 'N_ceu': 2651.84053, 'N_nea': 3016.38918, 'm1': 0.0} -91151.2170343369
{'t1': 11.16292, 't2': 48.26863, 't3': 104.62026, 't4': 256.82089, 'N_yri': 5203.68107, 'N_ceu': 2651.84053, 'N_nea': 3016.38918, 'm1': 0.0} -91151.2170343369
{'t1': 11.16292, 't2': 48.26863, 't3': 104.62026, 't4': 256.82089, 'N_yri': 5203.68107, 'N_ceu': 2651.84053, 'N_nea': 3016.38918, 'm1': 0.0} -91151.2170343369
{'t1': 11.16292, 't2': 48.26863, 't3': 104.62026, 't4': 256.82089, 'N_yri': 5203.68107, 'N_ceu': 2779.43256, 'N_nea': 3016.38918, 'm1': 0.0} -91150.85017368707
{'t1': 11.67107, 't2': 48.26863, 't3': 104.62026, 't4': 256.82089, 'N_yri': 5203.68107, 'N_ceu': 2779.43256, 'N_nea': 3016.38918, 'm1': 0.0} -91150.85017368705
{'t1': 11.67107, 't2': 48.26863, 't3': 104.62026, 't4': 256.82089, 'N_yri': 5203.68107, 'N_ceu': 2779.43256, 'N_nea': 3016.38918, 'm1': 0.0} -91150.85017368705
{'t1': 11.67107, 't2': 48.26863, 't3': 104.62026, 't4': 256.82089, 'N_yri': 5203.68107, 'N_ceu': 2779.43256, 'N_nea': 3016.38918, 'm1': 0.0} -91150.85017368705
{'t1': 11.67107, 't2': 48.26863, 't3': 104.62026, 't4': 256.82089, 'N_yri': 5203.68107, 'N_ceu': 2779.43256, 'N_nea': 3016.38918, 'm1': 0.0} -91150.85017368705
{'t1': 11.67107, 't2': 48.26863, 't3': 104.62026, 't4': 256.82089, 'N_yri': 5203.68107, 'N_ceu': 2779.43256, 'N_nea': 3016.38918, 'm1': 0.0} -91150.85017368705
2026-09-03 04:46:39,125 - INFO - Finished fitting ARG.
2026-09-03 04:46:39,125 - INFO - Finished in 2h 24m 52.9s
2026-09-03 04:46:39,126 - INFO - Estimated: {'t1': 11.67107, 't2': 48.26863, 't3': 104.62026, 't4': 256.82089, 'N_yri': 5203.68107, 'N_ceu': 2779.43256, 'N_nea': 3016.38918, 'm1': 0.0}
2026-09-03 04:46:39,126 - INFO - logp = -91150.85017368705  (true = -94793.65941521453)
2026-09-03 04:46:39,126 - INFO - Pipeline executed succesfully.
