2026-09-03 02:38:33,294 - INFO - Beginning execution of simulate_and_fit_ARG.py in directory /home1/mahj/glike_optimize/opt_scripts

2026-09-03 02:38:33,294 - INFO - Progress is being logged to ../opt_results_glike_NH/ntree_10_rep_9_simulate_ARG.log

2026-09-03 02:38:33,294 - INFO - Parsed the following arguments:
	N_SAMPLES = 1000.0
	SEQUENCE_LENGTH = 30000000.0
	RECOMBINATION_RATE = 1e-08
	SEED = 1
	NUM_TREES = 10
	OPTIMIZER = glike
	MODEL = NH
	outprefix = ../opt_results_glike_NH/ntree_10_rep_9

2026-09-03 02:38:33,359 - INFO - Sampling 1000 individuals with ploidy 1 in population 0 (name='admix') at time 0
2026-09-03 02:38:33,362 - INFO - Starting replicate 0
2026-09-03 02:38:33,363 - INFO - model[0] {'name': 'hudson'} started at time=0 nodes=1000 edges=0
2026-09-03 02:38:33,363 - INFO - Running model {'name': 'hudson'} until max time: inf
2026-09-03 02:38:34,049 - INFO - Completed at time=24250.7 nodes=39508 edges=264883
2026-09-03 02:38:35,110 - INFO - Finished simulating ARG.
[phase from 0.0 to 19.0]
        admix
ns   0.000006
grs  0.078000

[phase from 19.0 to 411.0]
       afr    eur   asia    pol
admix  0.0  0.198  0.334  0.468
        afr       eur     asia       pol
ns   0.0001  0.000075  0.00004  0.000064
grs  0.0000  0.000000  0.00000  0.000000

[phase from 411.0 to 1040.0]
      afr  eur  asia
afr     1    0     0
eur     0    1     0
asia    0    0     1
pol     0    0     1
        afr       eur     asia
ns   0.0001  0.000075  0.00037
grs  0.0000  0.000000  0.00000

[phase from 1040.0 to 2004.0]
      afr  eur
afr     1    0
eur     0    1
asia    0    1
        afr       eur
ns   0.0001  0.000405
grs  0.0000  0.000000

[phase from 2004.0 to inf]
     A
afr  1
eur  1
            A
ns   0.000375
grs  0.000000

2026-09-03 02:38:48,324 - INFO - Starting glike optimization.
{'t1': 10, 't2': 100, 't3': 1000, 't4': 2000, 'r1': 0.25, 'r2': 0.25, 'r3': 0.25, 'N_admix': 10000, 'N_afr': 10000, 'N_eur': 10000, 'N_asia': 10000, 'N_pol': 10000, 'N_aa': 10000, 'N_ooa': 10000, 'N_anc': 10000, 'gr': 0.1} -118588.77284779344
{'t1': 10.9, 't2': 108.91, 't3': 1000, 't4': 1900.0, 'r1': 0.275, 'r2': 0.275, 'r3': 0.225, 'N_admix': 10990.0, 'N_afr': 10990.0, 'N_eur': 10000, 'N_asia': 10000, 'N_pol': 10000, 'N_aa': 10990.0, 'N_ooa': 9010.0, 'N_anc': 9010.0, 'gr': 0.11} -117923.73704445058
{'t1': 12.385, 't2': 123.38875, 't3': 1043.83056, 't4': 1771.57458, 'r1': 0.31625, 'r2': 0.275, 'r3': 0.19125, 'N_admix': 12623.5, 'N_afr': 12623.5, 'N_eur': 10495.0, 'N_asia': 10000, 'N_pol': 10495.0, 'N_aa': 12623.5, 'N_ooa': 9010.0, 'N_anc': 7673.5, 'gr': 0.1265} -117332.5479765717
{'t1': 14.94663, 't2': 147.78823, 't3': 989.24976, 't4': 1595.5515, 'r1': 0.31625, 'r2': 0.275, 'r3': 0.19125, 'N_admix': 15441.2875, 'N_afr': 12623.5, 'N_eur': 11274.625, 'N_asia': 10495.0, 'N_pol': 11274.625, 'N_aa': 12623.5, 'N_ooa': 8341.75, 'N_anc': 5969.4625, 'gr': 0.15496} -116747.33268281771
{'t1': 19.65362, 't2': 191.03366, 't3': 921.04081, 't4': 1367.90414, 'r1': 0.31625, 'r2': 0.275, 'r3': 0.19125, 'N_admix': 20618.97203, 'N_afr': 12623.5, 'N_eur': 12531.77031, 'N_asia': 9715.375, 'N_pol': 11274.625, 'N_aa': 11214.60625, 'N_ooa': 8341.75, 'N_anc': 3988.51891, 'gr': 0.10266} -116395.53762403823
{'t1': 19.65362, 't2': 276.72368, 't3': 845.63262, 't4': 1106.76838, 'r1': 0.29846, 'r2': 0.275, 'r3': 0.20201, 'N_admix': 30878.45804, 'N_afr': 12623.5, 'N_eur': 12531.77031, 'N_asia': 10797.10469, 'N_pol': 11274.625, 'N_aa': 9339.01645, 'N_ooa': 8341.75, 'N_anc': 2044.25945, 'gr': 0.05133} -116003.58828964442
{'t1': 24.31703, 't2': 402.92701, 't3': 845.63262, 't4': 1106.76838, 'r1': 0.27328, 'r2': 0.26125, 'r3': 0.20201, 'N_admix': 30878.45804, 'N_afr': 12623.5, 'N_eur': 11482.83969, 'N_asia': 12602.24111, 'N_pol': 11833.35625, 'N_aa': 7000.39041, 'N_ooa': 7929.6625, 'N_anc': 3016.38918, 'gr': 0.05133} -115512.72302547902
{'t1': 24.31703, 't2': 402.92701, 't3': 845.63262, 't4': 1041.48444, 'r1': 0.23869, 'r2': 0.26125, 'r3': 0.21211, 'N_admix': 38573.07255, 'N_afr': 11997.325, 'N_eur': 10042.19904, 'N_asia': 12602.24111, 'N_pol': 12713.35797, 'N_aa': 4380.39843, 'N_ooa': 7929.6625, 'N_anc': 3016.38918, 'gr': 0.0385} -115062.96766348719
{'t1': 24.31703, 't2': 402.92701, 't3': 845.63262, 't4': 1041.48444, 'r1': 0.23869, 'r2': 0.24819, 'r3': 0.21211, 'N_admix': 38573.07255, 'N_afr': 11997.325, 'N_eur': 10042.19904, 'N_asia': 12602.24111, 'N_pol': 14132.36074, 'N_aa': 2240.19922, 'N_ooa': 7929.6625, 'N_anc': 3016.38918, 'gr': 0.0385} -114935.44871645495
{'t1': 24.31703, 't2': 402.92701, 't3': 845.63262, 't4': 1041.48444, 'r1': 0.26135, 'r2': 0.24819, 'r3': 0.22272, 'N_admix': 38573.07255, 'N_afr': 11997.325, 'N_eur': 10042.19904, 'N_asia': 12602.24111, 'N_pol': 14132.36074, 'N_aa': 2240.19922, 'N_ooa': 7929.6625, 'N_anc': 2651.84053, 'gr': 0.0385} -114896.21911036677
{'t1': 23.15118, 't2': 402.92701, 't3': 845.63262, 't4': 1041.48444, 'r1': 0.26135, 'r2': 0.24819, 'r3': 0.22272, 'N_admix': 42179.9231, 'N_afr': 11997.325, 'N_eur': 9545.08909, 'N_asia': 13227.35317, 'N_pol': 14132.36074, 'N_aa': 2240.19922, 'N_ooa': 7929.6625, 'N_anc': 2651.84053, 'gr': 0.0385} -114884.65183484853
{'t1': 23.15118, 't2': 402.92701, 't3': 845.63262, 't4': 1041.48444, 'r1': 0.26135, 'r2': 0.24819, 'r3': 0.22272, 'N_admix': 42179.9231, 'N_afr': 11997.325, 'N_eur': 9545.08909, 'N_asia': 13227.35317, 'N_pol': 14132.36074, 'N_aa': 2240.19922, 'N_ooa': 7929.6625, 'N_anc': 2651.84053, 'gr': 0.03657} -114884.50229792249
{'t1': 23.15118, 't2': 402.92701, 't3': 845.63262, 't4': 1041.48444, 'r1': 0.26135, 'r2': 0.24819, 'r3': 0.22272, 'N_admix': 42179.9231, 'N_afr': 11997.325, 'N_eur': 9545.08909, 'N_asia': 13227.35317, 'N_pol': 14132.36074, 'N_aa': 2240.19922, 'N_ooa': 7929.6625, 'N_anc': 2651.84053, 'gr': 0.03657} -114884.50229792249
{'t1': 23.15118, 't2': 402.92701, 't3': 845.63262, 't4': 1041.48444, 'r1': 0.26135, 'r2': 0.24819, 'r3': 0.22272, 'N_admix': 42179.9231, 'N_afr': 11997.325, 'N_eur': 9545.08909, 'N_asia': 13227.35317, 'N_pol': 14132.36074, 'N_aa': 2347.20918, 'N_ooa': 7929.6625, 'N_anc': 2651.84053, 'gr': 0.03657} -114881.51397051725
{'t1': 23.15118, 't2': 402.92701, 't3': 845.63262, 't4': 1041.48444, 'r1': 0.26135, 'r2': 0.24819, 'r3': 0.22272, 'N_admix': 42179.9231, 'N_afr': 11997.325, 'N_eur': 9545.08909, 'N_asia': 13227.35317, 'N_pol': 14132.36074, 'N_aa': 2347.20918, 'N_ooa': 7929.6625, 'N_anc': 2651.84053, 'gr': 0.03657} -114881.51397051725
{'t1': 23.15118, 't2': 402.92701, 't3': 845.63262, 't4': 1041.48444, 'r1': 0.26135, 'r2': 0.24819, 'r3': 0.22272, 'N_admix': 42179.9231, 'N_afr': 11997.325, 'N_eur': 9545.08909, 'N_asia': 13227.35317, 'N_pol': 14132.36074, 'N_aa': 2347.20918, 'N_ooa': 7929.6625, 'N_anc': 2651.84053, 'gr': 0.03657} -114881.51397051725
{'t1': 23.15118, 't2': 402.92701, 't3': 845.63262, 't4': 1041.48444, 'r1': 0.26135, 'r2': 0.24819, 'r3': 0.22272, 'N_admix': 42179.9231, 'N_afr': 11997.325, 'N_eur': 9545.08909, 'N_asia': 13227.35317, 'N_pol': 14132.36074, 'N_aa': 2347.20918, 'N_ooa': 7929.6625, 'N_anc': 2651.84053, 'gr': 0.03657} -114881.51397051725
{'t1': 23.15118, 't2': 402.92701, 't3': 845.63262, 't4': 1041.48444, 'r1': 0.26135, 'r2': 0.24819, 'r3': 0.22272, 'N_admix': 42179.9231, 'N_afr': 11997.325, 'N_eur': 9545.08909, 'N_asia': 13227.35317, 'N_pol': 14132.36074, 'N_aa': 2347.20918, 'N_ooa': 7929.6625, 'N_anc': 2651.84053, 'gr': 0.03657} -114881.51397051725
2026-09-03 05:56:23,996 - INFO - Finished fitting ARG.
2026-09-03 05:56:23,996 - INFO - Finished in 3h 17m 35.7s
2026-09-03 05:56:23,996 - INFO - Estimated: {'t1': 23.15118, 't2': 402.92701, 't3': 845.63262, 't4': 1041.48444, 'r1': 0.26135, 'r2': 0.24819, 'r3': 0.22272, 'N_admix': 42179.9231, 'N_afr': 11997.325, 'N_eur': 9545.08909, 'N_asia': 13227.35317, 'N_pol': 14132.36074, 'N_aa': 2347.20918, 'N_ooa': 7929.6625, 'N_anc': 2651.84053, 'gr': 0.03657}
2026-09-03 05:56:23,996 - INFO - logp = -114881.51397051725  (true = -115552.97009775834)
2026-09-03 05:56:23,996 - INFO - Pipeline executed succesfully.
