2026-09-03 02:21:26,848 - INFO - Beginning execution of simulate_and_fit_ARG.py in directory /home1/mahj/glike_optimize/opt_scripts

2026-09-03 02:21:26,848 - INFO - Progress is being logged to ../opt_results_glike_3G09_no_m1/ntree_10_rep_8_simulate_ARG.log

2026-09-03 02:21:26,848 - INFO - Parsed the following arguments:
	N_SAMPLES = 1000.0
	SEQUENCE_LENGTH = 30000000.0
	RECOMBINATION_RATE = 1e-08
	SEED = 1
	NUM_TREES = 10
	OPTIMIZER = glike
	MODEL = 3G09
	outprefix = ../opt_results_glike_3G09_no_m1/ntree_10_rep_8

2026-09-03 02:21:26,879 - INFO - Sampling 1000 individuals with ploidy 1 in population 1 (name='ceu') at time 0
2026-09-03 02:21:26,885 - INFO - Starting replicate 0
2026-09-03 02:21:26,885 - INFO - model[0] {'name': 'hudson'} started at time=0 nodes=1000 edges=0
2026-09-03 02:21:26,885 - INFO - Running model {'name': 'hudson'} until max time: inf
2026-09-03 02:21:27,774 - INFO - Completed at time=130012 nodes=28005 edges=152908
2026-09-03 02:21:28,402 - INFO - Finished simulating ARG.
[phase from 0.0 to 30.0]
        yri     ceu     nea
ns   0.0001  0.0001  0.0001
grs  0.0000  0.0000  0.0000

[phase from 30.0 to 50.0]
        yri     ceu     nea
ns   0.0001  0.0001  0.0001
grs  0.0000  0.0000  0.0000

[phase from 50.0 to 73.95]
        yri     ceu     nea
ns   0.0001  0.0001  0.0001
grs  0.0000  0.0000  0.0000

[phase from 73.95 to 290.0]
     yri  nea
yri    1    0
ceu    1    0
nea    0    1
        yri     nea
ns   0.0001  0.0001
grs  0.0000  0.0000

[phase from 290.0 to inf]
     yri
yri    1
nea    1
        yri
ns   0.0001
grs  0.0000

2026-09-03 02:21:48,754 - INFO - Starting glike optimization.
{'t1': 10, 't2': 50, 't3': 100, 't4': 300, 'N_yri': 10000, 'N_ceu': 10000, 'N_nea': 10000, 'm1': 0.0} -94751.11771504674
{'t1': 10, 't2': 50, 't3': 100, 't4': 280.0, 'N_yri': 9010.0, 'N_ceu': 9010.0, 'N_nea': 9010.0, 'm1': 0.0} -94132.40469729573
{'t1': 10, 't2': 50, 't3': 97.5, 't4': 252.625, 'N_yri': 7673.5, 'N_ceu': 7673.5, 'N_nea': 7673.5, 'm1': 1e-05} -93263.40790836616
{'t1': 9.55, 't2': 52.0225, 't3': 94.08919, 't4': 216.95444, 'N_yri': 5969.4625, 'N_ceu': 5969.4625, 'N_nea': 5969.4625, 'm1': 0.0} -92234.96501467121
{'t1': 9.55, 't2': 55.1775, 't3': 98.46676, 't4': 256.94403, 'N_yri': 3988.51891, 'N_ceu': 3988.51891, 'N_nea': 3988.51891, 'm1': 1e-05} -91498.75888509676
{'t1': 9.55, 't2': 50.30746, 't3': 106.59364, 't4': 256.94403, 'N_yri': 5932.77837, 'N_ceu': 2044.25945, 'N_nea': 3988.51891, 'm1': 0.0} -91316.51909456463
{'t1': 9.55, 't2': 43.42964, 't3': 122.58203, 't4': 256.94403, 'N_yri': 5932.77837, 'N_ceu': 2044.25945, 'N_nea': 3988.51891, 'm1': 0.0} -91269.65885229908
{'t1': 9.55, 't2': 34.85386, 't3': 122.58203, 't4': 256.94403, 'N_yri': 5932.77837, 'N_ceu': 2530.32431, 'N_nea': 3502.45405, 'm1': 0.0} -91202.23994063183
{'t1': 9.55, 't2': 34.85386, 't3': 122.58203, 't4': 256.94403, 'N_yri': 5203.68107, 'N_ceu': 2530.32431, 'N_nea': 3502.45405, 'm1': 0.0} -91173.77482562991
{'t1': 9.55, 't2': 34.85386, 't3': 114.25471, 't4': 256.94403, 'N_yri': 5203.68107, 'N_ceu': 2530.32431, 'N_nea': 3502.45405, 'm1': 0.0} -91172.97989298085
{'t1': 9.55, 't2': 34.85386, 't3': 114.25471, 't4': 256.94403, 'N_yri': 5203.68107, 'N_ceu': 2530.32431, 'N_nea': 3332.33135, 'm1': 0.0} -91169.88947153
{'t1': 9.55, 't2': 34.85386, 't3': 114.25471, 't4': 264.0785, 'N_yri': 5203.68107, 'N_ceu': 2651.84053, 'N_nea': 3332.33135, 'm1': 1e-05} -91162.55426674311
{'t1': 9.55, 't2': 34.85386, 't3': 118.22475, 't4': 275.01753, 'N_yri': 5203.68107, 'N_ceu': 2651.84053, 'N_nea': 3332.33135, 'm1': 1e-05} -91160.6167131932
{'t1': 9.55, 't2': 33.58867, 't3': 118.22475, 't4': 275.01753, 'N_yri': 5203.68107, 'N_ceu': 2651.84053, 'N_nea': 3332.33135, 'm1': 1e-05} -91152.93482740707
{'t1': 9.55, 't2': 33.58867, 't3': 118.22475, 't4': 275.01753, 'N_yri': 5203.68107, 'N_ceu': 2651.84053, 'N_nea': 3332.33135, 'm1': 1e-05} -91152.93482740707
{'t1': 9.55, 't2': 33.58867, 't3': 118.22475, 't4': 275.01753, 'N_yri': 5203.68107, 'N_ceu': 2651.84053, 'N_nea': 3332.33135, 'm1': 1e-05} -91152.93482740707
{'t1': 9.55, 't2': 33.58867, 't3': 118.22475, 't4': 275.01753, 'N_yri': 5203.68107, 'N_ceu': 2651.84053, 'N_nea': 3332.33135, 'm1': 1e-05} -91152.93482740707
{'t1': 9.55, 't2': 33.58867, 't3': 118.22475, 't4': 275.01753, 'N_yri': 5203.68107, 'N_ceu': 2651.84053, 'N_nea': 3332.33135, 'm1': 1e-05} -91152.93482740707
2026-09-03 04:30:33,111 - INFO - Finished fitting ARG.
2026-09-03 04:30:33,111 - INFO - Finished in 2h 8m 44.4s
2026-09-03 04:30:33,112 - INFO - Estimated: {'t1': 9.55, 't2': 33.58867, 't3': 118.22475, 't4': 275.01753, 'N_yri': 5203.68107, 'N_ceu': 2651.84053, 'N_nea': 3332.33135, 'm1': 1e-05}
2026-09-03 04:30:33,112 - INFO - logp = -91152.93482740707  (true = -94793.15585496544)
2026-09-03 04:30:33,112 - INFO - Pipeline executed succesfully.
