2026-09-03 02:40:06,664 - INFO - Beginning execution of simulate_and_fit_ARG.py in directory /home1/mahj/glike_optimize/opt_scripts

2026-09-03 02:40:06,665 - INFO - Progress is being logged to ../opt_results_glike_NH/ntree_10_rep_14_simulate_ARG.log

2026-09-03 02:40:06,665 - INFO - Parsed the following arguments:
	N_SAMPLES = 1000.0
	SEQUENCE_LENGTH = 30000000.0
	RECOMBINATION_RATE = 1e-08
	SEED = 1
	NUM_TREES = 10
	OPTIMIZER = glike
	MODEL = NH
	outprefix = ../opt_results_glike_NH/ntree_10_rep_14

2026-09-03 02:40:06,709 - INFO - Sampling 1000 individuals with ploidy 1 in population 0 (name='admix') at time 0
2026-09-03 02:40:06,716 - INFO - Starting replicate 0
2026-09-03 02:40:06,717 - INFO - model[0] {'name': 'hudson'} started at time=0 nodes=1000 edges=0
2026-09-03 02:40:06,717 - INFO - Running model {'name': 'hudson'} until max time: inf
2026-09-03 02:40:07,426 - INFO - Completed at time=24250.7 nodes=39508 edges=264883
2026-09-03 02:40:08,485 - INFO - Finished simulating ARG.
[phase from 0.0 to 19.0]
        admix
ns   0.000006
grs  0.078000

[phase from 19.0 to 411.0]
       afr    eur   asia    pol
admix  0.0  0.198  0.334  0.468
        afr       eur     asia       pol
ns   0.0001  0.000075  0.00004  0.000064
grs  0.0000  0.000000  0.00000  0.000000

[phase from 411.0 to 1040.0]
      afr  eur  asia
afr     1    0     0
eur     0    1     0
asia    0    0     1
pol     0    0     1
        afr       eur     asia
ns   0.0001  0.000075  0.00037
grs  0.0000  0.000000  0.00000

[phase from 1040.0 to 2004.0]
      afr  eur
afr     1    0
eur     0    1
asia    0    1
        afr       eur
ns   0.0001  0.000405
grs  0.0000  0.000000

[phase from 2004.0 to inf]
     A
afr  1
eur  1
            A
ns   0.000375
grs  0.000000

2026-09-03 02:40:22,025 - INFO - Starting glike optimization.
{'t1': 10, 't2': 100, 't3': 1000, 't4': 2000, 'r1': 0.25, 'r2': 0.25, 'r3': 0.25, 'N_admix': 10000, 'N_afr': 10000, 'N_eur': 10000, 'N_asia': 10000, 'N_pol': 10000, 'N_aa': 10000, 'N_ooa': 10000, 'N_anc': 10000, 'gr': 0.1} -118564.84348613684
{'t1': 10.9, 't2': 108.91, 't3': 1000, 't4': 2000, 'r1': 0.275, 'r2': 0.275, 'r3': 0.225, 'N_admix': 10990.0, 'N_afr': 10990.0, 'N_eur': 10990.0, 'N_asia': 10000, 'N_pol': 10000, 'N_aa': 10990.0, 'N_ooa': 9010.0, 'N_anc': 9010.0, 'gr': 0.11} -117893.10925009925
{'t1': 12.385, 't2': 123.38875, 't3': 1043.83056, 't4': 2047.80847, 'r1': 0.31625, 'r2': 0.275, 'r3': 0.19125, 'N_admix': 12623.5, 'N_afr': 12623.5, 'N_eur': 12623.5, 'N_asia': 10000, 'N_pol': 10000, 'N_aa': 12623.5, 'N_ooa': 7673.5, 'N_anc': 7673.5, 'gr': 0.1265} -117292.2856369132
{'t1': 14.94663, 't2': 147.78823, 't3': 1043.83056, 't4': 2047.80847, 'r1': 0.31625, 'r2': 0.29563, 'r3': 0.19125, 'N_admix': 15441.2875, 'N_afr': 12623.5, 'N_eur': 12623.5, 'N_asia': 10495.0, 'N_pol': 10495.0, 'N_aa': 12623.5, 'N_ooa': 5969.4625, 'N_anc': 5969.4625, 'gr': 0.15496} -116786.32317276191
{'t1': 19.65362, 't2': 191.03366, 't3': 1001.19072, 't4': 1995.47758, 'r1': 0.28067, 'r2': 0.29563, 'r3': 0.21277, 'N_admix': 20618.97203, 'N_afr': 12623.5, 'N_eur': 12623.5, 'N_asia': 11274.625, 'N_pol': 10495.0, 'N_aa': 12623.5, 'N_ooa': 3988.51891, 'N_anc': 3988.51891, 'gr': 0.10266} -116446.0380768388
{'t1': 19.65362, 't2': 276.72368, 't3': 1001.19072, 't4': 1995.47758, 'r1': 0.28067, 'r2': 0.279, 'r3': 0.21277, 'N_admix': 30878.45804, 'N_afr': 11919.05313, 'N_eur': 12623.5, 'N_asia': 12531.77031, 'N_pol': 11014.75, 'N_aa': 11919.05313, 'N_ooa': 2044.25945, 'N_anc': 2044.25945, 'gr': 0.05133} -116212.45205415874
{'t1': 24.31703, 't2': 402.92701, 't3': 1001.19072, 't4': 1945.76324, 'r1': 0.25699, 'r2': 0.25546, 'r3': 0.23072, 'N_admix': 30878.45804, 'N_afr': 11919.05313, 'N_eur': 11997.325, 'N_asia': 14629.63155, 'N_pol': 11833.35625, 'N_aa': 10921.82052, 'N_ooa': 2044.25945, 'N_anc': 3016.38918, 'gr': 0.05133} -115899.9094805578
{'t1': 24.31703, 't2': 402.92701, 't3': 1031.10391, 't4': 1877.16379, 'r1': 0.22446, 'r2': 0.28779, 'r3': 0.25992, 'N_admix': 38573.07255, 'N_afr': 11328.10047, 'N_eur': 11105.02563, 'N_asia': 14629.63155, 'N_pol': 13153.35883, 'N_aa': 9552.18386, 'N_ooa': 1558.19459, 'N_anc': 3016.38918, 'gr': 0.0385} -115673.82798431994
{'t1': 28.68897, 't2': 402.92701, 't3': 1031.10391, 't4': 1781.98205, 'r1': 0.18185, 'r2': 0.23315, 'r3': 0.30926, 'N_admix': 38573.07255, 'N_afr': 10485.99293, 'N_eur': 9866.96025, 'N_asia': 16468.53804, 'N_pol': 13153.35883, 'N_aa': 7757.74583, 'N_ooa': 1558.19459, 'N_anc': 3016.38918, 'gr': 0.0385} -115320.32249104133
{'t1': 28.68897, 't2': 402.92701, 't3': 1031.10391, 't4': 1655.27136, 'r1': 0.18185, 'r2': 0.16676, 'r3': 0.30926, 'N_admix': 38573.07255, 'N_afr': 10485.99293, 'N_eur': 9866.96025, 'N_asia': 16468.53804, 'N_pol': 14254.73598, 'N_aa': 5577.08305, 'N_ooa': 1831.60608, 'N_anc': 2651.84053, 'gr': 0.03128} -115032.11616375398
{'t1': 28.68897, 't2': 402.92701, 't3': 1031.10391, 't4': 1497.27897, 'r1': 0.18185, 'r2': 0.16676, 'r3': 0.35329, 'N_admix': 38573.07255, 'N_afr': 10485.99293, 'N_eur': 9042.87298, 'N_asia': 18022.27036, 'N_pol': 14254.73598, 'N_aa': 3237.55558, 'N_ooa': 1831.60608, 'N_anc': 2651.84053, 'gr': 0.03128} -114868.50515688777
{'t1': 28.68897, 't2': 402.92701, 't3': 1031.10391, 't4': 1497.27897, 'r1': 0.18185, 'r2': 0.16676, 'r3': 0.35329, 'N_admix': 38573.07255, 'N_afr': 10485.99293, 'N_eur': 9042.87298, 'N_asia': 18022.27036, 'N_pol': 13359.00659, 'N_aa': 3237.55558, 'N_ooa': 1831.60608, 'N_anc': 2891.07558, 'gr': 0.03128} -114864.75868825166
{'t1': 28.68897, 't2': 402.92701, 't3': 1031.10391, 't4': 1497.27897, 'r1': 0.18185, 'r2': 0.16676, 'r3': 0.35329, 'N_admix': 38573.07255, 'N_afr': 10485.99293, 'N_eur': 9042.87298, 'N_asia': 18022.27036, 'N_pol': 13359.00659, 'N_aa': 4021.94448, 'N_ooa': 1831.60608, 'N_anc': 2891.07558, 'gr': 0.03128} -114864.58919547965
{'t1': 28.68897, 't2': 402.92701, 't3': 1031.10391, 't4': 1497.27897, 'r1': 0.18185, 'r2': 0.16676, 'r3': 0.35329, 'N_admix': 38573.07255, 'N_afr': 10485.99293, 'N_eur': 9042.87298, 'N_asia': 18918.38388, 'N_pol': 13359.00659, 'N_aa': 4021.94448, 'N_ooa': 1831.60608, 'N_anc': 2891.07558, 'gr': 0.03128} -114863.739372793
{'t1': 28.68897, 't2': 402.92701, 't3': 1031.10391, 't4': 1497.27897, 'r1': 0.18185, 'r2': 0.16676, 'r3': 0.35329, 'N_admix': 38573.07255, 'N_afr': 10485.99293, 'N_eur': 9042.87298, 'N_asia': 18918.38388, 'N_pol': 13359.00659, 'N_aa': 4021.94448, 'N_ooa': 1831.60608, 'N_anc': 2891.07558, 'gr': 0.03128} -114863.739372793
{'t1': 28.68897, 't2': 402.92701, 't3': 1031.10391, 't4': 1497.27897, 'r1': 0.18185, 'r2': 0.16676, 'r3': 0.35329, 'N_admix': 38573.07255, 'N_afr': 10485.99293, 'N_eur': 9042.87298, 'N_asia': 18918.38388, 'N_pol': 13359.00659, 'N_aa': 3654.26219, 'N_ooa': 1831.60608, 'N_anc': 2891.07558, 'gr': 0.03128} -114839.04715961193
{'t1': 28.68897, 't2': 402.92701, 't3': 1031.10391, 't4': 1497.27897, 'r1': 0.18185, 'r2': 0.16676, 'r3': 0.33563, 'N_admix': 38573.07255, 'N_afr': 10485.99293, 'N_eur': 9042.87298, 'N_asia': 18918.38388, 'N_pol': 14021.95692, 'N_aa': 3654.26219, 'N_ooa': 1831.60608, 'N_anc': 2891.07558, 'gr': 0.03128} -114825.87750110275
{'t1': 28.68897, 't2': 402.92701, 't3': 1031.10391, 't4': 1497.27897, 'r1': 0.18185, 'r2': 0.16676, 'r3': 0.33563, 'N_admix': 38573.07255, 'N_afr': 10485.99293, 'N_eur': 9042.87298, 'N_asia': 17977.46469, 'N_pol': 14021.95692, 'N_aa': 3654.26219, 'N_ooa': 1831.60608, 'N_anc': 2891.07558, 'gr': 0.03128} -114825.25468074104
{'t1': 28.68897, 't2': 402.92701, 't3': 1031.10391, 't4': 1497.27897, 'r1': 0.18185, 'r2': 0.16676, 'r3': 0.33563, 'N_admix': 38573.07255, 'N_afr': 10485.99293, 'N_eur': 9042.87298, 'N_asia': 17977.46469, 'N_pol': 14021.95692, 'N_aa': 3654.26219, 'N_ooa': 1831.60608, 'N_anc': 2891.07558, 'gr': 0.03128} -114825.25468074104
{'t1': 28.68897, 't2': 402.92701, 't3': 1031.10391, 't4': 1497.27897, 'r1': 0.18185, 'r2': 0.16676, 'r3': 0.33563, 'N_admix': 38573.07255, 'N_afr': 10485.99293, 'N_eur': 9042.87298, 'N_asia': 17977.46469, 'N_pol': 14021.95692, 'N_aa': 3654.26219, 'N_ooa': 1831.60608, 'N_anc': 2891.07558, 'gr': 0.03128} -114825.25468074104
{'t1': 28.68897, 't2': 402.92701, 't3': 1031.10391, 't4': 1497.27897, 'r1': 0.18185, 'r2': 0.16676, 'r3': 0.33563, 'N_admix': 38573.07255, 'N_afr': 10485.99293, 'N_eur': 9042.87298, 'N_asia': 17977.46469, 'N_pol': 14021.95692, 'N_aa': 3654.26219, 'N_ooa': 1831.60608, 'N_anc': 2891.07558, 'gr': 0.03128} -114825.25468074104
2026-09-03 06:20:00,962 - INFO - Finished fitting ARG.
2026-09-03 06:20:00,963 - INFO - Finished in 3h 39m 38.9s
2026-09-03 06:20:00,963 - INFO - Estimated: {'t1': 28.68897, 't2': 402.92701, 't3': 1031.10391, 't4': 1497.27897, 'r1': 0.18185, 'r2': 0.16676, 'r3': 0.33563, 'N_admix': 38573.07255, 'N_afr': 10485.99293, 'N_eur': 9042.87298, 'N_asia': 17977.46469, 'N_pol': 14021.95692, 'N_aa': 3654.26219, 'N_ooa': 1831.60608, 'N_anc': 2891.07558, 'gr': 0.03128}
2026-09-03 06:20:00,963 - INFO - logp = -114825.25468074104  (true = -115601.1526909845)
2026-09-03 06:20:00,963 - INFO - Pipeline executed succesfully.
