2026-09-03 02:21:25,842 - INFO - Beginning execution of simulate_and_fit_ARG.py in directory /home1/mahj/glike_optimize/opt_scripts

2026-09-03 02:21:25,842 - INFO - Progress is being logged to ../opt_results_glike_3G09_no_m1/ntree_10_rep_12_simulate_ARG.log

2026-09-03 02:21:25,842 - INFO - Parsed the following arguments:
	N_SAMPLES = 1000.0
	SEQUENCE_LENGTH = 30000000.0
	RECOMBINATION_RATE = 1e-08
	SEED = 1
	NUM_TREES = 10
	OPTIMIZER = glike
	MODEL = 3G09
	outprefix = ../opt_results_glike_3G09_no_m1/ntree_10_rep_12

2026-09-03 02:21:25,872 - INFO - Sampling 1000 individuals with ploidy 1 in population 1 (name='ceu') at time 0
2026-09-03 02:21:25,877 - INFO - Starting replicate 0
2026-09-03 02:21:25,878 - INFO - model[0] {'name': 'hudson'} started at time=0 nodes=1000 edges=0
2026-09-03 02:21:25,878 - INFO - Running model {'name': 'hudson'} until max time: inf
2026-09-03 02:21:26,767 - INFO - Completed at time=130012 nodes=28005 edges=152908
2026-09-03 02:21:27,378 - INFO - Finished simulating ARG.
[phase from 0.0 to 30.0]
        yri     ceu     nea
ns   0.0001  0.0001  0.0001
grs  0.0000  0.0000  0.0000

[phase from 30.0 to 50.0]
        yri     ceu     nea
ns   0.0001  0.0001  0.0001
grs  0.0000  0.0000  0.0000

[phase from 50.0 to 73.95]
        yri     ceu     nea
ns   0.0001  0.0001  0.0001
grs  0.0000  0.0000  0.0000

[phase from 73.95 to 290.0]
     yri  nea
yri    1    0
ceu    1    0
nea    0    1
        yri     nea
ns   0.0001  0.0001
grs  0.0000  0.0000

[phase from 290.0 to inf]
     yri
yri    1
nea    1
        yri
ns   0.0001
grs  0.0000

2026-09-03 02:21:47,520 - INFO - Starting glike optimization.
{'t1': 10, 't2': 50, 't3': 100, 't4': 300, 'N_yri': 10000, 'N_ceu': 10000, 'N_nea': 10000, 'm1': 0.0} -94751.41777602979
{'t1': 10, 't2': 50, 't3': 100, 't4': 280.0, 'N_yri': 9010.0, 'N_ceu': 9010.0, 'N_nea': 9010.0, 'm1': 0.0} -94131.99476107619
{'t1': 10, 't2': 48.0, 't3': 97.4, 't4': 252.61, 'N_yri': 7673.5, 'N_ceu': 7673.5, 'N_nea': 7673.5, 'm1': 1e-05} -93263.17232240409
{'t1': 10.45, 't2': 48.0, 't3': 97.4, 't4': 217.68775, 'N_yri': 5969.4625, 'N_ceu': 5969.4625, 'N_nea': 5969.4625, 'm1': 0.0} -92227.01098616276
{'t1': 10.45, 't2': 49.8775, 't3': 97.4, 't4': 217.68775, 'N_yri': 3988.51891, 'N_ceu': 3988.51891, 'N_nea': 3988.51891, 'm1': 0.0} -91527.53428165297
{'t1': 10.45, 't2': 49.8775, 't3': 99.77613, 't4': 237.58534, 'N_yri': 5932.77837, 'N_ceu': 2044.25945, 'N_nea': 3988.51891, 'm1': 0.0} -91371.6582633827
{'t1': 10.45, 't2': 47.90612, 't3': 103.66638, 't4': 237.58534, 'N_yri': 5932.77837, 'N_ceu': 3016.38918, 'N_nea': 3016.38918, 'm1': 0.0} -91214.3519337058
{'t1': 10.45, 't2': 47.90612, 't3': 97.39335, 't4': 255.32839, 'N_yri': 5932.77837, 'N_ceu': 3016.38918, 'N_nea': 3016.38918, 'm1': 0.0} -91173.22056425986
{'t1': 10.45, 't2': 46.03331, 't3': 97.39335, 't4': 255.32839, 'N_yri': 5203.68107, 'N_ceu': 3016.38918, 'N_nea': 3016.38918, 'm1': 0.0} -91168.28341559168
{'t1': 10.45, 't2': 46.03331, 't3': 97.39335, 't4': 255.32839, 'N_yri': 5203.68107, 'N_ceu': 3016.38918, 'N_nea': 3016.38918, 'm1': 0.0} -91168.28341559168
{'t1': 10.45, 't2': 46.03331, 't3': 99.96135, 't4': 255.32839, 'N_yri': 5682.15117, 'N_ceu': 2834.11486, 'N_nea': 3016.38918, 'm1': 0.0} -91156.87745148668
{'t1': 10.45, 't2': 46.03331, 't3': 99.96135, 't4': 255.32839, 'N_yri': 5682.15117, 'N_ceu': 2834.11486, 'N_nea': 3016.38918, 'm1': 0.0} -91156.87745148668
{'t1': 10.45, 't2': 46.03331, 't3': 97.26495, 't4': 255.32839, 'N_yri': 5682.15117, 'N_ceu': 2834.11486, 'N_nea': 3016.38918, 'm1': 0.0} -91156.52094124792
{'t1': 10.45, 't2': 46.03331, 't3': 97.26495, 't4': 255.32839, 'N_yri': 5682.15117, 'N_ceu': 2834.11486, 'N_nea': 3016.38918, 'm1': 0.0} -91156.52094124792
{'t1': 10.45, 't2': 46.03331, 't3': 97.26495, 't4': 255.32839, 'N_yri': 5682.15117, 'N_ceu': 2834.11486, 'N_nea': 3016.38918, 'm1': 0.0} -91156.52094124792
{'t1': 10.45, 't2': 46.03331, 't3': 97.26495, 't4': 255.32839, 'N_yri': 5682.15117, 'N_ceu': 2834.11486, 'N_nea': 3016.38918, 'm1': 0.0} -91156.52094124792
{'t1': 10.45, 't2': 46.03331, 't3': 97.26495, 't4': 255.32839, 'N_yri': 5682.15117, 'N_ceu': 2834.11486, 'N_nea': 3016.38918, 'm1': 0.0} -91156.52094124792
2026-09-03 04:39:16,538 - INFO - Finished fitting ARG.
2026-09-03 04:39:16,538 - INFO - Finished in 2h 17m 29.0s
2026-09-03 04:39:16,538 - INFO - Estimated: {'t1': 10.45, 't2': 46.03331, 't3': 97.26495, 't4': 255.32839, 'N_yri': 5682.15117, 'N_ceu': 2834.11486, 'N_nea': 3016.38918, 'm1': 0.0}
2026-09-03 04:39:16,538 - INFO - logp = -91156.52094124792  (true = -94794.52168989166)
2026-09-03 04:39:16,538 - INFO - Pipeline executed succesfully.
