2026-09-03 02:21:24,549 - INFO - Beginning execution of simulate_and_fit_ARG.py in directory /home1/mahj/glike_optimize/opt_scripts

2026-09-03 02:21:24,549 - INFO - Progress is being logged to ../opt_results_glike_3G09_no_m1/ntree_10_rep_1_simulate_ARG.log

2026-09-03 02:21:24,549 - INFO - Parsed the following arguments:
	N_SAMPLES = 1000.0
	SEQUENCE_LENGTH = 30000000.0
	RECOMBINATION_RATE = 1e-08
	SEED = 1
	NUM_TREES = 10
	OPTIMIZER = glike
	MODEL = 3G09
	outprefix = ../opt_results_glike_3G09_no_m1/ntree_10_rep_1

2026-09-03 02:21:24,578 - INFO - Sampling 1000 individuals with ploidy 1 in population 1 (name='ceu') at time 0
2026-09-03 02:21:24,581 - INFO - Starting replicate 0
2026-09-03 02:21:24,582 - INFO - model[0] {'name': 'hudson'} started at time=0 nodes=1000 edges=0
2026-09-03 02:21:24,582 - INFO - Running model {'name': 'hudson'} until max time: inf
2026-09-03 02:21:25,476 - INFO - Completed at time=130012 nodes=28005 edges=152908
2026-09-03 02:21:26,091 - INFO - Finished simulating ARG.
[phase from 0.0 to 30.0]
        yri     ceu     nea
ns   0.0001  0.0001  0.0001
grs  0.0000  0.0000  0.0000

[phase from 30.0 to 50.0]
        yri     ceu     nea
ns   0.0001  0.0001  0.0001
grs  0.0000  0.0000  0.0000

[phase from 50.0 to 73.95]
        yri     ceu     nea
ns   0.0001  0.0001  0.0001
grs  0.0000  0.0000  0.0000

[phase from 73.95 to 290.0]
     yri  nea
yri    1    0
ceu    1    0
nea    0    1
        yri     nea
ns   0.0001  0.0001
grs  0.0000  0.0000

[phase from 290.0 to inf]
     yri
yri    1
nea    1
        yri
ns   0.0001
grs  0.0000

2026-09-03 02:21:46,603 - INFO - Starting glike optimization.
{'t1': 10, 't2': 50, 't3': 100, 't4': 300, 'N_yri': 10000, 'N_ceu': 10000, 'N_nea': 10000, 'm1': 0.0} -94750.58071774978
{'t1': 9.1, 't2': 50, 't3': 100, 't4': 280.0, 'N_yri': 9010.0, 'N_ceu': 9010.0, 'N_nea': 9010.0, 'm1': 0.0} -94132.15125906239
{'t1': 9.1, 't2': 50, 't3': 97.5, 't4': 252.625, 'N_yri': 7673.5, 'N_ceu': 7673.5, 'N_nea': 7673.5, 'm1': 1e-05} -93263.2247973569
{'t1': 9.1, 't2': 50, 't3': 93.9375, 't4': 216.92031, 'N_yri': 5969.4625, 'N_ceu': 5969.4625, 'N_nea': 5969.4625, 'm1': 0.0} -92235.89175238644
{'t1': 9.1, 't2': 50, 't3': 98.88047, 't4': 256.75876, 'N_yri': 3988.51891, 'N_ceu': 3988.51891, 'N_nea': 3988.51891, 'm1': 0.0} -91492.18861885172
{'t1': 9.1, 't2': 50, 't3': 107.12905, 't4': 256.75876, 'N_yri': 5932.77837, 'N_ceu': 2044.25945, 'N_nea': 3988.51891, 'm1': 0.0} -91310.3887042501
{'t1': 9.505, 't2': 50, 't3': 121.58984, 't4': 256.75876, 'N_yri': 5932.77837, 'N_ceu': 3016.38918, 'N_nea': 3016.38918, 'm1': 0.0} -91225.09539294412
{'t1': 10.14288, 't2': 50, 't3': 94.40807, 't4': 256.75876, 'N_yri': 5932.77837, 'N_ceu': 3016.38918, 'N_nea': 3016.38918, 'm1': 1e-05} -91167.67138460767
{'t1': 9.11431, 't2': 50, 't3': 94.40807, 't4': 256.75876, 'N_yri': 5932.77837, 'N_ceu': 3016.38918, 'N_nea': 3016.38918, 'm1': 1e-05} -91158.14519610007
{'t1': 9.11431, 't2': 50, 't3': 94.40807, 't4': 256.75876, 'N_yri': 5932.77837, 'N_ceu': 3016.38918, 'N_nea': 3016.38918, 'm1': 1e-05} -91158.14519610007
{'t1': 9.11431, 't2': 50, 't3': 94.40807, 't4': 256.75876, 'N_yri': 5641.13945, 'N_ceu': 3016.38918, 'N_nea': 2870.56972, 'm1': 1e-05} -91153.9177006223
{'t1': 9.52003, 't2': 50, 't3': 94.40807, 't4': 256.75876, 'N_yri': 5641.13945, 'N_ceu': 2870.56972, 'N_nea': 2870.56972, 'm1': 1e-05} -91146.17319012946
{'t1': 8.88103, 't2': 50, 't3': 94.40807, 't4': 256.75876, 'N_yri': 5641.13945, 'N_ceu': 2870.56972, 'N_nea': 2870.56972, 'm1': 1e-05} -91144.97026719972
{'t1': 8.88103, 't2': 50, 't3': 94.40807, 't4': 256.75876, 'N_yri': 5641.13945, 'N_ceu': 2870.56972, 'N_nea': 2870.56972, 'm1': 1e-05} -91144.97026719972
{'t1': 8.88103, 't2': 50, 't3': 94.40807, 't4': 256.75876, 'N_yri': 5641.13945, 'N_ceu': 2870.56972, 'N_nea': 2870.56972, 'm1': 1e-05} -91144.97026719972
{'t1': 8.88103, 't2': 50, 't3': 94.40807, 't4': 256.75876, 'N_yri': 5641.13945, 'N_ceu': 2870.56972, 'N_nea': 2870.56972, 'm1': 1e-05} -91144.97026719972
{'t1': 8.88103, 't2': 50, 't3': 94.40807, 't4': 256.75876, 'N_yri': 5641.13945, 'N_ceu': 2870.56972, 'N_nea': 2870.56972, 'm1': 1e-05} -91144.97026719972
2026-09-03 04:15:36,555 - INFO - Finished fitting ARG.
2026-09-03 04:15:36,555 - INFO - Finished in 1h 53m 50.0s
2026-09-03 04:15:36,555 - INFO - Estimated: {'t1': 8.88103, 't2': 50, 't3': 94.40807, 't4': 256.75876, 'N_yri': 5641.13945, 'N_ceu': 2870.56972, 'N_nea': 2870.56972, 'm1': 1e-05}
2026-09-03 04:15:36,555 - INFO - logp = -91144.97026719972  (true = -94793.23675531324)
2026-09-03 04:15:36,555 - INFO - Pipeline executed succesfully.
