2026-09-03 02:39:35,170 - INFO - Beginning execution of simulate_and_fit_ARG.py in directory /home1/mahj/glike_optimize/opt_scripts

2026-09-03 02:39:35,170 - INFO - Progress is being logged to ../opt_results_glike_NH/ntree_10_rep_13_simulate_ARG.log

2026-09-03 02:39:35,170 - INFO - Parsed the following arguments:
	N_SAMPLES = 1000.0
	SEQUENCE_LENGTH = 30000000.0
	RECOMBINATION_RATE = 1e-08
	SEED = 1
	NUM_TREES = 10
	OPTIMIZER = glike
	MODEL = NH
	outprefix = ../opt_results_glike_NH/ntree_10_rep_13

2026-09-03 02:39:35,236 - INFO - Sampling 1000 individuals with ploidy 1 in population 0 (name='admix') at time 0
2026-09-03 02:39:35,247 - INFO - Starting replicate 0
2026-09-03 02:39:35,248 - INFO - model[0] {'name': 'hudson'} started at time=0 nodes=1000 edges=0
2026-09-03 02:39:35,248 - INFO - Running model {'name': 'hudson'} until max time: inf
2026-09-03 02:39:36,212 - INFO - Completed at time=24250.7 nodes=39508 edges=264883
2026-09-03 02:39:37,406 - INFO - Finished simulating ARG.
[phase from 0.0 to 19.0]
        admix
ns   0.000006
grs  0.078000

[phase from 19.0 to 411.0]
       afr    eur   asia    pol
admix  0.0  0.198  0.334  0.468
        afr       eur     asia       pol
ns   0.0001  0.000075  0.00004  0.000064
grs  0.0000  0.000000  0.00000  0.000000

[phase from 411.0 to 1040.0]
      afr  eur  asia
afr     1    0     0
eur     0    1     0
asia    0    0     1
pol     0    0     1
        afr       eur     asia
ns   0.0001  0.000075  0.00037
grs  0.0000  0.000000  0.00000

[phase from 1040.0 to 2004.0]
      afr  eur
afr     1    0
eur     0    1
asia    0    1
        afr       eur
ns   0.0001  0.000405
grs  0.0000  0.000000

[phase from 2004.0 to inf]
     A
afr  1
eur  1
            A
ns   0.000375
grs  0.000000

2026-09-03 02:39:58,016 - INFO - Starting glike optimization.
{'t1': 10, 't2': 100, 't3': 1000, 't4': 2000, 'r1': 0.25, 'r2': 0.25, 'r3': 0.25, 'N_admix': 10000, 'N_afr': 10000, 'N_eur': 10000, 'N_asia': 10000, 'N_pol': 10000, 'N_aa': 10000, 'N_ooa': 10000, 'N_anc': 10000, 'gr': 0.1} -118561.8691201391
{'t1': 10.9, 't2': 108.91, 't3': 1000, 't4': 1900.0, 'r1': 0.275, 'r2': 0.275, 'r3': 0.225, 'N_admix': 10990.0, 'N_afr': 10990.0, 'N_eur': 10000, 'N_asia': 10000, 'N_pol': 10000, 'N_aa': 10990.0, 'N_ooa': 9010.0, 'N_anc': 9010.0, 'gr': 0.11} -117933.68664615968
{'t1': 12.385, 't2': 123.38875, 't3': 1043.83056, 't4': 1771.57458, 'r1': 0.275, 'r2': 0.31625, 'r3': 0.225, 'N_admix': 12623.5, 'N_afr': 12623.5, 'N_eur': 10495.0, 'N_asia': 10495.0, 'N_pol': 9505.0, 'N_aa': 12623.5, 'N_ooa': 7673.5, 'N_anc': 7673.5, 'gr': 0.1265} -117314.27601757647
{'t1': 14.94663, 't2': 147.78823, 't3': 1043.83056, 't4': 1607.83218, 'r1': 0.275, 'r2': 0.31625, 'r3': 0.20813, 'N_admix': 15441.2875, 'N_afr': 12623.5, 'N_eur': 11274.625, 'N_asia': 11274.625, 'N_pol': 10210.375, 'N_aa': 12623.5, 'N_ooa': 5969.4625, 'N_anc': 5969.4625, 'gr': 0.15496} -116719.3382696829
{'t1': 19.65362, 't2': 191.03366, 't3': 1015.63048, 't4': 1407.96411, 'r1': 0.275, 'r2': 0.31625, 'r3': 0.20813, 'N_admix': 20618.97203, 'N_afr': 12623.5, 'N_eur': 12531.77031, 'N_asia': 11274.625, 'N_pol': 10210.375, 'N_aa': 11214.60625, 'N_ooa': 3988.51891, 'N_anc': 3988.51891, 'gr': 0.10266} -116328.6081581128
{'t1': 19.65362, 't2': 276.72368, 't3': 1015.63048, 't4': 1211.79729, 'r1': 0.26125, 'r2': 0.31625, 'r3': 0.21984, 'N_admix': 30878.45804, 'N_afr': 12623.5, 'N_eur': 12531.77031, 'N_asia': 11903.19766, 'N_pol': 10779.08359, 'N_aa': 9339.01645, 'N_ooa': 2044.25945, 'N_anc': 3988.51891, 'gr': 0.05133} -116029.06354223317
{'t1': 24.31703, 't2': 402.92701, 't3': 1025.43882, 't4': 1118.61805, 'r1': 0.24166, 'r2': 0.30044, 'r3': 0.23839, 'N_admix': 30878.45804, 'N_afr': 11997.325, 'N_eur': 11482.83969, 'N_asia': 12899.09246, 'N_pol': 11680.13127, 'N_aa': 7000.39041, 'N_ooa': 1072.12973, 'N_anc': 3016.38918, 'gr': 0.05133} -115446.57550459674
{'t1': 24.31703, 't2': 402.92701, 't3': 1025.43882, 't4': 1072.02844, 'r1': 0.21447, 'r2': 0.27791, 'r3': 0.23839, 'N_admix': 38573.07255, 'N_afr': 11105.02563, 'N_eur': 10042.19904, 'N_asia': 14518.9776, 'N_pol': 13145.74163, 'N_aa': 4380.39843, 'N_ooa': 1072.12973, 'N_anc': 3016.38918, 'gr': 0.0385} -115064.23205895539
{'t1': 24.31703, 't2': 402.92701, 't3': 1025.43882, 't4': 1048.73363, 'r1': 0.17828, 'r2': 0.27791, 'r3': 0.25348, 'N_admix': 38573.07255, 'N_afr': 11105.02563, 'N_eur': 10042.19904, 'N_asia': 14518.9776, 'N_pol': 15622.39414, 'N_aa': 2240.19922, 'N_ooa': 1072.12973, 'N_anc': 2469.56621, 'gr': 0.0385} -114986.21496784851
{'t1': 24.31703, 't2': 402.92701, 't3': 1025.43882, 't4': 1048.73363, 'r1': 0.22341, 'r2': 0.27791, 'r3': 0.27754, 'N_admix': 38573.07255, 'N_afr': 11105.02563, 'N_eur': 10042.19904, 'N_asia': 13150.30121, 'N_pol': 11202.14987, 'N_aa': 2240.19922, 'N_ooa': 1072.12973, 'N_anc': 2469.56621, 'gr': 0.0385} -114952.41375030039
{'t1': 23.15118, 't2': 402.92701, 't3': 1025.43882, 't4': 1042.90993, 'r1': 0.22341, 'r2': 0.26401, 'r3': 0.27754, 'N_admix': 42179.9231, 'N_afr': 10554.77435, 'N_eur': 9545.08909, 'N_asia': 15008.4398, 'N_pol': 11202.14987, 'N_aa': 2775.24903, 'N_ooa': 1072.12973, 'N_anc': 2802.78646, 'gr': 0.0385} -114898.29834988163
{'t1': 23.15118, 't2': 402.92701, 't3': 1025.43882, 't4': 1042.90993, 'r1': 0.22341, 'r2': 0.26401, 'r3': 0.27754, 'N_admix': 42179.9231, 'N_afr': 10554.77435, 'N_eur': 10253.47077, 'N_asia': 18192.49818, 'N_pol': 11202.14987, 'N_aa': 2775.24903, 'N_ooa': 1072.12973, 'N_anc': 2802.78646, 'gr': 0.03657} -114886.26231181176
{'t1': 23.15118, 't2': 402.92701, 't3': 1025.43882, 't4': 1042.90993, 'r1': 0.22341, 'r2': 0.26401, 'r3': 0.27754, 'N_admix': 42179.9231, 'N_afr': 10554.77435, 'N_eur': 10253.47077, 'N_asia': 18192.49818, 'N_pol': 11202.14987, 'N_aa': 2775.24903, 'N_ooa': 1072.12973, 'N_anc': 2802.78646, 'gr': 0.03657} -114886.26231181176
{'t1': 23.15118, 't2': 402.92701, 't3': 1025.43882, 't4': 1042.90993, 'r1': 0.22341, 'r2': 0.26401, 'r3': 0.27754, 'N_admix': 42179.9231, 'N_afr': 10554.77435, 'N_eur': 10253.47077, 'N_asia': 18192.49818, 'N_pol': 10609.36662, 'N_aa': 2775.24903, 'N_ooa': 1072.12973, 'N_anc': 2660.25671, 'gr': 0.03657} -114884.45644711162
{'t1': 23.15118, 't2': 402.92701, 't3': 1025.43882, 't4': 1042.90993, 'r1': 0.22341, 'r2': 0.26401, 'r3': 0.27754, 'N_admix': 42179.9231, 'N_afr': 10554.77435, 'N_eur': 10253.47077, 'N_asia': 16743.46399, 'N_pol': 10609.36662, 'N_aa': 2775.24903, 'N_ooa': 1072.12973, 'N_anc': 2660.25671, 'gr': 0.03657} -114883.29721498136
{'t1': 23.15118, 't2': 402.92701, 't3': 1025.43882, 't4': 1042.90993, 'r1': 0.22341, 'r2': 0.26401, 'r3': 0.27754, 'N_admix': 42179.9231, 'N_afr': 10554.77435, 'N_eur': 10253.47077, 'N_asia': 16743.46399, 'N_pol': 11134.83495, 'N_aa': 2775.24903, 'N_ooa': 1072.12973, 'N_anc': 2660.25671, 'gr': 0.03657} -114882.77869879478
{'t1': 23.15118, 't2': 402.92701, 't3': 1025.43882, 't4': 1042.90993, 'r1': 0.22341, 'r2': 0.26401, 'r3': 0.27754, 'N_admix': 42179.9231, 'N_afr': 10554.77435, 'N_eur': 10253.47077, 'N_asia': 16743.46399, 'N_pol': 11134.83495, 'N_aa': 2775.24903, 'N_ooa': 1072.12973, 'N_anc': 2660.25671, 'gr': 0.03657} -114882.77869879478
{'t1': 23.15118, 't2': 402.92701, 't3': 1025.43882, 't4': 1042.90993, 'r1': 0.22341, 'r2': 0.26401, 'r3': 0.27754, 'N_admix': 42179.9231, 'N_afr': 10554.77435, 'N_eur': 10253.47077, 'N_asia': 16743.46399, 'N_pol': 11134.83495, 'N_aa': 2775.24903, 'N_ooa': 1072.12973, 'N_anc': 2660.25671, 'gr': 0.03657} -114882.77869879478
{'t1': 23.15118, 't2': 402.92701, 't3': 1025.43882, 't4': 1042.90993, 'r1': 0.22341, 'r2': 0.26401, 'r3': 0.27754, 'N_admix': 42179.9231, 'N_afr': 10554.77435, 'N_eur': 10253.47077, 'N_asia': 16743.46399, 'N_pol': 11134.83495, 'N_aa': 2775.24903, 'N_ooa': 1072.12973, 'N_anc': 2660.25671, 'gr': 0.03657} -114882.77869879478
{'t1': 23.15118, 't2': 402.92701, 't3': 1025.43882, 't4': 1042.90993, 'r1': 0.22341, 'r2': 0.26401, 'r3': 0.27754, 'N_admix': 42179.9231, 'N_afr': 10554.77435, 'N_eur': 10253.47077, 'N_asia': 16743.46399, 'N_pol': 11134.83495, 'N_aa': 2775.24903, 'N_ooa': 1072.12973, 'N_anc': 2660.25671, 'gr': 0.03657} -114882.77869879478
2026-09-03 08:19:48,867 - INFO - Finished fitting ARG.
2026-09-03 08:19:48,868 - INFO - Finished in 5h 39m 50.9s
2026-09-03 08:19:48,868 - INFO - Estimated: {'t1': 23.15118, 't2': 402.92701, 't3': 1025.43882, 't4': 1042.90993, 'r1': 0.22341, 'r2': 0.26401, 'r3': 0.27754, 'N_admix': 42179.9231, 'N_afr': 10554.77435, 'N_eur': 10253.47077, 'N_asia': 16743.46399, 'N_pol': 11134.83495, 'N_aa': 2775.24903, 'N_ooa': 1072.12973, 'N_anc': 2660.25671, 'gr': 0.03657}
2026-09-03 08:19:48,869 - INFO - logp = -114882.77869879478  (true = -115580.6363199516)
2026-09-03 08:19:48,869 - INFO - Pipeline executed succesfully.
