2026-09-03 02:21:29,412 - INFO - Beginning execution of simulate_and_fit_ARG.py in directory /home1/mahj/glike_optimize/opt_scripts

2026-09-03 02:21:29,412 - INFO - Progress is being logged to ../opt_results_glike_3G09_no_m1/ntree_10_rep_17_simulate_ARG.log

2026-09-03 02:21:29,412 - INFO - Parsed the following arguments:
	N_SAMPLES = 1000.0
	SEQUENCE_LENGTH = 30000000.0
	RECOMBINATION_RATE = 1e-08
	SEED = 1
	NUM_TREES = 10
	OPTIMIZER = glike
	MODEL = 3G09
	outprefix = ../opt_results_glike_3G09_no_m1/ntree_10_rep_17

2026-09-03 02:21:29,439 - INFO - Sampling 1000 individuals with ploidy 1 in population 1 (name='ceu') at time 0
2026-09-03 02:21:29,444 - INFO - Starting replicate 0
2026-09-03 02:21:29,445 - INFO - model[0] {'name': 'hudson'} started at time=0 nodes=1000 edges=0
2026-09-03 02:21:29,445 - INFO - Running model {'name': 'hudson'} until max time: inf
2026-09-03 02:21:30,360 - INFO - Completed at time=130012 nodes=28005 edges=152908
2026-09-03 02:21:30,973 - INFO - Finished simulating ARG.
[phase from 0.0 to 30.0]
        yri     ceu     nea
ns   0.0001  0.0001  0.0001
grs  0.0000  0.0000  0.0000

[phase from 30.0 to 50.0]
        yri     ceu     nea
ns   0.0001  0.0001  0.0001
grs  0.0000  0.0000  0.0000

[phase from 50.0 to 73.95]
        yri     ceu     nea
ns   0.0001  0.0001  0.0001
grs  0.0000  0.0000  0.0000

[phase from 73.95 to 290.0]
     yri  nea
yri    1    0
ceu    1    0
nea    0    1
        yri     nea
ns   0.0001  0.0001
grs  0.0000  0.0000

[phase from 290.0 to inf]
     yri
yri    1
nea    1
        yri
ns   0.0001
grs  0.0000

2026-09-03 02:21:51,033 - INFO - Starting glike optimization.
{'t1': 10, 't2': 50, 't3': 100, 't4': 300, 'N_yri': 10000, 'N_ceu': 10000, 'N_nea': 10000, 'm1': 0.0} -94752.08841599939
{'t1': 10, 't2': 50, 't3': 100, 't4': 280.0, 'N_yri': 9010.0, 'N_ceu': 9010.0, 'N_nea': 9010.0, 'm1': 0.0} -94132.22567490817
{'t1': 10, 't2': 48.0, 't3': 97.4, 't4': 252.61, 'N_yri': 7673.5, 'N_ceu': 7673.5, 'N_nea': 7673.5, 'm1': 1e-05} -93263.04848312991
{'t1': 10, 't2': 48.0, 't3': 97.4, 't4': 217.68775, 'N_yri': 5969.4625, 'N_ceu': 5969.4625, 'N_nea': 5969.4625, 'm1': 0.0} -92227.11366450059
{'t1': 10, 't2': 48.0, 't3': 97.4, 't4': 217.68775, 'N_yri': 3988.51891, 'N_ceu': 3988.51891, 'N_nea': 3988.51891, 'm1': 0.0} -91527.38070425781
{'t1': 10.45, 't2': 48.0, 't3': 99.87, 't4': 237.5695, 'N_yri': 5932.77837, 'N_ceu': 2044.25945, 'N_nea': 3988.51891, 'm1': 0.0} -91365.20038163538
{'t1': 10.45, 't2': 46.1225, 't3': 103.90106, 't4': 237.5695, 'N_yri': 5932.77837, 'N_ceu': 3016.38918, 'N_nea': 3016.38918, 'm1': 0.0} -91213.0381065261
{'t1': 10.45, 't2': 46.1225, 't3': 97.40097, 't4': 255.30958, 'N_yri': 5932.77837, 'N_ceu': 3016.38918, 'N_nea': 3016.38918, 'm1': 0.0} -91166.62055190111
{'t1': 10.45, 't2': 46.1225, 't3': 97.40097, 't4': 255.30958, 'N_yri': 5932.77837, 'N_ceu': 3016.38918, 'N_nea': 3016.38918, 'm1': 0.0} -91166.62055190111
{'t1': 10.45, 't2': 46.1225, 't3': 97.40097, 't4': 255.30958, 'N_yri': 5568.22972, 'N_ceu': 2651.84053, 'N_nea': 3016.38918, 'm1': 0.0} -91161.31016228425
{'t1': 10.45, 't2': 46.1225, 't3': 97.40097, 't4': 255.30958, 'N_yri': 5568.22972, 'N_ceu': 2651.84053, 'N_nea': 3016.38918, 'm1': 0.0} -91161.31016228425
{'t1': 10.45, 't2': 46.1225, 't3': 97.40097, 't4': 255.30958, 'N_yri': 5568.22972, 'N_ceu': 2891.07558, 'N_nea': 2870.56972, 'm1': 0.0} -91159.6179572429
{'t1': 10.45, 't2': 46.1225, 't3': 97.40097, 't4': 255.30958, 'N_yri': 5568.22972, 'N_ceu': 2891.07558, 'N_nea': 2870.56972, 'm1': 0.0} -91159.6179572429
{'t1': 10.45, 't2': 46.1225, 't3': 97.40097, 't4': 255.30958, 'N_yri': 5568.22972, 'N_ceu': 2891.07558, 'N_nea': 2732.04123, 'm1': 0.0} -91156.55355311348
{'t1': 10.45, 't2': 46.1225, 't3': 97.40097, 't4': 255.30958, 'N_yri': 5568.22972, 'N_ceu': 2891.07558, 'N_nea': 2732.04123, 'm1': 0.0} -91156.55355311348
{'t1': 10.45, 't2': 46.1225, 't3': 97.40097, 't4': 255.30958, 'N_yri': 5568.22972, 'N_ceu': 2891.07558, 'N_nea': 2732.04123, 'm1': 0.0} -91156.55355311348
{'t1': 10.45, 't2': 46.1225, 't3': 97.40097, 't4': 255.30958, 'N_yri': 5568.22972, 'N_ceu': 2891.07558, 'N_nea': 2732.04123, 'm1': 0.0} -91156.55355311348
{'t1': 10.45, 't2': 46.1225, 't3': 97.40097, 't4': 255.30958, 'N_yri': 5568.22972, 'N_ceu': 2891.07558, 'N_nea': 2732.04123, 'm1': 0.0} -91156.55355311348
2026-09-03 04:45:56,883 - INFO - Finished fitting ARG.
2026-09-03 04:45:56,883 - INFO - Finished in 2h 24m 5.8s
2026-09-03 04:45:56,883 - INFO - Estimated: {'t1': 10.45, 't2': 46.1225, 't3': 97.40097, 't4': 255.30958, 'N_yri': 5568.22972, 'N_ceu': 2891.07558, 'N_nea': 2732.04123, 'm1': 0.0}
2026-09-03 04:45:56,883 - INFO - logp = -91156.55355311348  (true = -94794.34000742146)
2026-09-03 04:45:56,883 - INFO - Pipeline executed succesfully.
