2026-09-03 02:21:28,443 - INFO - Beginning execution of simulate_and_fit_ARG.py in directory /home1/mahj/glike_optimize/opt_scripts

2026-09-03 02:21:28,443 - INFO - Progress is being logged to ../opt_results_glike_3G09_no_m1/ntree_10_rep_15_simulate_ARG.log

2026-09-03 02:21:28,443 - INFO - Parsed the following arguments:
	N_SAMPLES = 1000.0
	SEQUENCE_LENGTH = 30000000.0
	RECOMBINATION_RATE = 1e-08
	SEED = 1
	NUM_TREES = 10
	OPTIMIZER = glike
	MODEL = 3G09
	outprefix = ../opt_results_glike_3G09_no_m1/ntree_10_rep_15

2026-09-03 02:21:28,472 - INFO - Sampling 1000 individuals with ploidy 1 in population 1 (name='ceu') at time 0
2026-09-03 02:21:28,477 - INFO - Starting replicate 0
2026-09-03 02:21:28,478 - INFO - model[0] {'name': 'hudson'} started at time=0 nodes=1000 edges=0
2026-09-03 02:21:28,478 - INFO - Running model {'name': 'hudson'} until max time: inf
2026-09-03 02:21:29,360 - INFO - Completed at time=130012 nodes=28005 edges=152908
2026-09-03 02:21:29,975 - INFO - Finished simulating ARG.
[phase from 0.0 to 30.0]
        yri     ceu     nea
ns   0.0001  0.0001  0.0001
grs  0.0000  0.0000  0.0000

[phase from 30.0 to 50.0]
        yri     ceu     nea
ns   0.0001  0.0001  0.0001
grs  0.0000  0.0000  0.0000

[phase from 50.0 to 73.95]
        yri     ceu     nea
ns   0.0001  0.0001  0.0001
grs  0.0000  0.0000  0.0000

[phase from 73.95 to 290.0]
     yri  nea
yri    1    0
ceu    1    0
nea    0    1
        yri     nea
ns   0.0001  0.0001
grs  0.0000  0.0000

[phase from 290.0 to inf]
     yri
yri    1
nea    1
        yri
ns   0.0001
grs  0.0000

2026-09-03 02:21:51,062 - INFO - Starting glike optimization.
{'t1': 10, 't2': 50, 't3': 100, 't4': 300, 'N_yri': 10000, 'N_ceu': 10000, 'N_nea': 10000, 'm1': 0.0} -94750.95964842639
{'t1': 10, 't2': 50, 't3': 100, 't4': 280.0, 'N_yri': 9010.0, 'N_ceu': 9010.0, 'N_nea': 9010.0, 'm1': 0.0} -94132.2907363736
{'t1': 10.45, 't2': 50, 't3': 97.5, 't4': 252.625, 'N_yri': 7673.5, 'N_ceu': 7673.5, 'N_nea': 7673.5, 'm1': 1e-05} -93263.18845330505
{'t1': 9.74125, 't2': 52.01294, 't3': 94.08847, 't4': 216.95428, 'N_yri': 5969.4625, 'N_ceu': 5969.4625, 'N_nea': 5969.4625, 'm1': 0.0} -92234.43076377995
{'t1': 9.74125, 't2': 55.1686, 't3': 98.46696, 't4': 256.94375, 'N_yri': 3988.51891, 'N_ceu': 3988.51891, 'N_nea': 3988.51891, 'm1': 1e-05} -91499.37176834716
{'t1': 9.24955, 't2': 60.03967, 't3': 104.95157, 't4': 256.94375, 'N_yri': 5932.77837, 'N_ceu': 2044.25945, 'N_nea': 3988.51891, 'm1': 0.0} -91312.25498860002
{'t1': 9.94561, 't2': 60.03967, 't3': 116.31989, 't4': 256.94375, 'N_yri': 5932.77837, 'N_ceu': 3016.38918, 'N_nea': 3016.38918, 'm1': 0.0} -91196.75892793186
{'t1': 11.07779, 't2': 60.03967, 't3': 94.95099, 't4': 256.94375, 'N_yri': 5932.77837, 'N_ceu': 3016.38918, 'N_nea': 3016.38918, 'm1': 0.0} -91183.0680823029
{'t1': 11.07779, 't2': 60.03967, 't3': 94.95099, 't4': 256.94375, 'N_yri': 5203.68107, 'N_ceu': 3016.38918, 'N_nea': 3016.38918, 'm1': 0.0} -91176.61501279444
{'t1': 11.07779, 't2': 60.03967, 't3': 103.67882, 't4': 256.94375, 'N_yri': 5203.68107, 'N_ceu': 2651.84053, 'N_nea': 3016.38918, 'm1': 0.0} -91166.75409835172
{'t1': 11.07779, 't2': 60.03967, 't3': 103.67882, 't4': 256.94375, 'N_yri': 5203.68107, 'N_ceu': 2651.84053, 'N_nea': 3162.20864, 'm1': 0.0} -91160.29838745538
{'t1': 11.07779, 't2': 60.03967, 't3': 103.67882, 't4': 256.94375, 'N_yri': 5203.68107, 'N_ceu': 2651.84053, 'N_nea': 3162.20864, 'm1': 0.0} -91160.29838745538
{'t1': 11.07779, 't2': 60.03967, 't3': 99.58765, 't4': 256.94375, 'N_yri': 5458.86512, 'N_ceu': 2779.43256, 'N_nea': 3162.20864, 'm1': 0.0} -91153.11190144211
{'t1': 11.07779, 't2': 60.03967, 't3': 99.58765, 't4': 256.94375, 'N_yri': 5458.86512, 'N_ceu': 2779.43256, 'N_nea': 3162.20864, 'm1': 0.0} -91153.11190144211
{'t1': 11.07779, 't2': 60.03967, 't3': 99.58765, 't4': 256.94375, 'N_yri': 5458.86512, 'N_ceu': 2779.43256, 'N_nea': 3162.20864, 'm1': 0.0} -91153.11190144211
{'t1': 11.07779, 't2': 60.03967, 't3': 99.58765, 't4': 256.94375, 'N_yri': 5458.86512, 'N_ceu': 2779.43256, 'N_nea': 3162.20864, 'm1': 0.0} -91153.11190144211
{'t1': 11.07779, 't2': 60.03967, 't3': 99.58765, 't4': 256.94375, 'N_yri': 5458.86512, 'N_ceu': 2779.43256, 'N_nea': 3162.20864, 'm1': 0.0} -91153.11190144211
2026-09-03 04:44:46,724 - INFO - Finished fitting ARG.
2026-09-03 04:44:46,724 - INFO - Finished in 2h 22m 55.7s
2026-09-03 04:44:46,724 - INFO - Estimated: {'t1': 11.07779, 't2': 60.03967, 't3': 99.58765, 't4': 256.94375, 'N_yri': 5458.86512, 'N_ceu': 2779.43256, 'N_nea': 3162.20864, 'm1': 0.0}
2026-09-03 04:44:46,724 - INFO - logp = -91153.11190144211  (true = -94794.71151932595)
2026-09-03 04:44:46,724 - INFO - Pipeline executed succesfully.
