2026-09-03 02:39:32,025 - INFO - Beginning execution of simulate_and_fit_ARG.py in directory /home1/mahj/glike_optimize/opt_scripts

2026-09-03 02:39:32,025 - INFO - Progress is being logged to ../opt_results_glike_NH/ntree_10_rep_12_simulate_ARG.log

2026-09-03 02:39:32,025 - INFO - Parsed the following arguments:
	N_SAMPLES = 1000.0
	SEQUENCE_LENGTH = 30000000.0
	RECOMBINATION_RATE = 1e-08
	SEED = 1
	NUM_TREES = 10
	OPTIMIZER = glike
	MODEL = NH
	outprefix = ../opt_results_glike_NH/ntree_10_rep_12

2026-09-03 02:39:32,051 - INFO - Sampling 1000 individuals with ploidy 1 in population 0 (name='admix') at time 0
2026-09-03 02:39:32,054 - INFO - Starting replicate 0
2026-09-03 02:39:32,054 - INFO - model[0] {'name': 'hudson'} started at time=0 nodes=1000 edges=0
2026-09-03 02:39:32,054 - INFO - Running model {'name': 'hudson'} until max time: inf
2026-09-03 02:39:32,752 - INFO - Completed at time=24250.7 nodes=39508 edges=264883
2026-09-03 02:39:33,799 - INFO - Finished simulating ARG.
[phase from 0.0 to 19.0]
        admix
ns   0.000006
grs  0.078000

[phase from 19.0 to 411.0]
       afr    eur   asia    pol
admix  0.0  0.198  0.334  0.468
        afr       eur     asia       pol
ns   0.0001  0.000075  0.00004  0.000064
grs  0.0000  0.000000  0.00000  0.000000

[phase from 411.0 to 1040.0]
      afr  eur  asia
afr     1    0     0
eur     0    1     0
asia    0    0     1
pol     0    0     1
        afr       eur     asia
ns   0.0001  0.000075  0.00037
grs  0.0000  0.000000  0.00000

[phase from 1040.0 to 2004.0]
      afr  eur
afr     1    0
eur     0    1
asia    0    1
        afr       eur
ns   0.0001  0.000405
grs  0.0000  0.000000

[phase from 2004.0 to inf]
     A
afr  1
eur  1
            A
ns   0.000375
grs  0.000000

2026-09-03 02:39:48,084 - INFO - Starting glike optimization.
{'t1': 10, 't2': 100, 't3': 1000, 't4': 2000, 'r1': 0.25, 'r2': 0.25, 'r3': 0.25, 'N_admix': 10000, 'N_afr': 10000, 'N_eur': 10000, 'N_asia': 10000, 'N_pol': 10000, 'N_aa': 10000, 'N_ooa': 10000, 'N_anc': 10000, 'gr': 0.1} -118573.25968411079
{'t1': 10.9, 't2': 108.91, 't3': 1000, 't4': 1900.0, 'r1': 0.275, 'r2': 0.275, 'r3': 0.225, 'N_admix': 10990.0, 'N_afr': 10990.0, 'N_eur': 10990.0, 'N_asia': 10000, 'N_pol': 10000, 'N_aa': 10990.0, 'N_ooa': 9010.0, 'N_anc': 9010.0, 'gr': 0.11} -117881.36505546048
{'t1': 12.385, 't2': 123.38875, 't3': 1000, 't4': 1765.0, 'r1': 0.275, 'r2': 0.31625, 'r3': 0.225, 'N_admix': 12623.5, 'N_afr': 10990.0, 'N_eur': 12623.5, 'N_asia': 10495.0, 'N_pol': 9505.0, 'N_aa': 12623.5, 'N_ooa': 7673.5, 'N_anc': 7673.5, 'gr': 0.1265} -117257.63334119078
{'t1': 14.94663, 't2': 147.78823, 't3': 961.75, 't4': 1584.26875, 'r1': 0.25438, 'r2': 0.31625, 'r3': 0.225, 'N_admix': 15441.2875, 'N_afr': 11806.75, 'N_eur': 15441.2875, 'N_asia': 9715.375, 'N_pol': 9505.0, 'N_aa': 12623.5, 'N_ooa': 5969.4625, 'N_anc': 5969.4625, 'gr': 0.15496} -116672.99211960545
{'t1': 19.65362, 't2': 191.03366, 't3': 961.75, 't4': 1374.16867, 'r1': 0.25438, 'r2': 0.31625, 'r3': 0.225, 'N_admix': 20618.97203, 'N_afr': 11806.75, 'N_eur': 15441.2875, 'N_asia': 10797.10469, 'N_pol': 9505.0, 'N_aa': 11214.60625, 'N_ooa': 3988.51891, 'N_anc': 3988.51891, 'gr': 0.10266} -116328.23849882753
{'t1': 19.65362, 't2': 276.72368, 't3': 961.75, 't4': 1167.95934, 'r1': 0.24007, 'r2': 0.31625, 'r3': 0.225, 'N_admix': 30878.45804, 'N_afr': 11148.24531, 'N_eur': 12852.44523, 'N_asia': 12602.24111, 'N_pol': 9975.25, 'N_aa': 9339.01645, 'N_ooa': 2044.25945, 'N_anc': 2044.25945, 'gr': 0.05133} -115999.46742385814
{'t1': 24.31703, 't2': 402.92701, 't3': 972.06047, 't4': 1070.00991, 'r1': 0.21981, 'r2': 0.30044, 'r3': 0.225, 'N_admix': 30878.45804, 'N_afr': 11148.24531, 'N_eur': 12852.44523, 'N_asia': 15766.87089, 'N_pol': 10715.89375, 'N_aa': 7000.39041, 'N_ooa': 3016.38918, 'N_anc': 3016.38918, 'gr': 0.05133} -115430.88051160438
{'t1': 24.31703, 't2': 402.92701, 't3': 972.06047, 't4': 1021.03519, 'r1': 0.21981, 'r2': 0.30044, 'r3': 0.23625, 'N_admix': 38573.07255, 'N_afr': 11148.24531, 'N_eur': 11238.46388, 'N_asia': 15766.87089, 'N_pol': 11910.1818, 'N_aa': 4380.39843, 'N_ooa': 3016.38918, 'N_anc': 3016.38918, 'gr': 0.0385} -115090.62246751602
{'t1': 24.31703, 't2': 402.92701, 't3': 972.06047, 't4': 1021.03519, 'r1': 0.21981, 'r2': 0.28542, 'r3': 0.25397, 'N_admix': 38573.07255, 'N_afr': 11148.24531, 'N_eur': 11238.46388, 'N_asia': 15766.87089, 'N_pol': 11910.1818, 'N_aa': 2240.19922, 'N_ooa': 3016.38918, 'N_anc': 3016.38918, 'gr': 0.0385} -114962.29706797085
{'t1': 24.31703, 't2': 402.92701, 't3': 972.06047, 't4': 1033.27887, 'r1': 0.21981, 'r2': 0.28542, 'r3': 0.25397, 'N_admix': 38573.07255, 'N_afr': 11148.24531, 'N_eur': 11238.46388, 'N_asia': 14279.74213, 'N_pol': 10913.69771, 'N_aa': 2240.19922, 'N_ooa': 3016.38918, 'N_anc': 2651.84053, 'gr': 0.0385} -114949.89747829549
{'t1': 24.31703, 't2': 402.92701, 't3': 972.06047, 't4': 1033.27887, 'r1': 0.21981, 'r2': 0.28542, 'r3': 0.25397, 'N_admix': 42179.9231, 'N_afr': 11148.24531, 'N_eur': 11795.38707, 'N_asia': 14279.74213, 'N_pol': 10913.69771, 'N_aa': 2240.19922, 'N_ooa': 3016.38918, 'N_anc': 2651.84053, 'gr': 0.03489} -114939.51117237177
{'t1': 24.31703, 't2': 402.92701, 't3': 972.06047, 't4': 1033.27887, 'r1': 0.21981, 'r2': 0.28542, 'r3': 0.25397, 'N_admix': 42179.9231, 'N_afr': 11148.24531, 'N_eur': 11795.38707, 'N_asia': 15289.21791, 'N_pol': 10229.3934, 'N_aa': 2240.19922, 'N_ooa': 3016.38918, 'N_anc': 2891.07558, 'gr': 0.03489} -114936.9804854923
{'t1': 24.31703, 't2': 402.92701, 't3': 972.06047, 't4': 1033.27887, 'r1': 0.21981, 'r2': 0.28542, 'r3': 0.25397, 'N_admix': 42179.9231, 'N_afr': 11148.24531, 'N_eur': 11795.38707, 'N_asia': 15289.21791, 'N_pol': 10229.3934, 'N_aa': 2373.96167, 'N_ooa': 3016.38918, 'N_anc': 2891.07558, 'gr': 0.03489} -114935.41268135744
{'t1': 24.31703, 't2': 402.92701, 't3': 972.06047, 't4': 1033.27887, 'r1': 0.21981, 'r2': 0.28542, 'r3': 0.25397, 'N_admix': 42179.9231, 'N_afr': 11148.24531, 'N_eur': 11795.38707, 'N_asia': 15289.21791, 'N_pol': 10229.3934, 'N_aa': 2587.14558, 'N_ooa': 3016.38918, 'N_anc': 2694.82808, 'gr': 0.03489} -114934.49562313364
{'t1': 24.31703, 't2': 402.92701, 't3': 972.06047, 't4': 1033.27887, 'r1': 0.21981, 'r2': 0.28542, 'r3': 0.25397, 'N_admix': 42179.9231, 'N_afr': 11148.24531, 'N_eur': 11795.38707, 'N_asia': 15289.21791, 'N_pol': 10735.86307, 'N_aa': 2587.14558, 'N_ooa': 3016.38918, 'N_anc': 2694.82808, 'gr': 0.03489} -114933.79077969599
{'t1': 24.31703, 't2': 402.92701, 't3': 972.06047, 't4': 1033.27887, 'r1': 0.21981, 'r2': 0.28542, 'r3': 0.25397, 'N_admix': 42179.9231, 'N_afr': 11148.24531, 'N_eur': 11795.38707, 'N_asia': 15289.21791, 'N_pol': 10735.86307, 'N_aa': 2587.14558, 'N_ooa': 3016.38918, 'N_anc': 2831.66472, 'gr': 0.03489} -114933.75257004412
{'t1': 24.31703, 't2': 402.92701, 't3': 972.06047, 't4': 1033.27887, 'r1': 0.21981, 'r2': 0.28542, 'r3': 0.25397, 'N_admix': 42179.9231, 'N_afr': 11148.24531, 'N_eur': 11795.38707, 'N_asia': 15289.21791, 'N_pol': 10735.86307, 'N_aa': 2587.14558, 'N_ooa': 3016.38918, 'N_anc': 2831.66472, 'gr': 0.03489} -114933.75257004412
{'t1': 24.31703, 't2': 402.92701, 't3': 972.06047, 't4': 1033.27887, 'r1': 0.21981, 'r2': 0.28542, 'r3': 0.25397, 'N_admix': 42179.9231, 'N_afr': 11148.24531, 'N_eur': 11795.38707, 'N_asia': 15289.21791, 'N_pol': 10735.86307, 'N_aa': 2587.14558, 'N_ooa': 3016.38918, 'N_anc': 2831.66472, 'gr': 0.03489} -114933.75257004412
{'t1': 24.31703, 't2': 402.92701, 't3': 972.06047, 't4': 1033.27887, 'r1': 0.21981, 'r2': 0.28542, 'r3': 0.25397, 'N_admix': 42179.9231, 'N_afr': 11148.24531, 'N_eur': 11795.38707, 'N_asia': 15289.21791, 'N_pol': 10735.86307, 'N_aa': 2587.14558, 'N_ooa': 3016.38918, 'N_anc': 2831.66472, 'gr': 0.03489} -114933.75257004412
{'t1': 24.31703, 't2': 402.92701, 't3': 972.06047, 't4': 1033.27887, 'r1': 0.21981, 'r2': 0.28542, 'r3': 0.25397, 'N_admix': 42179.9231, 'N_afr': 11148.24531, 'N_eur': 11795.38707, 'N_asia': 15289.21791, 'N_pol': 10735.86307, 'N_aa': 2587.14558, 'N_ooa': 3016.38918, 'N_anc': 2831.66472, 'gr': 0.03489} -114933.75257004412
2026-09-03 06:33:48,150 - INFO - Finished fitting ARG.
2026-09-03 06:33:48,150 - INFO - Finished in 3h 54m 0.1s
2026-09-03 06:33:48,150 - INFO - Estimated: {'t1': 24.31703, 't2': 402.92701, 't3': 972.06047, 't4': 1033.27887, 'r1': 0.21981, 'r2': 0.28542, 'r3': 0.25397, 'N_admix': 42179.9231, 'N_afr': 11148.24531, 'N_eur': 11795.38707, 'N_asia': 15289.21791, 'N_pol': 10735.86307, 'N_aa': 2587.14558, 'N_ooa': 3016.38918, 'N_anc': 2831.66472, 'gr': 0.03489}
2026-09-03 06:33:48,150 - INFO - logp = -114933.75257004412  (true = -115577.37490599489)
2026-09-03 06:33:48,150 - INFO - Pipeline executed succesfully.
