2026-09-03 02:37:32,979 - INFO - Beginning execution of simulate_and_fit_ARG.py in directory /home1/mahj/glike_optimize/opt_scripts

2026-09-03 02:37:32,979 - INFO - Progress is being logged to ../opt_results_glike_NH/ntree_10_rep_6_simulate_ARG.log

2026-09-03 02:37:32,979 - INFO - Parsed the following arguments:
	N_SAMPLES = 1000.0
	SEQUENCE_LENGTH = 30000000.0
	RECOMBINATION_RATE = 1e-08
	SEED = 1
	NUM_TREES = 10
	OPTIMIZER = glike
	MODEL = NH
	outprefix = ../opt_results_glike_NH/ntree_10_rep_6

2026-09-03 02:37:33,095 - INFO - Sampling 1000 individuals with ploidy 1 in population 0 (name='admix') at time 0
2026-09-03 02:37:33,103 - INFO - Starting replicate 0
2026-09-03 02:37:33,104 - INFO - model[0] {'name': 'hudson'} started at time=0 nodes=1000 edges=0
2026-09-03 02:37:33,104 - INFO - Running model {'name': 'hudson'} until max time: inf
2026-09-03 02:37:33,801 - INFO - Completed at time=24250.7 nodes=39508 edges=264883
2026-09-03 02:37:35,137 - INFO - Finished simulating ARG.
[phase from 0.0 to 19.0]
        admix
ns   0.000006
grs  0.078000

[phase from 19.0 to 411.0]
       afr    eur   asia    pol
admix  0.0  0.198  0.334  0.468
        afr       eur     asia       pol
ns   0.0001  0.000075  0.00004  0.000064
grs  0.0000  0.000000  0.00000  0.000000

[phase from 411.0 to 1040.0]
      afr  eur  asia
afr     1    0     0
eur     0    1     0
asia    0    0     1
pol     0    0     1
        afr       eur     asia
ns   0.0001  0.000075  0.00037
grs  0.0000  0.000000  0.00000

[phase from 1040.0 to 2004.0]
      afr  eur
afr     1    0
eur     0    1
asia    0    1
        afr       eur
ns   0.0001  0.000405
grs  0.0000  0.000000

[phase from 2004.0 to inf]
     A
afr  1
eur  1
            A
ns   0.000375
grs  0.000000

2026-09-03 02:37:48,485 - INFO - Starting glike optimization.
{'t1': 10, 't2': 100, 't3': 1000, 't4': 2000, 'r1': 0.25, 'r2': 0.25, 'r3': 0.25, 'N_admix': 10000, 'N_afr': 10000, 'N_eur': 10000, 'N_asia': 10000, 'N_pol': 10000, 'N_aa': 10000, 'N_ooa': 10000, 'N_anc': 10000, 'gr': 0.1} -118552.04719090546
{'t1': 10.9, 't2': 108.91, 't3': 1000, 't4': 1900.0, 'r1': 0.275, 'r2': 0.275, 'r3': 0.225, 'N_admix': 10990.0, 'N_afr': 10990.0, 'N_eur': 10990.0, 'N_asia': 10000, 'N_pol': 10000, 'N_aa': 10990.0, 'N_ooa': 10000, 'N_anc': 9010.0, 'gr': 0.11} -117883.80007704286
{'t1': 12.385, 't2': 123.38875, 't3': 1000, 't4': 1765.0, 'r1': 0.31625, 'r2': 0.275, 'r3': 0.19125, 'N_admix': 12623.5, 'N_afr': 12623.5, 'N_eur': 10990.0, 'N_asia': 10495.0, 'N_pol': 10495.0, 'N_aa': 12623.5, 'N_ooa': 9505.0, 'N_anc': 7673.5, 'gr': 0.1265} -117308.81549604468
{'t1': 14.94663, 't2': 147.78823, 't3': 1000, 't4': 1592.875, 'r1': 0.31625, 'r2': 0.275, 'r3': 0.19125, 'N_admix': 15441.2875, 'N_afr': 12623.5, 'N_eur': 11806.75, 'N_asia': 9715.375, 'N_pol': 11274.625, 'N_aa': 15441.2875, 'N_ooa': 8799.625, 'N_anc': 5969.4625, 'gr': 0.15496} -116751.57858805693
{'t1': 19.65362, 't2': 191.03366, 't3': 1000, 't4': 1392.77969, 'r1': 0.31625, 'r2': 0.275, 'r3': 0.19125, 'N_admix': 20618.97203, 'N_afr': 12623.5, 'N_eur': 11806.75, 'N_asia': 9715.375, 'N_pol': 12531.77031, 'N_aa': 10263.60297, 'N_ooa': 7820.91719, 'N_anc': 3988.51891, 'gr': 0.10266} -116406.7999016011
{'t1': 19.65362, 't2': 276.72368, 't3': 980.36102, 't4': 1186.57036, 'r1': 0.29846, 'r2': 0.26125, 'r3': 0.20201, 'N_admix': 30878.45804, 'N_afr': 12623.5, 'N_eur': 11148.24531, 'N_asia': 9715.375, 'N_pol': 12531.77031, 'N_aa': 10263.60297, 'N_ooa': 6518.01241, 'N_anc': 2044.25945, 'gr': 0.05133} -116111.7649691044
{'t1': 24.31703, 't2': 402.92701, 't3': 980.36102, 't4': 1083.46569, 'r1': 0.27328, 'r2': 0.24166, 'r3': 0.21905, 'N_admix': 30878.45804, 'N_afr': 11997.325, 'N_eur': 11148.24531, 'N_asia': 10196.14375, 'N_pol': 13580.70093, 'N_aa': 7722.70223, 'N_ooa': 4893.45302, 'N_anc': 3016.38918, 'gr': 0.05133} -115474.8413766904
{'t1': 24.31703, 't2': 402.92701, 't3': 980.36102, 't4': 1031.91336, 'r1': 0.23869, 'r2': 0.21447, 'r3': 0.24677, 'N_admix': 38573.07255, 'N_afr': 11105.02563, 'N_eur': 10595.83304, 'N_asia': 10953.35453, 'N_pol': 15286.85214, 'N_aa': 4864.18889, 'N_ooa': 6713.46721, 'N_anc': 3016.38918, 'gr': 0.0385} -115021.29545669518
{'t1': 24.31703, 't2': 402.92701, 't3': 980.36102, 't4': 1031.91336, 'r1': 0.19338, 'r2': 0.17828, 'r3': 0.29362, 'N_admix': 38573.07255, 'N_afr': 9866.96025, 'N_eur': 9808.64556, 'N_asia': 12174.35691, 'N_pol': 18169.9811, 'N_aa': 4864.18889, 'N_ooa': 10020.20082, 'N_anc': 3016.38918, 'gr': 0.0385} -114862.41073023094
{'t1': 24.31703, 't2': 402.92701, 't3': 980.36102, 't4': 1031.91336, 'r1': 0.19338, 'r2': 0.17828, 'r3': 0.29362, 'N_admix': 38573.07255, 'N_afr': 9866.96025, 'N_eur': 8716.42293, 'N_asia': 14211.90464, 'N_pol': 18169.9811, 'N_aa': 3673.14167, 'N_ooa': 10020.20082, 'N_anc': 2651.84053, 'gr': 0.0385} -114785.30225871076
{'t1': 24.31703, 't2': 402.92701, 't3': 980.36102, 't4': 1031.91336, 'r1': 0.19338, 'r2': 0.17828, 'r3': 0.29362, 'N_admix': 42179.9231, 'N_afr': 9866.96025, 'N_eur': 8716.42293, 'N_asia': 14211.90464, 'N_pol': 15597.12637, 'N_aa': 3673.14167, 'N_ooa': 10020.20082, 'N_anc': 2651.84053, 'gr': 0.03489} -114780.86415391351
{'t1': 24.31703, 't2': 402.92701, 't3': 980.36102, 't4': 1035.13538, 'r1': 0.19338, 'r2': 0.17828, 'r3': 0.29362, 'N_admix': 42179.9231, 'N_afr': 9866.96025, 'N_eur': 8716.42293, 'N_asia': 15997.94257, 'N_pol': 15597.12637, 'N_aa': 3673.14167, 'N_ooa': 10020.20082, 'N_anc': 2651.84053, 'gr': 0.03489} -114744.38952576803
{'t1': 23.15118, 't2': 402.92701, 't3': 980.36102, 't4': 1035.13538, 'r1': 0.19338, 'r2': 0.17828, 'r3': 0.29362, 'N_admix': 42179.9231, 'N_afr': 9866.96025, 'N_eur': 8716.42293, 'N_asia': 15997.94257, 'N_pol': 17252.0197, 'N_aa': 3673.14167, 'N_ooa': 10020.20082, 'N_anc': 2779.43256, 'gr': 0.03734} -114741.15316644643
{'t1': 23.15118, 't2': 402.92701, 't3': 980.36102, 't4': 1035.13538, 'r1': 0.19338, 'r2': 0.17828, 'r3': 0.29362, 'N_admix': 42179.9231, 'N_afr': 9866.96025, 'N_eur': 8716.42293, 'N_asia': 14488.88005, 'N_pol': 17252.0197, 'N_aa': 3673.14167, 'N_ooa': 10020.20082, 'N_anc': 2779.43256, 'gr': 0.03734} -114738.08048280598
{'t1': 23.15118, 't2': 402.92701, 't3': 980.36102, 't4': 1035.13538, 'r1': 0.19338, 'r2': 0.17828, 'r3': 0.29362, 'N_admix': 42179.9231, 'N_afr': 9866.96025, 'N_eur': 8716.42293, 'N_asia': 14488.88005, 'N_pol': 17252.0197, 'N_aa': 3673.14167, 'N_ooa': 10020.20082, 'N_anc': 2779.43256, 'gr': 0.03734} -114738.08048280598
{'t1': 23.15118, 't2': 402.92701, 't3': 980.36102, 't4': 1035.13538, 'r1': 0.19338, 'r2': 0.17828, 'r3': 0.29362, 'N_admix': 42179.9231, 'N_afr': 9866.96025, 'N_eur': 8716.42293, 'N_asia': 14488.88005, 'N_pol': 17252.0197, 'N_aa': 3673.14167, 'N_ooa': 10020.20082, 'N_anc': 2779.43256, 'gr': 0.03734} -114738.08048280598
{'t1': 23.15118, 't2': 402.92701, 't3': 980.36102, 't4': 1035.13538, 'r1': 0.19338, 'r2': 0.17828, 'r3': 0.29362, 'N_admix': 42179.9231, 'N_afr': 9866.96025, 'N_eur': 8716.42293, 'N_asia': 14488.88005, 'N_pol': 17252.0197, 'N_aa': 3673.14167, 'N_ooa': 10020.20082, 'N_anc': 2779.43256, 'gr': 0.03734} -114738.08048280598
{'t1': 23.15118, 't2': 402.92701, 't3': 980.36102, 't4': 1035.13538, 'r1': 0.19338, 'r2': 0.17828, 'r3': 0.29362, 'N_admix': 42179.9231, 'N_afr': 9866.96025, 'N_eur': 8716.42293, 'N_asia': 14488.88005, 'N_pol': 17252.0197, 'N_aa': 3673.14167, 'N_ooa': 10020.20082, 'N_anc': 2779.43256, 'gr': 0.03734} -114738.08048280598
2026-09-03 05:55:20,488 - INFO - Finished fitting ARG.
2026-09-03 05:55:20,489 - INFO - Finished in 3h 17m 32.0s
2026-09-03 05:55:20,489 - INFO - Estimated: {'t1': 23.15118, 't2': 402.92701, 't3': 980.36102, 't4': 1035.13538, 'r1': 0.19338, 'r2': 0.17828, 'r3': 0.29362, 'N_admix': 42179.9231, 'N_afr': 9866.96025, 'N_eur': 8716.42293, 'N_asia': 14488.88005, 'N_pol': 17252.0197, 'N_aa': 3673.14167, 'N_ooa': 10020.20082, 'N_anc': 2779.43256, 'gr': 0.03734}
2026-09-03 05:55:20,489 - INFO - logp = -114738.08048280598  (true = -115566.44639565166)
2026-09-03 05:55:20,489 - INFO - Pipeline executed succesfully.
