2026-09-03 02:21:24,647 - INFO - Beginning execution of simulate_and_fit_ARG.py in directory /home1/mahj/glike_optimize/opt_scripts

2026-09-03 02:21:24,648 - INFO - Progress is being logged to ../opt_results_glike_3G09_no_m1/ntree_10_rep_9_simulate_ARG.log

2026-09-03 02:21:24,648 - INFO - Parsed the following arguments:
	N_SAMPLES = 1000.0
	SEQUENCE_LENGTH = 30000000.0
	RECOMBINATION_RATE = 1e-08
	SEED = 1
	NUM_TREES = 10
	OPTIMIZER = glike
	MODEL = 3G09
	outprefix = ../opt_results_glike_3G09_no_m1/ntree_10_rep_9

2026-09-03 02:21:24,678 - INFO - Sampling 1000 individuals with ploidy 1 in population 1 (name='ceu') at time 0
2026-09-03 02:21:24,681 - INFO - Starting replicate 0
2026-09-03 02:21:24,681 - INFO - model[0] {'name': 'hudson'} started at time=0 nodes=1000 edges=0
2026-09-03 02:21:24,681 - INFO - Running model {'name': 'hudson'} until max time: inf
2026-09-03 02:21:25,567 - INFO - Completed at time=130012 nodes=28005 edges=152908
2026-09-03 02:21:26,625 - INFO - Finished simulating ARG.
[phase from 0.0 to 30.0]
        yri     ceu     nea
ns   0.0001  0.0001  0.0001
grs  0.0000  0.0000  0.0000

[phase from 30.0 to 50.0]
        yri     ceu     nea
ns   0.0001  0.0001  0.0001
grs  0.0000  0.0000  0.0000

[phase from 50.0 to 73.95]
        yri     ceu     nea
ns   0.0001  0.0001  0.0001
grs  0.0000  0.0000  0.0000

[phase from 73.95 to 290.0]
     yri  nea
yri    1    0
ceu    1    0
nea    0    1
        yri     nea
ns   0.0001  0.0001
grs  0.0000  0.0000

[phase from 290.0 to inf]
     yri
yri    1
nea    1
        yri
ns   0.0001
grs  0.0000

2026-09-03 02:21:47,071 - INFO - Starting glike optimization.
{'t1': 10, 't2': 50, 't3': 100, 't4': 300, 'N_yri': 10000, 'N_ceu': 10000, 'N_nea': 10000, 'm1': 0.0} -94750.75904884635
{'t1': 10, 't2': 54.0, 't3': 100, 't4': 280.0, 'N_yri': 9010.0, 'N_ceu': 9010.0, 'N_nea': 9010.0, 'm1': 0.0} -94132.21529184426
{'t1': 10.45, 't2': 47.4675, 't3': 97.37337, 't4': 252.60601, 'N_yri': 7673.5, 'N_ceu': 7673.5, 'N_nea': 7673.5, 'm1': 0.0} -93263.42384706633
{'t1': 10.45, 't2': 39.13856, 't3': 93.00576, 't4': 216.69595, 'N_yri': 5969.4625, 'N_ceu': 5969.4625, 'N_nea': 5969.4625, 'm1': 0.0} -92234.72868727443
{'t1': 10.45, 't2': 48.82095, 't3': 97.97655, 't4': 256.76375, 'N_yri': 3988.51891, 'N_ceu': 3988.51891, 'N_nea': 3988.51891, 'm1': 0.0} -91489.1335551028
{'t1': 10.45, 't2': 48.82095, 't3': 106.27156, 't4': 256.76375, 'N_yri': 5932.77837, 'N_ceu': 2044.25945, 'N_nea': 3988.51891, 'm1': 0.0} -91316.28656296172
{'t1': 10.45, 't2': 39.22821, 't3': 123.24191, 't4': 256.76375, 'N_yri': 5932.77837, 'N_ceu': 3016.38918, 'N_nea': 3016.38918, 'm1': 0.0} -91224.95583974558
{'t1': 10.45, 't2': 39.22821, 't3': 91.34296, 't4': 256.76375, 'N_yri': 5932.77837, 'N_ceu': 3016.38918, 'N_nea': 3016.38918, 'm1': 0.0} -91179.79192363539
{'t1': 10.45, 't2': 39.22821, 't3': 91.34296, 't4': 256.76375, 'N_yri': 5932.77837, 'N_ceu': 3016.38918, 'N_nea': 3016.38918, 'm1': 0.0} -91179.79192363539
{'t1': 10.45, 't2': 39.22821, 't3': 104.37165, 't4': 256.76375, 'N_yri': 5568.22972, 'N_ceu': 2651.84053, 'N_nea': 3016.38918, 'm1': 1e-05} -91142.45309540593
{'t1': 10.45, 't2': 40.66712, 't3': 104.37165, 't4': 256.76375, 'N_yri': 5568.22972, 'N_ceu': 2651.84053, 'N_nea': 3016.38918, 'm1': 1e-05} -91142.2637410203
{'t1': 10.9225, 't2': 40.66712, 't3': 104.37165, 't4': 256.76375, 'N_yri': 5568.22972, 'N_ceu': 2651.84053, 'N_nea': 3016.38918, 'm1': 1e-05} -91141.89251848453
{'t1': 10.9225, 't2': 40.66712, 't3': 104.37165, 't4': 256.76375, 'N_yri': 5568.22972, 'N_ceu': 2651.84053, 'N_nea': 3016.38918, 'm1': 1e-05} -91141.89251848453
{'t1': 10.9225, 't2': 40.66712, 't3': 104.37165, 't4': 256.76375, 'N_yri': 5568.22972, 'N_ceu': 2651.84053, 'N_nea': 3016.38918, 'm1': 1e-05} -91141.89251848453
{'t1': 10.9225, 't2': 40.66712, 't3': 104.37165, 't4': 256.76375, 'N_yri': 5568.22972, 'N_ceu': 2651.84053, 'N_nea': 3016.38918, 'm1': 1e-05} -91141.89251848453
{'t1': 10.9225, 't2': 40.66712, 't3': 104.37165, 't4': 256.76375, 'N_yri': 5568.22972, 'N_ceu': 2651.84053, 'N_nea': 3016.38918, 'm1': 1e-05} -91141.89251848453
2026-09-03 04:11:01,989 - INFO - Finished fitting ARG.
2026-09-03 04:11:01,989 - INFO - Finished in 1h 49m 14.9s
2026-09-03 04:11:01,989 - INFO - Estimated: {'t1': 10.9225, 't2': 40.66712, 't3': 104.37165, 't4': 256.76375, 'N_yri': 5568.22972, 'N_ceu': 2651.84053, 'N_nea': 3016.38918, 'm1': 1e-05}
2026-09-03 04:11:01,989 - INFO - logp = -91141.89251848453  (true = -94793.77058853886)
2026-09-03 04:11:01,989 - INFO - Pipeline executed succesfully.
