2026-09-03 02:21:28,752 - INFO - Beginning execution of simulate_and_fit_ARG.py in directory /home1/mahj/glike_optimize/opt_scripts

2026-09-03 02:21:28,753 - INFO - Progress is being logged to ../opt_results_glike_3G09_no_m1/ntree_10_rep_13_simulate_ARG.log

2026-09-03 02:21:28,753 - INFO - Parsed the following arguments:
	N_SAMPLES = 1000.0
	SEQUENCE_LENGTH = 30000000.0
	RECOMBINATION_RATE = 1e-08
	SEED = 1
	NUM_TREES = 10
	OPTIMIZER = glike
	MODEL = 3G09
	outprefix = ../opt_results_glike_3G09_no_m1/ntree_10_rep_13

2026-09-03 02:21:28,780 - INFO - Sampling 1000 individuals with ploidy 1 in population 1 (name='ceu') at time 0
2026-09-03 02:21:28,786 - INFO - Starting replicate 0
2026-09-03 02:21:28,786 - INFO - model[0] {'name': 'hudson'} started at time=0 nodes=1000 edges=0
2026-09-03 02:21:28,786 - INFO - Running model {'name': 'hudson'} until max time: inf
2026-09-03 02:21:29,711 - INFO - Completed at time=130012 nodes=28005 edges=152908
2026-09-03 02:21:30,330 - INFO - Finished simulating ARG.
[phase from 0.0 to 30.0]
        yri     ceu     nea
ns   0.0001  0.0001  0.0001
grs  0.0000  0.0000  0.0000

[phase from 30.0 to 50.0]
        yri     ceu     nea
ns   0.0001  0.0001  0.0001
grs  0.0000  0.0000  0.0000

[phase from 50.0 to 73.95]
        yri     ceu     nea
ns   0.0001  0.0001  0.0001
grs  0.0000  0.0000  0.0000

[phase from 73.95 to 290.0]
     yri  nea
yri    1    0
ceu    1    0
nea    0    1
        yri     nea
ns   0.0001  0.0001
grs  0.0000  0.0000

[phase from 290.0 to inf]
     yri
yri    1
nea    1
        yri
ns   0.0001
grs  0.0000

2026-09-03 02:21:50,440 - INFO - Starting glike optimization.
{'t1': 10, 't2': 50, 't3': 100, 't4': 300, 'N_yri': 10000, 'N_ceu': 10000, 'N_nea': 10000, 'm1': 0.0} -94751.84543558063
{'t1': 10, 't2': 54.0, 't3': 95.4, 't4': 279.54, 'N_yri': 9010.0, 'N_ceu': 9010.0, 'N_nea': 9010.0, 'm1': 0.0} -94140.65485896822
{'t1': 10, 't2': 47.79, 't3': 88.2585, 't4': 250.84778, 'N_yri': 7673.5, 'N_ceu': 7673.5, 'N_nea': 7673.5, 'm1': 0.0} -93266.48603430358
{'t1': 10, 't2': 39.28725, 't3': 88.2585, 't4': 214.26519, 'N_yri': 5969.4625, 'N_ceu': 5969.4625, 'N_nea': 5969.4625, 'm1': 1e-05} -92233.94281065544
{'t1': 10, 't2': 49.1717, 't3': 88.2585, 't4': 171.73793, 'N_yri': 5969.4625, 'N_ceu': 3988.51891, 'N_nea': 3988.51891, 'm1': 1e-05} -91437.71160613226
{'t1': 10.45, 't2': 29.81085, 't3': 88.2585, 't4': 171.73793, 'N_yri': 5969.4625, 'N_ceu': 2044.25945, 'N_nea': 3988.51891, 'm1': 0.0} -91364.7320140805
{'t1': 10.45, 't2': 29.81085, 't3': 91.18088, 't4': 171.73793, 'N_yri': 5474.2266, 'N_ceu': 3016.38918, 'N_nea': 3016.38918, 'm1': 1e-05} -91239.25488757559
{'t1': 9.9775, 't2': 29.81085, 't3': 91.18088, 't4': 171.73793, 'N_yri': 5474.2266, 'N_ceu': 3016.38918, 'N_nea': 3016.38918, 'm1': 1e-05} -91236.65496787158
{'t1': 9.30419, 't2': 29.81085, 't3': 91.18088, 't4': 171.73793, 'N_yri': 5814.31438, 'N_ceu': 3016.38918, 'N_nea': 3016.38918, 'm1': 1e-05} -91229.4871755081
{'t1': 9.30419, 't2': 29.81085, 't3': 91.18088, 't4': 175.76578, 'N_yri': 5814.31438, 'N_ceu': 3016.38918, 'N_nea': 3016.38918, 'm1': 1e-05} -91228.01459598099
{'t1': 9.30419, 't2': 29.81085, 't3': 91.18088, 't4': 175.76578, 'N_yri': 5814.31438, 'N_ceu': 3016.38918, 'N_nea': 3016.38918, 'm1': 1e-05} -91228.01459598099
{'t1': 9.30419, 't2': 29.81085, 't3': 91.18088, 't4': 175.76578, 'N_yri': 5814.31438, 'N_ceu': 3016.38918, 'N_nea': 3016.38918, 'm1': 1e-05} -91228.01459598099
{'t1': 9.30419, 't2': 29.81085, 't3': 91.18088, 't4': 175.76578, 'N_yri': 5814.31438, 'N_ceu': 3016.38918, 'N_nea': 3016.38918, 'm1': 1e-05} -91228.01459598099
{'t1': 9.30419, 't2': 29.81085, 't3': 91.18088, 't4': 175.76578, 'N_yri': 5814.31438, 'N_ceu': 3016.38918, 'N_nea': 3016.38918, 'm1': 1e-05} -91228.01459598099
2026-09-03 03:49:44,547 - INFO - Finished fitting ARG.
2026-09-03 03:49:44,547 - INFO - Finished in 1h 27m 54.1s
2026-09-03 03:49:44,547 - INFO - Estimated: {'t1': 9.30419, 't2': 29.81085, 't3': 91.18088, 't4': 175.76578, 'N_yri': 5814.31438, 'N_ceu': 3016.38918, 'N_nea': 3016.38918, 'm1': 1e-05}
2026-09-03 03:49:44,547 - INFO - logp = -91228.01459598099  (true = -94793.48466076505)
2026-09-03 03:49:44,547 - INFO - Pipeline executed succesfully.
