2026-09-03 02:21:28,344 - INFO - Beginning execution of simulate_and_fit_ARG.py in directory /home1/mahj/glike_optimize/opt_scripts

2026-09-03 02:21:28,344 - INFO - Progress is being logged to ../opt_results_glike_3G09_no_m1/ntree_10_rep_4_simulate_ARG.log

2026-09-03 02:21:28,344 - INFO - Parsed the following arguments:
	N_SAMPLES = 1000.0
	SEQUENCE_LENGTH = 30000000.0
	RECOMBINATION_RATE = 1e-08
	SEED = 1
	NUM_TREES = 10
	OPTIMIZER = glike
	MODEL = 3G09
	outprefix = ../opt_results_glike_3G09_no_m1/ntree_10_rep_4

2026-09-03 02:21:28,378 - INFO - Sampling 1000 individuals with ploidy 1 in population 1 (name='ceu') at time 0
2026-09-03 02:21:28,384 - INFO - Starting replicate 0
2026-09-03 02:21:28,385 - INFO - model[0] {'name': 'hudson'} started at time=0 nodes=1000 edges=0
2026-09-03 02:21:28,385 - INFO - Running model {'name': 'hudson'} until max time: inf
2026-09-03 02:21:29,321 - INFO - Completed at time=130012 nodes=28005 edges=152908
2026-09-03 02:21:29,944 - INFO - Finished simulating ARG.
[phase from 0.0 to 30.0]
        yri     ceu     nea
ns   0.0001  0.0001  0.0001
grs  0.0000  0.0000  0.0000

[phase from 30.0 to 50.0]
        yri     ceu     nea
ns   0.0001  0.0001  0.0001
grs  0.0000  0.0000  0.0000

[phase from 50.0 to 73.95]
        yri     ceu     nea
ns   0.0001  0.0001  0.0001
grs  0.0000  0.0000  0.0000

[phase from 73.95 to 290.0]
     yri  nea
yri    1    0
ceu    1    0
nea    0    1
        yri     nea
ns   0.0001  0.0001
grs  0.0000  0.0000

[phase from 290.0 to inf]
     yri
yri    1
nea    1
        yri
ns   0.0001
grs  0.0000

2026-09-03 02:21:50,857 - INFO - Starting glike optimization.
{'t1': 10, 't2': 50, 't3': 100, 't4': 300, 'N_yri': 10000, 'N_ceu': 10000, 'N_nea': 10000, 'm1': 0.0} -94751.21131571934
{'t1': 10, 't2': 54.0, 't3': 100, 't4': 280.0, 'N_yri': 9010.0, 'N_ceu': 9010.0, 'N_nea': 9010.0, 'm1': 0.0} -94132.10570230678
{'t1': 10, 't2': 47.4, 't3': 97.37, 't4': 252.6055, 'N_yri': 7673.5, 'N_ceu': 7673.5, 'N_nea': 7673.5, 'm1': 1e-05} -93263.38502475819
{'t1': 9.55, 't2': 55.91625, 't3': 94.26097, 't4': 216.97798, 'N_yri': 5969.4625, 'N_ceu': 5969.4625, 'N_nea': 5969.4625, 'm1': 0.0} -92234.12863348727
{'t1': 9.55, 't2': 68.85759, 't3': 97.11885, 't4': 216.97798, 'N_yri': 3988.51891, 'N_ceu': 3988.51891, 'N_nea': 3988.51891, 'm1': 0.0} -91532.99462531327
{'t1': 9.55, 't2': 68.85759, 't3': 101.88794, 't4': 236.39942, 'N_yri': 5932.77837, 'N_ceu': 2044.25945, 'N_nea': 3988.51891, 'm1': 1e-05} -91355.2405317939
{'t1': 9.1225, 't2': 60.6, 't3': 112.33895, 't4': 236.39942, 'N_yri': 5932.77837, 'N_ceu': 3016.38918, 'N_nea': 3016.38918, 'm1': 1e-05} -91239.74953093057
{'t1': 9.1225, 't2': 79.90406, 't3': 100.02383, 't4': 253.65946, 'N_yri': 5932.77837, 'N_ceu': 3016.38918, 'N_nea': 3016.38918, 'm1': 1e-05} -91179.85881784029
{'t1': 8.71638, 't2': 79.90406, 't3': 100.02383, 't4': 253.65946, 'N_yri': 5932.77837, 'N_ceu': 3016.38918, 'N_nea': 3016.38918, 'm1': 1e-05} -91173.92430630558
{'t1': 8.71638, 't2': 79.90406, 't3': 100.02383, 't4': 253.65946, 'N_yri': 5932.77837, 'N_ceu': 3016.38918, 'N_nea': 3016.38918, 'm1': 1e-05} -91173.92430630558
{'t1': 8.71638, 't2': 79.90406, 't3': 100.02383, 't4': 253.65946, 'N_yri': 5641.13945, 'N_ceu': 2834.11486, 'N_nea': 2870.56972, 'm1': 1e-05} -91162.37403362076
{'t1': 8.33056, 't2': 81.16155, 't3': 101.20272, 't4': 253.65946, 'N_yri': 5641.13945, 'N_ceu': 2834.11486, 'N_nea': 2870.56972, 'm1': 1e-05} -91154.524756613
{'t1': 8.33056, 't2': 81.16155, 't3': 101.20272, 't4': 253.65946, 'N_yri': 5641.13945, 'N_ceu': 2834.11486, 'N_nea': 2870.56972, 'm1': 1e-05} -91154.524756613
{'t1': 7.96403, 't2': 81.16155, 't3': 101.20272, 't4': 253.65946, 'N_yri': 5641.13945, 'N_ceu': 2834.11486, 'N_nea': 3009.09821, 'm1': 1e-05} -91151.32807547212
{'t1': 7.44173, 't2': 80.15949, 't3': 101.20272, 't4': 253.65946, 'N_yri': 5641.13945, 'N_ceu': 2834.11486, 'N_nea': 3009.09821, 'm1': 1e-05} -91149.02730233868
{'t1': 8.16642, 't2': 80.15949, 't3': 101.20272, 't4': 253.65946, 'N_yri': 5641.13945, 'N_ceu': 2834.11486, 'N_nea': 3009.09821, 'm1': 1e-05} -91148.60478512388
{'t1': 8.16642, 't2': 81.21165, 't3': 101.20272, 't4': 253.65946, 'N_yri': 5641.13945, 'N_ceu': 2834.11486, 'N_nea': 3009.09821, 'm1': 1e-05} -91148.1218541874
{'t1': 8.16642, 't2': 81.21165, 't3': 101.20272, 't4': 253.65946, 'N_yri': 5641.13945, 'N_ceu': 2834.11486, 'N_nea': 3009.09821, 'm1': 1e-05} -91148.1218541874
{'t1': 7.8081, 't2': 80.2121, 't3': 101.20272, 't4': 253.65946, 'N_yri': 5641.13945, 'N_ceu': 2834.11486, 'N_nea': 3009.09821, 'm1': 1e-05} -91142.90006071076
{'t1': 7.8081, 't2': 80.2121, 't3': 101.20272, 't4': 253.65946, 'N_yri': 5641.13945, 'N_ceu': 2834.11486, 'N_nea': 3009.09821, 'm1': 1e-05} -91142.90006071076
{'t1': 7.8081, 't2': 80.2121, 't3': 101.20272, 't4': 253.65946, 'N_yri': 5641.13945, 'N_ceu': 2834.11486, 'N_nea': 3009.09821, 'm1': 1e-05} -91142.90006071076
2026-09-03 04:34:13,993 - INFO - Finished fitting ARG.
2026-09-03 04:34:13,993 - INFO - Finished in 2h 12m 23.1s
2026-09-03 04:34:13,993 - INFO - Estimated: {'t1': 7.8081, 't2': 80.2121, 't3': 101.20272, 't4': 253.65946, 'N_yri': 5641.13945, 'N_ceu': 2834.11486, 'N_nea': 3009.09821, 'm1': 1e-05}
2026-09-03 04:34:13,993 - INFO - logp = -91142.90006071076  (true = -94793.44492619485)
2026-09-03 04:34:13,994 - INFO - Pipeline executed succesfully.
