2026-09-03 02:39:32,263 - INFO - Beginning execution of simulate_and_fit_ARG.py in directory /home1/mahj/glike_optimize/opt_scripts

2026-09-03 02:39:32,263 - INFO - Progress is being logged to ../opt_results_glike_NH/ntree_10_rep_11_simulate_ARG.log

2026-09-03 02:39:32,263 - INFO - Parsed the following arguments:
	N_SAMPLES = 1000.0
	SEQUENCE_LENGTH = 30000000.0
	RECOMBINATION_RATE = 1e-08
	SEED = 1
	NUM_TREES = 10
	OPTIMIZER = glike
	MODEL = NH
	outprefix = ../opt_results_glike_NH/ntree_10_rep_11

2026-09-03 02:39:32,288 - INFO - Sampling 1000 individuals with ploidy 1 in population 0 (name='admix') at time 0
2026-09-03 02:39:32,292 - INFO - Starting replicate 0
2026-09-03 02:39:32,292 - INFO - model[0] {'name': 'hudson'} started at time=0 nodes=1000 edges=0
2026-09-03 02:39:32,292 - INFO - Running model {'name': 'hudson'} until max time: inf
2026-09-03 02:39:33,003 - INFO - Completed at time=24250.7 nodes=39508 edges=264883
2026-09-03 02:39:34,049 - INFO - Finished simulating ARG.
[phase from 0.0 to 19.0]
        admix
ns   0.000006
grs  0.078000

[phase from 19.0 to 411.0]
       afr    eur   asia    pol
admix  0.0  0.198  0.334  0.468
        afr       eur     asia       pol
ns   0.0001  0.000075  0.00004  0.000064
grs  0.0000  0.000000  0.00000  0.000000

[phase from 411.0 to 1040.0]
      afr  eur  asia
afr     1    0     0
eur     0    1     0
asia    0    0     1
pol     0    0     1
        afr       eur     asia
ns   0.0001  0.000075  0.00037
grs  0.0000  0.000000  0.00000

[phase from 1040.0 to 2004.0]
      afr  eur
afr     1    0
eur     0    1
asia    0    1
        afr       eur
ns   0.0001  0.000405
grs  0.0000  0.000000

[phase from 2004.0 to inf]
     A
afr  1
eur  1
            A
ns   0.000375
grs  0.000000

2026-09-03 02:39:47,047 - INFO - Starting glike optimization.
{'t1': 10, 't2': 100, 't3': 1000, 't4': 2000, 'r1': 0.25, 'r2': 0.25, 'r3': 0.25, 'N_admix': 10000, 'N_afr': 10000, 'N_eur': 10000, 'N_asia': 10000, 'N_pol': 10000, 'N_aa': 10000, 'N_ooa': 10000, 'N_anc': 10000, 'gr': 0.1} -118566.76957696739
{'t1': 10.9, 't2': 108.91, 't3': 1000, 't4': 1900.0, 'r1': 0.275, 'r2': 0.275, 'r3': 0.225, 'N_admix': 10990.0, 'N_afr': 10990.0, 'N_eur': 10000, 'N_asia': 10990.0, 'N_pol': 10000, 'N_aa': 10990.0, 'N_ooa': 9010.0, 'N_anc': 9010.0, 'gr': 0.11} -117945.20802299512
{'t1': 12.385, 't2': 123.38875, 't3': 1043.83056, 't4': 1771.57458, 'r1': 0.31625, 'r2': 0.275, 'r3': 0.225, 'N_admix': 12623.5, 'N_afr': 12623.5, 'N_eur': 10495.0, 'N_asia': 10990.0, 'N_pol': 9505.0, 'N_aa': 12623.5, 'N_ooa': 7673.5, 'N_anc': 7673.5, 'gr': 0.1265} -117323.11228240907
{'t1': 14.94663, 't2': 147.78823, 't3': 989.24976, 't4': 1595.5515, 'r1': 0.31625, 'r2': 0.275, 'r3': 0.20813, 'N_admix': 15441.2875, 'N_afr': 12623.5, 'N_eur': 11274.625, 'N_asia': 11806.75, 'N_pol': 10210.375, 'N_aa': 15441.2875, 'N_ooa': 5969.4625, 'N_anc': 5969.4625, 'gr': 0.15496} -116700.86313134873
{'t1': 19.65362, 't2': 191.03366, 't3': 989.24976, 't4': 1390.92466, 'r1': 0.28067, 'r2': 0.28875, 'r3': 0.20813, 'N_admix': 20618.97203, 'N_afr': 12623.5, 'N_eur': 11274.625, 'N_asia': 11806.75, 'N_pol': 11347.79219, 'N_aa': 10263.60297, 'N_ooa': 3988.51891, 'N_anc': 3988.51891, 'gr': 0.10266} -116346.26630034084
{'t1': 19.65362, 't2': 276.72368, 't3': 1011.84397, 't4': 1201.38432, 'r1': 0.28067, 'r2': 0.26709, 'r3': 0.20813, 'N_admix': 30878.45804, 'N_afr': 12623.5, 'N_eur': 10646.05234, 'N_asia': 11148.24531, 'N_pol': 11347.79219, 'N_aa': 10263.60297, 'N_ooa': 2044.25945, 'N_anc': 2044.25945, 'gr': 0.05133} -116036.37603815457
{'t1': 24.31703, 't2': 402.92701, 't3': 1011.84397, 't4': 1106.61415, 'r1': 0.25699, 'r2': 0.26709, 'r3': 0.21854, 'N_admix': 30878.45804, 'N_afr': 11997.325, 'N_eur': 9756.22917, 'N_asia': 12080.44101, 'N_pol': 12296.82466, 'N_aa': 7722.70223, 'N_ooa': 2044.25945, 'N_anc': 3016.38918, 'gr': 0.05133} -115471.21461605454
{'t1': 24.31703, 't2': 402.92701, 't3': 1011.84397, 't4': 1059.22906, 'r1': 0.22446, 'r2': 0.25207, 'r3': 0.23493, 'N_admix': 38573.07255, 'N_afr': 11105.02563, 'N_eur': 9756.22917, 'N_asia': 13596.71558, 'N_pol': 13840.48528, 'N_aa': 4864.18889, 'N_ooa': 2530.32431, 'N_anc': 3016.38918, 'gr': 0.0385} -115057.70737900086
{'t1': 28.68897, 't2': 402.92701, 't3': 1011.84397, 't4': 1035.53652, 'r1': 0.22446, 'r2': 0.2308, 'r3': 0.23493, 'N_admix': 38573.07255, 'N_afr': 9866.96025, 'N_eur': 9145.17092, 'N_asia': 16158.98268, 'N_pol': 16449.03053, 'N_aa': 4864.18889, 'N_ooa': 2530.32431, 'N_anc': 3016.38918, 'gr': 0.0385} -114989.19306419746
{'t1': 28.68897, 't2': 402.92701, 't3': 1011.84397, 't4': 1035.53652, 'r1': 0.22446, 'r2': 0.2308, 'r3': 0.23493, 'N_admix': 38573.07255, 'N_afr': 9866.96025, 'N_eur': 9145.17092, 'N_asia': 16158.98268, 'N_pol': 16449.03053, 'N_aa': 3673.14167, 'N_ooa': 2530.32431, 'N_anc': 2651.84053, 'gr': 0.03128} -114907.24564337145
{'t1': 28.68897, 't2': 402.92701, 't3': 1011.84397, 't4': 1035.53652, 'r1': 0.22446, 'r2': 0.21619, 'r3': 0.23493, 'N_admix': 38573.07255, 'N_afr': 9866.96025, 'N_eur': 9145.17092, 'N_asia': 13872.45956, 'N_pol': 16449.03053, 'N_aa': 3673.14167, 'N_ooa': 2530.32431, 'N_anc': 2651.84053, 'gr': 0.03128} -114873.20384743669
{'t1': 28.68897, 't2': 402.92701, 't3': 1011.84397, 't4': 1035.53652, 'r1': 0.22446, 'r2': 0.21619, 'r3': 0.23493, 'N_admix': 38573.07255, 'N_afr': 9866.96025, 'N_eur': 9145.17092, 'N_asia': 13872.45956, 'N_pol': 17612.941, 'N_aa': 3673.14167, 'N_ooa': 2530.32431, 'N_anc': 2651.84053, 'gr': 0.03128} -114873.05398398625
{'t1': 28.68897, 't2': 402.92701, 't3': 1011.84397, 't4': 1035.53652, 'r1': 0.22446, 'r2': 0.21619, 'r3': 0.23493, 'N_admix': 38573.07255, 'N_afr': 9866.96025, 'N_eur': 9145.17092, 'N_asia': 12401.73841, 'N_pol': 17612.941, 'N_aa': 3673.14167, 'N_ooa': 2530.32431, 'N_anc': 2779.43256, 'gr': 0.03128} -114863.30476630418
{'t1': 28.68897, 't2': 402.92701, 't3': 1011.84397, 't4': 1035.53652, 'r1': 0.22446, 'r2': 0.21619, 'r3': 0.23493, 'N_admix': 38573.07255, 'N_afr': 9866.96025, 'N_eur': 9145.17092, 'N_asia': 12401.73841, 'N_pol': 17612.941, 'N_aa': 3494.48459, 'N_ooa': 2408.80809, 'N_anc': 2779.43256, 'gr': 0.03128} -114849.93865982369
{'t1': 28.68897, 't2': 402.92701, 't3': 1011.84397, 't4': 1035.53652, 'r1': 0.22446, 'r2': 0.21619, 'r3': 0.23493, 'N_admix': 38573.07255, 'N_afr': 9866.96025, 'N_eur': 9597.42947, 'N_asia': 12401.73841, 'N_pol': 18488.58805, 'N_aa': 3494.48459, 'N_ooa': 2408.80809, 'N_anc': 2779.43256, 'gr': 0.03128} -114848.20775745377
{'t1': 28.68897, 't2': 402.92701, 't3': 1011.84397, 't4': 1035.53652, 'r1': 0.22446, 'r2': 0.21619, 'r3': 0.23493, 'N_admix': 38573.07255, 'N_afr': 9866.96025, 'N_eur': 9597.42947, 'N_asia': 11786.65149, 'N_pol': 18488.58805, 'N_aa': 3494.48459, 'N_ooa': 2408.80809, 'N_anc': 2779.43256, 'gr': 0.03128} -114847.9158796943
{'t1': 28.68897, 't2': 402.92701, 't3': 1011.84397, 't4': 1035.53652, 'r1': 0.22446, 'r2': 0.21619, 'r3': 0.23493, 'N_admix': 38573.07255, 'N_afr': 9866.96025, 'N_eur': 9597.42947, 'N_asia': 11786.65149, 'N_pol': 18488.58805, 'N_aa': 3494.48459, 'N_ooa': 2408.80809, 'N_anc': 2779.43256, 'gr': 0.03128} -114847.9158796943
{'t1': 28.68897, 't2': 402.92701, 't3': 1011.84397, 't4': 1035.53652, 'r1': 0.22446, 'r2': 0.21619, 'r3': 0.23493, 'N_admix': 38573.07255, 'N_afr': 9866.96025, 'N_eur': 9597.42947, 'N_asia': 11786.65149, 'N_pol': 18488.58805, 'N_aa': 3494.48459, 'N_ooa': 2408.80809, 'N_anc': 2779.43256, 'gr': 0.03128} -114847.9158796943
{'t1': 28.68897, 't2': 402.92701, 't3': 1011.84397, 't4': 1035.53652, 'r1': 0.22446, 'r2': 0.21619, 'r3': 0.23493, 'N_admix': 38573.07255, 'N_afr': 9866.96025, 'N_eur': 9597.42947, 'N_asia': 11786.65149, 'N_pol': 18488.58805, 'N_aa': 3494.48459, 'N_ooa': 2408.80809, 'N_anc': 2779.43256, 'gr': 0.03128} -114847.9158796943
{'t1': 28.68897, 't2': 402.92701, 't3': 1011.84397, 't4': 1035.53652, 'r1': 0.22446, 'r2': 0.21619, 'r3': 0.23493, 'N_admix': 38573.07255, 'N_afr': 9866.96025, 'N_eur': 9597.42947, 'N_asia': 11786.65149, 'N_pol': 18488.58805, 'N_aa': 3494.48459, 'N_ooa': 2408.80809, 'N_anc': 2779.43256, 'gr': 0.03128} -114847.9158796943
2026-09-03 06:09:15,868 - INFO - Finished fitting ARG.
2026-09-03 06:09:15,868 - INFO - Finished in 3h 29m 28.8s
2026-09-03 06:09:15,868 - INFO - Estimated: {'t1': 28.68897, 't2': 402.92701, 't3': 1011.84397, 't4': 1035.53652, 'r1': 0.22446, 'r2': 0.21619, 'r3': 0.23493, 'N_admix': 38573.07255, 'N_afr': 9866.96025, 'N_eur': 9597.42947, 'N_asia': 11786.65149, 'N_pol': 18488.58805, 'N_aa': 3494.48459, 'N_ooa': 2408.80809, 'N_anc': 2779.43256, 'gr': 0.03128}
2026-09-03 06:09:15,868 - INFO - logp = -114847.9158796943  (true = -115590.04268049113)
2026-09-03 06:09:15,868 - INFO - Pipeline executed succesfully.
