2026-09-03 02:38:33,856 - INFO - Beginning execution of simulate_and_fit_ARG.py in directory /home1/mahj/glike_optimize/opt_scripts

2026-09-03 02:38:33,856 - INFO - Progress is being logged to ../opt_results_glike_NH/ntree_10_rep_10_simulate_ARG.log

2026-09-03 02:38:33,856 - INFO - Parsed the following arguments:
	N_SAMPLES = 1000.0
	SEQUENCE_LENGTH = 30000000.0
	RECOMBINATION_RATE = 1e-08
	SEED = 1
	NUM_TREES = 10
	OPTIMIZER = glike
	MODEL = NH
	outprefix = ../opt_results_glike_NH/ntree_10_rep_10

2026-09-03 02:38:33,918 - INFO - Sampling 1000 individuals with ploidy 1 in population 0 (name='admix') at time 0
2026-09-03 02:38:33,929 - INFO - Starting replicate 0
2026-09-03 02:38:33,930 - INFO - model[0] {'name': 'hudson'} started at time=0 nodes=1000 edges=0
2026-09-03 02:38:33,931 - INFO - Running model {'name': 'hudson'} until max time: inf
2026-09-03 02:38:34,951 - INFO - Completed at time=24250.7 nodes=39508 edges=264883
2026-09-03 02:38:36,165 - INFO - Finished simulating ARG.
[phase from 0.0 to 19.0]
        admix
ns   0.000006
grs  0.078000

[phase from 19.0 to 411.0]
       afr    eur   asia    pol
admix  0.0  0.198  0.334  0.468
        afr       eur     asia       pol
ns   0.0001  0.000075  0.00004  0.000064
grs  0.0000  0.000000  0.00000  0.000000

[phase from 411.0 to 1040.0]
      afr  eur  asia
afr     1    0     0
eur     0    1     0
asia    0    0     1
pol     0    0     1
        afr       eur     asia
ns   0.0001  0.000075  0.00037
grs  0.0000  0.000000  0.00000

[phase from 1040.0 to 2004.0]
      afr  eur
afr     1    0
eur     0    1
asia    0    1
        afr       eur
ns   0.0001  0.000405
grs  0.0000  0.000000

[phase from 2004.0 to inf]
     A
afr  1
eur  1
            A
ns   0.000375
grs  0.000000

2026-09-03 02:38:57,266 - INFO - Starting glike optimization.
{'t1': 10, 't2': 100, 't3': 1000, 't4': 2000, 'r1': 0.25, 'r2': 0.25, 'r3': 0.25, 'N_admix': 10000, 'N_afr': 10000, 'N_eur': 10000, 'N_asia': 10000, 'N_pol': 10000, 'N_aa': 10000, 'N_ooa': 10000, 'N_anc': 10000, 'gr': 0.1} -118574.71829459703
{'t1': 10.9, 't2': 108.91, 't3': 1000, 't4': 2000, 'r1': 0.275, 'r2': 0.275, 'r3': 0.225, 'N_admix': 10990.0, 'N_afr': 10990.0, 'N_eur': 10990.0, 'N_asia': 10000, 'N_pol': 10000, 'N_aa': 10990.0, 'N_ooa': 9010.0, 'N_anc': 9010.0, 'gr': 0.11} -117865.08527485334
{'t1': 10.9, 't2': 123.6115, 't3': 1043.81942, 't4': 2000, 'r1': 0.31625, 'r2': 0.275, 'r3': 0.19125, 'N_admix': 12623.5, 'N_afr': 12623.5, 'N_eur': 10990.0, 'N_asia': 10000, 'N_pol': 10495.0, 'N_aa': 12623.5, 'N_ooa': 7673.5, 'N_anc': 7673.5, 'gr': 0.1265} -117333.68612007516
{'t1': 11.6425, 't2': 148.80453, 't3': 1043.81942, 't4': 2047.80903, 'r1': 0.31625, 'r2': 0.275, 'r3': 0.19125, 'N_admix': 15441.2875, 'N_afr': 12623.5, 'N_eur': 11806.75, 'N_asia': 10495.0, 'N_pol': 10495.0, 'N_aa': 12623.5, 'N_ooa': 5969.4625, 'N_anc': 5969.4625, 'gr': 0.15496} -116901.73380205479
{'t1': 12.83978, 't2': 194.69263, 't3': 1001.36308, 't4': 2047.80903, 'r1': 0.31625, 'r2': 0.275, 'r3': 0.21277, 'N_admix': 20618.97203, 'N_afr': 12623.5, 'N_eur': 11806.75, 'N_asia': 11274.625, 'N_pol': 11014.75, 'N_aa': 12623.5, 'N_ooa': 3988.51891, 'N_anc': 3988.51891, 'gr': 0.20726} -116527.72171850466
{'t1': 10.84182, 't2': 286.61804, 't3': 1001.36308, 't4': 2100.13133, 'r1': 0.29846, 'r2': 0.28875, 'r3': 0.21277, 'N_admix': 30878.45804, 'N_afr': 12623.5, 'N_eur': 11806.75, 'N_asia': 12531.77031, 'N_pol': 11014.75, 'N_aa': 11919.05313, 'N_ooa': 2044.25945, 'N_anc': 2044.25945, 'gr': 0.10363} -116279.67822605296
{'t1': 13.33303, 't2': 286.61804, 't3': 1001.36308, 't4': 2100.13133, 'r1': 0.29846, 'r2': 0.26709, 'r3': 0.21277, 'N_admix': 46267.68706, 'N_afr': 12623.5, 'N_eur': 11806.75, 'N_asia': 12531.77031, 'N_pol': 11014.75, 'N_aa': 10921.82052, 'N_ooa': 3016.38918, 'N_anc': 3016.38918, 'gr': 0.05181} -116159.4657546174
{'t1': 18.01573, 't2': 353.76862, 't3': 1001.36308, 't4': 2045.19292, 'r1': 0.29846, 'r2': 0.26709, 'r3': 0.21277, 'N_admix': 46267.68706, 'N_afr': 12623.5, 'N_eur': 11806.75, 'N_asia': 13580.70093, 'N_pol': 11560.4875, 'N_aa': 9552.18386, 'N_ooa': 3016.38918, 'N_anc': 3016.38918, 'gr': 0.05181} -115956.0426784246
{'t1': 18.01573, 't2': 353.76862, 't3': 1033.7428, 't4': 1969.33416, 'r1': 0.28354, 'r2': 0.25207, 'r3': 0.22341, 'N_admix': 46267.68706, 'N_afr': 12623.5, 'N_eur': 11221.4125, 'N_asia': 13580.70093, 'N_pol': 11560.4875, 'N_aa': 7757.74583, 'N_ooa': 3016.38918, 'N_anc': 3016.38918, 'gr': 0.05181} -115850.0629450108
{'t1': 18.01573, 't2': 416.72229, 't3': 987.46626, 't4': 1858.87402, 'r1': 0.26227, 'r2': 0.2308, 'r3': 0.24017, 'N_admix': 46267.68706, 'N_afr': 11997.325, 'N_eur': 10387.30656, 'N_asia': 14433.77654, 'N_pol': 12133.51188, 'N_aa': 5577.08305, 'N_ooa': 3016.38918, 'N_anc': 2651.84053, 'gr': 0.04533} -115542.88636968634
{'t1': 18.01573, 't2': 416.72229, 't3': 987.46626, 't4': 1711.82396, 'r1': 0.23276, 'r2': 0.2308, 'r3': 0.26719, 'N_admix': 49153.1675, 'N_afr': 11105.02563, 'N_eur': 9229.98457, 'N_asia': 15794.36549, 'N_pol': 13036.02527, 'N_aa': 3237.55558, 'N_ooa': 2834.11486, 'N_anc': 2651.84053, 'gr': 0.03683} -115196.8476016711
{'t1': 19.07921, 't2': 416.72229, 't3': 955.36191, 't4': 1711.82396, 'r1': 0.19348, 'r2': 0.2308, 'r3': 0.26719, 'N_admix': 49153.1675, 'N_afr': 9866.96025, 'N_eur': 9229.98457, 'N_asia': 13559.75759, 'N_pol': 14491.32811, 'N_aa': 3237.55558, 'N_ooa': 2834.11486, 'N_anc': 2651.84053, 'gr': 0.03683} -115093.58248907016
{'t1': 17.38428, 't2': 416.72229, 't3': 955.36191, 't4': 1711.82396, 'r1': 0.19348, 'r2': 0.2308, 'r3': 0.28973, 'N_admix': 51605.82588, 'N_afr': 9866.96025, 'N_eur': 9229.98457, 'N_asia': 13559.75759, 'N_pol': 14491.32811, 'N_aa': 3237.55558, 'N_ooa': 2834.11486, 'N_anc': 2779.43256, 'gr': 0.03683} -115085.47667656578
{'t1': 17.38428, 't2': 416.72229, 't3': 955.36191, 't4': 1711.82396, 'r1': 0.19348, 'r2': 0.2308, 'r3': 0.28973, 'N_admix': 51605.82588, 'N_afr': 9866.96025, 'N_eur': 9229.98457, 'N_asia': 14997.0862, 'N_pol': 13277.0598, 'N_aa': 3237.55558, 'N_ooa': 2834.11486, 'N_anc': 2779.43256, 'gr': 0.03942} -115078.8021836101
{'t1': 17.38428, 't2': 416.72229, 't3': 955.36191, 't4': 1711.82396, 'r1': 0.19348, 'r2': 0.2308, 'r3': 0.28973, 'N_admix': 51605.82588, 'N_afr': 9866.96025, 'N_eur': 9229.98457, 'N_asia': 14997.0862, 'N_pol': 13277.0598, 'N_aa': 3237.55558, 'N_ooa': 2834.11486, 'N_anc': 2779.43256, 'gr': 0.03942} -115078.8021836101
{'t1': 17.38428, 't2': 416.72229, 't3': 955.36191, 't4': 1711.82396, 'r1': 0.19348, 'r2': 0.2308, 'r3': 0.28973, 'N_admix': 51605.82588, 'N_afr': 9866.96025, 'N_eur': 9229.98457, 'N_asia': 14997.0862, 'N_pol': 13277.0598, 'N_aa': 3237.55558, 'N_ooa': 2834.11486, 'N_anc': 2779.43256, 'gr': 0.03942} -115078.8021836101
{'t1': 17.38428, 't2': 416.72229, 't3': 955.36191, 't4': 1711.82396, 'r1': 0.19348, 'r2': 0.2308, 'r3': 0.28973, 'N_admix': 51605.82588, 'N_afr': 9866.96025, 'N_eur': 9229.98457, 'N_asia': 14997.0862, 'N_pol': 13277.0598, 'N_aa': 3237.55558, 'N_ooa': 2834.11486, 'N_anc': 2779.43256, 'gr': 0.03942} -115078.8021836101
{'t1': 17.38428, 't2': 416.72229, 't3': 955.36191, 't4': 1711.82396, 'r1': 0.19348, 'r2': 0.2308, 'r3': 0.28973, 'N_admix': 51605.82588, 'N_afr': 9866.96025, 'N_eur': 9229.98457, 'N_asia': 14997.0862, 'N_pol': 13277.0598, 'N_aa': 3237.55558, 'N_ooa': 2834.11486, 'N_anc': 2779.43256, 'gr': 0.03942} -115078.8021836101
2026-09-03 07:55:52,564 - INFO - Finished fitting ARG.
2026-09-03 07:55:52,565 - INFO - Finished in 5h 16m 55.3s
2026-09-03 07:55:52,565 - INFO - Estimated: {'t1': 17.38428, 't2': 416.72229, 't3': 955.36191, 't4': 1711.82396, 'r1': 0.19348, 'r2': 0.2308, 'r3': 0.28973, 'N_admix': 51605.82588, 'N_afr': 9866.96025, 'N_eur': 9229.98457, 'N_asia': 14997.0862, 'N_pol': 13277.0598, 'N_aa': 3237.55558, 'N_ooa': 2834.11486, 'N_anc': 2779.43256, 'gr': 0.03942}
2026-09-03 07:55:52,565 - INFO - logp = -115078.8021836101  (true = -115597.30691716974)
2026-09-03 07:55:52,566 - INFO - Pipeline executed succesfully.
