2026-09-03 02:41:05,596 - INFO - Beginning execution of simulate_and_fit_ARG.py in directory /home1/mahj/glike_optimize/opt_scripts

2026-09-03 02:41:05,597 - INFO - Progress is being logged to ../opt_results_glike_NH/ntree_10_rep_17_simulate_ARG.log

2026-09-03 02:41:05,597 - INFO - Parsed the following arguments:
	N_SAMPLES = 1000.0
	SEQUENCE_LENGTH = 30000000.0
	RECOMBINATION_RATE = 1e-08
	SEED = 1
	NUM_TREES = 10
	OPTIMIZER = glike
	MODEL = NH
	outprefix = ../opt_results_glike_NH/ntree_10_rep_17

2026-09-03 02:41:05,625 - INFO - Sampling 1000 individuals with ploidy 1 in population 0 (name='admix') at time 0
2026-09-03 02:41:05,634 - INFO - Starting replicate 0
2026-09-03 02:41:05,635 - INFO - model[0] {'name': 'hudson'} started at time=0 nodes=1000 edges=0
2026-09-03 02:41:05,635 - INFO - Running model {'name': 'hudson'} until max time: inf
2026-09-03 02:41:06,327 - INFO - Completed at time=24250.7 nodes=39508 edges=264883
2026-09-03 02:41:08,202 - INFO - Finished simulating ARG.
[phase from 0.0 to 19.0]
        admix
ns   0.000006
grs  0.078000

[phase from 19.0 to 411.0]
       afr    eur   asia    pol
admix  0.0  0.198  0.334  0.468
        afr       eur     asia       pol
ns   0.0001  0.000075  0.00004  0.000064
grs  0.0000  0.000000  0.00000  0.000000

[phase from 411.0 to 1040.0]
      afr  eur  asia
afr     1    0     0
eur     0    1     0
asia    0    0     1
pol     0    0     1
        afr       eur     asia
ns   0.0001  0.000075  0.00037
grs  0.0000  0.000000  0.00000

[phase from 1040.0 to 2004.0]
      afr  eur
afr     1    0
eur     0    1
asia    0    1
        afr       eur
ns   0.0001  0.000405
grs  0.0000  0.000000

[phase from 2004.0 to inf]
     A
afr  1
eur  1
            A
ns   0.000375
grs  0.000000

2026-09-03 02:41:21,188 - INFO - Starting glike optimization.
{'t1': 10, 't2': 100, 't3': 1000, 't4': 2000, 'r1': 0.25, 'r2': 0.25, 'r3': 0.25, 'N_admix': 10000, 'N_afr': 10000, 'N_eur': 10000, 'N_asia': 10000, 'N_pol': 10000, 'N_aa': 10000, 'N_ooa': 10000, 'N_anc': 10000, 'gr': 0.1} -118577.38154849363
{'t1': 10.9, 't2': 108.91, 't3': 1000, 't4': 1900.0, 'r1': 0.275, 'r2': 0.275, 'r3': 0.225, 'N_admix': 10990.0, 'N_afr': 10990.0, 'N_eur': 10000, 'N_asia': 10000, 'N_pol': 10000, 'N_aa': 10990.0, 'N_ooa': 9010.0, 'N_anc': 9010.0, 'gr': 0.11} -117917.12199337163
{'t1': 12.385, 't2': 123.38875, 't3': 1000, 't4': 1765.0, 'r1': 0.31625, 'r2': 0.275, 'r3': 0.225, 'N_admix': 12623.5, 'N_afr': 12623.5, 'N_eur': 10495.0, 'N_asia': 10495.0, 'N_pol': 10000, 'N_aa': 12623.5, 'N_ooa': 7673.5, 'N_anc': 7673.5, 'gr': 0.1265} -117318.38907295797
{'t1': 14.94663, 't2': 147.78823, 't3': 1038.25, 't4': 1601.48125, 'r1': 0.31625, 'r2': 0.25438, 'r3': 0.20813, 'N_admix': 15441.2875, 'N_afr': 12623.5, 'N_eur': 11274.625, 'N_asia': 10495.0, 'N_pol': 10495.0, 'N_aa': 12623.5, 'N_ooa': 5969.4625, 'N_anc': 5969.4625, 'gr': 0.15496} -116711.59170768705
{'t1': 19.65362, 't2': 191.03366, 't3': 1038.25, 't4': 1411.3907, 'r1': 0.31625, 'r2': 0.25438, 'r3': 0.20813, 'N_admix': 20618.97203, 'N_afr': 12623.5, 'N_eur': 12531.77031, 'N_asia': 10495.0, 'N_pol': 11274.625, 'N_aa': 12623.5, 'N_ooa': 3988.51891, 'N_anc': 3988.51891, 'gr': 0.10266} -116337.82003865932
{'t1': 19.65362, 't2': 276.72368, 't3': 1019.59297, 't4': 1215.49184, 'r1': 0.29846, 'r2': 0.25438, 'r3': 0.20813, 'N_admix': 30878.45804, 'N_afr': 12623.5, 'N_eur': 12531.77031, 'N_asia': 10495.0, 'N_pol': 12531.77031, 'N_aa': 11919.05313, 'N_ooa': 2044.25945, 'N_anc': 3988.51891, 'gr': 0.05133} -116085.36207904259
{'t1': 24.31703, 't2': 402.92701, 't3': 1034.28539, 't4': 1124.88861, 'r1': 0.27328, 'r2': 0.24166, 'r3': 0.20813, 'N_admix': 30878.45804, 'N_afr': 11997.325, 'N_eur': 11482.83969, 'N_asia': 11014.75, 'N_pol': 14629.63155, 'N_aa': 10921.82052, 'N_ooa': 2044.25945, 'N_anc': 3016.38918, 'gr': 0.05133} -115694.15315237961
{'t1': 24.31703, 't2': 402.92701, 't3': 1034.28539, 't4': 1079.587, 'r1': 0.23869, 'r2': 0.22354, 'r3': 0.20813, 'N_admix': 38573.07255, 'N_afr': 11997.325, 'N_eur': 11482.83969, 'N_asia': 11833.35625, 'N_pol': 18307.44454, 'N_aa': 9552.18386, 'N_ooa': 1558.19459, 'N_anc': 3016.38918, 'gr': 0.0385} -115488.8623370775
{'t1': 24.31703, 't2': 402.92701, 't3': 1034.28539, 't4': 1079.587, 'r1': 0.23869, 'r2': 0.22354, 'r3': 0.20813, 'N_admix': 38573.07255, 'N_afr': 11997.325, 'N_eur': 10762.51937, 'N_asia': 10513.35367, 'N_pol': 18307.44454, 'N_aa': 7757.74583, 'N_ooa': 1558.19459, 'N_anc': 2469.56621, 'gr': 0.0385} -115307.57066334407
{'t1': 24.31703, 't2': 402.92701, 't3': 1034.28539, 't4': 1079.587, 'r1': 0.23869, 'r2': 0.22354, 'r3': 0.20813, 'N_admix': 38573.07255, 'N_afr': 11997.325, 'N_eur': 9750.41304, 'N_asia': 10513.35367, 'N_pol': 18307.44454, 'N_aa': 5577.08305, 'N_ooa': 1558.19459, 'N_anc': 2469.56621, 'gr': 0.0385} -115091.2706100553
{'t1': 25.48288, 't2': 402.92701, 't3': 1034.28539, 't4': 1079.587, 'r1': 0.23869, 'r2': 0.22354, 'r3': 0.20813, 'N_admix': 38573.07255, 'N_afr': 11997.325, 'N_eur': 9750.41304, 'N_asia': 10513.35367, 'N_pol': 20035.72931, 'N_aa': 3237.55558, 'N_ooa': 1558.19459, 'N_anc': 2469.56621, 'gr': 0.0385} -114898.65514842611
{'t1': 25.48288, 't2': 402.92701, 't3': 1034.28539, 't4': 1079.587, 'r1': 0.23869, 'r2': 0.22354, 'r3': 0.20813, 'N_admix': 38573.07255, 'N_afr': 11997.325, 'N_eur': 9750.41304, 'N_asia': 9992.68599, 'N_pol': 20035.72931, 'N_aa': 3237.55558, 'N_ooa': 1558.19459, 'N_anc': 2636.17633, 'gr': 0.03657} -114896.06305579802
{'t1': 25.48288, 't2': 402.92701, 't3': 1034.28539, 't4': 1079.587, 'r1': 0.23869, 'r2': 0.22354, 'r3': 0.20813, 'N_admix': 40496.72618, 'N_afr': 11997.325, 'N_eur': 9267.89239, 'N_asia': 9250.73454, 'N_pol': 20035.72931, 'N_aa': 3237.55558, 'N_ooa': 1558.19459, 'N_anc': 2636.17633, 'gr': 0.03383} -114883.7988752785
{'t1': 25.48288, 't2': 402.92701, 't3': 1034.28539, 't4': 1079.587, 'r1': 0.23869, 'r2': 0.22354, 'r3': 0.20813, 'N_admix': 40496.72618, 'N_afr': 11997.325, 'N_eur': 9267.89239, 'N_asia': 9250.73454, 'N_pol': 20035.72931, 'N_aa': 3237.55558, 'N_ooa': 1558.19459, 'N_anc': 2502.43266, 'gr': 0.03383} -114883.78791289503
{'t1': 25.48288, 't2': 402.92701, 't3': 1034.28539, 't4': 1079.587, 'r1': 0.23869, 'r2': 0.22354, 'r3': 0.20813, 'N_admix': 40496.72618, 'N_afr': 11997.325, 'N_eur': 9267.89239, 'N_asia': 9250.73454, 'N_pol': 20035.72931, 'N_aa': 3237.55558, 'N_ooa': 1558.19459, 'N_anc': 2502.43266, 'gr': 0.03383} -114883.78791289503
{'t1': 25.48288, 't2': 402.92701, 't3': 1034.28539, 't4': 1079.587, 'r1': 0.23869, 'r2': 0.22354, 'r3': 0.20813, 'N_admix': 40496.72618, 'N_afr': 11997.325, 'N_eur': 9267.89239, 'N_asia': 9250.73454, 'N_pol': 20035.72931, 'N_aa': 3237.55558, 'N_ooa': 1558.19459, 'N_anc': 2622.55429, 'gr': 0.03383} -114883.76597038232
{'t1': 25.48288, 't2': 402.92701, 't3': 1034.28539, 't4': 1079.587, 'r1': 0.23869, 'r2': 0.22354, 'r3': 0.20813, 'N_admix': 40496.72618, 'N_afr': 11997.325, 'N_eur': 9267.89239, 'N_asia': 9250.73454, 'N_pol': 20035.72931, 'N_aa': 3237.55558, 'N_ooa': 1558.19459, 'N_anc': 2622.55429, 'gr': 0.03383} -114883.76597038232
{'t1': 25.48288, 't2': 402.92701, 't3': 1034.28539, 't4': 1079.587, 'r1': 0.23869, 'r2': 0.22354, 'r3': 0.20813, 'N_admix': 40496.72618, 'N_afr': 11997.325, 'N_eur': 9267.89239, 'N_asia': 9250.73454, 'N_pol': 20035.72931, 'N_aa': 3237.55558, 'N_ooa': 1558.19459, 'N_anc': 2622.55429, 'gr': 0.03383} -114883.76597038232
{'t1': 25.48288, 't2': 402.92701, 't3': 1034.28539, 't4': 1079.587, 'r1': 0.23869, 'r2': 0.22354, 'r3': 0.20813, 'N_admix': 40496.72618, 'N_afr': 11997.325, 'N_eur': 9267.89239, 'N_asia': 9250.73454, 'N_pol': 20035.72931, 'N_aa': 3237.55558, 'N_ooa': 1558.19459, 'N_anc': 2622.55429, 'gr': 0.03383} -114883.76597038232
{'t1': 25.48288, 't2': 402.92701, 't3': 1034.28539, 't4': 1079.587, 'r1': 0.23869, 'r2': 0.22354, 'r3': 0.20813, 'N_admix': 40496.72618, 'N_afr': 11997.325, 'N_eur': 9267.89239, 'N_asia': 9250.73454, 'N_pol': 20035.72931, 'N_aa': 3237.55558, 'N_ooa': 1558.19459, 'N_anc': 2622.55429, 'gr': 0.03383} -114883.76597038232
2026-09-03 06:13:03,513 - INFO - Finished fitting ARG.
2026-09-03 06:13:03,514 - INFO - Finished in 3h 31m 42.3s
2026-09-03 06:13:03,514 - INFO - Estimated: {'t1': 25.48288, 't2': 402.92701, 't3': 1034.28539, 't4': 1079.587, 'r1': 0.23869, 'r2': 0.22354, 'r3': 0.20813, 'N_admix': 40496.72618, 'N_afr': 11997.325, 'N_eur': 9267.89239, 'N_asia': 9250.73454, 'N_pol': 20035.72931, 'N_aa': 3237.55558, 'N_ooa': 1558.19459, 'N_anc': 2622.55429, 'gr': 0.03383}
2026-09-03 06:13:03,514 - INFO - logp = -114883.76597038232  (true = -115572.09203953372)
2026-09-03 06:13:03,514 - INFO - Pipeline executed succesfully.
