2026-09-03 02:21:28,401 - INFO - Beginning execution of simulate_and_fit_ARG.py in directory /home1/mahj/glike_optimize/opt_scripts

2026-09-03 02:21:28,401 - INFO - Progress is being logged to ../opt_results_glike_3G09_no_m1/ntree_10_rep_7_simulate_ARG.log

2026-09-03 02:21:28,401 - INFO - Parsed the following arguments:
	N_SAMPLES = 1000.0
	SEQUENCE_LENGTH = 30000000.0
	RECOMBINATION_RATE = 1e-08
	SEED = 1
	NUM_TREES = 10
	OPTIMIZER = glike
	MODEL = 3G09
	outprefix = ../opt_results_glike_3G09_no_m1/ntree_10_rep_7

2026-09-03 02:21:28,427 - INFO - Sampling 1000 individuals with ploidy 1 in population 1 (name='ceu') at time 0
2026-09-03 02:21:28,637 - INFO - Starting replicate 0
2026-09-03 02:21:28,637 - INFO - model[0] {'name': 'hudson'} started at time=0 nodes=1000 edges=0
2026-09-03 02:21:28,637 - INFO - Running model {'name': 'hudson'} until max time: inf
2026-09-03 02:21:29,532 - INFO - Completed at time=130012 nodes=28005 edges=152908
2026-09-03 02:21:30,148 - INFO - Finished simulating ARG.
[phase from 0.0 to 30.0]
        yri     ceu     nea
ns   0.0001  0.0001  0.0001
grs  0.0000  0.0000  0.0000

[phase from 30.0 to 50.0]
        yri     ceu     nea
ns   0.0001  0.0001  0.0001
grs  0.0000  0.0000  0.0000

[phase from 50.0 to 73.95]
        yri     ceu     nea
ns   0.0001  0.0001  0.0001
grs  0.0000  0.0000  0.0000

[phase from 73.95 to 290.0]
     yri  nea
yri    1    0
ceu    1    0
nea    0    1
        yri     nea
ns   0.0001  0.0001
grs  0.0000  0.0000

[phase from 290.0 to inf]
     yri
yri    1
nea    1
        yri
ns   0.0001
grs  0.0000

2026-09-03 02:21:50,189 - INFO - Starting glike optimization.
{'t1': 10, 't2': 50, 't3': 100, 't4': 300, 'N_yri': 10000, 'N_ceu': 10000, 'N_nea': 10000, 'm1': 0.0} -94750.9619765491
{'t1': 10, 't2': 50, 't3': 100, 't4': 280.0, 'N_yri': 9010.0, 'N_ceu': 9010.0, 'N_nea': 9010.0, 'm1': 0.0} -94132.11883415353
{'t1': 10, 't2': 50, 't3': 97.5, 't4': 252.625, 'N_yri': 7673.5, 'N_ceu': 7673.5, 'N_nea': 7673.5, 'm1': 1e-05} -93263.34650972698
{'t1': 10, 't2': 52.0, 't3': 94.0875, 't4': 216.95406, 'N_yri': 5969.4625, 'N_ceu': 5969.4625, 'N_nea': 5969.4625, 'm1': 0.0} -92234.70638557787
{'t1': 10, 't2': 52.0, 't3': 94.0875, 't4': 216.95406, 'N_yri': 3988.51891, 'N_ceu': 3988.51891, 'N_nea': 3988.51891, 'm1': 0.0} -91549.55302640818
{'t1': 10, 't2': 52.0, 't3': 96.45492, 't4': 216.95406, 'N_yri': 5932.77837, 'N_ceu': 2044.25945, 'N_nea': 3988.51891, 'm1': 1e-05} -91347.3338207867
{'t1': 10, 't2': 49.9, 't3': 96.45492, 't4': 216.95406, 'N_yri': 5932.77837, 'N_ceu': 3016.38918, 'N_nea': 3016.38918, 'm1': 0.0} -91218.82488197122
{'t1': 10, 't2': 49.9, 't3': 94.12717, 't4': 223.0954, 'N_yri': 5932.77837, 'N_ceu': 3016.38918, 'N_nea': 3016.38918, 'm1': 1e-05} -91201.17649399942
{'t1': 10, 't2': 49.9, 't3': 90.81013, 't4': 223.0954, 'N_yri': 5932.77837, 'N_ceu': 3016.38918, 'N_nea': 3016.38918, 'm1': 0.0} -91191.15866515395
{'t1': 9.55, 't2': 49.9, 't3': 90.81013, 't4': 223.0954, 'N_yri': 5568.22972, 'N_ceu': 3016.38918, 'N_nea': 3016.38918, 'm1': 1e-05} -91183.01324911465
{'t1': 10.19125, 't2': 49.9, 't3': 90.81013, 't4': 223.0954, 'N_yri': 5568.22972, 'N_ceu': 3016.38918, 'N_nea': 2870.56972, 'm1': 1e-05} -91181.13232382473
{'t1': 11.22527, 't2': 49.9, 't3': 90.81013, 't4': 223.0954, 'N_yri': 5568.22972, 'N_ceu': 3016.38918, 'N_nea': 2870.56972, 'm1': 1e-05} -91176.08353764715
{'t1': 11.22527, 't2': 49.9, 't3': 90.81013, 't4': 223.0954, 'N_yri': 5568.22972, 'N_ceu': 3016.38918, 'N_nea': 2870.56972, 'm1': 1e-05} -91176.08353764715
{'t1': 11.22527, 't2': 49.9, 't3': 90.81013, 't4': 223.0954, 'N_yri': 5568.22972, 'N_ceu': 3016.38918, 'N_nea': 2870.56972, 'm1': 1e-05} -91176.08353764715
{'t1': 11.22527, 't2': 49.9, 't3': 90.81013, 't4': 223.0954, 'N_yri': 5568.22972, 'N_ceu': 3016.38918, 'N_nea': 2870.56972, 'm1': 1e-05} -91176.08353764715
{'t1': 11.22527, 't2': 49.9, 't3': 90.81013, 't4': 223.0954, 'N_yri': 5568.22972, 'N_ceu': 3016.38918, 'N_nea': 2870.56972, 'm1': 1e-05} -91176.08353764715
2026-09-03 04:06:49,609 - INFO - Finished fitting ARG.
2026-09-03 04:06:49,609 - INFO - Finished in 1h 44m 59.4s
2026-09-03 04:06:49,609 - INFO - Estimated: {'t1': 11.22527, 't2': 49.9, 't3': 90.81013, 't4': 223.0954, 'N_yri': 5568.22972, 'N_ceu': 3016.38918, 'N_nea': 2870.56972, 'm1': 1e-05}
2026-09-03 04:06:49,609 - INFO - logp = -91176.08353764715  (true = -94795.545533199)
2026-09-03 04:06:49,609 - INFO - Pipeline executed succesfully.
