2026-09-03 02:21:25,969 - INFO - Beginning execution of simulate_and_fit_ARG.py in directory /home1/mahj/glike_optimize/opt_scripts

2026-09-03 02:21:25,969 - INFO - Progress is being logged to ../opt_results_glike_3G09_no_m1/ntree_10_rep_2_simulate_ARG.log

2026-09-03 02:21:25,969 - INFO - Parsed the following arguments:
	N_SAMPLES = 1000.0
	SEQUENCE_LENGTH = 30000000.0
	RECOMBINATION_RATE = 1e-08
	SEED = 1
	NUM_TREES = 10
	OPTIMIZER = glike
	MODEL = 3G09
	outprefix = ../opt_results_glike_3G09_no_m1/ntree_10_rep_2

2026-09-03 02:21:26,008 - INFO - Sampling 1000 individuals with ploidy 1 in population 1 (name='ceu') at time 0
2026-09-03 02:21:26,014 - INFO - Starting replicate 0
2026-09-03 02:21:26,015 - INFO - model[0] {'name': 'hudson'} started at time=0 nodes=1000 edges=0
2026-09-03 02:21:26,015 - INFO - Running model {'name': 'hudson'} until max time: inf
2026-09-03 02:21:26,900 - INFO - Completed at time=130012 nodes=28005 edges=152908
2026-09-03 02:21:27,516 - INFO - Finished simulating ARG.
[phase from 0.0 to 30.0]
        yri     ceu     nea
ns   0.0001  0.0001  0.0001
grs  0.0000  0.0000  0.0000

[phase from 30.0 to 50.0]
        yri     ceu     nea
ns   0.0001  0.0001  0.0001
grs  0.0000  0.0000  0.0000

[phase from 50.0 to 73.95]
        yri     ceu     nea
ns   0.0001  0.0001  0.0001
grs  0.0000  0.0000  0.0000

[phase from 73.95 to 290.0]
     yri  nea
yri    1    0
ceu    1    0
nea    0    1
        yri     nea
ns   0.0001  0.0001
grs  0.0000  0.0000

[phase from 290.0 to inf]
     yri
yri    1
nea    1
        yri
ns   0.0001
grs  0.0000

2026-09-03 02:21:48,067 - INFO - Starting glike optimization.
{'t1': 10, 't2': 50, 't3': 100, 't4': 300, 'N_yri': 10000, 'N_ceu': 10000, 'N_nea': 10000, 'm1': 0.0} -94751.86601545109
{'t1': 10, 't2': 50, 't3': 100, 't4': 280.0, 'N_yri': 9010.0, 'N_ceu': 9010.0, 'N_nea': 9010.0, 'm1': 0.0} -94132.32021603835
{'t1': 10, 't2': 50, 't3': 97.5, 't4': 252.625, 'N_yri': 7673.5, 'N_ceu': 7673.5, 'N_nea': 7673.5, 'm1': 1e-05} -93263.2818263473
{'t1': 9.55, 't2': 52.0225, 't3': 94.08919, 't4': 216.95444, 'N_yri': 5969.4625, 'N_ceu': 5969.4625, 'N_nea': 5969.4625, 'm1': 0.0} -92234.58102940973
{'t1': 9.55, 't2': 52.0225, 't3': 94.08919, 't4': 216.95444, 'N_yri': 3988.51891, 'N_ceu': 3988.51891, 'N_nea': 3988.51891, 'm1': 0.0} -91549.11259054056
{'t1': 9.55, 't2': 52.0225, 't3': 96.45544, 't4': 216.95444, 'N_yri': 5932.77837, 'N_ceu': 2044.25945, 'N_nea': 3988.51891, 'm1': 0.0} -91346.85313388881
{'t1': 9.55, 't2': 52.0225, 't3': 100.20447, 't4': 226.80522, 'N_yri': 5932.77837, 'N_ceu': 3016.38918, 'N_nea': 3016.38918, 'm1': 0.0} -91214.50955526193
{'t1': 9.55, 't2': 49.89888, 't3': 93.83767, 't4': 226.80522, 'N_yri': 5932.77837, 'N_ceu': 3016.38918, 'N_nea': 3016.38918, 'm1': 0.0} -91202.69500177774
{'t1': 9.55, 't2': 49.89888, 't3': 93.83767, 't4': 226.80522, 'N_yri': 5203.68107, 'N_ceu': 3016.38918, 'N_nea': 3016.38918, 'm1': 0.0} -91198.78103669792
{'t1': 9.55, 't2': 49.89888, 't3': 89.66692, 't4': 226.80522, 'N_yri': 5203.68107, 'N_ceu': 2651.84053, 'N_nea': 3016.38918, 'm1': 0.0} -91193.35848940452
{'t1': 9.55, 't2': 49.89888, 't3': 95.32921, 't4': 233.37902, 'N_yri': 5203.68107, 'N_ceu': 2651.84053, 'N_nea': 3162.20864, 'm1': 0.0} -91189.75721676649
{'t1': 9.1225, 't2': 49.89888, 't3': 105.03196, 't4': 233.37902, 'N_yri': 5458.86512, 'N_ceu': 2651.84053, 'N_nea': 3162.20864, 'm1': 1e-05} -91173.89845086013
{'t1': 9.1225, 't2': 49.89888, 't3': 105.03196, 't4': 233.37902, 'N_yri': 5458.86512, 'N_ceu': 2779.43256, 'N_nea': 3162.20864, 'm1': 1e-05} -91173.04972686888
{'t1': 9.1225, 't2': 49.89888, 't3': 105.03196, 't4': 233.37902, 'N_yri': 5458.86512, 'N_ceu': 2779.43256, 'N_nea': 3162.20864, 'm1': 1e-05} -91173.04972686888
{'t1': 9.1225, 't2': 49.89888, 't3': 105.03196, 't4': 233.37902, 'N_yri': 5458.86512, 'N_ceu': 2913.40419, 'N_nea': 3162.20864, 'm1': 1e-05} -91168.55147424123
{'t1': 9.1225, 't2': 49.89888, 't3': 105.03196, 't4': 233.37902, 'N_yri': 5458.86512, 'N_ceu': 2913.40419, 'N_nea': 3162.20864, 'm1': 1e-05} -91168.55147424123
{'t1': 9.1225, 't2': 49.89888, 't3': 105.03196, 't4': 233.37902, 'N_yri': 5458.86512, 'N_ceu': 2913.40419, 'N_nea': 3162.20864, 'm1': 1e-05} -91168.55147424123
{'t1': 9.1225, 't2': 49.89888, 't3': 105.03196, 't4': 233.37902, 'N_yri': 5458.86512, 'N_ceu': 2913.40419, 'N_nea': 3162.20864, 'm1': 1e-05} -91168.55147424123
{'t1': 9.1225, 't2': 49.89888, 't3': 105.03196, 't4': 233.37902, 'N_yri': 5458.86512, 'N_ceu': 2913.40419, 'N_nea': 3162.20864, 'm1': 1e-05} -91168.55147424123
2026-09-03 04:37:34,230 - INFO - Finished fitting ARG.
2026-09-03 04:37:34,231 - INFO - Finished in 2h 15m 46.2s
2026-09-03 04:37:34,231 - INFO - Estimated: {'t1': 9.1225, 't2': 49.89888, 't3': 105.03196, 't4': 233.37902, 'N_yri': 5458.86512, 'N_ceu': 2913.40419, 'N_nea': 3162.20864, 'm1': 1e-05}
2026-09-03 04:37:34,231 - INFO - logp = -91168.55147424123  (true = -94794.65885523966)
2026-09-03 04:37:34,231 - INFO - Pipeline executed succesfully.
