2026-09-03 02:36:29,469 - INFO - Beginning execution of simulate_and_fit_ARG.py in directory /home1/mahj/glike_optimize/opt_scripts

2026-09-03 02:36:29,469 - INFO - Progress is being logged to ../opt_results_glike_NH/ntree_10_rep_1_simulate_ARG.log

2026-09-03 02:36:29,469 - INFO - Parsed the following arguments:
	N_SAMPLES = 1000.0
	SEQUENCE_LENGTH = 30000000.0
	RECOMBINATION_RATE = 1e-08
	SEED = 1
	NUM_TREES = 10
	OPTIMIZER = glike
	MODEL = NH
	outprefix = ../opt_results_glike_NH/ntree_10_rep_1

2026-09-03 02:36:29,536 - INFO - Sampling 1000 individuals with ploidy 1 in population 0 (name='admix') at time 0
2026-09-03 02:36:29,547 - INFO - Starting replicate 0
2026-09-03 02:36:29,547 - INFO - model[0] {'name': 'hudson'} started at time=0 nodes=1000 edges=0
2026-09-03 02:36:29,547 - INFO - Running model {'name': 'hudson'} until max time: inf
2026-09-03 02:36:30,532 - INFO - Completed at time=24250.7 nodes=39508 edges=264883
2026-09-03 02:36:31,732 - INFO - Finished simulating ARG.
[phase from 0.0 to 19.0]
        admix
ns   0.000006
grs  0.078000

[phase from 19.0 to 411.0]
       afr    eur   asia    pol
admix  0.0  0.198  0.334  0.468
        afr       eur     asia       pol
ns   0.0001  0.000075  0.00004  0.000064
grs  0.0000  0.000000  0.00000  0.000000

[phase from 411.0 to 1040.0]
      afr  eur  asia
afr     1    0     0
eur     0    1     0
asia    0    0     1
pol     0    0     1
        afr       eur     asia
ns   0.0001  0.000075  0.00037
grs  0.0000  0.000000  0.00000

[phase from 1040.0 to 2004.0]
      afr  eur
afr     1    0
eur     0    1
asia    0    1
        afr       eur
ns   0.0001  0.000405
grs  0.0000  0.000000

[phase from 2004.0 to inf]
     A
afr  1
eur  1
            A
ns   0.000375
grs  0.000000

2026-09-03 02:36:52,803 - INFO - Starting glike optimization.
{'t1': 10, 't2': 100, 't3': 1000, 't4': 2000, 'r1': 0.25, 'r2': 0.25, 'r3': 0.25, 'N_admix': 10000, 'N_afr': 10000, 'N_eur': 10000, 'N_asia': 10000, 'N_pol': 10000, 'N_aa': 10000, 'N_ooa': 10000, 'N_anc': 10000, 'gr': 0.1} -118571.1051841191
{'t1': 10.9, 't2': 108.91, 't3': 1000, 't4': 1900.0, 'r1': 0.275, 'r2': 0.275, 'r3': 0.225, 'N_admix': 10990.0, 'N_afr': 10990.0, 'N_eur': 10000, 'N_asia': 10000, 'N_pol': 10000, 'N_aa': 10990.0, 'N_ooa': 10000, 'N_anc': 9010.0, 'gr': 0.11} -117925.50618102275
{'t1': 12.385, 't2': 123.38875, 't3': 1000, 't4': 1765.0, 'r1': 0.31625, 'r2': 0.275, 'r3': 0.19125, 'N_admix': 12623.5, 'N_afr': 12623.5, 'N_eur': 10495.0, 'N_asia': 10000, 'N_pol': 10495.0, 'N_aa': 12623.5, 'N_ooa': 10000, 'N_anc': 7673.5, 'gr': 0.1265} -117328.11130385271
{'t1': 14.94663, 't2': 147.78823, 't3': 1000, 't4': 1592.875, 'r1': 0.31625, 'r2': 0.275, 'r3': 0.19125, 'N_admix': 15441.2875, 'N_afr': 12623.5, 'N_eur': 11274.625, 'N_asia': 10495.0, 'N_pol': 11274.625, 'N_aa': 12623.5, 'N_ooa': 9505.0, 'N_anc': 5969.4625, 'gr': 0.15496} -116762.91104690402
{'t1': 19.65362, 't2': 191.03366, 't3': 1000, 't4': 1392.77969, 'r1': 0.28067, 'r2': 0.275, 'r3': 0.21277, 'N_admix': 20618.97203, 'N_afr': 12623.5, 'N_eur': 12531.77031, 'N_asia': 9715.375, 'N_pol': 11274.625, 'N_aa': 11214.60625, 'N_ooa': 9505.0, 'N_anc': 3988.51891, 'gr': 0.10266} -116403.27801429227
{'t1': 19.65362, 't2': 276.72368, 't3': 980.36102, 't4': 1186.57036, 'r1': 0.28067, 'r2': 0.26125, 'r3': 0.21277, 'N_admix': 30878.45804, 'N_afr': 11919.05313, 'N_eur': 12531.77031, 'N_asia': 10797.10469, 'N_pol': 11903.19766, 'N_aa': 9339.01645, 'N_ooa': 9034.75, 'N_anc': 2044.25945, 'gr': 0.05133} -116107.81968701389
{'t1': 24.31703, 't2': 402.92701, 't3': 964.89532, 't4': 1075.73284, 'r1': 0.25699, 'r2': 0.26125, 'r3': 0.21277, 'N_admix': 30878.45804, 'N_afr': 10921.82052, 'N_eur': 11482.83969, 'N_asia': 12602.24111, 'N_pol': 12899.09246, 'N_aa': 7000.39041, 'N_ooa': 8364.64375, 'N_anc': 3016.38918, 'gr': 0.05133} -115409.16439961508
{'t1': 24.31703, 't2': 402.92701, 't3': 964.89532, 't4': 1020.31408, 'r1': 0.22446, 'r2': 0.24819, 'r3': 0.21277, 'N_admix': 38573.07255, 'N_afr': 10921.82052, 'N_eur': 10042.19904, 'N_asia': 12602.24111, 'N_pol': 14518.9776, 'N_aa': 4380.39843, 'N_ooa': 8364.64375, 'N_anc': 3016.38918, 'gr': 0.0385} -115017.9781978765
{'t1': 24.31703, 't2': 402.92701, 't3': 964.89532, 't4': 1048.02346, 'r1': 0.22446, 'r2': 0.22958, 'r3': 0.22341, 'N_admix': 38573.07255, 'N_afr': 10237.00219, 'N_eur': 10042.19904, 'N_asia': 14184.556, 'N_pol': 14518.9776, 'N_aa': 4380.39843, 'N_ooa': 8364.64375, 'N_anc': 3016.38918, 'gr': 0.0385} -114983.47600430122
{'t1': 24.31703, 't2': 402.92701, 't3': 964.89532, 't4': 1048.02346, 'r1': 0.20315, 'r2': 0.22958, 'r3': 0.24017, 'N_admix': 38573.07255, 'N_afr': 9274.77894, 'N_eur': 10042.19904, 'N_asia': 14184.556, 'N_pol': 15887.65399, 'N_aa': 3310.29882, 'N_ooa': 7951.41156, 'N_anc': 2651.84053, 'gr': 0.0385} -114902.38844885051
{'t1': 24.31703, 't2': 402.92701, 't3': 964.89532, 't4': 1048.02346, 'r1': 0.17422, 'r2': 0.22958, 'r3': 0.24017, 'N_admix': 42179.9231, 'N_afr': 9274.77894, 'N_eur': 9545.08909, 'N_asia': 12847.62354, 'N_pol': 18135.54457, 'N_aa': 3310.29882, 'N_ooa': 7951.41156, 'N_anc': 2651.84053, 'gr': 0.03489} -114868.74361120205
{'t1': 23.15118, 't2': 402.92701, 't3': 964.89532, 't4': 1048.02346, 'r1': 0.17422, 'r2': 0.24106, 'r3': 0.24017, 'N_admix': 42179.9231, 'N_afr': 9274.77894, 'N_eur': 8836.70741, 'N_asia': 12847.62354, 'N_pol': 18135.54457, 'N_aa': 3310.29882, 'N_ooa': 7951.41156, 'N_anc': 2651.84053, 'gr': 0.03489} -114845.4100050837
{'t1': 24.81252, 't2': 402.92701, 't3': 964.89532, 't4': 1048.02346, 'r1': 0.17422, 'r2': 0.24106, 'r3': 0.24017, 'N_admix': 42179.9231, 'N_afr': 9274.77894, 'N_eur': 8836.70741, 'N_asia': 11940.10229, 'N_pol': 18135.54457, 'N_aa': 3310.29882, 'N_ooa': 7951.41156, 'N_anc': 2651.84053, 'gr': 0.03244} -114836.71620982852
{'t1': 24.81252, 't2': 402.92701, 't3': 964.89532, 't4': 1048.02346, 'r1': 0.17422, 'r2': 0.24106, 'r3': 0.24017, 'N_admix': 42179.9231, 'N_afr': 9274.77894, 'N_eur': 9328.1472, 'N_asia': 11940.10229, 'N_pol': 19098.52641, 'N_aa': 3149.78388, 'N_ooa': 7951.41156, 'N_anc': 2651.84053, 'gr': 0.03244} -114826.04971608733
{'t1': 24.81252, 't2': 402.92701, 't3': 964.89532, 't4': 1048.02346, 'r1': 0.17422, 'r2': 0.24106, 'r3': 0.24017, 'N_admix': 42179.9231, 'N_afr': 9274.77894, 'N_eur': 9328.1472, 'N_asia': 11307.91714, 'N_pol': 19098.52641, 'N_aa': 3149.78388, 'N_ooa': 7951.41156, 'N_anc': 2651.84053, 'gr': 0.03415} -114822.17808084143
{'t1': 24.81252, 't2': 402.92701, 't3': 964.89532, 't4': 1048.02346, 'r1': 0.17422, 'r2': 0.24106, 'r3': 0.24017, 'N_admix': 42179.9231, 'N_afr': 9274.77894, 'N_eur': 9328.1472, 'N_asia': 11307.91714, 'N_pol': 20048.45273, 'N_aa': 3149.78388, 'N_ooa': 7951.41156, 'N_anc': 2651.84053, 'gr': 0.03415} -114821.81662932616
{'t1': 24.81252, 't2': 402.92701, 't3': 964.89532, 't4': 1048.02346, 'r1': 0.17422, 'r2': 0.24106, 'r3': 0.24017, 'N_admix': 42179.9231, 'N_afr': 9274.77894, 'N_eur': 9328.1472, 'N_asia': 10747.52128, 'N_pol': 20048.45273, 'N_aa': 3149.78388, 'N_ooa': 7951.41156, 'N_anc': 2651.84053, 'gr': 0.03415} -114820.23955806538
{'t1': 24.81252, 't2': 402.92701, 't3': 964.89532, 't4': 1048.02346, 'r1': 0.17422, 'r2': 0.24106, 'r3': 0.24017, 'N_admix': 42179.9231, 'N_afr': 9274.77894, 'N_eur': 9328.1472, 'N_asia': 10747.52128, 'N_pol': 20048.45273, 'N_aa': 3149.78388, 'N_ooa': 7951.41156, 'N_anc': 2651.84053, 'gr': 0.03415} -114820.23955806538
{'t1': 24.81252, 't2': 402.92701, 't3': 964.89532, 't4': 1048.02346, 'r1': 0.17422, 'r2': 0.24106, 'r3': 0.24017, 'N_admix': 42179.9231, 'N_afr': 9274.77894, 'N_eur': 9328.1472, 'N_asia': 10747.52128, 'N_pol': 20048.45273, 'N_aa': 3149.78388, 'N_ooa': 7951.41156, 'N_anc': 2651.84053, 'gr': 0.03415} -114820.23955806538
{'t1': 24.81252, 't2': 402.92701, 't3': 964.89532, 't4': 1048.02346, 'r1': 0.17422, 'r2': 0.24106, 'r3': 0.24017, 'N_admix': 42179.9231, 'N_afr': 9274.77894, 'N_eur': 9328.1472, 'N_asia': 10747.52128, 'N_pol': 20048.45273, 'N_aa': 3149.78388, 'N_ooa': 7951.41156, 'N_anc': 2651.84053, 'gr': 0.03415} -114820.23955806538
{'t1': 24.81252, 't2': 402.92701, 't3': 964.89532, 't4': 1048.02346, 'r1': 0.17422, 'r2': 0.24106, 'r3': 0.24017, 'N_admix': 42179.9231, 'N_afr': 9274.77894, 'N_eur': 9328.1472, 'N_asia': 10747.52128, 'N_pol': 20048.45273, 'N_aa': 3149.78388, 'N_ooa': 7951.41156, 'N_anc': 2651.84053, 'gr': 0.03415} -114820.23955806538
2026-09-03 08:41:11,137 - INFO - Finished fitting ARG.
2026-09-03 08:41:11,138 - INFO - Finished in 6h 4m 18.3s
2026-09-03 08:41:11,138 - INFO - Estimated: {'t1': 24.81252, 't2': 402.92701, 't3': 964.89532, 't4': 1048.02346, 'r1': 0.17422, 'r2': 0.24106, 'r3': 0.24017, 'N_admix': 42179.9231, 'N_afr': 9274.77894, 'N_eur': 9328.1472, 'N_asia': 10747.52128, 'N_pol': 20048.45273, 'N_aa': 3149.78388, 'N_ooa': 7951.41156, 'N_anc': 2651.84053, 'gr': 0.03415}
2026-09-03 08:41:11,138 - INFO - logp = -114820.23955806538  (true = -115591.0846517209)
2026-09-03 08:41:11,138 - INFO - Pipeline executed succesfully.
