2026-09-03 02:36:58,683 - INFO - Beginning execution of simulate_and_fit_ARG.py in directory /home1/mahj/glike_optimize/opt_scripts

2026-09-03 02:36:58,683 - INFO - Progress is being logged to ../opt_results_glike_NH/ntree_10_rep_4_simulate_ARG.log

2026-09-03 02:36:58,683 - INFO - Parsed the following arguments:
	N_SAMPLES = 1000.0
	SEQUENCE_LENGTH = 30000000.0
	RECOMBINATION_RATE = 1e-08
	SEED = 1
	NUM_TREES = 10
	OPTIMIZER = glike
	MODEL = NH
	outprefix = ../opt_results_glike_NH/ntree_10_rep_4

2026-09-03 02:36:58,711 - INFO - Sampling 1000 individuals with ploidy 1 in population 0 (name='admix') at time 0
2026-09-03 02:36:58,716 - INFO - Starting replicate 0
2026-09-03 02:36:58,716 - INFO - model[0] {'name': 'hudson'} started at time=0 nodes=1000 edges=0
2026-09-03 02:36:58,716 - INFO - Running model {'name': 'hudson'} until max time: inf
2026-09-03 02:36:59,413 - INFO - Completed at time=24250.7 nodes=39508 edges=264883
2026-09-03 02:37:00,475 - INFO - Finished simulating ARG.
[phase from 0.0 to 19.0]
        admix
ns   0.000006
grs  0.078000

[phase from 19.0 to 411.0]
       afr    eur   asia    pol
admix  0.0  0.198  0.334  0.468
        afr       eur     asia       pol
ns   0.0001  0.000075  0.00004  0.000064
grs  0.0000  0.000000  0.00000  0.000000

[phase from 411.0 to 1040.0]
      afr  eur  asia
afr     1    0     0
eur     0    1     0
asia    0    0     1
pol     0    0     1
        afr       eur     asia
ns   0.0001  0.000075  0.00037
grs  0.0000  0.000000  0.00000

[phase from 1040.0 to 2004.0]
      afr  eur
afr     1    0
eur     0    1
asia    0    1
        afr       eur
ns   0.0001  0.000405
grs  0.0000  0.000000

[phase from 2004.0 to inf]
     A
afr  1
eur  1
            A
ns   0.000375
grs  0.000000

2026-09-03 02:37:13,814 - INFO - Starting glike optimization.
{'t1': 10, 't2': 100, 't3': 1000, 't4': 2000, 'r1': 0.25, 'r2': 0.25, 'r3': 0.25, 'N_admix': 10000, 'N_afr': 10000, 'N_eur': 10000, 'N_asia': 10000, 'N_pol': 10000, 'N_aa': 10000, 'N_ooa': 10000, 'N_anc': 10000, 'gr': 0.1} -118556.44870398355
{'t1': 10.9, 't2': 108.91, 't3': 1000, 't4': 1900.0, 'r1': 0.275, 'r2': 0.275, 'r3': 0.225, 'N_admix': 10990.0, 'N_afr': 10990.0, 'N_eur': 10000, 'N_asia': 10000, 'N_pol': 10000, 'N_aa': 10990.0, 'N_ooa': 10000, 'N_anc': 9010.0, 'gr': 0.11} -117926.9840623193
{'t1': 12.385, 't2': 123.38875, 't3': 1000, 't4': 1765.0, 'r1': 0.31625, 'r2': 0.275, 'r3': 0.19125, 'N_admix': 12623.5, 'N_afr': 12623.5, 'N_eur': 10495.0, 'N_asia': 10495.0, 'N_pol': 10495.0, 'N_aa': 12623.5, 'N_ooa': 10495.0, 'N_anc': 7673.5, 'gr': 0.1265} -117334.30648365253
{'t1': 14.94663, 't2': 147.78823, 't3': 1000, 't4': 1592.875, 'r1': 0.31625, 'r2': 0.29563, 'r3': 0.19125, 'N_admix': 15441.2875, 'N_afr': 12623.5, 'N_eur': 11274.625, 'N_asia': 11274.625, 'N_pol': 10495.0, 'N_aa': 12623.5, 'N_ooa': 9715.375, 'N_anc': 5969.4625, 'gr': 0.15496} -116774.25831506334
{'t1': 19.65362, 't2': 191.03366, 't3': 1000, 't4': 1392.77969, 'r1': 0.28067, 'r2': 0.29563, 'r3': 0.21277, 'N_admix': 20618.97203, 'N_afr': 12623.5, 'N_eur': 12531.77031, 'N_asia': 11274.625, 'N_pol': 9975.25, 'N_aa': 11214.60625, 'N_ooa': 8633.64531, 'N_anc': 3988.51891, 'gr': 0.10266} -116398.96685489219
{'t1': 19.65362, 't2': 276.72368, 't3': 980.36102, 't4': 1186.57036, 'r1': 0.28067, 'r2': 0.279, 'r3': 0.21277, 'N_admix': 30878.45804, 'N_afr': 12623.5, 'N_eur': 12531.77031, 'N_asia': 11903.19766, 'N_pol': 10715.89375, 'N_aa': 9339.01645, 'N_ooa': 7193.59266, 'N_anc': 2044.25945, 'gr': 0.05133} -116104.48464617485
{'t1': 24.31703, 't2': 402.92701, 't3': 995.82672, 't4': 1091.19854, 'r1': 0.25699, 'r2': 0.25546, 'r3': 0.21277, 'N_admix': 30878.45804, 'N_afr': 11997.325, 'N_eur': 11482.83969, 'N_asia': 12899.09246, 'N_pol': 11910.1818, 'N_aa': 7000.39041, 'N_ooa': 5398.02702, 'N_anc': 3016.38918, 'gr': 0.05133} -115439.6777685513
{'t1': 24.31703, 't2': 402.92701, 't3': 985.09739, 't4': 1038.14797, 'r1': 0.22446, 'r2': 0.25546, 'r3': 0.22341, 'N_admix': 38573.07255, 'N_afr': 11105.02563, 'N_eur': 10042.19904, 'N_asia': 14518.9776, 'N_pol': 13903.14998, 'N_aa': 4380.39843, 'N_ooa': 5398.02702, 'N_anc': 3016.38918, 'gr': 0.0385} -114996.41738482218
{'t1': 24.31703, 't2': 402.92701, 't3': 985.09739, 't4': 1038.14797, 'r1': 0.22446, 'r2': 0.25546, 'r3': 0.24017, 'N_admix': 38573.07255, 'N_afr': 9866.96025, 'N_eur': 10042.19904, 'N_asia': 14518.9776, 'N_pol': 13903.14998, 'N_aa': 4380.39843, 'N_ooa': 5398.02702, 'N_anc': 3016.38918, 'gr': 0.0385} -114980.54189023875
{'t1': 26.503, 't2': 402.92701, 't3': 985.09739, 't4': 1038.14797, 'r1': 0.20315, 'r2': 0.25546, 'r3': 0.24017, 'N_admix': 38573.07255, 'N_afr': 9866.96025, 'N_eur': 10042.19904, 'N_asia': 14518.9776, 'N_pol': 15650.11115, 'N_aa': 3310.29882, 'N_ooa': 5398.02702, 'N_anc': 2651.84053, 'gr': 0.0385} -114859.46449436784
{'t1': 26.503, 't2': 402.92701, 't3': 987.74992, 't4': 1038.14797, 'r1': 0.20315, 'r2': 0.25546, 'r3': 0.24017, 'N_admix': 38573.07255, 'N_afr': 9866.96025, 'N_eur': 10042.19904, 'N_asia': 13798.02872, 'N_pol': 15650.11115, 'N_aa': 3310.29882, 'N_ooa': 5398.02702, 'N_anc': 2651.84053, 'gr': 0.03489} -114849.62172653468
{'t1': 26.503, 't2': 402.92701, 't3': 987.74992, 't4': 1038.14797, 'r1': 0.20315, 'r2': 0.25546, 'r3': 0.24017, 'N_admix': 38573.07255, 'N_afr': 9866.96025, 'N_eur': 10042.19904, 'N_asia': 13798.02872, 'N_pol': 15650.11115, 'N_aa': 2708.36779, 'N_ooa': 5398.02702, 'N_anc': 2651.84053, 'gr': 0.03489} -114848.45640205503
{'t1': 26.503, 't2': 402.92701, 't3': 987.74992, 't4': 1038.14797, 'r1': 0.20315, 'r2': 0.25546, 'r3': 0.25218, 'N_admix': 38573.07255, 'N_afr': 9866.96025, 'N_eur': 10042.19904, 'N_asia': 13113.12728, 'N_pol': 15650.11115, 'N_aa': 2708.36779, 'N_ooa': 5398.02702, 'N_anc': 2651.84053, 'gr': 0.03489} -114838.13147492714
{'t1': 25.22785, 't2': 402.92701, 't3': 987.74992, 't4': 1038.14797, 'r1': 0.20315, 'r2': 0.25546, 'r3': 0.25218, 'N_admix': 40496.72618, 'N_afr': 9866.96025, 'N_eur': 10539.30899, 'N_asia': 13113.12728, 'N_pol': 15650.11115, 'N_aa': 2708.36779, 'N_ooa': 5398.02702, 'N_anc': 2651.84053, 'gr': 0.03489} -114833.07046265932
{'t1': 25.22785, 't2': 402.92701, 't3': 987.74992, 't4': 1038.14797, 'r1': 0.20315, 'r2': 0.25546, 'r3': 0.25218, 'N_admix': 40496.72618, 'N_afr': 9866.96025, 'N_eur': 10539.30899, 'N_asia': 13113.12728, 'N_pol': 15650.11115, 'N_aa': 2708.36779, 'N_ooa': 5398.02702, 'N_anc': 2651.84053, 'gr': 0.03489} -114833.07046265932
{'t1': 25.22785, 't2': 402.92701, 't3': 987.74992, 't4': 1038.14797, 'r1': 0.20315, 'r2': 0.25546, 'r3': 0.25218, 'N_admix': 40496.72618, 'N_afr': 9866.96025, 'N_eur': 10539.30899, 'N_asia': 13113.12728, 'N_pol': 15650.11115, 'N_aa': 2708.36779, 'N_ooa': 5398.02702, 'N_anc': 2651.84053, 'gr': 0.03489} -114833.07046265932
{'t1': 25.22785, 't2': 402.92701, 't3': 987.74992, 't4': 1038.14797, 'r1': 0.20315, 'r2': 0.25546, 'r3': 0.25218, 'N_admix': 40496.72618, 'N_afr': 9866.96025, 'N_eur': 10539.30899, 'N_asia': 13113.12728, 'N_pol': 15650.11115, 'N_aa': 2708.36779, 'N_ooa': 5398.02702, 'N_anc': 2651.84053, 'gr': 0.03489} -114833.07046265932
{'t1': 25.22785, 't2': 402.92701, 't3': 987.74992, 't4': 1038.14797, 'r1': 0.20315, 'r2': 0.25546, 'r3': 0.25218, 'N_admix': 40496.72618, 'N_afr': 9866.96025, 'N_eur': 10539.30899, 'N_asia': 13113.12728, 'N_pol': 15650.11115, 'N_aa': 2708.36779, 'N_ooa': 5398.02702, 'N_anc': 2651.84053, 'gr': 0.03489} -114833.07046265932
2026-09-03 05:50:56,338 - INFO - Finished fitting ARG.
2026-09-03 05:50:56,339 - INFO - Finished in 3h 13m 42.5s
2026-09-03 05:50:56,339 - INFO - Estimated: {'t1': 25.22785, 't2': 402.92701, 't3': 987.74992, 't4': 1038.14797, 'r1': 0.20315, 'r2': 0.25546, 'r3': 0.25218, 'N_admix': 40496.72618, 'N_afr': 9866.96025, 'N_eur': 10539.30899, 'N_asia': 13113.12728, 'N_pol': 15650.11115, 'N_aa': 2708.36779, 'N_ooa': 5398.02702, 'N_anc': 2651.84053, 'gr': 0.03489}
2026-09-03 05:50:56,339 - INFO - logp = -114833.07046265932  (true = -115558.84852383121)
2026-09-03 05:50:56,339 - INFO - Pipeline executed succesfully.
