2026-09-03 02:38:30,521 - INFO - Beginning execution of simulate_and_fit_ARG.py in directory /home1/mahj/glike_optimize/opt_scripts

2026-09-03 02:38:30,521 - INFO - Progress is being logged to ../opt_results_glike_NH/ntree_10_rep_8_simulate_ARG.log

2026-09-03 02:38:30,521 - INFO - Parsed the following arguments:
	N_SAMPLES = 1000.0
	SEQUENCE_LENGTH = 30000000.0
	RECOMBINATION_RATE = 1e-08
	SEED = 1
	NUM_TREES = 10
	OPTIMIZER = glike
	MODEL = NH
	outprefix = ../opt_results_glike_NH/ntree_10_rep_8

2026-09-03 02:38:30,549 - INFO - Sampling 1000 individuals with ploidy 1 in population 0 (name='admix') at time 0
2026-09-03 02:38:30,553 - INFO - Starting replicate 0
2026-09-03 02:38:30,554 - INFO - model[0] {'name': 'hudson'} started at time=0 nodes=1000 edges=0
2026-09-03 02:38:30,554 - INFO - Running model {'name': 'hudson'} until max time: inf
2026-09-03 02:38:31,238 - INFO - Completed at time=24250.7 nodes=39508 edges=264883
2026-09-03 02:38:32,289 - INFO - Finished simulating ARG.
[phase from 0.0 to 19.0]
        admix
ns   0.000006
grs  0.078000

[phase from 19.0 to 411.0]
       afr    eur   asia    pol
admix  0.0  0.198  0.334  0.468
        afr       eur     asia       pol
ns   0.0001  0.000075  0.00004  0.000064
grs  0.0000  0.000000  0.00000  0.000000

[phase from 411.0 to 1040.0]
      afr  eur  asia
afr     1    0     0
eur     0    1     0
asia    0    0     1
pol     0    0     1
        afr       eur     asia
ns   0.0001  0.000075  0.00037
grs  0.0000  0.000000  0.00000

[phase from 1040.0 to 2004.0]
      afr  eur
afr     1    0
eur     0    1
asia    0    1
        afr       eur
ns   0.0001  0.000405
grs  0.0000  0.000000

[phase from 2004.0 to inf]
     A
afr  1
eur  1
            A
ns   0.000375
grs  0.000000

2026-09-03 02:38:45,207 - INFO - Starting glike optimization.
{'t1': 10, 't2': 100, 't3': 1000, 't4': 2000, 'r1': 0.25, 'r2': 0.25, 'r3': 0.25, 'N_admix': 10000, 'N_afr': 10000, 'N_eur': 10000, 'N_asia': 10000, 'N_pol': 10000, 'N_aa': 10000, 'N_ooa': 10000, 'N_anc': 10000, 'gr': 0.1} -118574.17901446474
{'t1': 10.9, 't2': 108.91, 't3': 1000, 't4': 2000, 'r1': 0.275, 'r2': 0.275, 'r3': 0.225, 'N_admix': 10990.0, 'N_afr': 10990.0, 'N_eur': 10990.0, 'N_asia': 10990.0, 'N_pol': 10000, 'N_aa': 10990.0, 'N_ooa': 9010.0, 'N_anc': 9010.0, 'gr': 0.11} -117873.6900681888
{'t1': 10.9, 't2': 123.6115, 't3': 1043.81942, 't4': 2000, 'r1': 0.31625, 'r2': 0.275, 'r3': 0.225, 'N_admix': 12623.5, 'N_afr': 12623.5, 'N_eur': 12623.5, 'N_asia': 10990.0, 'N_pol': 9505.0, 'N_aa': 12623.5, 'N_ooa': 9010.0, 'N_anc': 7673.5, 'gr': 0.1265} -117325.26893012923
{'t1': 10.9, 't2': 148.97159, 't3': 1043.81942, 't4': 2000, 'r1': 0.31625, 'r2': 0.275, 'r3': 0.20813, 'N_admix': 15441.2875, 'N_afr': 12623.5, 'N_eur': 12623.5, 'N_asia': 10990.0, 'N_pol': 10210.375, 'N_aa': 12623.5, 'N_ooa': 9010.0, 'N_anc': 5969.4625, 'gr': 0.15496} -116920.25369062177
{'t1': 11.395, 't2': 195.40369, 't3': 1043.81942, 't4': 1952.19097, 'r1': 0.31625, 'r2': 0.275, 'r3': 0.20813, 'N_admix': 20618.97203, 'N_afr': 12623.5, 'N_eur': 12623.5, 'N_asia': 11534.5, 'N_pol': 10210.375, 'N_aa': 11214.60625, 'N_ooa': 9010.0, 'N_anc': 3988.51891, 'gr': 0.20726} -116592.1774692091
{'t1': 10.61538, 't2': 287.79785, 't3': 1006.01834, 't4': 2023.15392, 'r1': 0.29846, 'r2': 0.26125, 'r3': 0.21984, 'N_admix': 30878.45804, 'N_afr': 12623.5, 'N_eur': 11919.05313, 'N_asia': 12392.0875, 'N_pol': 10779.08359, 'N_aa': 9339.01645, 'N_ooa': 9010.0, 'N_anc': 2044.25945, 'gr': 0.10363} -116340.66985140838
{'t1': 11.69711, 't2': 425.84822, 't3': 1006.01834, 't4': 1908.72617, 'r1': 0.27328, 'r2': 0.24166, 'r3': 0.23839, 'N_admix': 46267.68706, 'N_afr': 11997.325, 'N_eur': 10921.82052, 'N_asia': 13774.94734, 'N_pol': 11680.13127, 'N_aa': 7000.39041, 'N_ooa': 9010.0, 'N_anc': 3016.38918, 'gr': 0.10363} -116015.14665992161
{'t1': 13.50225, 't2': 425.84822, 't3': 1006.01834, 't4': 1756.39422, 'r1': 0.23869, 'r2': 0.24166, 'r3': 0.26856, 'N_admix': 46267.68706, 'N_afr': 11105.02563, 'N_eur': 9552.18386, 'N_asia': 16082.5947, 'N_pol': 11680.13127, 'N_aa': 4380.39843, 'N_ooa': 8564.5, 'N_anc': 3016.38918, 'gr': 0.07772} -115657.88187097257
{'t1': 13.50225, 't2': 425.84822, 't3': 1035.02685, 't4': 1573.7981, 'r1': 0.19338, 'r2': 0.22807, 'r3': 0.31954, 'N_admix': 46267.68706, 'N_afr': 9866.96025, 'N_eur': 9552.18386, 'N_asia': 16082.5947, 'N_pol': 12412.93645, 'N_aa': 4380.39843, 'N_ooa': 7929.6625, 'N_anc': 3016.38918, 'gr': 0.07772} -115542.63657672977
{'t1': 13.50225, 't2': 425.84822, 't3': 1035.02685, 't4': 1369.23339, 'r1': 0.13831, 'r2': 0.20883, 'r3': 0.31954, 'N_admix': 46267.68706, 'N_afr': 8218.78571, 'N_eur': 9552.18386, 'N_asia': 18105.39184, 'N_pol': 13581.70346, 'N_aa': 4380.39843, 'N_ooa': 7929.6625, 'N_anc': 2651.84053, 'gr': 0.06315} -115393.52613289736
{'t1': 13.50225, 't2': 425.84822, 't3': 1035.02685, 't4': 1369.23339, 'r1': 0.13831, 'r2': 0.20883, 'r3': 0.31954, 'N_admix': 49153.1675, 'N_afr': 8218.78571, 'N_eur': 9079.57467, 'N_asia': 18105.39184, 'N_pol': 13581.70346, 'N_aa': 3845.34863, 'N_ooa': 7929.6625, 'N_anc': 2651.84053, 'gr': 0.06315} -115368.50473916417
{'t1': 14.12736, 't2': 405.26218, 't3': 1051.73718, 't4': 1369.23339, 'r1': 0.16785, 'r2': 0.19561, 'r3': 0.34229, 'N_admix': 53751.90195, 'N_afr': 8218.78571, 'N_eur': 9079.57467, 'N_asia': 18105.39184, 'N_pol': 13581.70346, 'N_aa': 3845.34863, 'N_ooa': 8321.14563, 'N_anc': 2651.84053, 'gr': 0.05427} -114955.10118176424
{'t1': 14.12736, 't2': 405.26218, 't3': 1051.73718, 't4': 1369.23339, 'r1': 0.16785, 'r2': 0.19561, 'r3': 0.34229, 'N_admix': 53751.90195, 'N_afr': 8218.78571, 'N_eur': 8630.59594, 'N_asia': 18105.39184, 'N_pol': 13581.70346, 'N_aa': 3845.34863, 'N_ooa': 8321.14563, 'N_anc': 2779.43256, 'gr': 0.04282} -114941.59714729841
{'t1': 14.78373, 't2': 405.26218, 't3': 1051.73718, 't4': 1369.23339, 'r1': 0.16785, 'r2': 0.18583, 'r3': 0.34229, 'N_admix': 57003.72134, 'N_afr': 8218.78571, 'N_eur': 8630.59594, 'N_asia': 18105.39184, 'N_pol': 13581.70346, 'N_aa': 3845.34863, 'N_ooa': 8321.14563, 'N_anc': 2779.43256, 'gr': 0.04282} -114919.16497066444
{'t1': 13.74995, 't2': 405.26218, 't3': 1051.73718, 't4': 1369.23339, 'r1': 0.16785, 'r2': 0.18583, 'r3': 0.34229, 'N_admix': 61538.4851, 'N_afr': 8218.78571, 'N_eur': 8630.59594, 'N_asia': 18105.39184, 'N_pol': 13581.70346, 'N_aa': 3845.34863, 'N_ooa': 8321.14563, 'N_anc': 2779.43256, 'gr': 0.03605} -114915.66319263188
{'t1': 15.18432, 't2': 405.26218, 't3': 1051.73718, 't4': 1369.23339, 'r1': 0.16785, 'r2': 0.17654, 'r3': 0.3594, 'N_admix': 55453.75325, 'N_afr': 8218.78571, 'N_eur': 8630.59594, 'N_asia': 18105.39184, 'N_pol': 13581.70346, 'N_aa': 3845.34863, 'N_ooa': 8321.14563, 'N_anc': 2779.43256, 'gr': 0.03605} -114889.86059945465
{'t1': 15.18432, 't2': 405.26218, 't3': 1051.73718, 't4': 1369.23339, 'r1': 0.16785, 'r2': 0.17654, 'r3': 0.3594, 'N_admix': 55453.75325, 'N_afr': 8218.78571, 'N_eur': 8630.59594, 'N_asia': 18105.39184, 'N_pol': 13581.70346, 'N_aa': 3845.34863, 'N_ooa': 8321.14563, 'N_anc': 2779.43256, 'gr': 0.04033} -114889.51344637739
{'t1': 15.18432, 't2': 405.26218, 't3': 1051.73718, 't4': 1369.23339, 'r1': 0.16785, 'r2': 0.17654, 'r3': 0.3594, 'N_admix': 55453.75325, 'N_afr': 8218.78571, 'N_eur': 8630.59594, 'N_asia': 18105.39184, 'N_pol': 13581.70346, 'N_aa': 3845.34863, 'N_ooa': 8321.14563, 'N_anc': 2779.43256, 'gr': 0.04033} -114889.51344637739
{'t1': 15.18432, 't2': 405.26218, 't3': 1051.73718, 't4': 1369.23339, 'r1': 0.16785, 'r2': 0.17654, 'r3': 0.3594, 'N_admix': 55453.75325, 'N_afr': 8218.78571, 'N_eur': 8630.59594, 'N_asia': 18105.39184, 'N_pol': 13581.70346, 'N_aa': 3845.34863, 'N_ooa': 8321.14563, 'N_anc': 2779.43256, 'gr': 0.04033} -114889.51344637739
{'t1': 15.18432, 't2': 405.26218, 't3': 1051.73718, 't4': 1369.23339, 'r1': 0.16785, 'r2': 0.17654, 'r3': 0.3594, 'N_admix': 55453.75325, 'N_afr': 8218.78571, 'N_eur': 8630.59594, 'N_asia': 18105.39184, 'N_pol': 13581.70346, 'N_aa': 3845.34863, 'N_ooa': 8321.14563, 'N_anc': 2779.43256, 'gr': 0.04033} -114889.51344637739
{'t1': 15.18432, 't2': 405.26218, 't3': 1051.73718, 't4': 1369.23339, 'r1': 0.16785, 'r2': 0.17654, 'r3': 0.3594, 'N_admix': 55453.75325, 'N_afr': 8218.78571, 'N_eur': 8630.59594, 'N_asia': 18105.39184, 'N_pol': 13581.70346, 'N_aa': 3845.34863, 'N_ooa': 8321.14563, 'N_anc': 2779.43256, 'gr': 0.04033} -114889.51344637739
2026-09-03 06:34:51,251 - INFO - Finished fitting ARG.
2026-09-03 06:34:51,251 - INFO - Finished in 3h 56m 6.0s
2026-09-03 06:34:51,251 - INFO - Estimated: {'t1': 15.18432, 't2': 405.26218, 't3': 1051.73718, 't4': 1369.23339, 'r1': 0.16785, 'r2': 0.17654, 'r3': 0.3594, 'N_admix': 55453.75325, 'N_afr': 8218.78571, 'N_eur': 8630.59594, 'N_asia': 18105.39184, 'N_pol': 13581.70346, 'N_aa': 3845.34863, 'N_ooa': 8321.14563, 'N_anc': 2779.43256, 'gr': 0.04033}
2026-09-03 06:34:51,251 - INFO - logp = -114889.51344637739  (true = -115578.69338916543)
2026-09-03 06:34:51,251 - INFO - Pipeline executed succesfully.
