2026-09-03 02:36:57,321 - INFO - Beginning execution of simulate_and_fit_ARG.py in directory /home1/mahj/glike_optimize/opt_scripts

2026-09-03 02:36:57,321 - INFO - Progress is being logged to ../opt_results_glike_NH/ntree_10_rep_2_simulate_ARG.log

2026-09-03 02:36:57,321 - INFO - Parsed the following arguments:
	N_SAMPLES = 1000.0
	SEQUENCE_LENGTH = 30000000.0
	RECOMBINATION_RATE = 1e-08
	SEED = 1
	NUM_TREES = 10
	OPTIMIZER = glike
	MODEL = NH
	outprefix = ../opt_results_glike_NH/ntree_10_rep_2

2026-09-03 02:36:57,349 - INFO - Sampling 1000 individuals with ploidy 1 in population 0 (name='admix') at time 0
2026-09-03 02:36:57,354 - INFO - Starting replicate 0
2026-09-03 02:36:57,355 - INFO - model[0] {'name': 'hudson'} started at time=0 nodes=1000 edges=0
2026-09-03 02:36:57,355 - INFO - Running model {'name': 'hudson'} until max time: inf
2026-09-03 02:36:58,065 - INFO - Completed at time=24250.7 nodes=39508 edges=264883
2026-09-03 02:36:59,115 - INFO - Finished simulating ARG.
[phase from 0.0 to 19.0]
        admix
ns   0.000006
grs  0.078000

[phase from 19.0 to 411.0]
       afr    eur   asia    pol
admix  0.0  0.198  0.334  0.468
        afr       eur     asia       pol
ns   0.0001  0.000075  0.00004  0.000064
grs  0.0000  0.000000  0.00000  0.000000

[phase from 411.0 to 1040.0]
      afr  eur  asia
afr     1    0     0
eur     0    1     0
asia    0    0     1
pol     0    0     1
        afr       eur     asia
ns   0.0001  0.000075  0.00037
grs  0.0000  0.000000  0.00000

[phase from 1040.0 to 2004.0]
      afr  eur
afr     1    0
eur     0    1
asia    0    1
        afr       eur
ns   0.0001  0.000405
grs  0.0000  0.000000

[phase from 2004.0 to inf]
     A
afr  1
eur  1
            A
ns   0.000375
grs  0.000000

2026-09-03 02:37:12,358 - INFO - Starting glike optimization.
{'t1': 10, 't2': 100, 't3': 1000, 't4': 2000, 'r1': 0.25, 'r2': 0.25, 'r3': 0.25, 'N_admix': 10000, 'N_afr': 10000, 'N_eur': 10000, 'N_asia': 10000, 'N_pol': 10000, 'N_aa': 10000, 'N_ooa': 10000, 'N_anc': 10000, 'gr': 0.1} -118566.2132531002
{'t1': 10.9, 't2': 108.91, 't3': 1000, 't4': 1900.0, 'r1': 0.275, 'r2': 0.275, 'r3': 0.225, 'N_admix': 10990.0, 'N_afr': 10990.0, 'N_eur': 10000, 'N_asia': 10990.0, 'N_pol': 10000, 'N_aa': 10990.0, 'N_ooa': 9010.0, 'N_anc': 9010.0, 'gr': 0.11} -117935.51178871772
{'t1': 12.385, 't2': 123.38875, 't3': 1000, 't4': 1765.0, 'r1': 0.31625, 'r2': 0.275, 'r3': 0.225, 'N_admix': 12623.5, 'N_afr': 12623.5, 'N_eur': 10495.0, 'N_asia': 10990.0, 'N_pol': 9505.0, 'N_aa': 12623.5, 'N_ooa': 9010.0, 'N_anc': 7673.5, 'gr': 0.1265} -117308.5703290945
{'t1': 14.94663, 't2': 147.78823, 't3': 1000, 't4': 1592.875, 'r1': 0.31625, 'r2': 0.25438, 'r3': 0.20813, 'N_admix': 15441.2875, 'N_afr': 12623.5, 'N_eur': 10495.0, 'N_asia': 10990.0, 'N_pol': 10210.375, 'N_aa': 12623.5, 'N_ooa': 9010.0, 'N_anc': 5969.4625, 'gr': 0.15496} -116759.16578197727
{'t1': 19.65362, 't2': 191.03366, 't3': 1000, 't4': 1392.77969, 'r1': 0.31625, 'r2': 0.25438, 'r3': 0.20813, 'N_admix': 20618.97203, 'N_afr': 12623.5, 'N_eur': 11014.75, 'N_asia': 10445.5, 'N_pol': 11347.79219, 'N_aa': 12623.5, 'N_ooa': 8564.5, 'N_anc': 3988.51891, 'gr': 0.10266} -116413.5204247081
{'t1': 19.65362, 't2': 276.72368, 't3': 1000, 't4': 1196.38985, 'r1': 0.29846, 'r2': 0.26869, 'r3': 0.20813, 'N_admix': 30878.45804, 'N_afr': 12623.5, 'N_eur': 11014.75, 'N_asia': 11221.4125, 'N_pol': 11347.79219, 'N_aa': 11919.05313, 'N_ooa': 7929.6625, 'N_anc': 2044.25945, 'gr': 0.05133} -116180.32616568789
{'t1': 24.31703, 't2': 402.92701, 't3': 990.18051, 't4': 1093.28518, 'r1': 0.27328, 'r2': 0.24602, 'r3': 0.21854, 'N_admix': 30878.45804, 'N_afr': 12623.5, 'N_eur': 11560.4875, 'N_asia': 12472.57141, 'N_pol': 12296.82466, 'N_aa': 10921.82052, 'N_ooa': 7048.82547, 'N_anc': 3016.38918, 'gr': 0.05133} -115745.35482031835
{'t1': 24.31703, 't2': 402.92701, 't3': 990.18051, 't4': 1041.73284, 'r1': 0.23869, 'r2': 0.24602, 'r3': 0.23493, 'N_admix': 38573.07255, 'N_afr': 11997.325, 'N_eur': 10700.95094, 'N_asia': 12472.57141, 'N_pol': 13840.48528, 'N_aa': 9552.18386, 'N_ooa': 5876.21117, 'N_anc': 3016.38918, 'gr': 0.0385} -115485.2273110056
{'t1': 24.31703, 't2': 402.92701, 't3': 992.75813, 't4': 1041.73284, 'r1': 0.19338, 'r2': 0.24602, 'r3': 0.26136, 'N_admix': 38573.07255, 'N_afr': 11105.02563, 'N_eur': 10700.95094, 'N_asia': 13516.50712, 'N_pol': 16449.03053, 'N_aa': 7757.74583, 'N_ooa': 5876.21117, 'N_anc': 3016.38918, 'gr': 0.0385} -115242.13570676427
{'t1': 26.503, 't2': 402.92701, 't3': 996.43123, 't4': 1041.73284, 'r1': 0.13831, 'r2': 0.23372, 'r3': 0.30546, 'N_admix': 38573.07255, 'N_afr': 9866.96025, 'N_eur': 10104.64745, 'N_asia': 15214.5338, 'N_pol': 16449.03053, 'N_aa': 5577.08305, 'N_ooa': 5876.21117, 'N_anc': 2651.84053, 'gr': 0.0385} -114990.35533067105
{'t1': 22.91664, 't2': 402.92701, 't3': 991.3348, 't4': 1041.73284, 'r1': 0.13831, 'r2': 0.23372, 'r3': 0.30546, 'N_admix': 42179.9231, 'N_afr': 9866.96025, 'N_eur': 9260.50532, 'N_asia': 15214.5338, 'N_pol': 16449.03053, 'N_aa': 3237.55558, 'N_ooa': 5876.21117, 'N_anc': 2651.84053, 'gr': 0.0385} -114886.31884675918
{'t1': 22.91664, 't2': 402.92701, 't3': 991.3348, 't4': 1041.73284, 'r1': 0.13831, 'r2': 0.23372, 'r3': 0.30546, 'N_admix': 42179.9231, 'N_afr': 9866.96025, 'N_eur': 9260.50532, 'N_asia': 15214.5338, 'N_pol': 15285.12006, 'N_aa': 3237.55558, 'N_ooa': 5876.21117, 'N_anc': 2651.84053, 'gr': 0.0385} -114884.04874134109
{'t1': 20.60512, 't2': 402.92701, 't3': 991.3348, 't4': 1041.73284, 'r1': 0.13831, 'r2': 0.23372, 'r3': 0.28613, 'N_admix': 45138.66769, 'N_afr': 9866.96025, 'N_eur': 9260.50532, 'N_asia': 15214.5338, 'N_pol': 15285.12006, 'N_aa': 3237.55558, 'N_ooa': 5876.21117, 'N_anc': 2651.84053, 'gr': 0.0385} -114846.63668902795
{'t1': 20.60512, 't2': 402.92701, 't3': 991.3348, 't4': 1041.73284, 'r1': 0.13831, 'r2': 0.23372, 'r3': 0.28613, 'N_admix': 45138.66769, 'N_afr': 9866.96025, 'N_eur': 9718.53059, 'N_asia': 15214.5338, 'N_pol': 15285.12006, 'N_aa': 3237.55558, 'N_ooa': 5876.21117, 'N_anc': 2651.84053, 'gr': 0.0385} -114841.6276456171
{'t1': 22.15592, 't2': 402.92701, 't3': 991.3348, 't4': 1041.73284, 'r1': 0.13831, 'r2': 0.23372, 'r3': 0.28613, 'N_admix': 42763.5817, 'N_afr': 9866.96025, 'N_eur': 10439.92038, 'N_asia': 15214.5338, 'N_pol': 16044.37606, 'N_aa': 3237.55558, 'N_ooa': 5876.21117, 'N_anc': 2651.84053, 'gr': 0.0385} -114783.47629126454
{'t1': 22.15592, 't2': 402.92701, 't3': 991.3348, 't4': 1041.73284, 'r1': 0.13831, 'r2': 0.23372, 'r3': 0.28613, 'N_admix': 42763.5817, 'N_afr': 9866.96025, 'N_eur': 10439.92038, 'N_asia': 14458.80711, 'N_pol': 17240.20426, 'N_aa': 3080.6778, 'N_ooa': 5876.21117, 'N_anc': 2651.84053, 'gr': 0.0385} -114776.43537557963
{'t1': 22.15592, 't2': 402.92701, 't3': 991.3348, 't4': 1041.73284, 'r1': 0.13831, 'r2': 0.23372, 'r3': 0.28613, 'N_admix': 42763.5817, 'N_afr': 9866.96025, 'N_eur': 10439.92038, 'N_asia': 14458.80711, 'N_pol': 15311.93128, 'N_aa': 3080.6778, 'N_ooa': 5876.21117, 'N_anc': 2651.84053, 'gr': 0.0385} -114776.03229822793
{'t1': 22.15592, 't2': 402.92701, 't3': 991.3348, 't4': 1041.73284, 'r1': 0.13831, 'r2': 0.23372, 'r3': 0.28613, 'N_admix': 42763.5817, 'N_afr': 9866.96025, 'N_eur': 10439.92038, 'N_asia': 15176.74747, 'N_pol': 15311.93128, 'N_aa': 3080.6778, 'N_ooa': 5876.21117, 'N_anc': 2651.84053, 'gr': 0.0385} -114774.2311582231
{'t1': 22.15592, 't2': 402.92701, 't3': 991.3348, 't4': 1041.73284, 'r1': 0.13831, 'r2': 0.23372, 'r3': 0.28613, 'N_admix': 42763.5817, 'N_afr': 9866.96025, 'N_eur': 10439.92038, 'N_asia': 15176.74747, 'N_pol': 15311.93128, 'N_aa': 3080.6778, 'N_ooa': 5876.21117, 'N_anc': 2651.84053, 'gr': 0.0385} -114774.2311582231
{'t1': 22.15592, 't2': 402.92701, 't3': 991.3348, 't4': 1041.73284, 'r1': 0.13831, 'r2': 0.23372, 'r3': 0.28613, 'N_admix': 42763.5817, 'N_afr': 9866.96025, 'N_eur': 10439.92038, 'N_asia': 15176.74747, 'N_pol': 16072.52784, 'N_aa': 3080.6778, 'N_ooa': 5876.21117, 'N_anc': 2651.84053, 'gr': 0.0385} -114773.24708037001
{'t1': 22.15592, 't2': 402.92701, 't3': 991.3348, 't4': 1041.73284, 'r1': 0.13831, 'r2': 0.23372, 'r3': 0.28613, 'N_admix': 42763.5817, 'N_afr': 9866.96025, 'N_eur': 10439.92038, 'N_asia': 15176.74747, 'N_pol': 16072.52784, 'N_aa': 3080.6778, 'N_ooa': 5876.21117, 'N_anc': 2651.84053, 'gr': 0.0385} -114773.24708037001
2026-09-03 06:25:39,899 - INFO - Finished fitting ARG.
2026-09-03 06:25:39,900 - INFO - Finished in 3h 48m 27.5s
2026-09-03 06:25:39,900 - INFO - Estimated: {'t1': 22.15592, 't2': 402.92701, 't3': 991.3348, 't4': 1041.73284, 'r1': 0.13831, 'r2': 0.23372, 'r3': 0.28613, 'N_admix': 42763.5817, 'N_afr': 9866.96025, 'N_eur': 10439.92038, 'N_asia': 15176.74747, 'N_pol': 16072.52784, 'N_aa': 3080.6778, 'N_ooa': 5876.21117, 'N_anc': 2651.84053, 'gr': 0.0385}
2026-09-03 06:25:39,900 - INFO - logp = -114773.24708037001  (true = -115576.87637902456)
2026-09-03 06:25:39,900 - INFO - Pipeline executed succesfully.
