2026-09-03 02:21:26,694 - INFO - Beginning execution of simulate_and_fit_ARG.py in directory /home1/mahj/glike_optimize/opt_scripts

2026-09-03 02:21:26,695 - INFO - Progress is being logged to ../opt_results_glike_3G09_no_m1/ntree_10_rep_14_simulate_ARG.log

2026-09-03 02:21:26,695 - INFO - Parsed the following arguments:
	N_SAMPLES = 1000.0
	SEQUENCE_LENGTH = 30000000.0
	RECOMBINATION_RATE = 1e-08
	SEED = 1
	NUM_TREES = 10
	OPTIMIZER = glike
	MODEL = 3G09
	outprefix = ../opt_results_glike_3G09_no_m1/ntree_10_rep_14

2026-09-03 02:21:26,734 - INFO - Sampling 1000 individuals with ploidy 1 in population 1 (name='ceu') at time 0
2026-09-03 02:21:26,738 - INFO - Starting replicate 0
2026-09-03 02:21:26,738 - INFO - model[0] {'name': 'hudson'} started at time=0 nodes=1000 edges=0
2026-09-03 02:21:26,738 - INFO - Running model {'name': 'hudson'} until max time: inf
2026-09-03 02:21:27,621 - INFO - Completed at time=130012 nodes=28005 edges=152908
2026-09-03 02:21:28,255 - INFO - Finished simulating ARG.
[phase from 0.0 to 30.0]
        yri     ceu     nea
ns   0.0001  0.0001  0.0001
grs  0.0000  0.0000  0.0000

[phase from 30.0 to 50.0]
        yri     ceu     nea
ns   0.0001  0.0001  0.0001
grs  0.0000  0.0000  0.0000

[phase from 50.0 to 73.95]
        yri     ceu     nea
ns   0.0001  0.0001  0.0001
grs  0.0000  0.0000  0.0000

[phase from 73.95 to 290.0]
     yri  nea
yri    1    0
ceu    1    0
nea    0    1
        yri     nea
ns   0.0001  0.0001
grs  0.0000  0.0000

[phase from 290.0 to inf]
     yri
yri    1
nea    1
        yri
ns   0.0001
grs  0.0000

2026-09-03 02:21:48,506 - INFO - Starting glike optimization.
{'t1': 10, 't2': 50, 't3': 100, 't4': 300, 'N_yri': 10000, 'N_ceu': 10000, 'N_nea': 10000, 'm1': 0.0} -94751.06204833224
{'t1': 10, 't2': 54.0, 't3': 100, 't4': 280.0, 'N_yri': 9010.0, 'N_ceu': 9010.0, 'N_nea': 9010.0, 'm1': 0.0} -94131.96130880121
{'t1': 10, 't2': 47.4, 't3': 97.37, 't4': 252.6055, 'N_yri': 7673.5, 'N_ceu': 7673.5, 'N_nea': 7673.5, 'm1': 1e-05} -93263.34240250115
{'t1': 9.55, 't2': 38.88375, 't3': 92.98353, 't4': 216.69056, 'N_yri': 5969.4625, 'N_ceu': 5969.4625, 'N_nea': 5969.4625, 'm1': 0.0} -92235.11725681373
{'t1': 9.55, 't2': 48.78389, 't3': 97.95599, 't4': 256.76348, 'N_yri': 3988.51891, 'N_ceu': 3988.51891, 'N_nea': 3988.51891, 'm1': 0.0} -91489.26959765231
{'t1': 9.55, 't2': 48.78389, 't3': 106.25378, 't4': 256.76348, 'N_yri': 5932.77837, 'N_ceu': 2044.25945, 'N_nea': 3988.51891, 'm1': 1e-05} -91318.51326625676
{'t1': 9.9775, 't2': 48.78389, 't3': 120.80085, 't4': 256.76348, 'N_yri': 5932.77837, 'N_ceu': 2044.25945, 'N_nea': 3988.51891, 'm1': 1e-05} -91279.36367080596
{'t1': 9.9775, 't2': 48.78389, 't3': 120.80085, 't4': 256.76348, 'N_yri': 5932.77837, 'N_ceu': 2530.32431, 'N_nea': 3502.45405, 'm1': 1e-05} -91215.51298065578
{'t1': 10.42637, 't2': 48.78389, 't3': 107.12888, 't4': 256.76348, 'N_yri': 5203.68107, 'N_ceu': 2530.32431, 'N_nea': 3502.45405, 'm1': 1e-05} -91166.1243824363
{'t1': 9.71939, 't2': 48.78389, 't3': 107.12888, 't4': 256.76348, 'N_yri': 5203.68107, 'N_ceu': 2530.32431, 'N_nea': 3183.47398, 'm1': 1e-05} -91154.73220350241
{'t1': 8.73846, 't2': 48.78389, 't3': 107.12888, 't4': 256.76348, 'N_yri': 5203.68107, 'N_ceu': 2530.32431, 'N_nea': 3183.47398, 'm1': 1e-05} -91153.04112563092
{'t1': 8.73846, 't2': 48.78389, 't3': 107.12888, 't4': 256.76348, 'N_yri': 5203.68107, 'N_ceu': 2651.84053, 'N_nea': 3183.47398, 'm1': 1e-05} -91149.57885922262
{'t1': 8.73846, 't2': 48.78389, 't3': 107.12888, 't4': 256.76348, 'N_yri': 5203.68107, 'N_ceu': 2651.84053, 'N_nea': 3183.47398, 'm1': 1e-05} -91149.57885922262
{'t1': 8.73846, 't2': 48.78389, 't3': 107.12888, 't4': 256.76348, 'N_yri': 5203.68107, 'N_ceu': 2651.84053, 'N_nea': 3183.47398, 'm1': 1e-05} -91149.57885922262
{'t1': 8.73846, 't2': 48.78389, 't3': 107.12888, 't4': 256.76348, 'N_yri': 5203.68107, 'N_ceu': 2651.84053, 'N_nea': 3183.47398, 'm1': 1e-05} -91149.57885922262
{'t1': 8.73846, 't2': 48.78389, 't3': 107.12888, 't4': 256.76348, 'N_yri': 5203.68107, 'N_ceu': 2651.84053, 'N_nea': 3183.47398, 'm1': 1e-05} -91149.57885922262
2026-09-03 04:01:46,484 - INFO - Finished fitting ARG.
2026-09-03 04:01:46,485 - INFO - Finished in 1h 39m 58.0s
2026-09-03 04:01:46,485 - INFO - Estimated: {'t1': 8.73846, 't2': 48.78389, 't3': 107.12888, 't4': 256.76348, 'N_yri': 5203.68107, 'N_ceu': 2651.84053, 'N_nea': 3183.47398, 'm1': 1e-05}
2026-09-03 04:01:46,485 - INFO - logp = -91149.57885922262  (true = -94794.18609681145)
2026-09-03 04:01:46,485 - INFO - Pipeline executed succesfully.
