2026-08-19 16:09:23,842 - INFO - Beginning execution of simulate_and_fit_ARG.py in directory /home1/mahj/glike_optimize/opt_scripts

2026-08-19 16:09:23,842 - INFO - Progress is being logged to ../opt_results_glike_arbitrary_rep/ntree_1_rep_5_simulate_ARG.log

2026-08-19 16:09:23,842 - INFO - Parsed the following arguments:
	N_SAMPLES = 1000.0
	SEQUENCE_LENGTH = 30000000.0
	RECOMBINATION_RATE = 1e-08
	SEED = 1
	NUM_TREES = 1
	OPTIMIZER = glike
	outprefix = ../opt_results_glike_arbitrary_rep/ntree_1_rep_5

2026-08-19 16:09:23,869 - INFO - Sampling 1000 individuals with ploidy 1 in population 0 (name='admix') at time 0
2026-08-19 16:09:23,876 - INFO - Starting replicate 0
2026-08-19 16:09:23,876 - INFO - model[0] {'name': 'hudson'} started at time=0 nodes=1000 edges=0
2026-08-19 16:09:23,876 - INFO - Running model {'name': 'hudson'} until max time: inf
2026-08-19 16:09:24,561 - INFO - Completed at time=24250.7 nodes=39508 edges=264883
2026-08-19 16:09:24,784 - INFO - Finished simulating ARG.
2026-08-19 16:09:40,391 - INFO - Starting glike optimization.
[phase from 0.0 to 19.0]
        admix
ns   0.000006
grs  0.078000

[phase from 19.0 to 411.0]
       afr    eur   asia    pol
admix  0.0  0.198  0.334  0.468
        afr       eur     asia       pol
ns   0.0001  0.000075  0.00004  0.000064
grs  0.0000  0.000000  0.00000  0.000000

[phase from 411.0 to 1040.0]
      afr  eur  asia
afr     1    0     0
eur     0    1     0
asia    0    0     1
pol     0    0     1
        afr       eur     asia
ns   0.0001  0.000075  0.00037
grs  0.0000  0.000000  0.00000

[phase from 1040.0 to 2004.0]
      afr  eur
afr     1    0
eur     0    1
asia    0    1
        afr       eur
ns   0.0001  0.000405
grs  0.0000  0.000000

[phase from 2004.0 to inf]
     A
afr  1
eur  1
            A
ns   0.000375
grs  0.000000

{'t1': 10, 't2': 100, 't3': 1000, 't4': 2000, 'r1': 0.25, 'r2': 0.25, 'r3': 0.25, 'N_admix': 10000, 'N_afr': 10000, 'N_eur': 10000, 'N_asia': 10000, 'N_pol': 10000, 'N_aa': 10000, 'N_ooa': 10000, 'N_anc': 10000, 'gr': 0.1} -11830.19178317918
{'t1': 9.1, 't2': 100, 't3': 910.0, 't4': 2109.0, 'r1': 0.275, 'r2': 0.275, 'r3': 0.225, 'N_admix': 10990.0, 'N_afr': 10990.0, 'N_eur': 10990.0, 'N_asia': 9010.0, 'N_pol': 10990.0, 'N_aa': 10990.0, 'N_ooa': 10000, 'N_anc': 9010.0, 'gr': 0.11} -11774.843532220362
{'t1': 10.315, 't2': 104.48425, 't3': 789.17264, 't4': 1911.0259, 'r1': 0.275, 'r2': 0.31625, 'r3': 0.19125, 'N_admix': 12623.5, 'N_afr': 12623.5, 'N_eur': 12623.5, 'N_asia': 9010.0, 'N_pol': 12623.5, 'N_aa': 12623.5, 'N_ooa': 10495.0, 'N_anc': 9010.0, 'gr': 0.1265} -11719.058523146696
{'t1': 10.315, 't2': 104.48425, 't3': 635.11775, 't4': 1623.94657, 'r1': 0.275, 'r2': 0.31625, 'r3': 0.23428, 'N_admix': 15441.2875, 'N_afr': 12623.5, 'N_eur': 15441.2875, 'N_asia': 9678.25, 'N_pol': 9805.7125, 'N_aa': 15441.2875, 'N_ooa': 9715.375, 'N_anc': 8341.75, 'gr': 0.15496} -11674.194158510843
{'t1': 10.315, 't2': 99.77579, 't3': 454.43984, 't4': 1229.23805, 'r1': 0.275, 'r2': 0.35183, 'r3': 0.15521, 'N_admix': 20618.97203, 'N_afr': 14032.39375, 'N_eur': 15441.2875, 'N_asia': 9678.25, 'N_pol': 9805.7125, 'N_aa': 15441.2875, 'N_ooa': 8633.64531, 'N_anc': 8341.75, 'gr': 0.20726} -11623.327095507768
{'t1': 9.79103, 't2': 106.52465, 't3': 454.43984, 't4': 841.83894, 'r1': 0.275, 'r2': 0.35183, 'r3': 0.15521, 'N_admix': 30878.45804, 'N_afr': 14032.39375, 'N_eur': 15441.2875, 'N_asia': 9139.47344, 'N_pol': 9805.7125, 'N_aa': 15441.2875, 'N_ooa': 7193.59266, 'N_anc': 8341.75, 'gr': 0.20726} -11601.56966100051
{'t1': 9.04929, 't2': 95.55867, 't3': 364.71955, 't4': 841.83894, 'r1': 0.28875, 'r2': 0.35183, 'r3': 0.15521, 'N_admix': 46267.68706, 'N_afr': 15207.93947, 'N_eur': 16735.70863, 'N_asia': 9902.17901, 'N_pol': 10624.63199, 'N_aa': 15441.2875, 'N_ooa': 7193.59266, 'N_anc': 8341.75, 'gr': 0.15544} -11557.802839574353
{'t1': 10.06803, 't2': 109.98522, 't3': 364.71955, 't4': 961.11879, 'r1': 0.31041, 'r2': 0.35183, 'r3': 0.13581, 'N_admix': 46267.68706, 'N_afr': 17120.03806, 'N_eur': 16735.70863, 'N_asia': 9902.17901, 'N_pol': 9292.60825, 'N_aa': 14674.22313, 'N_ooa': 6295.80984, 'N_anc': 8341.75, 'gr': 0.15544} -11549.733701500683
{'t1': 8.34652, 't2': 109.98522, 't3': 412.48224, 't4': 961.11879, 'r1': 0.27549, 'r2': 0.35183, 'r3': 0.16127, 'N_admix': 57809.60882, 'N_afr': 13888.89021, 'N_eur': 16735.70863, 'N_asia': 10522.47315, 'N_pol': 11037.76747, 'N_aa': 14674.22313, 'N_ooa': 5119.57407, 'N_anc': 8753.8375, 'gr': 0.12629} -11490.647282908849
{'t1': 8.34652, 't2': 122.84887, 't3': 412.48224, 't4': 1063.98814, 'r1': 0.27549, 'r2': 0.36942, 'r3': 0.16127, 'N_admix': 41988.21213, 'N_afr': 13888.89021, 'N_eur': 15903.9232, 'N_asia': 9533.15246, 'N_pol': 11037.76747, 'N_aa': 14674.22313, 'N_ooa': 3690.17192, 'N_anc': 8104.79969, 'gr': 0.09077} -11481.607908444626
{'t1': 8.34652, 't2': 122.84887, 't3': 412.48224, 't4': 1063.98814, 'r1': 0.25225, 'r2': 0.36942, 'r3': 0.13859, 'N_admix': 62932.31819, 'N_afr': 13888.89021, 'N_eur': 17089.21744, 'N_asia': 9533.15246, 'N_pol': 11037.76747, 'N_aa': 13945.51197, 'N_ooa': 3690.17192, 'N_anc': 8104.79969, 'gr': 0.12906} -11480.558267058397
{'t1': 8.86953, 't2': 112.02974, 't3': 412.48224, 't4': 1155.60616, 'r1': 0.25225, 'r2': 0.38789, 'r3': 0.13859, 'N_admix': 62932.31819, 'N_afr': 12907.23973, 'N_eur': 19000.5044, 'N_asia': 9533.15246, 'N_pol': 11037.76747, 'N_aa': 13945.51197, 'N_ooa': 2923.40376, 'N_anc': 7654.52971, 'gr': 0.12906} -11482.87841621233
{'t1': 8.86953, 't2': 97.3415, 't3': 412.48224, 't4': 1155.60616, 'r1': 0.25225, 'r2': 0.38789, 'r3': 0.15321, 'N_admix': 62932.31819, 'N_afr': 12907.23973, 'N_eur': 22189.96452, 'N_asia': 9533.15246, 'N_pol': 11037.76747, 'N_aa': 14637.78757, 'N_ooa': 3827.91314, 'N_anc': 7654.52971, 'gr': 0.0968} -11478.918064697757
{'t1': 8.86953, 't2': 97.3415, 't3': 412.48224, 't4': 1155.60616, 'r1': 0.26486, 'r2': 0.38789, 'r3': 0.15321, 'N_admix': 58298.85796, 'N_afr': 13591.06378, 'N_eur': 16598.44225, 'N_asia': 10004.81008, 'N_pol': 10490.8791, 'N_aa': 15728.12164, 'N_ooa': 3827.91314, 'N_anc': 8032.2562, 'gr': 0.0968} -11480.365537499025
{'t1': 8.86953, 't2': 87.89383, 't3': 412.48224, 't4': 1155.60616, 'r1': 0.245, 'r2': 0.3685, 'r3': 0.16533, 'N_admix': 58298.85796, 'N_afr': 12510.56, 'N_eur': 22862.69454, 'N_asia': 10747.67084, 'N_pol': 10490.8791, 'N_aa': 13969.95796, 'N_ooa': 3827.91314, 'N_anc': 8032.2562, 'gr': 0.11495} -11479.013262330096
{'t1': 8.47605, 't2': 87.89383, 't3': 412.48224, 't4': 1155.60616, 'r1': 0.21744, 'r2': 0.3685, 'r3': 0.16533, 'N_admix': 58298.85796, 'N_afr': 12510.56, 'N_eur': 22862.69454, 'N_asia': 9549.80787, 'N_pol': 10490.8791, 'N_aa': 16310.51337, 'N_ooa': 3827.91314, 'N_anc': 8428.86901, 'gr': 0.11495} -11480.22095705519
{'t1': 7.91535, 't2': 87.89383, 't3': 412.48224, 't4': 1155.60616, 'r1': 0.21744, 'r2': 0.38693, 'r3': 0.16533, 'N_admix': 56213.80086, 'N_afr': 12510.56, 'N_eur': 22862.69454, 'N_asia': 9549.80787, 'N_pol': 11010.42305, 'N_aa': 12207.22717, 'N_ooa': 3827.91314, 'N_anc': 7804.20383, 'gr': 0.09879} -11470.063102710696
{'t1': 7.91535, 't2': 91.89275, 't3': 412.48224, 't4': 1118.44996, 'r1': 0.21744, 'r2': 0.41595, 'r3': 0.1736, 'N_admix': 52929.83592, 'N_afr': 13131.088, 'N_eur': 25708.03136, 'N_asia': 9549.80787, 'N_pol': 11010.42305, 'N_aa': 7610.26435, 'N_ooa': 3641.51748, 'N_anc': 8670.92676, 'gr': 0.09879} -11485.664104392283
{'t1': 7.91535, 't2': 98.19106, 't3': 412.48224, 't4': 1118.44996, 'r1': 0.22831, 'r2': 0.46274, 'r3': 0.18662, 'N_admix': 58225.22938, 'N_afr': 12153.7564, 'N_eur': 25708.03136, 'N_asia': 9077.31748, 'N_pol': 11010.42305, 'N_aa': 7610.26435, 'N_ooa': 3641.51748, 'N_anc': 7224.58287, 'gr': 0.08837} -11487.771187999451
2026-08-19 21:00:13,468 - INFO - Finished fitting ARG.
2026-08-19 21:00:13,468 - INFO - Finished in 4h 50m 33.1s
2026-08-19 21:00:13,468 - INFO - Estimated: {'t1': 7.91535, 't2': 87.89383, 't3': 412.48224, 't4': 1155.60616, 'r1': 0.21744, 'r2': 0.38693, 'r3': 0.16533, 'N_admix': 56213.80086, 'N_afr': 12510.56, 'N_eur': 22862.69454, 'N_asia': 9549.80787, 'N_pol': 11010.42305, 'N_aa': 12207.22717, 'N_ooa': 3827.91314, 'N_anc': 7804.20383, 'gr': 0.09879}
Traceback (most recent call last):
  File "simulate_and_fit_ARG.py", line 238, in <module>
    SimulateARG().main()
  File "simulate_and_fit_ARG.py", line 232, in main
    logger.info(f"logp = {logp}  (true = {logp_true})")
NameError: name 'logp_true' is not defined
