2026-08-19 16:05:44,355 - INFO - Beginning execution of simulate_and_fit_ARG.py in directory /home1/mahj/glike_optimize/opt_scripts

2026-08-19 16:05:44,355 - INFO - Progress is being logged to ../opt_results_glike_arbitrary_rep/ntree_1_rep_2_simulate_ARG.log

2026-08-19 16:05:44,355 - INFO - Parsed the following arguments:
	N_SAMPLES = 1000.0
	SEQUENCE_LENGTH = 30000000.0
	RECOMBINATION_RATE = 1e-08
	SEED = 1
	NUM_TREES = 1
	OPTIMIZER = glike
	outprefix = ../opt_results_glike_arbitrary_rep/ntree_1_rep_2

2026-08-19 16:05:44,383 - INFO - Sampling 1000 individuals with ploidy 1 in population 0 (name='admix') at time 0
2026-08-19 16:05:44,389 - INFO - Starting replicate 0
2026-08-19 16:05:44,390 - INFO - model[0] {'name': 'hudson'} started at time=0 nodes=1000 edges=0
2026-08-19 16:05:44,390 - INFO - Running model {'name': 'hudson'} until max time: inf
2026-08-19 16:05:45,073 - INFO - Completed at time=24250.7 nodes=39508 edges=264883
2026-08-19 16:05:45,295 - INFO - Finished simulating ARG.
2026-08-19 16:06:01,040 - INFO - Starting glike optimization.
[phase from 0.0 to 19.0]
        admix
ns   0.000006
grs  0.078000

[phase from 19.0 to 411.0]
       afr    eur   asia    pol
admix  0.0  0.198  0.334  0.468
        afr       eur     asia       pol
ns   0.0001  0.000075  0.00004  0.000064
grs  0.0000  0.000000  0.00000  0.000000

[phase from 411.0 to 1040.0]
      afr  eur  asia
afr     1    0     0
eur     0    1     0
asia    0    0     1
pol     0    0     1
        afr       eur     asia
ns   0.0001  0.000075  0.00037
grs  0.0000  0.000000  0.00000

[phase from 1040.0 to 2004.0]
      afr  eur
afr     1    0
eur     0    1
asia    0    1
        afr       eur
ns   0.0001  0.000405
grs  0.0000  0.000000

[phase from 2004.0 to inf]
     A
afr  1
eur  1
            A
ns   0.000375
grs  0.000000

{'t1': 10, 't2': 100, 't3': 1000, 't4': 2000, 'r1': 0.25, 'r2': 0.25, 'r3': 0.25, 'N_admix': 10000, 'N_afr': 10000, 'N_eur': 10000, 'N_asia': 10000, 'N_pol': 10000, 'N_aa': 10000, 'N_ooa': 10000, 'N_anc': 10000, 'gr': 0.1} -11832.786255013394
{'t1': 9.1, 't2': 109.09, 't3': 910.909, 't4': 1891.0909, 'r1': 0.25, 'r2': 0.275, 'r3': 0.225, 'N_admix': 10990.0, 'N_afr': 10000, 'N_eur': 10990.0, 'N_asia': 9010.0, 'N_pol': 10990.0, 'N_aa': 10990.0, 'N_ooa': 10000, 'N_anc': 9010.0, 'gr': 0.11} -11778.157340932372
{'t1': 10.315, 't2': 123.90625, 't3': 792.85859, 't4': 1891.0909, 'r1': 0.2625, 'r2': 0.31625, 'r3': 0.19125, 'N_admix': 12623.5, 'N_afr': 10495.0, 'N_eur': 12623.5, 'N_asia': 10346.5, 'N_pol': 12623.5, 'N_aa': 12623.5, 'N_ooa': 9505.0, 'N_anc': 7673.5, 'gr': 0.1265} -11721.936488244173
{'t1': 10.315, 't2': 149.46428, 't3': 648.09487, 't4': 1797.8662, 'r1': 0.2625, 'r2': 0.31625, 'r3': 0.23428, 'N_admix': 15441.2875, 'N_afr': 11274.625, 'N_eur': 12623.5, 'N_asia': 10346.5, 'N_pol': 12623.5, 'N_aa': 12623.5, 'N_ooa': 8799.625, 'N_anc': 5969.4625, 'gr': 0.15496} -11671.472796509468
{'t1': 10.315, 't2': 196.42716, 't3': 495.65702, 't4': 1797.8662, 'r1': 0.24938, 'r2': 0.28067, 'r3': 0.23428, 'N_admix': 20618.97203, 'N_afr': 10017.47969, 'N_eur': 12623.5, 'N_asia': 9193.76875, 'N_pol': 11214.60625, 'N_aa': 14032.39375, 'N_ooa': 7820.91719, 'N_anc': 5969.4625, 'gr': 0.20726} -11640.69141502691
{'t1': 10.83897, 't2': 289.22125, 't3': 392.43913, 't4': 1718.81093, 'r1': 0.26808, 'r2': 0.28067, 'r3': 0.19475, 'N_admix': 30878.45804, 'N_afr': 11691.05439, 'N_eur': 13327.94687, 'N_asia': 9193.76875, 'N_pol': 11214.60625, 'N_aa': 16383.4852, 'N_ooa': 6518.01241, 'N_anc': 6959.9343, 'gr': 0.20726} -11559.036488247906
{'t1': 10.00881, 't2': 237.61231, 't3': 392.43913, 't4': 1606.89831, 'r1': 0.29824, 'r2': 0.28067, 'r3': 0.19475, 'N_admix': 30878.45804, 'N_afr': 11691.05439, 'N_eur': 14444.05489, 'N_asia': 8426.48201, 'N_pol': 11214.60625, 'N_aa': 20505.24239, 'N_ooa': 6518.01241, 'N_anc': 6959.9343, 'gr': 0.15544} -11532.225360832894
{'t1': 11.14899, 't2': 237.61231, 't3': 392.43913, 't4': 1453.19332, 'r1': 0.24791, 'r2': 0.28067, 'r3': 0.19475, 'N_admix': 30878.45804, 'N_afr': 11691.05439, 'N_eur': 12628.63544, 'N_asia': 9480.30239, 'N_pol': 11214.60625, 'N_aa': 28252.85786, 'N_ooa': 7330.29211, 'N_anc': 6959.9343, 'gr': 0.09715} -11533.576665599508
{'t1': 9.22227, 't2': 276.31901, 't3': 406.95414, 't4': 1254.57135, 'r1': 0.18516, 'r2': 0.2947, 'r3': 0.20707, 'N_admix': 30878.45804, 'N_afr': 10957.55798, 'N_eur': 15007.11857, 'N_asia': 9480.30239, 'N_pol': 11770.33656, 'N_aa': 28252.85786, 'N_ooa': 5957.66634, 'N_anc': 6525.82908, 'gr': 0.09715} -11497.342473548248
{'t1': 11.56369, 't2': 325.30718, 't3': 406.95414, 't4': 1254.57135, 'r1': 0.18516, 'r2': 0.3168, 'r3': 0.22673, 'N_admix': 30878.45804, 'N_afr': 11988.17774, 'N_eur': 15007.11857, 'N_asia': 9480.30239, 'N_pol': 12645.6118, 'N_aa': 21214.64339, 'N_ooa': 4289.60432, 'N_anc': 6525.82908, 'gr': 0.12144} -11484.048891198085
{'t1': 16.07595, 't2': 325.30718, 't3': 406.95414, 't4': 1375.25747, 'r1': 0.22031, 'r2': 0.3168, 'r3': 0.22673, 'N_admix': 30878.45804, 'N_afr': 10295.50556, 'N_eur': 17129.63604, 'N_asia': 9011.28727, 'N_pol': 11234.23047, 'N_aa': 21214.64339, 'N_ooa': 4289.60432, 'N_anc': 6204.53763, 'gr': 0.0759} -11479.015963682914
{'t1': 16.07595, 't2': 345.71892, 't3': 410.0159, 't4': 1169.10676, 'r1': 0.22031, 'r2': 0.3168, 'r3': 0.24287, 'N_admix': 32417.38094, 'N_afr': 10295.50556, 'N_eur': 13492.54483, 'N_asia': 9679.63382, 'N_pol': 11234.23047, 'N_aa': 17255.64775, 'N_ooa': 5184.39579, 'N_anc': 5746.69731, 'gr': 0.11385} -11480.88041657202
{'t1': 19.84494, 't2': 321.60755, 't3': 403.38527, 't4': 1169.10676, 'r1': 0.25168, 'r2': 0.30096, 'r3': 0.21693, 'N_admix': 32417.38094, 'N_afr': 9206.75699, 'N_eur': 13492.54483, 'N_asia': 9679.63382, 'N_pol': 11234.23047, 'N_aa': 17255.64775, 'N_ooa': 5184.39579, 'N_anc': 5746.69731, 'gr': 0.05693} -11484.35503918011
{'t1': 19.84494, 't2': 362.49641, 't3': 407.98527, 't4': 1047.18981, 'r1': 0.19793, 'r2': 0.30096, 'r3': 0.18218, 'N_admix': 34033.24999, 'N_afr': 9206.75699, 'N_eur': 13492.54483, 'N_asia': 9679.63382, 'N_pol': 11234.23047, 'N_aa': 17255.64775, 'N_ooa': 4369.9739, 'N_anc': 5746.69731, 'gr': 0.02847} -11505.234354588614
2026-08-19 19:11:00,465 - INFO - Finished fitting ARG.
2026-08-19 19:11:00,465 - INFO - Finished in 3h 4m 59.4s
2026-08-19 19:11:00,465 - INFO - Estimated: {'t1': 16.07595, 't2': 325.30718, 't3': 406.95414, 't4': 1375.25747, 'r1': 0.22031, 'r2': 0.3168, 'r3': 0.22673, 'N_admix': 30878.45804, 'N_afr': 10295.50556, 'N_eur': 17129.63604, 'N_asia': 9011.28727, 'N_pol': 11234.23047, 'N_aa': 21214.64339, 'N_ooa': 4289.60432, 'N_anc': 6204.53763, 'gr': 0.0759}
Traceback (most recent call last):
  File "simulate_and_fit_ARG.py", line 238, in <module>
    SimulateARG().main()
  File "simulate_and_fit_ARG.py", line 232, in main
    logger.info(f"logp = {logp}  (true = {logp_true})")
NameError: name 'logp_true' is not defined
