2026-08-19 16:35:56,449 - INFO - Beginning execution of simulate_and_fit_ARG.py in directory /home1/mahj/glike_optimize/opt_scripts

2026-08-19 16:35:56,449 - INFO - Progress is being logged to ../opt_results_glike_arbitrary_rep/ntree_15_rep_1_simulate_ARG.log

2026-08-19 16:35:56,449 - INFO - Parsed the following arguments:
	N_SAMPLES = 1000.0
	SEQUENCE_LENGTH = 30000000.0
	RECOMBINATION_RATE = 1e-08
	SEED = 1
	NUM_TREES = 15
	OPTIMIZER = glike
	outprefix = ../opt_results_glike_arbitrary_rep/ntree_15_rep_1

2026-08-19 16:35:56,484 - INFO - Sampling 1000 individuals with ploidy 1 in population 0 (name='admix') at time 0
2026-08-19 16:35:56,489 - INFO - Starting replicate 0
2026-08-19 16:35:56,490 - INFO - model[0] {'name': 'hudson'} started at time=0 nodes=1000 edges=0
2026-08-19 16:35:56,490 - INFO - Running model {'name': 'hudson'} until max time: inf
2026-08-19 16:35:57,180 - INFO - Completed at time=24250.7 nodes=39508 edges=264883
2026-08-19 16:35:59,158 - INFO - Finished simulating ARG.
[phase from 0.0 to 19.0]
        admix
ns   0.000006
grs  0.078000

[phase from 19.0 to 411.0]
       afr    eur   asia    pol
admix  0.0  0.198  0.334  0.468
        afr       eur     asia       pol
ns   0.0001  0.000075  0.00004  0.000064
grs  0.0000  0.000000  0.00000  0.000000

[phase from 411.0 to 1040.0]
      afr  eur  asia
afr     1    0     0
eur     0    1     0
asia    0    0     1
pol     0    0     1
        afr       eur     asia
ns   0.0001  0.000075  0.00037
grs  0.0000  0.000000  0.00000

[phase from 1040.0 to 2004.0]
      afr  eur
afr     1    0
eur     0    1
asia    0    1
        afr       eur
ns   0.0001  0.000405
grs  0.0000  0.000000

[phase from 2004.0 to inf]
     A
afr  1
eur  1
            A
ns   0.000375
grs  0.000000

2026-08-19 16:36:15,907 - INFO - Starting glike optimization.
{'t1': 10, 't2': 100, 't3': 1000, 't4': 2000, 'r1': 0.25, 'r2': 0.25, 'r3': 0.25, 'N_admix': 10000, 'N_afr': 10000, 'N_eur': 10000, 'N_asia': 10000, 'N_pol': 10000, 'N_aa': 10000, 'N_ooa': 10000, 'N_anc': 10000, 'gr': 0.1} -178149.72105761647
{'t1': 10.9, 't2': 108.91, 't3': 1089.109, 't4': 2091.0891, 'r1': 0.275, 'r2': 0.275, 'r3': 0.225, 'N_admix': 10990.0, 'N_afr': 10990.0, 'N_eur': 10990.0, 'N_asia': 9010.0, 'N_pol': 10000, 'N_aa': 10990.0, 'N_ooa': 9010.0, 'N_anc': 9010.0, 'gr': 0.11} -176988.09954589352
{'t1': 12.385, 't2': 123.38875, 't3': 944.25096, 't4': 2091.0891, 'r1': 0.31625, 'r2': 0.275, 'r3': 0.19125, 'N_admix': 12623.5, 'N_afr': 12623.5, 'N_eur': 12623.5, 'N_asia': 9010.0, 'N_pol': 10000, 'N_aa': 12623.5, 'N_ooa': 7673.5, 'N_anc': 7673.5, 'gr': 0.1265} -176017.43832451562
{'t1': 14.94663, 't2': 147.78823, 't3': 944.25096, 't4': 2005.07624, 'r1': 0.31625, 'r2': 0.275, 'r3': 0.19125, 'N_admix': 15441.2875, 'N_afr': 12623.5, 'N_eur': 12623.5, 'N_asia': 9678.25, 'N_pol': 10000, 'N_aa': 12623.5, 'N_ooa': 5969.4625, 'N_anc': 5969.4625, 'gr': 0.15496} -175189.71838496914
{'t1': 19.65362, 't2': 191.03366, 't3': 1028.98791, 't4': 2114.88618, 'r1': 0.31625, 'r2': 0.275, 'r3': 0.19125, 'N_admix': 20618.97203, 'N_afr': 12623.5, 'N_eur': 12623.5, 'N_asia': 9678.25, 'N_pol': 10495.0, 'N_aa': 11214.60625, 'N_ooa': 3988.51891, 'N_anc': 3988.51891, 'gr': 0.10266} -174776.7138292068
{'t1': 19.65362, 't2': 276.72368, 't3': 1028.98791, 't4': 1931.64085, 'r1': 0.29846, 'r2': 0.275, 'r3': 0.20201, 'N_admix': 30878.45804, 'N_afr': 11919.05313, 'N_eur': 12623.5, 'N_asia': 10217.02656, 'N_pol': 11274.625, 'N_aa': 9339.01645, 'N_ooa': 2044.25945, 'N_anc': 2044.25945, 'gr': 0.05133} -174356.5375104635
{'t1': 24.31703, 't2': 402.92701, 't3': 1028.98791, 't4': 1703.15682, 'r1': 0.27328, 'r2': 0.26125, 'r3': 0.21905, 'N_admix': 30878.45804, 'N_afr': 10921.82052, 'N_eur': 11997.325, 'N_asia': 11070.65068, 'N_pol': 12531.77031, 'N_aa': 7000.39041, 'N_ooa': 2044.25945, 'N_anc': 3016.38918, 'gr': 0.05133} -173450.02522909958
{'t1': 24.31703, 't2': 402.92701, 't3': 1028.98791, 't4': 1447.18331, 'r1': 0.23869, 'r2': 0.24166, 'r3': 0.24677, 'N_admix': 38573.07255, 'N_afr': 9552.18386, 'N_eur': 11105.02563, 'N_asia': 12459.12366, 'N_pol': 14629.63155, 'N_aa': 4380.39843, 'N_ooa': 2044.25945, 'N_anc': 3016.38918, 'gr': 0.0385} -172663.2895654057
{'t1': 24.31703, 't2': 402.92701, 't3': 1028.98791, 't4': 1238.08561, 'r1': 0.19338, 'r2': 0.21447, 'r3': 0.29362, 'N_admix': 38573.07255, 'N_afr': 9552.18386, 'N_eur': 9866.96025, 'N_asia': 14805.42604, 'N_pol': 18307.44454, 'N_aa': 4380.39843, 'N_ooa': 2044.25945, 'N_anc': 3016.38918, 'gr': 0.0385} -172397.2559216322
{'t1': 26.503, 't2': 402.92701, 't3': 1028.98791, 't4': 1238.08561, 'r1': 0.19338, 'r2': 0.17828, 'r3': 0.29362, 'N_admix': 38573.07255, 'N_afr': 10449.40287, 'N_eur': 9866.96025, 'N_asia': 14805.42604, 'N_pol': 18307.44454, 'N_aa': 4380.39843, 'N_ooa': 2044.25945, 'N_anc': 2651.84053, 'gr': 0.0385} -172351.7946761296
{'t1': 26.503, 't2': 402.92701, 't3': 1039.4428, 't4': 1238.08561, 'r1': 0.19338, 'r2': 0.17828, 'r3': 0.29362, 'N_admix': 38573.07255, 'N_afr': 10449.40287, 'N_eur': 9866.96025, 'N_asia': 14805.42604, 'N_pol': 18307.44454, 'N_aa': 3845.34863, 'N_ooa': 2044.25945, 'N_anc': 2651.84053, 'gr': 0.03489} -172311.45871092493
{'t1': 26.503, 't2': 402.92701, 't3': 1039.4428, 't4': 1238.08561, 'r1': 0.19338, 'r2': 0.17828, 'r3': 0.29362, 'N_admix': 38573.07255, 'N_afr': 10449.40287, 'N_eur': 9866.96025, 'N_asia': 13758.52608, 'N_pol': 18307.44454, 'N_aa': 3845.34863, 'N_ooa': 2044.25945, 'N_anc': 2651.84053, 'gr': 0.03489} -172306.05173006238
{'t1': 26.503, 't2': 402.92701, 't3': 1039.4428, 't4': 1238.08561, 'r1': 0.19338, 'r2': 0.17828, 'r3': 0.27894, 'N_admix': 38573.07255, 'N_afr': 10449.40287, 'N_eur': 9378.61224, 'N_asia': 13758.52608, 'N_pol': 18307.44454, 'N_aa': 3845.34863, 'N_ooa': 2044.25945, 'N_anc': 2779.43256, 'gr': 0.03489} -172295.5308616539
{'t1': 26.503, 't2': 402.92701, 't3': 1039.4428, 't4': 1238.08561, 'r1': 0.19338, 'r2': 0.17828, 'r3': 0.27894, 'N_admix': 38573.07255, 'N_afr': 10449.40287, 'N_eur': 9378.61224, 'N_asia': 13758.52608, 'N_pol': 18307.44454, 'N_aa': 3845.34863, 'N_ooa': 2044.25945, 'N_anc': 2779.43256, 'gr': 0.03489} -172295.5308616539
{'t1': 26.503, 't2': 402.92701, 't3': 1039.4428, 't4': 1238.08561, 'r1': 0.19338, 'r2': 0.17828, 'r3': 0.27894, 'N_admix': 38573.07255, 'N_afr': 10449.40287, 'N_eur': 9378.61224, 'N_asia': 13758.52608, 'N_pol': 18307.44454, 'N_aa': 3845.34863, 'N_ooa': 2044.25945, 'N_anc': 2779.43256, 'gr': 0.03489} -172295.5308616539
{'t1': 26.503, 't2': 402.92701, 't3': 1039.4428, 't4': 1238.08561, 'r1': 0.19338, 'r2': 0.17828, 'r3': 0.27894, 'N_admix': 38573.07255, 'N_afr': 10449.40287, 'N_eur': 9378.61224, 'N_asia': 13758.52608, 'N_pol': 18307.44454, 'N_aa': 3845.34863, 'N_ooa': 2044.25945, 'N_anc': 2779.43256, 'gr': 0.03489} -172295.5308616539
{'t1': 26.503, 't2': 402.92701, 't3': 1039.4428, 't4': 1238.08561, 'r1': 0.19338, 'r2': 0.17828, 'r3': 0.27894, 'N_admix': 38573.07255, 'N_afr': 10449.40287, 'N_eur': 9378.61224, 'N_asia': 13758.52608, 'N_pol': 18307.44454, 'N_aa': 3845.34863, 'N_ooa': 2044.25945, 'N_anc': 2779.43256, 'gr': 0.03489} -172295.5308616539
2026-08-19 20:17:48,932 - INFO - Finished fitting ARG.
2026-08-19 20:17:48,932 - INFO - Finished in 3h 41m 33.0s
2026-08-19 20:17:48,932 - INFO - Estimated: {'t1': 26.503, 't2': 402.92701, 't3': 1039.4428, 't4': 1238.08561, 'r1': 0.19338, 'r2': 0.17828, 'r3': 0.27894, 'N_admix': 38573.07255, 'N_afr': 10449.40287, 'N_eur': 9378.61224, 'N_asia': 13758.52608, 'N_pol': 18307.44454, 'N_aa': 3845.34863, 'N_ooa': 2044.25945, 'N_anc': 2779.43256, 'gr': 0.03489}
Traceback (most recent call last):
  File "simulate_and_fit_ARG.py", line 238, in <module>
    SimulateARG().main()
  File "simulate_and_fit_ARG.py", line 232, in main
    logger.info(f"logp = {logp}  (true = {logp_true})")
NameError: name 'logp_true' is not defined
