2026-08-19 16:38:04,034 - INFO - Beginning execution of simulate_and_fit_ARG.py in directory /home1/mahj/glike_optimize/opt_scripts

2026-08-19 16:38:04,034 - INFO - Progress is being logged to ../opt_results_glike_arbitrary_rep/ntree_15_rep_4_simulate_ARG.log

2026-08-19 16:38:04,034 - INFO - Parsed the following arguments:
	N_SAMPLES = 1000.0
	SEQUENCE_LENGTH = 30000000.0
	RECOMBINATION_RATE = 1e-08
	SEED = 1
	NUM_TREES = 15
	OPTIMIZER = glike
	outprefix = ../opt_results_glike_arbitrary_rep/ntree_15_rep_4

2026-08-19 16:38:04,062 - INFO - Sampling 1000 individuals with ploidy 1 in population 0 (name='admix') at time 0
2026-08-19 16:38:04,068 - INFO - Starting replicate 0
2026-08-19 16:38:04,069 - INFO - model[0] {'name': 'hudson'} started at time=0 nodes=1000 edges=0
2026-08-19 16:38:04,069 - INFO - Running model {'name': 'hudson'} until max time: inf
2026-08-19 16:38:04,759 - INFO - Completed at time=24250.7 nodes=39508 edges=264883
2026-08-19 16:38:06,711 - INFO - Finished simulating ARG.
[phase from 0.0 to 19.0]
        admix
ns   0.000006
grs  0.078000

[phase from 19.0 to 411.0]
       afr    eur   asia    pol
admix  0.0  0.198  0.334  0.468
        afr       eur     asia       pol
ns   0.0001  0.000075  0.00004  0.000064
grs  0.0000  0.000000  0.00000  0.000000

[phase from 411.0 to 1040.0]
      afr  eur  asia
afr     1    0     0
eur     0    1     0
asia    0    0     1
pol     0    0     1
        afr       eur     asia
ns   0.0001  0.000075  0.00037
grs  0.0000  0.000000  0.00000

[phase from 1040.0 to 2004.0]
      afr  eur
afr     1    0
eur     0    1
asia    0    1
        afr       eur
ns   0.0001  0.000405
grs  0.0000  0.000000

[phase from 2004.0 to inf]
     A
afr  1
eur  1
            A
ns   0.000375
grs  0.000000

2026-08-19 16:38:23,016 - INFO - Starting glike optimization.
{'t1': 10, 't2': 100, 't3': 1000, 't4': 2000, 'r1': 0.25, 'r2': 0.25, 'r3': 0.25, 'N_admix': 10000, 'N_afr': 10000, 'N_eur': 10000, 'N_asia': 10000, 'N_pol': 10000, 'N_aa': 10000, 'N_ooa': 10000, 'N_anc': 10000, 'gr': 0.1} -178135.12016087744
{'t1': 10.9, 't2': 108.91, 't3': 1089.109, 't4': 1908.9109, 'r1': 0.275, 'r2': 0.275, 'r3': 0.25, 'N_admix': 10990.0, 'N_afr': 10990.0, 'N_eur': 10990.0, 'N_asia': 10000, 'N_pol': 9010.0, 'N_aa': 10990.0, 'N_ooa': 9010.0, 'N_anc': 9010.0, 'gr': 0.11} -176986.89479352994
{'t1': 12.385, 't2': 123.38875, 't3': 966.13871, 't4': 1767.49507, 'r1': 0.31625, 'r2': 0.275, 'r3': 0.2375, 'N_admix': 12623.5, 'N_afr': 12623.5, 'N_eur': 12623.5, 'N_asia': 10495.0, 'N_pol': 7673.5, 'N_aa': 12623.5, 'N_ooa': 7673.5, 'N_anc': 7673.5, 'gr': 0.1265} -176016.50194401306
{'t1': 14.94663, 't2': 147.78823, 't3': 785.83353, 't4': 1546.62122, 'r1': 0.31625, 'r2': 0.275, 'r3': 0.21969, 'N_admix': 15441.2875, 'N_afr': 15441.2875, 'N_eur': 12623.5, 'N_asia': 11274.625, 'N_pol': 7673.5, 'N_aa': 12623.5, 'N_ooa': 5969.4625, 'N_anc': 5969.4625, 'gr': 0.15496} -175123.40623045832
{'t1': 19.65362, 't2': 191.03366, 't3': 585.08857, 't4': 1222.10395, 'r1': 0.31625, 'r2': 0.275, 'r3': 0.21969, 'N_admix': 20618.97203, 'N_afr': 15441.2875, 'N_eur': 12623.5, 'N_asia': 12531.77031, 'N_pol': 8525.51875, 'N_aa': 11214.60625, 'N_ooa': 3988.51891, 'N_anc': 3988.51891, 'gr': 0.10266} -174395.53168227657
{'t1': 19.65362, 't2': 276.72368, 't3': 430.90612, 't4': 826.50503, 'r1': 0.33404, 'r2': 0.26125, 'r3': 0.21969, 'N_admix': 30878.45804, 'N_afr': 15441.2875, 'N_eur': 13327.94687, 'N_asia': 12531.77031, 'N_pol': 8525.51875, 'N_aa': 11214.60625, 'N_ooa': 3988.51891, 'N_anc': 5932.77837, 'gr': 0.05133} -173088.21748441333
{'t1': 24.31703, 't2': 353.8149, 't3': 392.36051, 't4': 1043.57729, 'r1': 0.33404, 'r2': 0.24166, 'r3': 0.21969, 'N_admix': 30878.45804, 'N_afr': 15441.2875, 'N_eur': 14444.05489, 'N_asia': 11482.83969, 'N_pol': 8525.51875, 'N_aa': 12152.40115, 'N_ooa': 4960.64864, 'N_anc': 3016.38918, 'gr': 0.05133} -172392.63356233708
{'t1': 24.31703, 't2': 334.5421, 't3': 392.36051, 't4': 1043.57729, 'r1': 0.31734, 'r2': 0.26885, 'r3': 0.20871, 'N_admix': 38573.07255, 'N_afr': 14674.22313, 'N_eur': 16259.47434, 'N_asia': 11482.83969, 'N_pol': 8525.51875, 'N_aa': 13677.78317, 'N_ooa': 4960.64864, 'N_anc': 3016.38918, 'gr': 0.0385} -172278.40681067327
{'t1': 24.31703, 't2': 334.5421, 't3': 406.81511, 't4': 1043.57729, 'r1': 0.29354, 'r2': 0.31422, 'r3': 0.22436, 'N_admix': 38573.07255, 'N_afr': 13581.1564, 'N_eur': 19327.24955, 'N_asia': 10762.51937, 'N_pol': 8104.24281, 'N_aa': 16255.44044, 'N_ooa': 4049.27702, 'N_anc': 2287.29189, 'gr': 0.0385} -171806.59478511917
{'t1': 26.503, 't2': 352.61035, 't3': 406.81511, 't4': 1043.57729, 'r1': 0.26052, 'r2': 0.31422, 'r3': 0.22436, 'N_admix': 38573.07255, 'N_afr': 13581.1564, 'N_eur': 19327.24955, 'N_asia': 11774.6257, 'N_pol': 7503.9246, 'N_aa': 20855.95453, 'N_ooa': 4049.27702, 'N_anc': 2287.29189, 'gr': 0.0385} -171762.87628725157
{'t1': 26.503, 't2': 352.61035, 't3': 406.81511, 't4': 1043.57729, 'r1': 0.26052, 'r2': 0.31422, 'r3': 0.23698, 'N_admix': 38573.07255, 'N_afr': 12822.84135, 'N_eur': 19327.24955, 'N_asia': 11774.6257, 'N_pol': 7503.9246, 'N_aa': 20855.95453, 'N_ooa': 4049.27702, 'N_anc': 2697.40912, 'gr': 0.03489} -171746.28624628167
{'t1': 26.503, 't2': 342.44696, 't3': 406.81511, 't4': 1043.57729, 'r1': 0.26052, 'r2': 0.31422, 'r3': 0.23698, 'N_admix': 38573.07255, 'N_afr': 12822.84135, 'N_eur': 19327.24955, 'N_asia': 12605.75872, 'N_pol': 7087.45384, 'N_aa': 25288.8913, 'N_ooa': 4049.27702, 'N_anc': 2697.40912, 'gr': 0.03489} -171738.6376230119
{'t1': 26.503, 't2': 342.44696, 't3': 410.03352, 't4': 1043.57729, 'r1': 0.24749, 'r2': 0.32993, 'r3': 0.22513, 'N_admix': 38573.07255, 'N_afr': 12822.84135, 'N_eur': 19327.24955, 'N_asia': 12605.75872, 'N_pol': 7087.45384, 'N_aa': 25288.8913, 'N_ooa': 4049.27702, 'N_anc': 2697.40912, 'gr': 0.03489} -171634.1863482203
{'t1': 26.503, 't2': 342.44696, 't3': 410.03352, 't4': 1043.57729, 'r1': 0.24749, 'r2': 0.32993, 'r3': 0.22513, 'N_admix': 38573.07255, 'N_afr': 12822.84135, 'N_eur': 19327.24955, 'N_asia': 12605.75872, 'N_pol': 7087.45384, 'N_aa': 25288.8913, 'N_ooa': 4049.27702, 'N_anc': 2514.77879, 'gr': 0.03489} -171634.1858560068
{'t1': 26.503, 't2': 337.69478, 't3': 410.03352, 't4': 1043.57729, 'r1': 0.24749, 'r2': 0.32993, 'r3': 0.22513, 'N_admix': 38573.07255, 'N_afr': 12822.84135, 'N_eur': 19327.24955, 'N_asia': 12605.75872, 'N_pol': 7087.45384, 'N_aa': 23271.50463, 'N_ooa': 4049.27702, 'N_anc': 2514.77879, 'gr': 0.03489} -171628.64180284008
{'t1': 26.503, 't2': 337.69478, 't3': 410.03352, 't4': 1043.57729, 'r1': 0.24749, 'r2': 0.32993, 'r3': 0.22513, 'N_admix': 38573.07255, 'N_afr': 12822.84135, 'N_eur': 19327.24955, 'N_asia': 12605.75872, 'N_pol': 7087.45384, 'N_aa': 23271.50463, 'N_ooa': 4049.27702, 'N_anc': 2642.12064, 'gr': 0.03489} -171628.4105519241
{'t1': 26.503, 't2': 337.69478, 't3': 410.03352, 't4': 1043.57729, 'r1': 0.24749, 'r2': 0.32993, 'r3': 0.22513, 'N_admix': 38573.07255, 'N_afr': 12822.84135, 'N_eur': 19327.24955, 'N_asia': 12605.75872, 'N_pol': 7087.45384, 'N_aa': 23271.50463, 'N_ooa': 4049.27702, 'N_anc': 2642.12064, 'gr': 0.03489} -171628.4105519241
{'t1': 26.503, 't2': 337.69478, 't3': 410.03352, 't4': 1043.57729, 'r1': 0.24749, 'r2': 0.32993, 'r3': 0.22513, 'N_admix': 38573.07255, 'N_afr': 12822.84135, 'N_eur': 19327.24955, 'N_asia': 12605.75872, 'N_pol': 7087.45384, 'N_aa': 23271.50463, 'N_ooa': 4049.27702, 'N_anc': 2642.12064, 'gr': 0.03489} -171628.4105519241
{'t1': 26.503, 't2': 337.69478, 't3': 410.03352, 't4': 1043.57729, 'r1': 0.24749, 'r2': 0.32993, 'r3': 0.22513, 'N_admix': 38573.07255, 'N_afr': 12822.84135, 'N_eur': 19327.24955, 'N_asia': 12605.75872, 'N_pol': 7087.45384, 'N_aa': 23271.50463, 'N_ooa': 4049.27702, 'N_anc': 2642.12064, 'gr': 0.03489} -171628.4105519241
{'t1': 26.503, 't2': 337.69478, 't3': 410.03352, 't4': 1043.57729, 'r1': 0.24749, 'r2': 0.32993, 'r3': 0.22513, 'N_admix': 38573.07255, 'N_afr': 12822.84135, 'N_eur': 19327.24955, 'N_asia': 12605.75872, 'N_pol': 7087.45384, 'N_aa': 23271.50463, 'N_ooa': 4049.27702, 'N_anc': 2642.12064, 'gr': 0.03489} -171628.4105519241
2026-08-19 21:16:29,393 - INFO - Finished fitting ARG.
2026-08-19 21:16:29,393 - INFO - Finished in 4h 38m 6.4s
2026-08-19 21:16:29,393 - INFO - Estimated: {'t1': 26.503, 't2': 337.69478, 't3': 410.03352, 't4': 1043.57729, 'r1': 0.24749, 'r2': 0.32993, 'r3': 0.22513, 'N_admix': 38573.07255, 'N_afr': 12822.84135, 'N_eur': 19327.24955, 'N_asia': 12605.75872, 'N_pol': 7087.45384, 'N_aa': 23271.50463, 'N_ooa': 4049.27702, 'N_anc': 2642.12064, 'gr': 0.03489}
Traceback (most recent call last):
  File "simulate_and_fit_ARG.py", line 238, in <module>
    SimulateARG().main()
  File "simulate_and_fit_ARG.py", line 232, in main
    logger.info(f"logp = {logp}  (true = {logp_true})")
NameError: name 'logp_true' is not defined
