2026-08-19 16:46:02,987 - INFO - Beginning execution of simulate_and_fit_ARG.py in directory /home1/mahj/glike_optimize/opt_scripts

2026-08-19 16:46:02,987 - INFO - Progress is being logged to ../opt_results_glike_arbitrary_rep/ntree_20_rep_4_simulate_ARG.log

2026-08-19 16:46:02,987 - INFO - Parsed the following arguments:
	N_SAMPLES = 1000.0
	SEQUENCE_LENGTH = 30000000.0
	RECOMBINATION_RATE = 1e-08
	SEED = 1
	NUM_TREES = 20
	OPTIMIZER = glike
	outprefix = ../opt_results_glike_arbitrary_rep/ntree_20_rep_4

2026-08-19 16:46:03,016 - INFO - Sampling 1000 individuals with ploidy 1 in population 0 (name='admix') at time 0
2026-08-19 16:46:03,019 - INFO - Starting replicate 0
2026-08-19 16:46:03,019 - INFO - model[0] {'name': 'hudson'} started at time=0 nodes=1000 edges=0
2026-08-19 16:46:03,019 - INFO - Running model {'name': 'hudson'} until max time: inf
2026-08-19 16:46:03,753 - INFO - Completed at time=24250.7 nodes=39508 edges=264883
2026-08-19 16:46:08,009 - INFO - Finished simulating ARG.
[phase from 0.0 to 19.0]
        admix
ns   0.000006
grs  0.078000

[phase from 19.0 to 411.0]
       afr    eur   asia    pol
admix  0.0  0.198  0.334  0.468
        afr       eur     asia       pol
ns   0.0001  0.000075  0.00004  0.000064
grs  0.0000  0.000000  0.00000  0.000000

[phase from 411.0 to 1040.0]
      afr  eur  asia
afr     1    0     0
eur     0    1     0
asia    0    0     1
pol     0    0     1
        afr       eur     asia
ns   0.0001  0.000075  0.00037
grs  0.0000  0.000000  0.00000

[phase from 1040.0 to 2004.0]
      afr  eur
afr     1    0
eur     0    1
asia    0    1
        afr       eur
ns   0.0001  0.000405
grs  0.0000  0.000000

[phase from 2004.0 to inf]
     A
afr  1
eur  1
            A
ns   0.000375
grs  0.000000

2026-08-19 16:46:25,768 - INFO - Starting glike optimization.
{'t1': 10, 't2': 100, 't3': 1000, 't4': 2000, 'r1': 0.25, 'r2': 0.25, 'r3': 0.25, 'N_admix': 10000, 'N_afr': 10000, 'N_eur': 10000, 'N_asia': 10000, 'N_pol': 10000, 'N_aa': 10000, 'N_ooa': 10000, 'N_anc': 10000, 'gr': 0.1} -237658.9071560327
{'t1': 10.9, 't2': 108.91, 't3': 1000, 't4': 1900.0, 'r1': 0.275, 'r2': 0.275, 'r3': 0.225, 'N_admix': 10990.0, 'N_afr': 10990.0, 'N_eur': 10990.0, 'N_asia': 10000, 'N_pol': 10000, 'N_aa': 10990.0, 'N_ooa': 9010.0, 'N_anc': 9010.0, 'gr': 0.11} -236069.2055824819
{'t1': 12.385, 't2': 123.38875, 't3': 1000, 't4': 1765.0, 'r1': 0.31625, 'r2': 0.275, 'r3': 0.19125, 'N_admix': 12623.5, 'N_afr': 12623.5, 'N_eur': 12623.5, 'N_asia': 9505.0, 'N_pol': 10000, 'N_aa': 12623.5, 'N_ooa': 7673.5, 'N_anc': 7673.5, 'gr': 0.1265} -234566.54827953508
{'t1': 14.94663, 't2': 147.78823, 't3': 1000, 't4': 1592.875, 'r1': 0.31625, 'r2': 0.29563, 'r3': 0.19125, 'N_admix': 15441.2875, 'N_afr': 12623.5, 'N_eur': 12623.5, 'N_asia': 10210.375, 'N_pol': 10495.0, 'N_aa': 12623.5, 'N_ooa': 5969.4625, 'N_anc': 5969.4625, 'gr': 0.15496} -233382.53130041077
{'t1': 19.65362, 't2': 191.03366, 't3': 970.35625, 't4': 1382.77492, 'r1': 0.31625, 'r2': 0.29563, 'r3': 0.19125, 'N_admix': 20618.97203, 'N_afr': 12623.5, 'N_eur': 12623.5, 'N_asia': 11347.79219, 'N_pol': 10495.0, 'N_aa': 11214.60625, 'N_ooa': 3988.51891, 'N_anc': 3988.51891, 'gr': 0.10266} -232684.56657461158
{'t1': 19.65362, 't2': 276.72368, 't3': 1001.28765, 't4': 1192.03129, 'r1': 0.29846, 'r2': 0.29563, 'r3': 0.20201, 'N_admix': 30878.45804, 'N_afr': 11919.05313, 'N_eur': 12623.5, 'N_asia': 11347.79219, 'N_pol': 11014.75, 'N_aa': 9339.01645, 'N_ooa': 2044.25945, 'N_anc': 2044.25945, 'gr': 0.05133} -232029.77383391457
{'t1': 24.31703, 't2': 402.92701, 't3': 1022.74631, 't4': 1107.3888, 'r1': 0.27328, 'r2': 0.28085, 'r3': 0.21905, 'N_admix': 30878.45804, 'N_afr': 10921.82052, 'N_eur': 11997.325, 'N_asia': 12296.82466, 'N_pol': 11833.35625, 'N_aa': 7000.39041, 'N_ooa': 2044.25945, 'N_anc': 3016.38918, 'gr': 0.05133} -230918.1366534157
{'t1': 24.31703, 't2': 402.92701, 't3': 1037.02973, 't4': 1072.20926, 'r1': 0.23869, 'r2': 0.25979, 'r3': 0.24677, 'N_admix': 38573.07255, 'N_afr': 9552.18386, 'N_eur': 11105.02563, 'N_asia': 13840.48528, 'N_pol': 13153.35883, 'N_aa': 4380.39843, 'N_ooa': 2044.25945, 'N_anc': 3016.38918, 'gr': 0.0385} -230093.45785436276
{'t1': 24.31703, 't2': 402.92701, 't3': 1037.02973, 't4': 1054.61949, 'r1': 0.19338, 'r2': 0.23056, 'r3': 0.29362, 'N_admix': 38573.07255, 'N_afr': 11346.62189, 'N_eur': 9866.96025, 'N_asia': 16449.03053, 'N_pol': 13153.35883, 'N_aa': 4380.39843, 'N_ooa': 1801.22702, 'N_anc': 2287.29189, 'gr': 0.0385} -229836.89295631475
{'t1': 26.503, 't2': 402.92701, 't3': 1037.02973, 't4': 1054.61949, 'r1': 0.19338, 'r2': 0.23056, 'r3': 0.29362, 'N_admix': 38573.07255, 'N_afr': 11346.62189, 'N_eur': 9866.96025, 'N_asia': 16449.03053, 'N_pol': 14254.73598, 'N_aa': 3310.29882, 'N_ooa': 1801.22702, 'N_anc': 2287.29189, 'gr': 0.03128} -229701.52674260142
{'t1': 30.08936, 't2': 402.92701, 't3': 1037.02973, 't4': 1054.61949, 'r1': 0.19338, 'r2': 0.23056, 'r3': 0.29362, 'N_admix': 38573.07255, 'N_afr': 11346.62189, 'N_eur': 9042.87298, 'N_asia': 16449.03053, 'N_pol': 14254.73598, 'N_aa': 3310.29882, 'N_ooa': 1641.73699, 'N_anc': 2697.40912, 'gr': 0.03128} -229675.6096958185
{'t1': 30.08936, 't2': 402.92701, 't3': 1037.02973, 't4': 1054.61949, 'r1': 0.19338, 'r2': 0.23056, 'r3': 0.29362, 'N_admix': 36649.41892, 'N_afr': 11346.62189, 'N_eur': 9042.87298, 'N_asia': 16449.03053, 'N_pol': 14254.73598, 'N_aa': 3310.29882, 'N_ooa': 1641.73699, 'N_anc': 2697.40912, 'gr': 0.03128} -229672.63717961946
{'t1': 30.08936, 't2': 402.92701, 't3': 1037.02973, 't4': 1054.61949, 'r1': 0.19338, 'r2': 0.23056, 'r3': 0.29362, 'N_admix': 36649.41892, 'N_afr': 11346.62189, 'N_eur': 9042.87298, 'N_asia': 16449.03053, 'N_pol': 14254.73598, 'N_aa': 3310.29882, 'N_ooa': 1641.73699, 'N_anc': 2697.40912, 'gr': 0.03128} -229672.63717961946
{'t1': 30.08936, 't2': 402.92701, 't3': 1037.02973, 't4': 1054.61949, 'r1': 0.19338, 'r2': 0.23056, 'r3': 0.29362, 'N_admix': 36649.41892, 'N_afr': 11346.62189, 'N_eur': 9042.87298, 'N_asia': 16449.03053, 'N_pol': 14254.73598, 'N_aa': 3310.29882, 'N_ooa': 1641.73699, 'N_anc': 2514.77879, 'gr': 0.03128} -229672.24987899556
{'t1': 30.08936, 't2': 402.92701, 't3': 1037.02973, 't4': 1054.61949, 'r1': 0.19338, 'r2': 0.23056, 'r3': 0.29362, 'N_admix': 36649.41892, 'N_afr': 11346.62189, 'N_eur': 9042.87298, 'N_asia': 16449.03053, 'N_pol': 14254.73598, 'N_aa': 3310.29882, 'N_ooa': 1641.73699, 'N_anc': 2514.77879, 'gr': 0.03128} -229672.24987899556
{'t1': 30.08936, 't2': 402.92701, 't3': 1037.02973, 't4': 1054.61949, 'r1': 0.19338, 'r2': 0.23056, 'r3': 0.29362, 'N_admix': 36649.41892, 'N_afr': 11346.62189, 'N_eur': 9042.87298, 'N_asia': 16449.03053, 'N_pol': 14254.73598, 'N_aa': 3310.29882, 'N_ooa': 1641.73699, 'N_anc': 2642.12064, 'gr': 0.03128} -229672.22933538535
{'t1': 30.08936, 't2': 402.92701, 't3': 1037.02973, 't4': 1054.61949, 'r1': 0.19338, 'r2': 0.23056, 'r3': 0.29362, 'N_admix': 36649.41892, 'N_afr': 11346.62189, 'N_eur': 9042.87298, 'N_asia': 16449.03053, 'N_pol': 14254.73598, 'N_aa': 3310.29882, 'N_ooa': 1641.73699, 'N_anc': 2642.12064, 'gr': 0.03128} -229672.22933538535
{'t1': 30.08936, 't2': 402.92701, 't3': 1037.02973, 't4': 1054.61949, 'r1': 0.19338, 'r2': 0.23056, 'r3': 0.29362, 'N_admix': 36649.41892, 'N_afr': 11346.62189, 'N_eur': 9042.87298, 'N_asia': 16449.03053, 'N_pol': 14254.73598, 'N_aa': 3310.29882, 'N_ooa': 1641.73699, 'N_anc': 2642.12064, 'gr': 0.03128} -229672.22933538535
{'t1': 30.08936, 't2': 402.92701, 't3': 1037.02973, 't4': 1054.61949, 'r1': 0.19338, 'r2': 0.23056, 'r3': 0.29362, 'N_admix': 36649.41892, 'N_afr': 11346.62189, 'N_eur': 9042.87298, 'N_asia': 16449.03053, 'N_pol': 14254.73598, 'N_aa': 3310.29882, 'N_ooa': 1641.73699, 'N_anc': 2642.12064, 'gr': 0.03128} -229672.22933538535
{'t1': 30.08936, 't2': 402.92701, 't3': 1037.02973, 't4': 1054.61949, 'r1': 0.19338, 'r2': 0.23056, 'r3': 0.29362, 'N_admix': 36649.41892, 'N_afr': 11346.62189, 'N_eur': 9042.87298, 'N_asia': 16449.03053, 'N_pol': 14254.73598, 'N_aa': 3310.29882, 'N_ooa': 1641.73699, 'N_anc': 2642.12064, 'gr': 0.03128} -229672.22933538535
2026-08-19 21:34:17,957 - INFO - Finished fitting ARG.
2026-08-19 21:34:17,957 - INFO - Finished in 4h 47m 52.2s
2026-08-19 21:34:17,957 - INFO - Estimated: {'t1': 30.08936, 't2': 402.92701, 't3': 1037.02973, 't4': 1054.61949, 'r1': 0.19338, 'r2': 0.23056, 'r3': 0.29362, 'N_admix': 36649.41892, 'N_afr': 11346.62189, 'N_eur': 9042.87298, 'N_asia': 16449.03053, 'N_pol': 14254.73598, 'N_aa': 3310.29882, 'N_ooa': 1641.73699, 'N_anc': 2642.12064, 'gr': 0.03128}
Traceback (most recent call last):
  File "simulate_and_fit_ARG.py", line 238, in <module>
    SimulateARG().main()
  File "simulate_and_fit_ARG.py", line 232, in main
    logger.info(f"logp = {logp}  (true = {logp_true})")
NameError: name 'logp_true' is not defined
