2026-08-19 16:07:15,042 - INFO - Beginning execution of simulate_and_fit_ARG.py in directory /home1/mahj/glike_optimize/opt_scripts

2026-08-19 16:07:15,042 - INFO - Progress is being logged to ../opt_results_glike_arbitrary_rep/ntree_1_rep_3_simulate_ARG.log

2026-08-19 16:07:15,042 - INFO - Parsed the following arguments:
	N_SAMPLES = 1000.0
	SEQUENCE_LENGTH = 30000000.0
	RECOMBINATION_RATE = 1e-08
	SEED = 1
	NUM_TREES = 1
	OPTIMIZER = glike
	outprefix = ../opt_results_glike_arbitrary_rep/ntree_1_rep_3

2026-08-19 16:07:15,068 - INFO - Sampling 1000 individuals with ploidy 1 in population 0 (name='admix') at time 0
2026-08-19 16:07:15,070 - INFO - Starting replicate 0
2026-08-19 16:07:15,071 - INFO - model[0] {'name': 'hudson'} started at time=0 nodes=1000 edges=0
2026-08-19 16:07:15,071 - INFO - Running model {'name': 'hudson'} until max time: inf
2026-08-19 16:07:15,791 - INFO - Completed at time=24250.7 nodes=39508 edges=264883
2026-08-19 16:07:16,018 - INFO - Finished simulating ARG.
2026-08-19 16:07:31,615 - INFO - Starting glike optimization.
[phase from 0.0 to 19.0]
        admix
ns   0.000006
grs  0.078000

[phase from 19.0 to 411.0]
       afr    eur   asia    pol
admix  0.0  0.198  0.334  0.468
        afr       eur     asia       pol
ns   0.0001  0.000075  0.00004  0.000064
grs  0.0000  0.000000  0.00000  0.000000

[phase from 411.0 to 1040.0]
      afr  eur  asia
afr     1    0     0
eur     0    1     0
asia    0    0     1
pol     0    0     1
        afr       eur     asia
ns   0.0001  0.000075  0.00037
grs  0.0000  0.000000  0.00000

[phase from 1040.0 to 2004.0]
      afr  eur
afr     1    0
eur     0    1
asia    0    1
        afr       eur
ns   0.0001  0.000405
grs  0.0000  0.000000

[phase from 2004.0 to inf]
     A
afr  1
eur  1
            A
ns   0.000375
grs  0.000000

{'t1': 10, 't2': 100, 't3': 1000, 't4': 2000, 'r1': 0.25, 'r2': 0.25, 'r3': 0.25, 'N_admix': 10000, 'N_afr': 10000, 'N_eur': 10000, 'N_asia': 10000, 'N_pol': 10000, 'N_aa': 10000, 'N_ooa': 10000, 'N_anc': 10000, 'gr': 0.1} -11829.009651192258
{'t1': 10, 't2': 100, 't3': 910.0, 't4': 2109.0, 'r1': 0.275, 'r2': 0.275, 'r3': 0.25, 'N_admix': 10990.0, 'N_afr': 10990.0, 'N_eur': 10990.0, 'N_asia': 10000, 'N_pol': 10990.0, 'N_aa': 10990.0, 'N_ooa': 9010.0, 'N_anc': 9010.0, 'gr': 0.11} -11776.358522817342
{'t1': 10, 't2': 104.5, 't3': 789.175, 't4': 1911.02625, 'r1': 0.275, 'r2': 0.31625, 'r3': 0.2375, 'N_admix': 12623.5, 'N_afr': 12623.5, 'N_eur': 12623.5, 'N_asia': 9505.0, 'N_pol': 10990.0, 'N_aa': 12623.5, 'N_ooa': 7673.5, 'N_anc': 7673.5, 'gr': 0.1265} -11721.94242913685
{'t1': 10.45, 't2': 104.5, 't3': 635.12312, 't4': 1623.94805, 'r1': 0.275, 'r2': 0.31625, 'r3': 0.2375, 'N_admix': 15441.2875, 'N_afr': 12623.5, 'N_eur': 15441.2875, 'N_asia': 9505.0, 'N_pol': 11806.75, 'N_aa': 12623.5, 'N_ooa': 5969.4625, 'N_anc': 9377.5375, 'gr': 0.15496} -11671.626647802035
{'t1': 9.74125, 't2': 104.5, 't3': 456.03782, 't4': 1229.77835, 'r1': 0.26125, 'r2': 0.31625, 'r3': 0.22562, 'N_admix': 20618.97203, 'N_afr': 14032.39375, 'N_eur': 15441.2875, 'N_asia': 9034.75, 'N_pol': 10489.74063, 'N_aa': 12623.5, 'N_ooa': 3988.51891, 'N_anc': 6246.36859, 'gr': 0.20726} -11610.805983576733
{'t1': 10.72464, 't2': 104.5, 't3': 456.03782, 't4': 842.90809, 'r1': 0.26125, 'r2': 0.33404, 'r3': 0.24254, 'N_admix': 30878.45804, 'N_afr': 16383.4852, 'N_eur': 18030.12977, 'N_asia': 8364.64375, 'N_pol': 10489.74063, 'N_aa': 12623.5, 'N_ooa': 5932.77837, 'N_anc': 6246.36859, 'gr': 0.10363} -11608.31120463813
{'t1': 9.08361, 't2': 109.27082, 't3': 369.34607, 't4': 1079.6891, 'r1': 0.24819, 'r2': 0.36222, 'r3': 0.21525, 'N_admix': 46267.68706, 'N_afr': 16383.4852, 'N_eur': 18030.12977, 'N_asia': 7434.87133, 'N_pol': 10489.74063, 'N_aa': 12623.5, 'N_ooa': 5932.77837, 'N_anc': 6246.36859, 'gr': 0.15544} -11536.722990847557
{'t1': 7.03745, 't2': 109.27082, 't3': 369.34607, 't4': 1079.6891, 'r1': 0.22958, 'r2': 0.31638, 'r3': 0.21525, 'N_admix': 69351.53059, 'N_afr': 16383.4852, 'N_eur': 18030.12977, 'N_asia': 7434.87133, 'N_pol': 9970.2536, 'N_aa': 13249.675, 'N_ooa': 5932.77837, 'N_anc': 7014.66466, 'gr': 0.23316} -11567.929676612312
{'t1': 4.74511, 't2': 104.04453, 't3': 419.09011, 't4': 1079.6891, 'r1': 0.22958, 'r2': 0.31638, 'r3': 0.21525, 'N_admix': 54027.29588, 'N_afr': 16383.4852, 'N_eur': 18030.12977, 'N_asia': 8053.7511, 'N_pol': 10710.52262, 'N_aa': 14235.90062, 'N_ooa': 5203.68107, 'N_anc': 5718.16504, 'gr': 0.23316} -11524.272176361137
{'t1': 2.87256, 't2': 96.45663, 't3': 419.09011, 't4': 1079.6891, 'r1': 0.24249, 'r2': 0.31638, 'r3': 0.22601, 'N_admix': 77013.64794, 'N_afr': 15569.31094, 'N_eur': 18030.12977, 'N_asia': 8053.7511, 'N_pol': 9516.83883, 'N_aa': 15826.18944, 'N_ooa': 4246.74087, 'N_anc': 4138.05612, 'gr': 0.23316} -11504.90586919687
{'t1': 3.80884, 't2': 96.45663, 't3': 419.09011, 't4': 1079.6891, 'r1': 0.26295, 'r2': 0.30056, 'r3': 0.24296, 'N_admix': 77013.64794, 'N_afr': 14409.11262, 'N_eur': 18926.63626, 'N_asia': 8557.07441, 'N_pol': 7927.74728, 'N_aa': 13172.39497, 'N_ooa': 4246.74087, 'N_anc': 2434.50119, 'gr': 0.20402} -11517.206495835217
{'t1': 3.80884, 't2': 101.66807, 't3': 396.77137, 't4': 1045.54321, 'r1': 0.26295, 'r2': 0.3231, 'r3': 0.21563, 'N_admix': 77013.64794, 'N_afr': 16018.88779, 'N_eur': 20338.63398, 'N_asia': 9359.83577, 'N_pol': 9909.14581, 'N_aa': 13172.39497, 'N_ooa': 4246.74087, 'N_anc': 1267.25059, 'gr': 0.24227} -11478.843873242417
{'t1': 3.10663, 't2': 93.35195, 't3': 396.77137, 't4': 1045.54321, 'r1': 0.26295, 'r2': 0.35945, 'r3': 0.17924, 'N_admix': 77013.64794, 'N_afr': 18705.2001, 'N_eur': 22615.4803, 'N_asia': 8041.39431, 'N_pol': 9909.14581, 'N_aa': 14826.86996, 'N_ooa': 4246.74087, 'N_anc': 1267.25059, 'gr': 0.31041} -11486.81371639311
{'t1': 3.89662, 't2': 104.67364, 't3': 412.17496, 't4': 1045.54321, 'r1': 0.26295, 'r2': 0.42011, 'r3': 0.17924, 'N_admix': 78450.29494, 'N_afr': 13995.75882, 'N_eur': 18815.993, 'N_asia': 8041.39431, 'N_pol': 8046.94079, 'N_aa': 14826.86996, 'N_ooa': 4246.74087, 'N_anc': 1559.06324, 'gr': 0.23043} -11472.096034814027
{'t1': 3.89662, 't2': 123.80553, 't3': 412.17496, 't4': 1045.54321, 'r1': 0.2498, 'r2': 0.42011, 'r3': 0.15655, 'N_admix': 80470.57979, 'N_afr': 13995.75882, 'N_eur': 18815.993, 'N_asia': 7193.35577, 'N_pol': 8046.94079, 'N_aa': 16224.77207, 'N_ooa': 4039.40383, 'N_anc': 1559.06324, 'gr': 0.23043} -11459.320922328312
{'t1': 3.17246, 't2': 123.80553, 't3': 397.75649, 't4': 1045.54321, 'r1': 0.26853, 'r2': 0.36694, 'r3': 0.15655, 'N_admix': 80470.57979, 'N_afr': 13995.75882, 'N_eur': 21184.73586, 'N_asia': 7193.35577, 'N_pol': 8046.94079, 'N_aa': 18520.66247, 'N_ooa': 4334.85912, 'N_anc': 1285.48888, 'gr': 0.28804} -11477.855889229004
{'t1': 2.35779, 't2': 123.80553, 't3': 397.75649, 't4': 1013.15387, 'r1': 0.29874, 'r2': 0.36694, 'r3': 0.14169, 'N_admix': 81843.74215, 'N_afr': 13995.75882, 'N_eur': 21184.73586, 'N_asia': 7761.46499, 'N_pol': 8046.94079, 'N_aa': 22454.84107, 'N_ooa': 4334.85912, 'N_anc': 1618.90763, 'gr': 0.28804} -11497.916203112418
2026-08-19 20:30:19,726 - INFO - Finished fitting ARG.
2026-08-19 20:30:19,726 - INFO - Finished in 4h 22m 48.1s
2026-08-19 20:30:19,726 - INFO - Estimated: {'t1': 3.89662, 't2': 123.80553, 't3': 412.17496, 't4': 1045.54321, 'r1': 0.2498, 'r2': 0.42011, 'r3': 0.15655, 'N_admix': 80470.57979, 'N_afr': 13995.75882, 'N_eur': 18815.993, 'N_asia': 7193.35577, 'N_pol': 8046.94079, 'N_aa': 16224.77207, 'N_ooa': 4039.40383, 'N_anc': 1559.06324, 'gr': 0.23043}
Traceback (most recent call last):
  File "simulate_and_fit_ARG.py", line 238, in <module>
    SimulateARG().main()
  File "simulate_and_fit_ARG.py", line 232, in main
    logger.info(f"logp = {logp}  (true = {logp_true})")
NameError: name 'logp_true' is not defined
