2026-08-19 16:34:22,145 - INFO - Beginning execution of simulate_and_fit_ARG.py in directory /home1/mahj/glike_optimize/opt_scripts

2026-08-19 16:34:22,145 - INFO - Progress is being logged to ../opt_results_glike_arbitrary_rep/ntree_10_rep_5_simulate_ARG.log

2026-08-19 16:34:22,145 - INFO - Parsed the following arguments:
	N_SAMPLES = 1000.0
	SEQUENCE_LENGTH = 30000000.0
	RECOMBINATION_RATE = 1e-08
	SEED = 1
	NUM_TREES = 10
	OPTIMIZER = glike
	outprefix = ../opt_results_glike_arbitrary_rep/ntree_10_rep_5

2026-08-19 16:34:22,171 - INFO - Sampling 1000 individuals with ploidy 1 in population 0 (name='admix') at time 0
2026-08-19 16:34:22,178 - INFO - Starting replicate 0
2026-08-19 16:34:22,179 - INFO - model[0] {'name': 'hudson'} started at time=0 nodes=1000 edges=0
2026-08-19 16:34:22,179 - INFO - Running model {'name': 'hudson'} until max time: inf
2026-08-19 16:34:22,858 - INFO - Completed at time=24250.7 nodes=39508 edges=264883
2026-08-19 16:34:24,206 - INFO - Finished simulating ARG.
[phase from 0.0 to 19.0]
        admix
ns   0.000006
grs  0.078000

[phase from 19.0 to 411.0]
       afr    eur   asia    pol
admix  0.0  0.198  0.334  0.468
        afr       eur     asia       pol
ns   0.0001  0.000075  0.00004  0.000064
grs  0.0000  0.000000  0.00000  0.000000

[phase from 411.0 to 1040.0]
      afr  eur  asia
afr     1    0     0
eur     0    1     0
asia    0    0     1
pol     0    0     1
        afr       eur     asia
ns   0.0001  0.000075  0.00037
grs  0.0000  0.000000  0.00000

[phase from 1040.0 to 2004.0]
      afr  eur
afr     1    0
eur     0    1
asia    0    1
        afr       eur
ns   0.0001  0.000405
grs  0.0000  0.000000

[phase from 2004.0 to inf]
     A
afr  1
eur  1
            A
ns   0.000375
grs  0.000000

2026-08-19 16:34:40,294 - INFO - Starting glike optimization.
{'t1': 10, 't2': 100, 't3': 1000, 't4': 2000, 'r1': 0.25, 'r2': 0.25, 'r3': 0.25, 'N_admix': 10000, 'N_afr': 10000, 'N_eur': 10000, 'N_asia': 10000, 'N_pol': 10000, 'N_aa': 10000, 'N_ooa': 10000, 'N_anc': 10000, 'gr': 0.1} -118566.68258269322
{'t1': 10.9, 't2': 108.91, 't3': 910.891, 't4': 2000, 'r1': 0.275, 'r2': 0.275, 'r3': 0.225, 'N_admix': 10990.0, 'N_afr': 10990.0, 'N_eur': 10990.0, 'N_asia': 9010.0, 'N_pol': 10000, 'N_aa': 10990.0, 'N_ooa': 10000, 'N_anc': 9010.0, 'gr': 0.11} -117920.74770814403
{'t1': 12.385, 't2': 123.38875, 't3': 1029.01634, 't4': 1951.45082, 'r1': 0.31625, 'r2': 0.275, 'r3': 0.19125, 'N_admix': 12623.5, 'N_afr': 12623.5, 'N_eur': 10990.0, 'N_asia': 10346.5, 'N_pol': 10495.0, 'N_aa': 12623.5, 'N_ooa': 9505.0, 'N_anc': 7673.5, 'gr': 0.1265} -117340.96229849127
{'t1': 14.94663, 't2': 147.78823, 't3': 1029.01634, 't4': 2020.63341, 'r1': 0.31625, 'r2': 0.275, 'r3': 0.19125, 'N_admix': 15441.2875, 'N_afr': 12623.5, 'N_eur': 10990.0, 'N_asia': 10346.5, 'N_pol': 10495.0, 'N_aa': 12623.5, 'N_ooa': 9505.0, 'N_anc': 5969.4625, 'gr': 0.15496} -116829.08194920799
{'t1': 19.65362, 't2': 191.03366, 't3': 934.74329, 't4': 2020.63341, 'r1': 0.31625, 'r2': 0.275, 'r3': 0.21277, 'N_admix': 20618.97203, 'N_afr': 12623.5, 'N_eur': 11534.5, 'N_asia': 11499.23125, 'N_pol': 10495.0, 'N_aa': 12623.5, 'N_ooa': 9505.0, 'N_anc': 3988.51891, 'gr': 0.10266} -116545.29853364399
{'t1': 19.65362, 't2': 276.72368, 't3': 934.74329, 't4': 2081.71473, 'r1': 0.29846, 'r2': 0.26125, 'r3': 0.24867, 'N_admix': 30878.45804, 'N_afr': 11919.05313, 'N_eur': 11534.5, 'N_asia': 11499.23125, 'N_pol': 10495.0, 'N_aa': 11919.05313, 'N_ooa': 9505.0, 'N_anc': 2044.25945, 'gr': 0.05133} -116392.61419163464
{'t1': 24.31703, 't2': 402.92701, 't3': 979.61529, 't4': 1988.72509, 'r1': 0.27328, 'r2': 0.24166, 'r3': 0.24867, 'N_admix': 30878.45804, 'N_afr': 11919.05313, 'N_eur': 11534.5, 'N_asia': 12461.04139, 'N_pol': 11014.75, 'N_aa': 10921.82052, 'N_ooa': 9034.75, 'N_anc': 3016.38918, 'gr': 0.05133} -116050.64699995468
{'t1': 24.31703, 't2': 402.92701, 't3': 979.61529, 't4': 1861.00963, 'r1': 0.23869, 'r2': 0.24166, 'r3': 0.28014, 'N_admix': 38573.07255, 'N_afr': 11328.10047, 'N_eur': 10962.775, 'N_asia': 14025.48569, 'N_pol': 11833.35625, 'N_aa': 9552.18386, 'N_ooa': 8364.64375, 'N_anc': 3016.38918, 'gr': 0.0385} -115805.63203159068
{'t1': 28.68897, 't2': 402.92701, 't3': 979.61529, 't4': 1693.68242, 'r1': 0.19338, 'r2': 0.22807, 'r3': 0.28014, 'N_admix': 38573.07255, 'N_afr': 10485.99293, 'N_eur': 10962.775, 'N_asia': 16669.15211, 'N_pol': 13153.35883, 'N_aa': 7757.74583, 'N_ooa': 7434.87133, 'N_anc': 3016.38918, 'gr': 0.0385} -115473.79120447171
{'t1': 20.90145, 't2': 402.92701, 't3': 979.61529, 't4': 1490.34065, 'r1': 0.13831, 'r2': 0.24731, 'r3': 0.30673, 'N_admix': 45786.77365, 'N_afr': 10485.99293, 'N_eur': 10419.63625, 'N_asia': 16669.15211, 'N_pol': 15356.11313, 'N_aa': 5577.08305, 'N_ooa': 6197.11179, 'N_anc': 3016.38918, 'gr': 0.0385} -115186.90721703794
{'t1': 20.90145, 't2': 402.92701, 't3': 979.61529, 't4': 1272.18511, 'r1': 0.07923, 'r2': 0.24731, 'r3': 0.3504, 'N_admix': 45786.77365, 'N_afr': 10485.99293, 'N_eur': 9645.66353, 'N_asia': 16669.15211, 'N_pol': 15356.11313, 'N_aa': 5577.08305, 'N_ooa': 6197.11179, 'N_anc': 3016.38918, 'gr': 0.0385} -115104.78343873027
{'t1': 20.90145, 't2': 402.92701, 't3': 979.61529, 't4': 1272.18511, 'r1': 0.07923, 'r2': 0.24731, 'r3': 0.3504, 'N_admix': 45786.77365, 'N_afr': 10485.99293, 'N_eur': 9645.66353, 'N_asia': 17848.73335, 'N_pol': 15356.11313, 'N_aa': 5577.08305, 'N_ooa': 6197.11179, 'N_anc': 3016.38918, 'gr': 0.03657} -115103.93591581995
{'t1': 20.90145, 't2': 402.92701, 't3': 979.61529, 't4': 1272.18511, 'r1': 0.07923, 'r2': 0.24731, 'r3': 0.3504, 'N_admix': 45786.77365, 'N_afr': 10485.99293, 'N_eur': 9645.66353, 'N_asia': 17848.73335, 'N_pol': 16321.53904, 'N_aa': 5577.08305, 'N_ooa': 6197.11179, 'N_anc': 3016.38918, 'gr': 0.03657} -115102.2377602261
{'t1': 20.90145, 't2': 402.92701, 't3': 979.61529, 't4': 1272.18511, 'r1': 0.07923, 'r2': 0.24731, 'r3': 0.3504, 'N_admix': 45786.77365, 'N_afr': 10485.99293, 'N_eur': 9645.66353, 'N_asia': 16901.06539, 'N_pol': 16321.53904, 'N_aa': 5577.08305, 'N_ooa': 6197.11179, 'N_anc': 3016.38918, 'gr': 0.03657} -115100.010360656
{'t1': 20.90145, 't2': 402.92701, 't3': 979.61529, 't4': 1253.8995, 'r1': 0.07428, 'r2': 0.24731, 'r3': 0.3504, 'N_admix': 45786.77365, 'N_afr': 10485.99293, 'N_eur': 9645.66353, 'N_asia': 18246.6683, 'N_pol': 16321.53904, 'N_aa': 5577.08305, 'N_ooa': 6197.11179, 'N_anc': 3016.38918, 'gr': 0.03657} -115074.22589898042
{'t1': 20.90145, 't2': 402.92701, 't3': 979.61529, 't4': 1253.8995, 'r1': 0.07428, 'r2': 0.24731, 'r3': 0.3504, 'N_admix': 45786.77365, 'N_afr': 10485.99293, 'N_eur': 9645.66353, 'N_asia': 18246.6683, 'N_pol': 16321.53904, 'N_aa': 5577.08305, 'N_ooa': 6197.11179, 'N_anc': 3016.38918, 'gr': 0.03657} -115074.22589898042
{'t1': 20.90145, 't2': 402.92701, 't3': 979.61529, 't4': 1253.8995, 'r1': 0.07428, 'r2': 0.24731, 'r3': 0.3504, 'N_admix': 45786.77365, 'N_afr': 10485.99293, 'N_eur': 9645.66353, 'N_asia': 18246.6683, 'N_pol': 16321.53904, 'N_aa': 5577.08305, 'N_ooa': 6197.11179, 'N_anc': 3016.38918, 'gr': 0.03657} -115074.22589898042
{'t1': 20.90145, 't2': 402.92701, 't3': 979.61529, 't4': 1253.8995, 'r1': 0.07428, 'r2': 0.24731, 'r3': 0.3504, 'N_admix': 45786.77365, 'N_afr': 10485.99293, 'N_eur': 9645.66353, 'N_asia': 18246.6683, 'N_pol': 16321.53904, 'N_aa': 5577.08305, 'N_ooa': 6197.11179, 'N_anc': 3016.38918, 'gr': 0.03657} -115074.22589898042
{'t1': 20.90145, 't2': 402.92701, 't3': 979.61529, 't4': 1253.8995, 'r1': 0.07428, 'r2': 0.24731, 'r3': 0.3504, 'N_admix': 45786.77365, 'N_afr': 10485.99293, 'N_eur': 9645.66353, 'N_asia': 18246.6683, 'N_pol': 16321.53904, 'N_aa': 5577.08305, 'N_ooa': 6197.11179, 'N_anc': 3016.38918, 'gr': 0.03657} -115074.22589898042
2026-08-19 20:44:52,410 - INFO - Finished fitting ARG.
2026-08-19 20:44:52,410 - INFO - Finished in 4h 10m 12.1s
2026-08-19 20:44:52,411 - INFO - Estimated: {'t1': 20.90145, 't2': 402.92701, 't3': 979.61529, 't4': 1253.8995, 'r1': 0.07428, 'r2': 0.24731, 'r3': 0.3504, 'N_admix': 45786.77365, 'N_afr': 10485.99293, 'N_eur': 9645.66353, 'N_asia': 18246.6683, 'N_pol': 16321.53904, 'N_aa': 5577.08305, 'N_ooa': 6197.11179, 'N_anc': 3016.38918, 'gr': 0.03657}
Traceback (most recent call last):
  File "simulate_and_fit_ARG.py", line 238, in <module>
    SimulateARG().main()
  File "simulate_and_fit_ARG.py", line 232, in main
    logger.info(f"logp = {logp}  (true = {logp_true})")
NameError: name 'logp_true' is not defined
