2026-08-19 16:20:09,492 - INFO - Beginning execution of simulate_and_fit_ARG.py in directory /home1/mahj/glike_optimize/opt_scripts

2026-08-19 16:20:09,492 - INFO - Progress is being logged to ../opt_results_glike_arbitrary_rep/ntree_5_rep_4_simulate_ARG.log

2026-08-19 16:20:09,492 - INFO - Parsed the following arguments:
	N_SAMPLES = 1000.0
	SEQUENCE_LENGTH = 30000000.0
	RECOMBINATION_RATE = 1e-08
	SEED = 1
	NUM_TREES = 5
	OPTIMIZER = glike
	outprefix = ../opt_results_glike_arbitrary_rep/ntree_5_rep_4

2026-08-19 16:20:09,519 - INFO - Sampling 1000 individuals with ploidy 1 in population 0 (name='admix') at time 0
2026-08-19 16:20:09,522 - INFO - Starting replicate 0
2026-08-19 16:20:09,523 - INFO - model[0] {'name': 'hudson'} started at time=0 nodes=1000 edges=0
2026-08-19 16:20:09,523 - INFO - Running model {'name': 'hudson'} until max time: inf
2026-08-19 16:20:10,217 - INFO - Completed at time=24250.7 nodes=39508 edges=264883
2026-08-19 16:20:10,946 - INFO - Finished simulating ARG.
[phase from 0.0 to 19.0]
        admix
ns   0.000006
grs  0.078000

[phase from 19.0 to 411.0]
       afr    eur   asia    pol
admix  0.0  0.198  0.334  0.468
        afr       eur     asia       pol
ns   0.0001  0.000075  0.00004  0.000064
grs  0.0000  0.000000  0.00000  0.000000

[phase from 411.0 to 1040.0]
      afr  eur  asia
afr     1    0     0
eur     0    1     0
asia    0    0     1
pol     0    0     1
        afr       eur     asia
ns   0.0001  0.000075  0.00037
grs  0.0000  0.000000  0.00000

[phase from 1040.0 to 2004.0]
      afr  eur
afr     1    0
eur     0    1
asia    0    1
        afr       eur
ns   0.0001  0.000405
grs  0.0000  0.000000

[phase from 2004.0 to inf]
     A
afr  1
eur  1
            A
ns   0.000375
grs  0.000000

2026-08-19 16:20:27,159 - INFO - Starting glike optimization.
{'t1': 10, 't2': 100, 't3': 1000, 't4': 2000, 'r1': 0.25, 'r2': 0.25, 'r3': 0.25, 'N_admix': 10000, 'N_afr': 10000, 'N_eur': 10000, 'N_asia': 10000, 'N_pol': 10000, 'N_aa': 10000, 'N_ooa': 10000, 'N_anc': 10000, 'gr': 0.1} -59323.55657011032
{'t1': 10, 't2': 109.0, 't3': 1000, 't4': 2100.0, 'r1': 0.275, 'r2': 0.275, 'r3': 0.225, 'N_admix': 10990.0, 'N_afr': 10990.0, 'N_eur': 10990.0, 'N_asia': 10000, 'N_pol': 10000, 'N_aa': 10990.0, 'N_ooa': 10000, 'N_anc': 9010.0, 'gr': 0.11} -58983.70655892309
{'t1': 10.45, 't2': 123.7825, 't3': 1043.81087, 't4': 2100.0, 'r1': 0.31625, 'r2': 0.275, 'r3': 0.19125, 'N_admix': 12623.5, 'N_afr': 12623.5, 'N_eur': 12623.5, 'N_asia': 9505.0, 'N_pol': 10000, 'N_aa': 12623.5, 'N_ooa': 9505.0, 'N_anc': 7673.5, 'gr': 0.1265} -58703.02198087746
{'t1': 10.45, 't2': 149.28231, 't3': 976.72123, 't4': 2100.0, 'r1': 0.31625, 'r2': 0.29563, 'r3': 0.19125, 'N_admix': 15441.2875, 'N_afr': 12623.5, 'N_eur': 12623.5, 'N_asia': 10210.375, 'N_pol': 10000, 'N_aa': 12623.5, 'N_ooa': 8799.625, 'N_anc': 5969.4625, 'gr': 0.15496} -58487.40702562319
{'t1': 10.45, 't2': 196.13821, 't3': 888.90564, 't4': 2039.44528, 'r1': 0.31625, 'r2': 0.29563, 'r3': 0.19125, 'N_admix': 20618.97203, 'N_afr': 12623.5, 'N_eur': 12623.5, 'N_asia': 11347.79219, 'N_pol': 10495.0, 'N_aa': 11214.60625, 'N_ooa': 7820.91719, 'N_anc': 3988.51891, 'gr': 0.20726} -58305.34472813794
{'t1': 10.45, 't2': 288.98231, 't3': 787.66858, 't4': 1945.56203, 'r1': 0.29846, 'r2': 0.279, 'r3': 0.19125, 'N_admix': 30878.45804, 'N_afr': 12623.5, 'N_eur': 12623.5, 'N_asia': 11347.79219, 'N_pol': 11274.625, 'N_aa': 9339.01645, 'N_ooa': 6518.01241, 'N_anc': 3988.51891, 'gr': 0.20726} -58164.892439301315
{'t1': 10.45, 't2': 288.98231, 't3': 913.89854, 't4': 1829.49989, 'r1': 0.29846, 'r2': 0.279, 'r3': 0.20081, 'N_admix': 30878.45804, 'N_afr': 13249.675, 'N_eur': 12623.5, 'N_asia': 11347.79219, 'N_pol': 11274.625, 'N_aa': 7000.39041, 'N_ooa': 4893.45302, 'N_anc': 3016.38918, 'gr': 0.15544} -58108.18333608409
{'t1': 10.45, 't2': 358.61539, 't3': 913.89854, 't4': 1674.99216, 'r1': 0.28354, 'r2': 0.26505, 'r3': 0.20081, 'N_admix': 38573.07255, 'N_afr': 13249.675, 'N_eur': 11997.325, 'N_asia': 11910.1818, 'N_pol': 11903.19766, 'N_aa': 4380.39843, 'N_ooa': 3073.43883, 'N_anc': 3016.38918, 'gr': 0.09715} -57946.4996448335
{'t1': 10.9225, 't2': 358.61539, 't3': 1019.31558, 't4': 1509.02403, 'r1': 0.26227, 'r2': 0.26505, 'r3': 0.21085, 'N_admix': 53000.47476, 'N_afr': 13249.675, 'N_eur': 12889.62438, 'N_asia': 11910.1818, 'N_pol': 12899.09246, 'N_aa': 4380.39843, 'N_ooa': 1586.71942, 'N_anc': 3016.38918, 'gr': 0.04858} -57866.88791925478
{'t1': 11.66669, 't2': 358.61539, 't3': 1019.31558, 't4': 1509.02403, 'r1': 0.26227, 'r2': 0.26505, 'r3': 0.22666, 'N_admix': 76500.23738, 'N_afr': 13249.675, 'N_eur': 11450.79164, 'N_asia': 11319.67271, 'N_pol': 12899.09246, 'N_aa': 4380.39843, 'N_ooa': 1586.71942, 'N_anc': 3016.38918, 'gr': 0.02429} -57850.36338191092
{'t1': 12.86669, 't2': 391.02933, 't3': 1019.31558, 't4': 1416.05594, 'r1': 0.26227, 'r2': 0.2518, 'r3': 0.22666, 'N_admix': 76500.23738, 'N_afr': 12592.19125, 'N_eur': 11450.79164, 'N_asia': 12161.14816, 'N_pol': 13709.03503, 'N_aa': 3845.34863, 'N_ooa': 1586.71942, 'N_anc': 2870.56972, 'gr': 0.01214} -57676.89026022624
{'t1': 12.86669, 't2': 391.02933, 't3': 1019.31558, 't4': 1303.07792, 'r1': 0.24916, 'r2': 0.23292, 'r3': 0.23941, 'N_admix': 76500.23738, 'N_afr': 11655.27691, 'N_eur': 11450.79164, 'N_asia': 13518.02733, 'N_pol': 15000.83015, 'N_aa': 3845.34863, 'N_ooa': 1400.87949, 'N_anc': 2870.56972, 'gr': 0.01214} -57621.523830615064
{'t1': 12.86669, 't2': 391.02933, 't3': 1019.31558, 't4': 1181.86928, 'r1': 0.23047, 'r2': 0.25912, 'r3': 0.21921, 'N_admix': 76500.23738, 'N_afr': 11655.27691, 'N_eur': 10883.25206, 'N_asia': 11253.73522, 'N_pol': 17122.45226, 'N_aa': 3494.2222, 'N_ooa': 1400.87949, 'N_anc': 2732.04123, 'gr': 0.01214} -57589.433252354735
{'t1': 12.86669, 't2': 409.93746, 't3': 1019.31558, 't4': 1100.59243, 'r1': 0.20454, 'r2': 0.21539, 'r3': 0.21921, 'N_admix': 76500.23738, 'N_afr': 11005.29258, 'N_eur': 10883.25206, 'N_asia': 11253.73522, 'N_pol': 17122.45226, 'N_aa': 3016.9097, 'N_ooa': 1400.87949, 'N_anc': 2534.63814, 'gr': 0.01214} -57402.00462476887
{'t1': 12.86669, 't2': 409.93746, 't3': 1019.31558, 't4': 1100.59243, 'r1': 0.20454, 'r2': 0.21539, 'r3': 0.21921, 'N_admix': 76500.23738, 'N_afr': 11005.29258, 'N_eur': 10883.25206, 'N_asia': 11253.73522, 'N_pol': 17122.45226, 'N_aa': 3016.9097, 'N_ooa': 1400.87949, 'N_anc': 2534.63814, 'gr': 0.0129} -57402.00344122838
{'t1': 12.86669, 't2': 409.93746, 't3': 1019.31558, 't4': 1100.59243, 'r1': 0.20454, 'r2': 0.24265, 'r3': 0.21921, 'N_admix': 76500.23738, 'N_afr': 11005.29258, 'N_eur': 10883.25206, 'N_asia': 11959.55753, 'N_pol': 18031.3415, 'N_aa': 3016.9097, 'N_ooa': 1400.87949, 'N_anc': 2534.63814, 'gr': 0.0129} -57392.750810194346
{'t1': 12.86669, 't2': 409.93746, 't3': 1019.31558, 't4': 1100.59243, 'r1': 0.20454, 'r2': 0.24265, 'r3': 0.21921, 'N_admix': 76500.23738, 'N_afr': 11005.29258, 'N_eur': 10883.25206, 'N_asia': 10833.82609, 'N_pol': 19467.46859, 'N_aa': 3016.9097, 'N_ooa': 1400.87949, 'N_anc': 2534.63814, 'gr': 0.0129} -57391.65234681063
{'t1': 12.86669, 't2': 409.93746, 't3': 1019.31558, 't4': 1100.59243, 'r1': 0.20454, 'r2': 0.24265, 'r3': 0.21921, 'N_admix': 76500.23738, 'N_afr': 11005.29258, 'N_eur': 10883.25206, 'N_asia': 10833.82609, 'N_pol': 19467.46859, 'N_aa': 3016.9097, 'N_ooa': 1400.87949, 'N_anc': 2534.63814, 'gr': 0.0129} -57391.65234681063
{'t1': 12.86669, 't2': 409.93746, 't3': 1019.31558, 't4': 1100.59243, 'r1': 0.20454, 'r2': 0.24265, 'r3': 0.21921, 'N_admix': 76500.23738, 'N_afr': 11005.29258, 'N_eur': 10883.25206, 'N_asia': 10833.82609, 'N_pol': 19467.46859, 'N_aa': 3016.9097, 'N_ooa': 1400.87949, 'N_anc': 2534.63814, 'gr': 0.0129} -57391.65234681063
{'t1': 12.86669, 't2': 409.93746, 't3': 1019.31558, 't4': 1100.59243, 'r1': 0.20454, 'r2': 0.24265, 'r3': 0.21921, 'N_admix': 76500.23738, 'N_afr': 11005.29258, 'N_eur': 10883.25206, 'N_asia': 10297.13479, 'N_pol': 19467.46859, 'N_aa': 3016.9097, 'N_ooa': 1400.87949, 'N_anc': 2534.63814, 'gr': 0.0129} -57391.55022603325
{'t1': 12.86669, 't2': 409.93746, 't3': 1019.31558, 't4': 1100.59243, 'r1': 0.20454, 'r2': 0.24265, 'r3': 0.21921, 'N_admix': 76500.23738, 'N_afr': 11005.29258, 'N_eur': 10883.25206, 'N_asia': 10297.13479, 'N_pol': 19467.46859, 'N_aa': 3016.9097, 'N_ooa': 1400.87949, 'N_anc': 2534.63814, 'gr': 0.0129} -57391.55022603325
2026-08-19 21:16:32,767 - INFO - Finished fitting ARG.
2026-08-19 21:16:32,768 - INFO - Finished in 4h 56m 5.6s
2026-08-19 21:16:32,768 - INFO - Estimated: {'t1': 12.86669, 't2': 409.93746, 't3': 1019.31558, 't4': 1100.59243, 'r1': 0.20454, 'r2': 0.24265, 'r3': 0.21921, 'N_admix': 76500.23738, 'N_afr': 11005.29258, 'N_eur': 10883.25206, 'N_asia': 10297.13479, 'N_pol': 19467.46859, 'N_aa': 3016.9097, 'N_ooa': 1400.87949, 'N_anc': 2534.63814, 'gr': 0.0129}
Traceback (most recent call last):
  File "simulate_and_fit_ARG.py", line 238, in <module>
    SimulateARG().main()
  File "simulate_and_fit_ARG.py", line 232, in main
    logger.info(f"logp = {logp}  (true = {logp_true})")
NameError: name 'logp_true' is not defined
