2026-08-19 16:31:45,274 - INFO - Beginning execution of simulate_and_fit_ARG.py in directory /home1/mahj/glike_optimize/opt_scripts

2026-08-19 16:31:45,274 - INFO - Progress is being logged to ../opt_results_glike_arbitrary_rep/ntree_10_rep_2_simulate_ARG.log

2026-08-19 16:31:45,274 - INFO - Parsed the following arguments:
	N_SAMPLES = 1000.0
	SEQUENCE_LENGTH = 30000000.0
	RECOMBINATION_RATE = 1e-08
	SEED = 1
	NUM_TREES = 10
	OPTIMIZER = glike
	outprefix = ../opt_results_glike_arbitrary_rep/ntree_10_rep_2

2026-08-19 16:31:45,310 - INFO - Sampling 1000 individuals with ploidy 1 in population 0 (name='admix') at time 0
2026-08-19 16:31:45,313 - INFO - Starting replicate 0
2026-08-19 16:31:45,313 - INFO - model[0] {'name': 'hudson'} started at time=0 nodes=1000 edges=0
2026-08-19 16:31:45,313 - INFO - Running model {'name': 'hudson'} until max time: inf
2026-08-19 16:31:46,032 - INFO - Completed at time=24250.7 nodes=39508 edges=264883
2026-08-19 16:31:47,425 - INFO - Finished simulating ARG.
[phase from 0.0 to 19.0]
        admix
ns   0.000006
grs  0.078000

[phase from 19.0 to 411.0]
       afr    eur   asia    pol
admix  0.0  0.198  0.334  0.468
        afr       eur     asia       pol
ns   0.0001  0.000075  0.00004  0.000064
grs  0.0000  0.000000  0.00000  0.000000

[phase from 411.0 to 1040.0]
      afr  eur  asia
afr     1    0     0
eur     0    1     0
asia    0    0     1
pol     0    0     1
        afr       eur     asia
ns   0.0001  0.000075  0.00037
grs  0.0000  0.000000  0.00000

[phase from 1040.0 to 2004.0]
      afr  eur
afr     1    0
eur     0    1
asia    0    1
        afr       eur
ns   0.0001  0.000405
grs  0.0000  0.000000

[phase from 2004.0 to inf]
     A
afr  1
eur  1
            A
ns   0.000375
grs  0.000000

2026-08-19 16:32:03,513 - INFO - Starting glike optimization.
{'t1': 10, 't2': 100, 't3': 1000, 't4': 2000, 'r1': 0.25, 'r2': 0.25, 'r3': 0.25, 'N_admix': 10000, 'N_afr': 10000, 'N_eur': 10000, 'N_asia': 10000, 'N_pol': 10000, 'N_aa': 10000, 'N_ooa': 10000, 'N_anc': 10000, 'gr': 0.1} -118575.78505255053
{'t1': 10.9, 't2': 108.91, 't3': 1000, 't4': 1900.0, 'r1': 0.275, 'r2': 0.275, 'r3': 0.225, 'N_admix': 10990.0, 'N_afr': 10990.0, 'N_eur': 10990.0, 'N_asia': 10000, 'N_pol': 10000, 'N_aa': 10990.0, 'N_ooa': 10000, 'N_anc': 9010.0, 'gr': 0.11} -117886.07005954339
{'t1': 12.385, 't2': 123.38875, 't3': 956.16944, 't4': 1758.42542, 'r1': 0.31625, 'r2': 0.31625, 'r3': 0.19125, 'N_admix': 12623.5, 'N_afr': 12623.5, 'N_eur': 12623.5, 'N_asia': 9505.0, 'N_pol': 10495.0, 'N_aa': 12623.5, 'N_ooa': 9505.0, 'N_anc': 7673.5, 'gr': 0.1265} -117280.28557934881
{'t1': 14.94663, 't2': 147.78823, 't3': 956.16944, 't4': 1577.91782, 'r1': 0.31625, 'r2': 0.31625, 'r3': 0.19125, 'N_admix': 15441.2875, 'N_afr': 12623.5, 'N_eur': 12623.5, 'N_asia': 10210.375, 'N_pol': 10495.0, 'N_aa': 12623.5, 'N_ooa': 8799.625, 'N_anc': 5969.4625, 'gr': 0.15496} -116730.82233217804
{'t1': 19.65362, 't2': 191.03366, 't3': 925.08202, 't4': 1357.58574, 'r1': 0.28067, 'r2': 0.31625, 'r3': 0.19125, 'N_admix': 20618.97203, 'N_afr': 11214.60625, 'N_eur': 12623.5, 'N_asia': 10210.375, 'N_pol': 11014.75, 'N_aa': 12623.5, 'N_ooa': 7820.91719, 'N_anc': 3988.51891, 'gr': 0.10266} -116389.5801337384
{'t1': 19.65362, 't2': 276.72368, 't3': 957.5198, 't4': 1157.55277, 'r1': 0.28067, 'r2': 0.29846, 'r3': 0.19125, 'N_admix': 30878.45804, 'N_afr': 11214.60625, 'N_eur': 12623.5, 'N_asia': 10779.08359, 'N_pol': 11833.35625, 'N_aa': 11919.05313, 'N_ooa': 6518.01241, 'N_anc': 2044.25945, 'gr': 0.05133} -116101.96187187043
{'t1': 24.31703, 't2': 402.92701, 't3': 980.02351, 't4': 1068.78814, 'r1': 0.25699, 'r2': 0.29846, 'r3': 0.19125, 'N_admix': 30878.45804, 'N_afr': 11214.60625, 'N_eur': 12623.5, 'N_asia': 11680.13127, 'N_pol': 13153.35883, 'N_aa': 10921.82052, 'N_ooa': 4893.45302, 'N_anc': 3016.38918, 'gr': 0.05133} -115750.53961749216
{'t1': 24.31703, 't2': 402.92701, 't3': 995.00254, 't4': 1031.89534, 'r1': 0.22446, 'r2': 0.29846, 'r3': 0.20081, 'N_admix': 38573.07255, 'N_afr': 11770.33656, 'N_eur': 11997.325, 'N_asia': 11680.13127, 'N_pol': 15356.11313, 'N_aa': 9552.18386, 'N_ooa': 6713.46721, 'N_anc': 3016.38918, 'gr': 0.0385} -115532.8580616687
{'t1': 24.31703, 't2': 402.92701, 't3': 995.00254, 't4': 1031.89534, 'r1': 0.18185, 'r2': 0.28354, 'r3': 0.21587, 'N_admix': 38573.07255, 'N_afr': 10895.06132, 'N_eur': 11105.02563, 'N_asia': 12412.93645, 'N_pol': 19217.81677, 'N_aa': 7757.74583, 'N_ooa': 6713.46721, 'N_anc': 3016.38918, 'gr': 0.0385} -115295.05148833685
{'t1': 26.503, 't2': 402.92701, 't3': 995.00254, 't4': 1031.89534, 'r1': 0.13007, 'r2': 0.26227, 'r3': 0.24016, 'N_admix': 38573.07255, 'N_afr': 9680.61692, 'N_eur': 9866.96025, 'N_asia': 11244.16944, 'N_pol': 19217.81677, 'N_aa': 5577.08305, 'N_ooa': 5060.10041, 'N_anc': 2651.84053, 'gr': 0.0385} -115009.57774555037
{'t1': 22.91664, 't2': 402.92701, 't3': 995.00254, 't4': 1031.89534, 'r1': 0.13007, 'r2': 0.26227, 'r3': 0.24016, 'N_admix': 42179.9231, 'N_afr': 9680.61692, 'N_eur': 9866.96025, 'N_asia': 11244.16944, 'N_pol': 19217.81677, 'N_aa': 3237.55558, 'N_ooa': 3200.06276, 'N_anc': 2651.84053, 'gr': 0.0385} -114943.04328515394
{'t1': 22.91664, 't2': 402.92701, 't3': 995.00254, 't4': 1034.20114, 'r1': 0.13007, 'r2': 0.26227, 'r3': 0.24016, 'N_admix': 42179.9231, 'N_afr': 9680.61692, 'N_eur': 10691.04752, 'N_asia': 11244.16944, 'N_pol': 17403.11776, 'N_aa': 3237.55558, 'N_ooa': 3200.06276, 'N_anc': 2651.84053, 'gr': 0.0385} -114898.87652482645
{'t1': 25.22816, 't2': 402.92701, 't3': 995.00254, 't4': 1034.20114, 'r1': 0.13007, 'r2': 0.26227, 'r3': 0.24016, 'N_admix': 39221.17851, 'N_afr': 9680.61692, 'N_eur': 10691.04752, 'N_asia': 11244.16944, 'N_pol': 17403.11776, 'N_aa': 3237.55558, 'N_ooa': 3200.06276, 'N_anc': 2779.43256, 'gr': 0.03657} -114885.41812330592
{'t1': 25.22816, 't2': 402.92701, 't3': 995.00254, 't4': 1034.20114, 'r1': 0.13007, 'r2': 0.26227, 'r3': 0.24016, 'N_admix': 39221.17851, 'N_afr': 9680.61692, 'N_eur': 10691.04752, 'N_asia': 11244.16944, 'N_pol': 18634.95105, 'N_aa': 3237.55558, 'N_ooa': 3200.06276, 'N_anc': 2779.43256, 'gr': 0.03657} -114882.78735574677
{'t1': 25.22816, 't2': 402.92701, 't3': 995.00254, 't4': 1034.20114, 'r1': 0.13007, 'r2': 0.26227, 'r3': 0.24016, 'N_admix': 39221.17851, 'N_afr': 9680.61692, 'N_eur': 10691.04752, 'N_asia': 10686.96097, 'N_pol': 18634.95105, 'N_aa': 3041.45836, 'N_ooa': 3200.06276, 'N_anc': 2779.43256, 'gr': 0.03657} -114881.09876990838
{'t1': 25.22816, 't2': 402.92701, 't3': 995.00254, 't4': 1034.20114, 'r1': 0.13007, 'r2': 0.26227, 'r3': 0.24016, 'N_admix': 39221.17851, 'N_afr': 9680.61692, 'N_eur': 10691.04752, 'N_asia': 10686.96097, 'N_pol': 19624.59797, 'N_aa': 3317.22008, 'N_ooa': 3045.05962, 'N_anc': 2779.43256, 'gr': 0.03657} -114865.98392734936
{'t1': 25.22816, 't2': 402.92701, 't3': 995.00254, 't4': 1034.20114, 'r1': 0.13007, 'r2': 0.26227, 'r3': 0.24016, 'N_admix': 39221.17851, 'N_afr': 9680.61692, 'N_eur': 10691.04752, 'N_asia': 10157.61292, 'N_pol': 21188.3295, 'N_aa': 3317.22008, 'N_ooa': 3045.05962, 'N_anc': 2779.43256, 'gr': 0.03657} -114862.86817455338
{'t1': 25.22816, 't2': 402.92701, 't3': 995.00254, 't4': 1034.20114, 'r1': 0.13007, 'r2': 0.26227, 'r3': 0.24016, 'N_admix': 39221.17851, 'N_afr': 9680.61692, 'N_eur': 10691.04752, 'N_asia': 9403.29195, 'N_pol': 21188.3295, 'N_aa': 3091.00929, 'N_ooa': 3045.05962, 'N_anc': 2779.43256, 'gr': 0.03657} -114858.16182414003
{'t1': 25.22816, 't2': 402.92701, 't3': 995.00254, 't4': 1034.20114, 'r1': 0.13007, 'r2': 0.26227, 'r3': 0.24016, 'N_admix': 39221.17851, 'N_afr': 9680.61692, 'N_eur': 10691.04752, 'N_asia': 10449.91229, 'N_pol': 19921.60102, 'N_aa': 3091.00929, 'N_ooa': 3045.05962, 'N_anc': 2779.43256, 'gr': 0.03657} -114854.3990359998
{'t1': 25.22816, 't2': 402.92701, 't3': 995.00254, 't4': 1034.20114, 'r1': 0.13007, 'r2': 0.26227, 'r3': 0.24016, 'N_admix': 39221.17851, 'N_afr': 9680.61692, 'N_eur': 10691.04752, 'N_asia': 10449.91229, 'N_pol': 19921.60102, 'N_aa': 3091.00929, 'N_ooa': 3045.05962, 'N_anc': 2779.43256, 'gr': 0.03657} -114854.3990359998
{'t1': 25.22816, 't2': 402.92701, 't3': 995.00254, 't4': 1034.20114, 'r1': 0.13007, 'r2': 0.26227, 'r3': 0.24016, 'N_admix': 39221.17851, 'N_afr': 9680.61692, 'N_eur': 10691.04752, 'N_asia': 10449.91229, 'N_pol': 19921.60102, 'N_aa': 3091.00929, 'N_ooa': 3045.05962, 'N_anc': 2779.43256, 'gr': 0.03657} -114854.3990359998
2026-08-19 21:09:04,513 - INFO - Finished fitting ARG.
2026-08-19 21:09:04,514 - INFO - Finished in 4h 37m 1.0s
2026-08-19 21:09:04,514 - INFO - Estimated: {'t1': 25.22816, 't2': 402.92701, 't3': 995.00254, 't4': 1034.20114, 'r1': 0.13007, 'r2': 0.26227, 'r3': 0.24016, 'N_admix': 39221.17851, 'N_afr': 9680.61692, 'N_eur': 10691.04752, 'N_asia': 10449.91229, 'N_pol': 19921.60102, 'N_aa': 3091.00929, 'N_ooa': 3045.05962, 'N_anc': 2779.43256, 'gr': 0.03657}
Traceback (most recent call last):
  File "simulate_and_fit_ARG.py", line 238, in <module>
    SimulateARG().main()
  File "simulate_and_fit_ARG.py", line 232, in main
    logger.info(f"logp = {logp}  (true = {logp_true})")
NameError: name 'logp_true' is not defined
