2026-08-19 16:40:40,054 - INFO - Beginning execution of simulate_and_fit_ARG.py in directory /home1/mahj/glike_optimize/opt_scripts

2026-08-19 16:40:40,054 - INFO - Progress is being logged to ../opt_results_glike_arbitrary_rep/ntree_20_rep_1_simulate_ARG.log

2026-08-19 16:40:40,054 - INFO - Parsed the following arguments:
	N_SAMPLES = 1000.0
	SEQUENCE_LENGTH = 30000000.0
	RECOMBINATION_RATE = 1e-08
	SEED = 1
	NUM_TREES = 20
	OPTIMIZER = glike
	outprefix = ../opt_results_glike_arbitrary_rep/ntree_20_rep_1

2026-08-19 16:40:40,079 - INFO - Sampling 1000 individuals with ploidy 1 in population 0 (name='admix') at time 0
2026-08-19 16:40:40,082 - INFO - Starting replicate 0
2026-08-19 16:40:40,083 - INFO - model[0] {'name': 'hudson'} started at time=0 nodes=1000 edges=0
2026-08-19 16:40:40,083 - INFO - Running model {'name': 'hudson'} until max time: inf
2026-08-19 16:40:40,773 - INFO - Completed at time=24250.7 nodes=39508 edges=264883
2026-08-19 16:40:43,377 - INFO - Finished simulating ARG.
[phase from 0.0 to 19.0]
        admix
ns   0.000006
grs  0.078000

[phase from 19.0 to 411.0]
       afr    eur   asia    pol
admix  0.0  0.198  0.334  0.468
        afr       eur     asia       pol
ns   0.0001  0.000075  0.00004  0.000064
grs  0.0000  0.000000  0.00000  0.000000

[phase from 411.0 to 1040.0]
      afr  eur  asia
afr     1    0     0
eur     0    1     0
asia    0    0     1
pol     0    0     1
        afr       eur     asia
ns   0.0001  0.000075  0.00037
grs  0.0000  0.000000  0.00000

[phase from 1040.0 to 2004.0]
      afr  eur
afr     1    0
eur     0    1
asia    0    1
        afr       eur
ns   0.0001  0.000405
grs  0.0000  0.000000

[phase from 2004.0 to inf]
     A
afr  1
eur  1
            A
ns   0.000375
grs  0.000000

2026-08-19 16:41:00,760 - INFO - Starting glike optimization.
{'t1': 10, 't2': 100, 't3': 1000, 't4': 2000, 'r1': 0.25, 'r2': 0.25, 'r3': 0.25, 'N_admix': 10000, 'N_afr': 10000, 'N_eur': 10000, 'N_asia': 10000, 'N_pol': 10000, 'N_aa': 10000, 'N_ooa': 10000, 'N_anc': 10000, 'gr': 0.1} -237702.8352104679
{'t1': 10.9, 't2': 108.91, 't3': 910.891, 't4': 1891.0891, 'r1': 0.275, 'r2': 0.275, 'r3': 0.225, 'N_admix': 10990.0, 'N_afr': 10990.0, 'N_eur': 10990.0, 'N_asia': 10000, 'N_pol': 9010.0, 'N_aa': 10990.0, 'N_ooa': 9010.0, 'N_anc': 9010.0, 'gr': 0.11} -236103.42031842493
{'t1': 12.385, 't2': 123.38875, 't3': 1029.01634, 't4': 1761.77819, 'r1': 0.31625, 'r2': 0.275, 'r3': 0.19125, 'N_admix': 12623.5, 'N_afr': 12623.5, 'N_eur': 12623.5, 'N_asia': 10000, 'N_pol': 10346.5, 'N_aa': 12623.5, 'N_ooa': 7673.5, 'N_anc': 7673.5, 'gr': 0.1265} -234583.1087266672
{'t1': 14.94663, 't2': 147.78823, 't3': 1029.01634, 't4': 1596.90677, 'r1': 0.31625, 'r2': 0.29563, 'r3': 0.19125, 'N_admix': 15441.2875, 'N_afr': 12623.5, 'N_eur': 12623.5, 'N_asia': 10495.0, 'N_pol': 10346.5, 'N_aa': 12623.5, 'N_ooa': 5969.4625, 'N_anc': 5969.4625, 'gr': 0.15496} -233383.34841899038
{'t1': 19.65362, 't2': 191.03366, 't3': 965.12867, 't4': 1383.68166, 'r1': 0.31625, 'r2': 0.29563, 'r3': 0.19125, 'N_admix': 20618.97203, 'N_afr': 12623.5, 'N_eur': 12623.5, 'N_asia': 11274.625, 'N_pol': 10346.5, 'N_aa': 11214.60625, 'N_ooa': 3988.51891, 'N_anc': 3988.51891, 'gr': 0.10266} -232693.9790196747
{'t1': 19.65362, 't2': 276.72368, 't3': 1035.75949, 't4': 1209.72057, 'r1': 0.29846, 'r2': 0.29563, 'r3': 0.20201, 'N_admix': 30878.45804, 'N_afr': 12623.5, 'N_eur': 12623.5, 'N_asia': 12531.77031, 'N_pol': 10346.5, 'N_aa': 9339.01645, 'N_ooa': 2044.25945, 'N_anc': 2044.25945, 'gr': 0.05133} -232027.48181800288
{'t1': 24.31703, 't2': 402.92701, 't3': 1035.75949, 't4': 1122.74003, 'r1': 0.27328, 'r2': 0.28085, 'r3': 0.21905, 'N_admix': 30878.45804, 'N_afr': 11997.325, 'N_eur': 11997.325, 'N_asia': 14629.63155, 'N_pol': 10858.825, 'N_aa': 7000.39041, 'N_ooa': 1072.12973, 'N_anc': 3016.38918, 'gr': 0.05133} -230921.7429568571
{'t1': 24.31703, 't2': 402.92701, 't3': 1035.75949, 't4': 1079.24976, 'r1': 0.23869, 'r2': 0.25979, 'r3': 0.24677, 'N_admix': 38573.07255, 'N_afr': 11105.02563, 'N_eur': 11105.02563, 'N_asia': 18307.44454, 'N_pol': 11665.73688, 'N_aa': 4380.39843, 'N_ooa': 1558.1946, 'N_anc': 3016.38918, 'gr': 0.0385} -230098.82969332507
{'t1': 24.31703, 't2': 402.92701, 't3': 1035.75949, 't4': 1057.50463, 'r1': 0.23869, 'r2': 0.25979, 'r3': 0.24677, 'N_admix': 38573.07255, 'N_afr': 11105.02563, 'N_eur': 9866.96025, 'N_asia': 18307.44454, 'N_pol': 12966.88228, 'N_aa': 4380.39843, 'N_ooa': 1558.1946, 'N_anc': 2287.29189, 'gr': 0.0385} -230051.7896468637
{'t1': 26.503, 't2': 402.92701, 't3': 1035.75949, 't4': 1057.50463, 'r1': 0.21603, 'r2': 0.2744, 'r3': 0.24677, 'N_admix': 38573.07255, 'N_afr': 11105.02563, 'N_eur': 9866.96025, 'N_asia': 18307.44454, 'N_pol': 12966.88228, 'N_aa': 3310.29882, 'N_ooa': 1922.74325, 'N_anc': 2287.29189, 'gr': 0.03128} -229849.7959430684
{'t1': 26.503, 't2': 402.92701, 't3': 1035.75949, 't4': 1057.50463, 'r1': 0.21603, 'r2': 0.2744, 'r3': 0.24677, 'N_admix': 42179.9231, 'N_afr': 11105.02563, 'N_eur': 9866.96025, 'N_asia': 16579.15977, 'N_pol': 12966.88228, 'N_aa': 3310.29882, 'N_ooa': 1922.74325, 'N_anc': 2697.40912, 'gr': 0.03128} -229829.71869637328
{'t1': 24.70982, 't2': 402.92701, 't3': 1035.75949, 't4': 1057.50463, 'r1': 0.21603, 'r2': 0.2744, 'r3': 0.24677, 'N_admix': 42179.9231, 'N_afr': 11105.02563, 'N_eur': 9866.96025, 'N_asia': 16579.15977, 'N_pol': 12966.88228, 'N_aa': 2708.36779, 'N_ooa': 1922.74325, 'N_anc': 2697.40912, 'gr': 0.03128} -229794.93720580172
{'t1': 27.21047, 't2': 402.92701, 't3': 1035.75949, 't4': 1057.50463, 'r1': 0.21603, 'r2': 0.2744, 'r3': 0.24677, 'N_admix': 39221.17851, 'N_afr': 11105.02563, 'N_eur': 9866.96025, 'N_asia': 15405.98521, 'N_pol': 13610.22639, 'N_aa': 2708.36779, 'N_ooa': 1922.74325, 'N_anc': 2697.40912, 'gr': 0.03128} -229780.904060231
{'t1': 27.21047, 't2': 402.92701, 't3': 1035.75949, 't4': 1057.50463, 'r1': 0.21603, 'r2': 0.2744, 'r3': 0.24677, 'N_admix': 39221.17851, 'N_afr': 11105.02563, 'N_eur': 9866.96025, 'N_asia': 15405.98521, 'N_pol': 13610.22639, 'N_aa': 2708.36779, 'N_ooa': 1922.74325, 'N_anc': 2514.77879, 'gr': 0.03284} -229780.43222769938
{'t1': 27.21047, 't2': 402.92701, 't3': 1035.75949, 't4': 1057.50463, 'r1': 0.21603, 'r2': 0.2744, 'r3': 0.24677, 'N_admix': 39221.17851, 'N_afr': 11105.02563, 'N_eur': 9866.96025, 'N_asia': 15405.98521, 'N_pol': 13610.22639, 'N_aa': 2708.36779, 'N_ooa': 1922.74325, 'N_anc': 2514.77879, 'gr': 0.03284} -229780.43222769938
{'t1': 27.21047, 't2': 402.92701, 't3': 1035.75949, 't4': 1057.50463, 'r1': 0.21603, 'r2': 0.2744, 'r3': 0.24677, 'N_admix': 39221.17851, 'N_afr': 11105.02563, 'N_eur': 9866.96025, 'N_asia': 15405.98521, 'N_pol': 13610.22639, 'N_aa': 2708.36779, 'N_ooa': 1922.74325, 'N_anc': 2642.12064, 'gr': 0.03284} -229780.29727374428
{'t1': 27.21047, 't2': 402.92701, 't3': 1035.75949, 't4': 1057.50463, 'r1': 0.21603, 'r2': 0.2744, 'r3': 0.24677, 'N_admix': 39221.17851, 'N_afr': 11105.02563, 'N_eur': 9866.96025, 'N_asia': 15405.98521, 'N_pol': 13610.22639, 'N_aa': 2708.36779, 'N_ooa': 1922.74325, 'N_anc': 2642.12064, 'gr': 0.03284} -229780.29727374428
{'t1': 27.21047, 't2': 402.92701, 't3': 1035.75949, 't4': 1057.50463, 'r1': 0.21603, 'r2': 0.2744, 'r3': 0.24677, 'N_admix': 39221.17851, 'N_afr': 11105.02563, 'N_eur': 9866.96025, 'N_asia': 15405.98521, 'N_pol': 13610.22639, 'N_aa': 2708.36779, 'N_ooa': 1922.74325, 'N_anc': 2642.12064, 'gr': 0.03284} -229780.29727374428
{'t1': 27.21047, 't2': 402.92701, 't3': 1035.75949, 't4': 1057.50463, 'r1': 0.21603, 'r2': 0.2744, 'r3': 0.24677, 'N_admix': 39221.17851, 'N_afr': 11105.02563, 'N_eur': 9866.96025, 'N_asia': 15405.98521, 'N_pol': 13610.22639, 'N_aa': 2708.36779, 'N_ooa': 1922.74325, 'N_anc': 2642.12064, 'gr': 0.03284} -229780.29727374428
{'t1': 27.21047, 't2': 402.92701, 't3': 1035.75949, 't4': 1057.50463, 'r1': 0.21603, 'r2': 0.2744, 'r3': 0.24677, 'N_admix': 39221.17851, 'N_afr': 11105.02563, 'N_eur': 9866.96025, 'N_asia': 15405.98521, 'N_pol': 13610.22639, 'N_aa': 2708.36779, 'N_ooa': 1922.74325, 'N_anc': 2642.12064, 'gr': 0.03284} -229780.29727374428
2026-08-19 21:31:48,603 - INFO - Finished fitting ARG.
2026-08-19 21:31:48,604 - INFO - Finished in 4h 50m 47.8s
2026-08-19 21:31:48,604 - INFO - Estimated: {'t1': 27.21047, 't2': 402.92701, 't3': 1035.75949, 't4': 1057.50463, 'r1': 0.21603, 'r2': 0.2744, 'r3': 0.24677, 'N_admix': 39221.17851, 'N_afr': 11105.02563, 'N_eur': 9866.96025, 'N_asia': 15405.98521, 'N_pol': 13610.22639, 'N_aa': 2708.36779, 'N_ooa': 1922.74325, 'N_anc': 2642.12064, 'gr': 0.03284}
Traceback (most recent call last):
  File "simulate_and_fit_ARG.py", line 238, in <module>
    SimulateARG().main()
  File "simulate_and_fit_ARG.py", line 232, in main
    logger.info(f"logp = {logp}  (true = {logp_true})")
NameError: name 'logp_true' is not defined
