2026-08-19 16:38:03,816 - INFO - Beginning execution of simulate_and_fit_ARG.py in directory /home1/mahj/glike_optimize/opt_scripts

2026-08-19 16:38:03,816 - INFO - Progress is being logged to ../opt_results_glike_arbitrary_rep/ntree_15_rep_3_simulate_ARG.log

2026-08-19 16:38:03,816 - INFO - Parsed the following arguments:
	N_SAMPLES = 1000.0
	SEQUENCE_LENGTH = 30000000.0
	RECOMBINATION_RATE = 1e-08
	SEED = 1
	NUM_TREES = 15
	OPTIMIZER = glike
	outprefix = ../opt_results_glike_arbitrary_rep/ntree_15_rep_3

2026-08-19 16:38:03,841 - INFO - Sampling 1000 individuals with ploidy 1 in population 0 (name='admix') at time 0
2026-08-19 16:38:03,848 - INFO - Starting replicate 0
2026-08-19 16:38:03,848 - INFO - model[0] {'name': 'hudson'} started at time=0 nodes=1000 edges=0
2026-08-19 16:38:03,848 - INFO - Running model {'name': 'hudson'} until max time: inf
2026-08-19 16:38:04,572 - INFO - Completed at time=24250.7 nodes=39508 edges=264883
2026-08-19 16:38:07,045 - INFO - Finished simulating ARG.
[phase from 0.0 to 19.0]
        admix
ns   0.000006
grs  0.078000

[phase from 19.0 to 411.0]
       afr    eur   asia    pol
admix  0.0  0.198  0.334  0.468
        afr       eur     asia       pol
ns   0.0001  0.000075  0.00004  0.000064
grs  0.0000  0.000000  0.00000  0.000000

[phase from 411.0 to 1040.0]
      afr  eur  asia
afr     1    0     0
eur     0    1     0
asia    0    0     1
pol     0    0     1
        afr       eur     asia
ns   0.0001  0.000075  0.00037
grs  0.0000  0.000000  0.00000

[phase from 1040.0 to 2004.0]
      afr  eur
afr     1    0
eur     0    1
asia    0    1
        afr       eur
ns   0.0001  0.000405
grs  0.0000  0.000000

[phase from 2004.0 to inf]
     A
afr  1
eur  1
            A
ns   0.000375
grs  0.000000

2026-08-19 16:38:23,535 - INFO - Starting glike optimization.
{'t1': 10, 't2': 100, 't3': 1000, 't4': 2000, 'r1': 0.25, 'r2': 0.25, 'r3': 0.25, 'N_admix': 10000, 'N_afr': 10000, 'N_eur': 10000, 'N_asia': 10000, 'N_pol': 10000, 'N_aa': 10000, 'N_ooa': 10000, 'N_anc': 10000, 'gr': 0.1} -178076.5600669218
{'t1': 10.9, 't2': 108.91, 't3': 1089.109, 't4': 1908.9109, 'r1': 0.275, 'r2': 0.275, 'r3': 0.225, 'N_admix': 10990.0, 'N_afr': 10990.0, 'N_eur': 10990.0, 'N_asia': 10000, 'N_pol': 9010.0, 'N_aa': 10990.0, 'N_ooa': 9010.0, 'N_anc': 9010.0, 'gr': 0.11} -176968.2207508799
{'t1': 12.385, 't2': 123.38875, 't3': 966.13871, 't4': 2050.32673, 'r1': 0.31625, 'r2': 0.275, 'r3': 0.225, 'N_admix': 12623.5, 'N_afr': 12623.5, 'N_eur': 12623.5, 'N_asia': 10000, 'N_pol': 9010.0, 'N_aa': 12623.5, 'N_ooa': 7673.5, 'N_anc': 7673.5, 'gr': 0.1265} -176016.45317136735
{'t1': 14.94663, 't2': 147.78823, 't3': 782.00985, 't4': 1764.95543, 'r1': 0.31625, 'r2': 0.275, 'r3': 0.20813, 'N_admix': 15441.2875, 'N_afr': 15441.2875, 'N_eur': 12623.5, 'N_asia': 10000, 'N_pol': 9678.25, 'N_aa': 12623.5, 'N_ooa': 5969.4625, 'N_anc': 5969.4625, 'gr': 0.15496} -175181.34183160664
{'t1': 19.65362, 't2': 191.03366, 't3': 582.55539, 't4': 1365.89542, 'r1': 0.31625, 'r2': 0.28875, 'r3': 0.18472, 'N_admix': 20618.97203, 'N_afr': 15441.2875, 'N_eur': 12623.5, 'N_asia': 10000, 'N_pol': 10755.80313, 'N_aa': 11214.60625, 'N_ooa': 3988.51891, 'N_anc': 3988.51891, 'gr': 0.10266} -174491.80715228867
{'t1': 19.65362, 't2': 276.72368, 't3': 429.63954, 't4': 897.76748, 'r1': 0.29846, 'r2': 0.28875, 'r3': 0.18472, 'N_admix': 30878.45804, 'N_afr': 15441.2875, 'N_eur': 12623.5, 'N_asia': 10495.0, 'N_pol': 10755.80313, 'N_aa': 11214.60625, 'N_ooa': 3988.51891, 'N_anc': 3988.51891, 'gr': 0.05133} -173008.36823387753
{'t1': 24.31703, 't2': 353.18161, 't3': 391.41057, 't4': 897.76748, 'r1': 0.29846, 'r2': 0.27431, 'r3': 0.20031, 'N_admix': 30878.45804, 'N_afr': 15441.2875, 'N_eur': 13249.675, 'N_asia': 9715.375, 'N_pol': 10755.80313, 'N_aa': 12152.40115, 'N_ooa': 4960.64864, 'N_anc': 4960.64864, 'gr': 0.05133} -172514.70567872486
{'t1': 24.31703, 't2': 372.29609, 't3': 400.96781, 't4': 1021.9674, 'r1': 0.28354, 'r2': 0.29488, 'r3': 0.20031, 'N_admix': 38573.07255, 'N_afr': 14674.22313, 'N_eur': 14235.90062, 'N_asia': 10797.10469, 'N_pol': 10755.80313, 'N_aa': 13677.78317, 'N_ooa': 4960.64864, 'N_anc': 3137.9054, 'gr': 0.0385} -172048.61666161843
{'t1': 24.31703, 't2': 386.63195, 't3': 408.13574, 't4': 1021.9674, 'r1': 0.26227, 'r2': 0.29488, 'r3': 0.20031, 'N_admix': 38573.07255, 'N_afr': 13581.1564, 'N_eur': 15826.18944, 'N_asia': 10797.10469, 'N_pol': 11288.59329, 'N_aa': 13677.78317, 'N_ooa': 4049.27702, 'N_anc': 3137.9054, 'gr': 0.0385} -171735.93270990503
{'t1': 24.31703, 't2': 386.63195, 't3': 408.13574, 't4': 1021.9674, 'r1': 0.23276, 'r2': 0.29488, 'r3': 0.20031, 'N_admix': 38573.07255, 'N_afr': 13581.1564, 'N_eur': 15826.18944, 'N_asia': 10797.10469, 'N_pol': 12127.73779, 'N_aa': 14966.61181, 'N_ooa': 4049.27702, 'N_anc': 3137.9054, 'gr': 0.0385} -171719.49196326165
{'t1': 25.48288, 't2': 392.0079, 't3': 408.13574, 't4': 1021.9674, 'r1': 0.23276, 'r2': 0.29488, 'r3': 0.20031, 'N_admix': 38573.07255, 'N_afr': 13581.1564, 'N_eur': 17153.08667, 'N_asia': 10262.24946, 'N_pol': 10774.61729, 'N_aa': 14966.61181, 'N_ooa': 4049.27702, 'N_anc': 2758.16723, 'gr': 0.0385} -171702.32406634928
{'t1': 25.48288, 't2': 392.0079, 't3': 410.15172, 't4': 1052.55818, 'r1': 0.23276, 'r2': 0.30962, 'r3': 0.19029, 'N_admix': 38573.07255, 'N_afr': 12907.09858, 'N_eur': 17153.08667, 'N_asia': 11024.41817, 'N_pol': 10774.61729, 'N_aa': 16024.98681, 'N_ooa': 4049.27702, 'N_anc': 2758.16723, 'gr': 0.03657} -171637.39414765625
{'t1': 25.48288, 't2': 388.60593, 't3': 410.15172, 't4': 1052.55818, 'r1': 0.23276, 'r2': 0.30962, 'r3': 0.19029, 'N_admix': 40496.72618, 'N_afr': 12907.09858, 'N_eur': 17153.08667, 'N_asia': 11024.41817, 'N_pol': 10774.61729, 'N_aa': 16024.98681, 'N_ooa': 4049.27702, 'N_anc': 2508.96405, 'gr': 0.03383} -171632.60093191676
{'t1': 25.48288, 't2': 394.66568, 't3': 410.15172, 't4': 1052.55818, 'r1': 0.23276, 'r2': 0.30962, 'r3': 0.19029, 'N_admix': 40496.72618, 'N_afr': 12907.09858, 'N_eur': 17153.08667, 'N_asia': 10409.91965, 'N_pol': 11308.34815, 'N_aa': 16024.98681, 'N_ooa': 4049.27702, 'N_anc': 2508.96405, 'gr': 0.03383} -171628.33751680766
{'t1': 25.48288, 't2': 394.66568, 't3': 410.92602, 't4': 1020.47657, 'r1': 0.23276, 'r2': 0.3251, 'r3': 0.19029, 'N_admix': 40496.72618, 'N_afr': 12907.09858, 'N_eur': 17153.08667, 'N_asia': 11279.81912, 'N_pol': 11308.34815, 'N_aa': 15228.73747, 'N_ooa': 3851.81317, 'N_anc': 2678.34433, 'gr': 0.03383} -171613.71841854896
{'t1': 25.48288, 't2': 394.66568, 't3': 410.92602, 't4': 1020.47657, 'r1': 0.23276, 'r2': 0.3251, 'r3': 0.1998, 'N_admix': 40496.72618, 'N_afr': 12907.09858, 'N_eur': 17153.08667, 'N_asia': 11279.81912, 'N_pol': 10747.93074, 'N_aa': 15228.73747, 'N_ooa': 3851.81317, 'N_anc': 2950.27908, 'gr': 0.03383} -171606.79230674225
{'t1': 25.48288, 't2': 394.66568, 't3': 410.92602, 't4': 1020.47657, 'r1': 0.23276, 'r2': 0.3251, 'r3': 0.1998, 'N_admix': 40496.72618, 'N_afr': 12907.09858, 'N_eur': 17153.08667, 'N_asia': 11987.29205, 'N_pol': 9949.33593, 'N_aa': 15228.73747, 'N_ooa': 3851.81317, 'N_anc': 2950.27908, 'gr': 0.03383} -171601.17091254296
{'t1': 25.48288, 't2': 394.66568, 't3': 410.92602, 't4': 1020.47657, 'r1': 0.23276, 'r2': 0.3251, 'r3': 0.1998, 'N_admix': 40496.72618, 'N_afr': 12907.09858, 'N_eur': 17153.08667, 'N_asia': 11987.29205, 'N_pol': 9949.33593, 'N_aa': 15228.73747, 'N_ooa': 3851.81317, 'N_anc': 2724.81755, 'gr': 0.03383} -171601.0755262522
{'t1': 25.48288, 't2': 394.66568, 't3': 410.92602, 't4': 1020.47657, 'r1': 0.23276, 'r2': 0.3251, 'r3': 0.1998, 'N_admix': 40496.72618, 'N_afr': 12907.09858, 'N_eur': 17153.08667, 'N_asia': 11987.29205, 'N_pol': 9949.33593, 'N_aa': 15228.73747, 'N_ooa': 3851.81317, 'N_anc': 2724.81755, 'gr': 0.03383} -171601.0755262522
{'t1': 25.48288, 't2': 394.66568, 't3': 410.92602, 't4': 1020.47657, 'r1': 0.23276, 'r2': 0.3251, 'r3': 0.1998, 'N_admix': 40496.72618, 'N_afr': 12907.09858, 'N_eur': 17153.08667, 'N_asia': 11987.29205, 'N_pol': 9949.33593, 'N_aa': 15228.73747, 'N_ooa': 3851.81317, 'N_anc': 2880.53793, 'gr': 0.03383} -171600.82365247243
{'t1': 25.48288, 't2': 394.66568, 't3': 410.92602, 't4': 1020.47657, 'r1': 0.23276, 'r2': 0.3251, 'r3': 0.1998, 'N_admix': 40496.72618, 'N_afr': 12907.09858, 'N_eur': 17153.08667, 'N_asia': 11987.29205, 'N_pol': 9949.33593, 'N_aa': 15228.73747, 'N_ooa': 3851.81317, 'N_anc': 2880.53793, 'gr': 0.03383} -171600.82365247243
2026-08-19 21:36:24,654 - INFO - Finished fitting ARG.
2026-08-19 21:36:24,654 - INFO - Finished in 4h 58m 1.1s
2026-08-19 21:36:24,654 - INFO - Estimated: {'t1': 25.48288, 't2': 394.66568, 't3': 410.92602, 't4': 1020.47657, 'r1': 0.23276, 'r2': 0.3251, 'r3': 0.1998, 'N_admix': 40496.72618, 'N_afr': 12907.09858, 'N_eur': 17153.08667, 'N_asia': 11987.29205, 'N_pol': 9949.33593, 'N_aa': 15228.73747, 'N_ooa': 3851.81317, 'N_anc': 2880.53793, 'gr': 0.03383}
Traceback (most recent call last):
  File "simulate_and_fit_ARG.py", line 238, in <module>
    SimulateARG().main()
  File "simulate_and_fit_ARG.py", line 232, in main
    logger.info(f"logp = {logp}  (true = {logp_true})")
NameError: name 'logp_true' is not defined
