2026-08-19 16:31:47,080 - INFO - Beginning execution of simulate_and_fit_ARG.py in directory /home1/mahj/glike_optimize/opt_scripts

2026-08-19 16:31:47,080 - INFO - Progress is being logged to ../opt_results_glike_arbitrary_rep/ntree_10_rep_3_simulate_ARG.log

2026-08-19 16:31:47,080 - INFO - Parsed the following arguments:
	N_SAMPLES = 1000.0
	SEQUENCE_LENGTH = 30000000.0
	RECOMBINATION_RATE = 1e-08
	SEED = 1
	NUM_TREES = 10
	OPTIMIZER = glike
	outprefix = ../opt_results_glike_arbitrary_rep/ntree_10_rep_3

2026-08-19 16:31:47,126 - INFO - Sampling 1000 individuals with ploidy 1 in population 0 (name='admix') at time 0
2026-08-19 16:31:47,132 - INFO - Starting replicate 0
2026-08-19 16:31:47,132 - INFO - model[0] {'name': 'hudson'} started at time=0 nodes=1000 edges=0
2026-08-19 16:31:47,132 - INFO - Running model {'name': 'hudson'} until max time: inf
2026-08-19 16:31:47,946 - INFO - Completed at time=24250.7 nodes=39508 edges=264883
2026-08-19 16:31:49,348 - INFO - Finished simulating ARG.
[phase from 0.0 to 19.0]
        admix
ns   0.000006
grs  0.078000

[phase from 19.0 to 411.0]
       afr    eur   asia    pol
admix  0.0  0.198  0.334  0.468
        afr       eur     asia       pol
ns   0.0001  0.000075  0.00004  0.000064
grs  0.0000  0.000000  0.00000  0.000000

[phase from 411.0 to 1040.0]
      afr  eur  asia
afr     1    0     0
eur     0    1     0
asia    0    0     1
pol     0    0     1
        afr       eur     asia
ns   0.0001  0.000075  0.00037
grs  0.0000  0.000000  0.00000

[phase from 1040.0 to 2004.0]
      afr  eur
afr     1    0
eur     0    1
asia    0    1
        afr       eur
ns   0.0001  0.000405
grs  0.0000  0.000000

[phase from 2004.0 to inf]
     A
afr  1
eur  1
            A
ns   0.000375
grs  0.000000

2026-08-19 16:32:07,215 - INFO - Starting glike optimization.
{'t1': 10, 't2': 100, 't3': 1000, 't4': 2000, 'r1': 0.25, 'r2': 0.25, 'r3': 0.25, 'N_admix': 10000, 'N_afr': 10000, 'N_eur': 10000, 'N_asia': 10000, 'N_pol': 10000, 'N_aa': 10000, 'N_ooa': 10000, 'N_anc': 10000, 'gr': 0.1} -118568.04401885117
{'t1': 10.9, 't2': 108.91, 't3': 1000, 't4': 2000, 'r1': 0.275, 'r2': 0.275, 'r3': 0.225, 'N_admix': 10990.0, 'N_afr': 10990.0, 'N_eur': 10000, 'N_asia': 10000, 'N_pol': 10000, 'N_aa': 10990.0, 'N_ooa': 9010.0, 'N_anc': 9010.0, 'gr': 0.11} -117939.24406986745
{'t1': 12.385, 't2': 123.38875, 't3': 1000, 't4': 2000, 'r1': 0.31625, 'r2': 0.275, 'r3': 0.225, 'N_admix': 12623.5, 'N_afr': 12623.5, 'N_eur': 10495.0, 'N_asia': 10495.0, 'N_pol': 10000, 'N_aa': 12623.5, 'N_ooa': 7673.5, 'N_anc': 7673.5, 'gr': 0.1265} -117334.87960857304
{'t1': 14.94663, 't2': 147.78823, 't3': 1000, 't4': 2000, 'r1': 0.31625, 'r2': 0.275, 'r3': 0.20813, 'N_admix': 15441.2875, 'N_afr': 12623.5, 'N_eur': 11274.625, 'N_asia': 11274.625, 'N_pol': 10495.0, 'N_aa': 12623.5, 'N_ooa': 5969.4625, 'N_anc': 5969.4625, 'gr': 0.15496} -116779.64740347791
{'t1': 19.65362, 't2': 191.03366, 't3': 1000, 't4': 1950.0, 'r1': 0.31625, 'r2': 0.275, 'r3': 0.20813, 'N_admix': 20618.97203, 'N_afr': 12623.5, 'N_eur': 12531.77031, 'N_asia': 11274.625, 'N_pol': 9715.375, 'N_aa': 12623.5, 'N_ooa': 3988.51891, 'N_anc': 3988.51891, 'gr': 0.10266} -116443.76074549073
{'t1': 19.65362, 't2': 276.72368, 't3': 1000, 't4': 1878.75, 'r1': 0.29846, 'r2': 0.26125, 'r3': 0.20813, 'N_admix': 30878.45804, 'N_afr': 12623.5, 'N_eur': 12531.77031, 'N_asia': 11903.19766, 'N_pol': 10797.10469, 'N_aa': 11919.05313, 'N_ooa': 2044.25945, 'N_anc': 2044.25945, 'gr': 0.05133} -116219.15612106289
{'t1': 24.31703, 't2': 402.92701, 't3': 1029.85365, 't4': 1783.24916, 'r1': 0.27328, 'r2': 0.24166, 'r3': 0.21854, 'N_admix': 30878.45804, 'N_afr': 12623.5, 'N_eur': 12531.77031, 'N_asia': 12899.09246, 'N_pol': 12602.24111, 'N_aa': 10921.82052, 'N_ooa': 2044.25945, 'N_anc': 3016.38918, 'gr': 0.05133} -115873.93200805242
{'t1': 24.31703, 't2': 402.92701, 't3': 1029.85365, 't4': 1656.11367, 'r1': 0.23869, 'r2': 0.24166, 'r3': 0.23493, 'N_admix': 38573.07255, 'N_afr': 11997.325, 'N_eur': 11910.18179, 'N_asia': 14518.9776, 'N_pol': 15766.87089, 'N_aa': 9552.18386, 'N_ooa': 1558.19459, 'N_anc': 3016.38918, 'gr': 0.0385} -115609.03903377053
{'t1': 24.31703, 't2': 402.92701, 't3': 1029.85365, 't4': 1497.5916, 'r1': 0.19338, 'r2': 0.22807, 'r3': 0.26136, 'N_admix': 38573.07255, 'N_afr': 11105.02563, 'N_eur': 11024.41816, 'N_asia': 14518.9776, 'N_pol': 15766.87089, 'N_aa': 7757.74583, 'N_ooa': 1558.19459, 'N_anc': 3016.38918, 'gr': 0.0385} -115324.2709229586
{'t1': 26.503, 't2': 402.92701, 't3': 1029.85365, 't4': 1319.99735, 'r1': 0.19338, 'r2': 0.20883, 'r3': 0.30546, 'N_admix': 38573.07255, 'N_afr': 11105.02563, 'N_eur': 9795.42112, 'N_asia': 15887.65399, 'N_pol': 15766.87089, 'N_aa': 5577.08305, 'N_ooa': 1284.7831, 'N_anc': 3016.38918, 'gr': 0.0385} -115078.25231315636
{'t1': 22.91664, 't2': 402.92701, 't3': 1029.85365, 't4': 1174.9255, 'r1': 0.16585, 'r2': 0.20883, 'r3': 0.30546, 'N_admix': 42179.9231, 'N_afr': 11105.02563, 'N_eur': 9795.42112, 'N_asia': 15887.65399, 'N_pol': 15766.87089, 'N_aa': 3237.55558, 'N_ooa': 1618.00335, 'N_anc': 2834.11486, 'gr': 0.0385} -114842.03905376335
{'t1': 22.91664, 't2': 402.92701, 't3': 1029.85365, 't4': 1174.9255, 'r1': 0.16585, 'r2': 0.20883, 'r3': 0.30546, 'N_admix': 42179.9231, 'N_afr': 11105.02563, 'N_eur': 9795.42112, 'N_asia': 14763.7087, 'N_pol': 15766.87089, 'N_aa': 3237.55558, 'N_ooa': 1618.00335, 'N_anc': 2834.11486, 'gr': 0.0385} -114841.76201371776
{'t1': 22.91664, 't2': 402.92701, 't3': 1029.85365, 't4': 1174.9255, 'r1': 0.16585, 'r2': 0.19839, 'r3': 0.30546, 'N_admix': 42179.9231, 'N_afr': 10554.77435, 'N_eur': 9795.42112, 'N_asia': 14763.7087, 'N_pol': 16550.21443, 'N_aa': 3237.55558, 'N_ooa': 1618.00335, 'N_anc': 2697.40912, 'gr': 0.0385} -114818.58898505701
{'t1': 24.0724, 't2': 402.92701, 't3': 1029.85365, 't4': 1174.9255, 'r1': 0.16585, 'r2': 0.19839, 'r3': 0.30546, 'N_admix': 40075.92694, 'N_afr': 10554.77435, 'N_eur': 9795.42112, 'N_asia': 13980.76117, 'N_pol': 17783.98051, 'N_aa': 3237.55558, 'N_ooa': 1618.00335, 'N_anc': 2697.40912, 'gr': 0.0385} -114811.80105669536
{'t1': 24.0724, 't2': 402.92701, 't3': 1029.85365, 't4': 1174.9255, 'r1': 0.16585, 'r2': 0.19839, 'r3': 0.30546, 'N_admix': 40075.92694, 'N_afr': 10554.77435, 'N_eur': 9795.42112, 'N_asia': 13980.76117, 'N_pol': 17783.98051, 'N_aa': 3433.6528, 'N_ooa': 1618.00335, 'N_anc': 2697.40912, 'gr': 0.0385} -114806.29057445838
{'t1': 24.0724, 't2': 402.92701, 't3': 1037.10724, 't4': 1174.9255, 'r1': 0.16585, 'r2': 0.19839, 'r3': 0.30546, 'N_admix': 40075.92694, 'N_afr': 10554.77435, 'N_eur': 9795.42112, 'N_asia': 13980.76117, 'N_pol': 17783.98051, 'N_aa': 3433.6528, 'N_ooa': 1618.00335, 'N_anc': 2697.40912, 'gr': 0.0385} -114805.21820420693
{'t1': 25.22602, 't2': 402.92701, 't3': 1037.10724, 't4': 1174.9255, 'r1': 0.16585, 'r2': 0.19839, 'r3': 0.30546, 'N_admix': 40075.92694, 'N_afr': 10554.77435, 'N_eur': 9310.65006, 'N_asia': 13980.76117, 'N_pol': 17783.98051, 'N_aa': 3433.6528, 'N_ooa': 1618.00335, 'N_anc': 2697.40912, 'gr': 0.03657} -114789.07179231071
{'t1': 25.22602, 't2': 402.92701, 't3': 1037.10724, 't4': 1174.9255, 'r1': 0.16585, 'r2': 0.19839, 'r3': 0.30546, 'N_admix': 40075.92694, 'N_afr': 10554.77435, 'N_eur': 9310.65006, 'N_asia': 13980.76117, 'N_pol': 17783.98051, 'N_aa': 3433.6528, 'N_ooa': 1618.00335, 'N_anc': 2697.40912, 'gr': 0.03657} -114789.07179231071
{'t1': 25.22602, 't2': 402.92701, 't3': 1037.10724, 't4': 1174.9255, 'r1': 0.16585, 'r2': 0.19839, 'r3': 0.30546, 'N_admix': 40075.92694, 'N_afr': 10554.77435, 'N_eur': 9310.65006, 'N_asia': 13980.76117, 'N_pol': 17783.98051, 'N_aa': 3433.6528, 'N_ooa': 1618.00335, 'N_anc': 2697.40912, 'gr': 0.03657} -114789.07179231071
{'t1': 25.22602, 't2': 402.92701, 't3': 1037.10724, 't4': 1174.9255, 'r1': 0.16585, 'r2': 0.19839, 'r3': 0.30546, 'N_admix': 40075.92694, 'N_afr': 10554.77435, 'N_eur': 9310.65006, 'N_asia': 13980.76117, 'N_pol': 17783.98051, 'N_aa': 3433.6528, 'N_ooa': 1618.00335, 'N_anc': 2697.40912, 'gr': 0.03657} -114789.07179231071
{'t1': 25.22602, 't2': 402.92701, 't3': 1037.10724, 't4': 1174.9255, 'r1': 0.16585, 'r2': 0.19839, 'r3': 0.30546, 'N_admix': 40075.92694, 'N_afr': 10554.77435, 'N_eur': 9310.65006, 'N_asia': 13980.76117, 'N_pol': 17783.98051, 'N_aa': 3433.6528, 'N_ooa': 1618.00335, 'N_anc': 2697.40912, 'gr': 0.03657} -114789.07179231071
2026-08-19 21:28:51,432 - INFO - Finished fitting ARG.
2026-08-19 21:28:51,433 - INFO - Finished in 4h 56m 44.2s
2026-08-19 21:28:51,433 - INFO - Estimated: {'t1': 25.22602, 't2': 402.92701, 't3': 1037.10724, 't4': 1174.9255, 'r1': 0.16585, 'r2': 0.19839, 'r3': 0.30546, 'N_admix': 40075.92694, 'N_afr': 10554.77435, 'N_eur': 9310.65006, 'N_asia': 13980.76117, 'N_pol': 17783.98051, 'N_aa': 3433.6528, 'N_ooa': 1618.00335, 'N_anc': 2697.40912, 'gr': 0.03657}
Traceback (most recent call last):
  File "simulate_and_fit_ARG.py", line 238, in <module>
    SimulateARG().main()
  File "simulate_and_fit_ARG.py", line 232, in main
    logger.info(f"logp = {logp}  (true = {logp_true})")
NameError: name 'logp_true' is not defined
