2026-08-19 16:46:02,987 - INFO - Beginning execution of simulate_and_fit_ARG.py in directory /home1/mahj/glike_optimize/opt_scripts

2026-08-19 16:46:02,987 - INFO - Progress is being logged to ../opt_results_glike_arbitrary_rep/ntree_20_rep_5_simulate_ARG.log

2026-08-19 16:46:02,988 - INFO - Parsed the following arguments:
	N_SAMPLES = 1000.0
	SEQUENCE_LENGTH = 30000000.0
	RECOMBINATION_RATE = 1e-08
	SEED = 1
	NUM_TREES = 20
	OPTIMIZER = glike
	outprefix = ../opt_results_glike_arbitrary_rep/ntree_20_rep_5

2026-08-19 16:46:03,013 - INFO - Sampling 1000 individuals with ploidy 1 in population 0 (name='admix') at time 0
2026-08-19 16:46:03,019 - INFO - Starting replicate 0
2026-08-19 16:46:03,019 - INFO - model[0] {'name': 'hudson'} started at time=0 nodes=1000 edges=0
2026-08-19 16:46:03,019 - INFO - Running model {'name': 'hudson'} until max time: inf
2026-08-19 16:46:03,736 - INFO - Completed at time=24250.7 nodes=39508 edges=264883
2026-08-19 16:46:08,008 - INFO - Finished simulating ARG.
[phase from 0.0 to 19.0]
        admix
ns   0.000006
grs  0.078000

[phase from 19.0 to 411.0]
       afr    eur   asia    pol
admix  0.0  0.198  0.334  0.468
        afr       eur     asia       pol
ns   0.0001  0.000075  0.00004  0.000064
grs  0.0000  0.000000  0.00000  0.000000

[phase from 411.0 to 1040.0]
      afr  eur  asia
afr     1    0     0
eur     0    1     0
asia    0    0     1
pol     0    0     1
        afr       eur     asia
ns   0.0001  0.000075  0.00037
grs  0.0000  0.000000  0.00000

[phase from 1040.0 to 2004.0]
      afr  eur
afr     1    0
eur     0    1
asia    0    1
        afr       eur
ns   0.0001  0.000405
grs  0.0000  0.000000

[phase from 2004.0 to inf]
     A
afr  1
eur  1
            A
ns   0.000375
grs  0.000000

2026-08-19 16:46:25,616 - INFO - Starting glike optimization.
{'t1': 10, 't2': 100, 't3': 1000, 't4': 2000, 'r1': 0.25, 'r2': 0.25, 'r3': 0.25, 'N_admix': 10000, 'N_afr': 10000, 'N_eur': 10000, 'N_asia': 10000, 'N_pol': 10000, 'N_aa': 10000, 'N_ooa': 10000, 'N_anc': 10000, 'gr': 0.1} -237645.49379049405
{'t1': 10.9, 't2': 108.91, 't3': 1000, 't4': 1900.0, 'r1': 0.275, 'r2': 0.275, 'r3': 0.225, 'N_admix': 10990.0, 'N_afr': 10990.0, 'N_eur': 10990.0, 'N_asia': 10000, 'N_pol': 10000, 'N_aa': 10990.0, 'N_ooa': 9010.0, 'N_anc': 9010.0, 'gr': 0.11} -236055.8170631018
{'t1': 10.9, 't2': 123.6115, 't3': 1000, 't4': 1765.0, 'r1': 0.31625, 'r2': 0.275, 'r3': 0.19125, 'N_admix': 12623.5, 'N_afr': 12623.5, 'N_eur': 12623.5, 'N_asia': 9505.0, 'N_pol': 10000, 'N_aa': 12623.5, 'N_ooa': 7673.5, 'N_anc': 7673.5, 'gr': 0.1265} -234596.2867377765
{'t1': 10.9, 't2': 148.97159, 't3': 1038.25, 't4': 1601.48125, 'r1': 0.31625, 'r2': 0.29563, 'r3': 0.19125, 'N_admix': 15441.2875, 'N_afr': 12623.5, 'N_eur': 12623.5, 'N_asia': 10210.375, 'N_pol': 10495.0, 'N_aa': 12623.5, 'N_ooa': 5969.4625, 'N_anc': 5969.4625, 'gr': 0.15496} -233601.0441508566
{'t1': 11.395, 't2': 195.40369, 't3': 1038.25, 't4': 1411.3907, 'r1': 0.31625, 'r2': 0.26237, 'r3': 0.21277, 'N_admix': 20618.97203, 'N_afr': 12623.5, 'N_eur': 12623.5, 'N_asia': 11347.79219, 'N_pol': 10495.0, 'N_aa': 11214.60625, 'N_ooa': 3988.51891, 'N_anc': 3988.51891, 'gr': 0.20726} -232816.77418183093
{'t1': 10.61538, 't2': 287.79785, 't3': 1038.25, 't4': 1224.82035, 'r1': 0.29846, 'r2': 0.26237, 'r3': 0.21277, 'N_admix': 30878.45804, 'N_afr': 12623.5, 'N_eur': 12623.5, 'N_asia': 11347.79219, 'N_pol': 11014.75, 'N_aa': 9339.01645, 'N_ooa': 2044.25945, 'N_anc': 2044.25945, 'gr': 0.10363} -232087.813898507
{'t1': 11.69711, 't2': 425.84822, 't3': 1038.25, 't4': 1131.53517, 'r1': 0.27328, 'r2': 0.24023, 'r3': 0.23072, 'N_admix': 46267.68706, 'N_afr': 11997.325, 'N_eur': 11997.325, 'N_asia': 12296.82466, 'N_pol': 11833.35625, 'N_aa': 7000.39041, 'N_ooa': 1072.12973, 'N_anc': 3016.38918, 'gr': 0.10363} -231431.6515820895
{'t1': 11.69711, 't2': 425.84822, 't3': 1042.91426, 't4': 1131.53517, 'r1': 0.27328, 'r2': 0.20983, 'r3': 0.25992, 'N_admix': 46267.68706, 'N_afr': 11105.02563, 'N_eur': 11105.02563, 'N_asia': 13840.48528, 'N_pol': 13153.35883, 'N_aa': 4380.39843, 'N_ooa': 1072.12973, 'N_anc': 3016.38918, 'gr': 0.07772} -230987.3576253835
{'t1': 12.59968, 't2': 425.84822, 't3': 1036.26769, 't4': 1131.53517, 'r1': 0.25599, 'r2': 0.17, 'r3': 0.25992, 'N_admix': 46267.68706, 'N_afr': 11105.02563, 'N_eur': 9866.96025, 'N_asia': 13840.48528, 'N_pol': 15356.11313, 'N_aa': 2240.19922, 'N_ooa': 1072.12973, 'N_anc': 2287.29189, 'gr': 0.07772} -230824.52081817284
{'t1': 14.06776, 't2': 425.84822, 't3': 1046.98528, 't4': 1131.53517, 'r1': 0.23169, 'r2': 0.17, 'r3': 0.28459, 'N_admix': 46267.68706, 'N_afr': 11105.02563, 'N_eur': 9866.96025, 'N_asia': 12536.21265, 'N_pol': 15356.11313, 'N_aa': 3310.29883, 'N_ooa': 1072.12973, 'N_anc': 2287.29189, 'gr': 0.06315} -230642.291120195
{'t1': 14.06776, 't2': 400.11194, 't3': 1046.98528, 't4': 1131.53517, 'r1': 0.23169, 'r2': 0.17, 'r3': 0.28459, 'N_admix': 49153.1675, 'N_afr': 11105.02563, 'N_eur': 9866.96025, 'N_asia': 14306.91558, 'N_pol': 15356.11313, 'N_aa': 3310.29883, 'N_ooa': 1072.12973, 'N_anc': 2697.40912, 'gr': 0.06315} -229928.28778707754
{'t1': 14.06776, 't2': 400.11194, 't3': 1046.98528, 't4': 1131.53517, 'r1': 0.23169, 'r2': 0.17, 'r3': 0.28459, 'N_admix': 49153.1675, 'N_afr': 11105.02563, 'N_eur': 9866.96025, 'N_asia': 14306.91558, 'N_pol': 15356.11313, 'N_aa': 3310.29883, 'N_ooa': 1072.12973, 'N_anc': 2697.40912, 'gr': 0.05427} -229926.29510408826
{'t1': 14.72115, 't2': 400.11194, 't3': 1046.98528, 't4': 1131.53517, 'r1': 0.23169, 'r2': 0.17, 'r3': 0.28459, 'N_admix': 51605.82588, 'N_afr': 11105.02563, 'N_eur': 9866.96025, 'N_asia': 14306.91558, 'N_pol': 16118.91879, 'N_aa': 3310.29883, 'N_ooa': 1072.12973, 'N_anc': 2697.40912, 'gr': 0.04282} -229919.81704875093
{'t1': 14.72115, 't2': 400.11194, 't3': 1046.98528, 't4': 1131.53517, 'r1': 0.23169, 'r2': 0.17, 'r3': 0.28459, 'N_admix': 55235.38894, 'N_afr': 11105.02563, 'N_eur': 9866.96025, 'N_asia': 13548.35786, 'N_pol': 16118.91879, 'N_aa': 3310.29883, 'N_ooa': 1072.12973, 'N_anc': 2514.77879, 'gr': 0.04282} -229908.77691176755
{'t1': 14.72115, 't2': 400.11194, 't3': 1046.98528, 't4': 1131.53517, 'r1': 0.23169, 'r2': 0.17, 'r3': 0.28459, 'N_admix': 55235.38894, 'N_afr': 11105.02563, 'N_eur': 9866.96025, 'N_asia': 13548.35786, 'N_pol': 16118.91879, 'N_aa': 3310.29883, 'N_ooa': 1072.12973, 'N_anc': 2514.77879, 'gr': 0.04282} -229908.77691176755
{'t1': 14.72115, 't2': 400.11194, 't3': 1046.98528, 't4': 1131.53517, 'r1': 0.23169, 'r2': 0.17, 'r3': 0.28459, 'N_admix': 55235.38894, 'N_afr': 11105.02563, 'N_eur': 9866.96025, 'N_asia': 13548.35786, 'N_pol': 16118.91879, 'N_aa': 3310.29883, 'N_ooa': 1072.12973, 'N_anc': 2514.77879, 'gr': 0.03943} -229908.67761728403
{'t1': 14.72115, 't2': 400.11194, 't3': 1046.98528, 't4': 1131.53517, 'r1': 0.23169, 'r2': 0.17, 'r3': 0.28459, 'N_admix': 57473.61949, 'N_afr': 11105.02563, 'N_eur': 9866.96025, 'N_asia': 13548.35786, 'N_pol': 16118.91879, 'N_aa': 3310.29883, 'N_ooa': 1072.12973, 'N_anc': 2514.77879, 'gr': 0.03475} -229907.12900841355
{'t1': 14.72115, 't2': 400.11194, 't3': 1046.98528, 't4': 1131.53517, 'r1': 0.23169, 'r2': 0.17, 'r3': 0.28459, 'N_admix': 60663.09803, 'N_afr': 11105.02563, 'N_eur': 9866.96025, 'N_asia': 13548.35786, 'N_pol': 16118.91879, 'N_aa': 3310.29883, 'N_ooa': 1072.12973, 'N_anc': 2514.77879, 'gr': 0.02857} -229906.264407741
{'t1': 14.72115, 't2': 400.11194, 't3': 1046.98528, 't4': 1131.53517, 'r1': 0.23169, 'r2': 0.17, 'r3': 0.28459, 'N_admix': 60663.09803, 'N_afr': 11105.02563, 'N_eur': 9866.96025, 'N_asia': 13548.35786, 'N_pol': 16118.91879, 'N_aa': 3310.29883, 'N_ooa': 1072.12973, 'N_anc': 2514.77879, 'gr': 0.02857} -229906.264407741
{'t1': 14.72115, 't2': 400.11194, 't3': 1046.98528, 't4': 1131.53517, 'r1': 0.23169, 'r2': 0.17, 'r3': 0.28459, 'N_admix': 62875.79877, 'N_afr': 11105.02563, 'N_eur': 9866.96025, 'N_asia': 13548.35786, 'N_pol': 16118.91879, 'N_aa': 3310.29883, 'N_ooa': 1072.12973, 'N_anc': 2514.77879, 'gr': 0.02857} -229906.10651550477
{'t1': 14.03509, 't2': 400.11194, 't3': 1046.98528, 't4': 1131.53517, 'r1': 0.23169, 'r2': 0.17, 'r3': 0.28459, 'N_admix': 62875.79877, 'N_afr': 11105.02563, 'N_eur': 9866.96025, 'N_asia': 13548.35786, 'N_pol': 16118.91879, 'N_aa': 3310.29883, 'N_ooa': 1072.12973, 'N_anc': 2514.77879, 'gr': 0.02857} -229904.93877170776
2026-08-19 22:27:53,772 - INFO - Finished fitting ARG.
2026-08-19 22:27:53,772 - INFO - Finished in 5h 41m 28.2s
2026-08-19 22:27:53,772 - INFO - Estimated: {'t1': 14.03509, 't2': 400.11194, 't3': 1046.98528, 't4': 1131.53517, 'r1': 0.23169, 'r2': 0.17, 'r3': 0.28459, 'N_admix': 62875.79877, 'N_afr': 11105.02563, 'N_eur': 9866.96025, 'N_asia': 13548.35786, 'N_pol': 16118.91879, 'N_aa': 3310.29883, 'N_ooa': 1072.12973, 'N_anc': 2514.77879, 'gr': 0.02857}
Traceback (most recent call last):
  File "simulate_and_fit_ARG.py", line 238, in <module>
    SimulateARG().main()
  File "simulate_and_fit_ARG.py", line 232, in main
    logger.info(f"logp = {logp}  (true = {logp_true})")
NameError: name 'logp_true' is not defined
