2026-08-19 16:31:14,739 - INFO - Beginning execution of simulate_and_fit_ARG.py in directory /home1/mahj/glike_optimize/opt_scripts

2026-08-19 16:31:14,739 - INFO - Progress is being logged to ../opt_results_glike_arbitrary_rep/ntree_5_rep_5_simulate_ARG.log

2026-08-19 16:31:14,739 - INFO - Parsed the following arguments:
	N_SAMPLES = 1000.0
	SEQUENCE_LENGTH = 30000000.0
	RECOMBINATION_RATE = 1e-08
	SEED = 1
	NUM_TREES = 5
	OPTIMIZER = glike
	outprefix = ../opt_results_glike_arbitrary_rep/ntree_5_rep_5

2026-08-19 16:31:14,765 - INFO - Sampling 1000 individuals with ploidy 1 in population 0 (name='admix') at time 0
2026-08-19 16:31:14,771 - INFO - Starting replicate 0
2026-08-19 16:31:14,772 - INFO - model[0] {'name': 'hudson'} started at time=0 nodes=1000 edges=0
2026-08-19 16:31:14,772 - INFO - Running model {'name': 'hudson'} until max time: inf
2026-08-19 16:31:15,456 - INFO - Completed at time=24250.7 nodes=39508 edges=264883
2026-08-19 16:31:16,174 - INFO - Finished simulating ARG.
[phase from 0.0 to 19.0]
        admix
ns   0.000006
grs  0.078000

[phase from 19.0 to 411.0]
       afr    eur   asia    pol
admix  0.0  0.198  0.334  0.468
        afr       eur     asia       pol
ns   0.0001  0.000075  0.00004  0.000064
grs  0.0000  0.000000  0.00000  0.000000

[phase from 411.0 to 1040.0]
      afr  eur  asia
afr     1    0     0
eur     0    1     0
asia    0    0     1
pol     0    0     1
        afr       eur     asia
ns   0.0001  0.000075  0.00037
grs  0.0000  0.000000  0.00000

[phase from 1040.0 to 2004.0]
      afr  eur
afr     1    0
eur     0    1
asia    0    1
        afr       eur
ns   0.0001  0.000405
grs  0.0000  0.000000

[phase from 2004.0 to inf]
     A
afr  1
eur  1
            A
ns   0.000375
grs  0.000000

2026-08-19 16:31:32,403 - INFO - Starting glike optimization.
{'t1': 10, 't2': 100, 't3': 1000, 't4': 2000, 'r1': 0.25, 'r2': 0.25, 'r3': 0.25, 'N_admix': 10000, 'N_afr': 10000, 'N_eur': 10000, 'N_asia': 10000, 'N_pol': 10000, 'N_aa': 10000, 'N_ooa': 10000, 'N_anc': 10000, 'gr': 0.1} -59325.20839882856
{'t1': 10, 't2': 100, 't3': 910.0, 't4': 1891.0, 'r1': 0.275, 'r2': 0.275, 'r3': 0.225, 'N_admix': 10990.0, 'N_afr': 10990.0, 'N_eur': 10990.0, 'N_asia': 10000, 'N_pol': 10000, 'N_aa': 10990.0, 'N_ooa': 9010.0, 'N_anc': 9010.0, 'gr': 0.11} -58984.51482365478
{'t1': 10.45, 't2': 100, 't3': 1031.5, 't4': 1891.0, 'r1': 0.275, 'r2': 0.275, 'r3': 0.225, 'N_admix': 12623.5, 'N_afr': 12623.5, 'N_eur': 12623.5, 'N_asia': 10000, 'N_pol': 9505.0, 'N_aa': 12623.5, 'N_ooa': 7673.5, 'N_anc': 7673.5, 'gr': 0.1265} -58708.327703282026
{'t1': 10.45, 't2': 100, 't3': 838.1125, 't4': 1812.03344, 'r1': 0.29563, 'r2': 0.29563, 'r3': 0.225, 'N_admix': 15441.2875, 'N_afr': 12623.5, 'N_eur': 15441.2875, 'N_asia': 9505.0, 'N_pol': 8799.625, 'N_aa': 12623.5, 'N_ooa': 5969.4625, 'N_anc': 5969.4625, 'gr': 0.15496} -58458.16856200692
{'t1': 10.45, 't2': 104.4775, 't3': 590.51069, 't4': 1812.03344, 'r1': 0.29563, 'r2': 0.32889, 'r3': 0.21375, 'N_admix': 20618.97203, 'N_afr': 14032.39375, 'N_eur': 15441.2875, 'N_asia': 10210.375, 'N_pol': 8799.625, 'N_aa': 12623.5, 'N_ooa': 5969.4625, 'N_anc': 3988.51891, 'gr': 0.20726} -58296.1006541571
{'t1': 10.45, 't2': 111.52956, 't3': 590.51069, 't4': 1880.74409, 'r1': 0.31226, 'r2': 0.32889, 'r3': 0.19772, 'N_admix': 30878.45804, 'N_afr': 14032.39375, 'N_eur': 15441.2875, 'N_asia': 10210.375, 'N_pol': 8310.27109, 'N_aa': 11919.05313, 'N_ooa': 5969.4625, 'N_anc': 3988.51891, 'gr': 0.20726} -58249.363172180194
{'t1': 9.9775, 't2': 111.52956, 't3': 470.76541, 't4': 1761.77714, 'r1': 0.31226, 'r2': 0.32889, 'r3': 0.17548, 'N_admix': 30878.45804, 'N_afr': 14032.39375, 'N_eur': 15441.2875, 'N_asia': 9641.66641, 'N_pol': 7617.52947, 'N_aa': 11919.05313, 'N_ooa': 5969.4625, 'N_anc': 3016.38918, 'gr': 0.15544} -58141.66424221394
{'t1': 10.65081, 't2': 117.20399, 't3': 470.76541, 't4': 1598.38347, 'r1': 0.31226, 'r2': 0.31245, 'r3': 0.20509, 'N_admix': 38573.07255, 'N_afr': 14032.39375, 'N_eur': 16208.35188, 'N_asia': 8836.58831, 'N_pol': 7617.52947, 'N_aa': 11919.05313, 'N_ooa': 5969.4625, 'N_anc': 3016.38918, 'gr': 0.09715} -58114.92238842882
{'t1': 11.73653, 't2': 108.30517, 't3': 402.80411, 't4': 1371.4102, 'r1': 0.29665, 'r2': 0.33588, 'r3': 0.20509, 'N_admix': 53000.47476, 'N_afr': 13335.77406, 'N_eur': 17416.47827, 'N_asia': 9942.31277, 'N_pol': 8093.24813, 'N_aa': 12510.00579, 'N_ooa': 5675.98937, 'N_anc': 3016.38918, 'gr': 0.04858} -57565.780398090064
{'t1': 13.54832, 't2': 108.30517, 't3': 402.80411, 't4': 1095.58448, 'r1': 0.2744, 'r2': 0.33588, 'r3': 0.17913, 'N_admix': 53000.47476, 'N_afr': 13335.77406, 'N_eur': 19364.58208, 'N_asia': 9942.31277, 'N_pol': 8093.24813, 'N_aa': 13440.75622, 'N_ooa': 5257.79017, 'N_anc': 2742.97769, 'gr': 0.04858} -57423.93340221791
{'t1': 16.72461, 't2': 114.1005, 't3': 402.80411, 't4': 1095.58448, 'r1': 0.2744, 'r2': 0.33588, 'r3': 0.17913, 'N_admix': 53000.47476, 'N_afr': 13335.77406, 'N_eur': 19364.58208, 'N_asia': 9942.31277, 'N_pol': 7693.58572, 'N_aa': 14941.59129, 'N_ooa': 5257.79017, 'N_anc': 2371.30895, 'gr': 0.03643} -57401.93070004824
{'t1': 16.72461, 't2': 114.1005, 't3': 402.80411, 't4': 1095.58448, 'r1': 0.2744, 'r2': 0.33588, 'r3': 0.17913, 'N_admix': 53000.47476, 'N_afr': 13335.77406, 'N_eur': 20990.03119, 'N_asia': 9450.19713, 'N_pol': 8263.10465, 'N_aa': 17446.10982, 'N_ooa': 5257.79017, 'N_anc': 2371.30895, 'gr': 0.03643} -57394.47261216084
{'t1': 16.72461, 't2': 114.1005, 't3': 402.80411, 't4': 1021.60447, 'r1': 0.2744, 'r2': 0.33588, 'r3': 0.17913, 'N_admix': 53000.47476, 'N_afr': 13335.77406, 'N_eur': 20990.03119, 'N_asia': 10151.46191, 'N_pol': 8263.10465, 'N_aa': 17446.10982, 'N_ooa': 4999.90066, 'N_anc': 2610.86107, 'gr': 0.03643} -57320.51819700585
{'t1': 16.72461, 't2': 114.1005, 't3': 402.80411, 't4': 1021.60447, 'r1': 0.2744, 'r2': 0.33588, 'r3': 0.17913, 'N_admix': 55350.45102, 'N_afr': 13335.77406, 'N_eur': 19668.0839, 'N_asia': 10151.46191, 'N_pol': 8263.10465, 'N_aa': 19641.47684, 'N_ooa': 4632.40811, 'N_anc': 2610.86107, 'gr': 0.03643} -57313.72495155965
{'t1': 15.93838, 't2': 114.1005, 't3': 402.80411, 't4': 1021.60447, 'r1': 0.2744, 'r2': 0.33588, 'r3': 0.17913, 'N_admix': 55350.45102, 'N_afr': 12673.98536, 'N_eur': 19668.0839, 'N_asia': 9586.06718, 'N_pol': 8671.25988, 'N_aa': 19641.47684, 'N_ooa': 4632.40811, 'N_anc': 2809.4741, 'gr': 0.03825} -57310.90217472826
{'t1': 15.93838, 't2': 109.19239, 't3': 402.80411, 't4': 1021.60447, 'r1': 0.2744, 'r2': 0.33588, 'r3': 0.17017, 'N_admix': 55350.45102, 'N_afr': 12673.98536, 'N_eur': 20646.4881, 'N_asia': 9586.06718, 'N_pol': 8671.25988, 'N_aa': 19641.47684, 'N_ooa': 4632.40811, 'N_anc': 2809.4741, 'gr': 0.03825} -57306.712062566585
{'t1': 15.93838, 't2': 109.19239, 't3': 402.80411, 't4': 1021.60447, 'r1': 0.2744, 'r2': 0.33588, 'r3': 0.17017, 'N_admix': 55350.45102, 'N_afr': 12673.98536, 'N_eur': 19105.50149, 'N_asia': 9586.06718, 'N_pol': 8671.25988, 'N_aa': 19641.47684, 'N_ooa': 4632.40811, 'N_anc': 2809.4741, 'gr': 0.03825} -57306.387953371486
{'t1': 15.93838, 't2': 109.19239, 't3': 402.80411, 't4': 1021.60447, 'r1': 0.2744, 'r2': 0.33588, 'r3': 0.17017, 'N_admix': 55350.45102, 'N_afr': 12673.98536, 'N_eur': 19105.50149, 'N_asia': 9586.06718, 'N_pol': 8671.25988, 'N_aa': 19641.47684, 'N_ooa': 4632.40811, 'N_anc': 2809.4741, 'gr': 0.03825} -57306.387953371486
{'t1': 15.93838, 't2': 109.19239, 't3': 402.80411, 't4': 1021.60447, 'r1': 0.2744, 'r2': 0.33588, 'r3': 0.17017, 'N_admix': 55350.45102, 'N_afr': 12673.98536, 'N_eur': 19105.50149, 'N_asia': 9586.06718, 'N_pol': 8671.25988, 'N_aa': 19641.47684, 'N_ooa': 4632.40811, 'N_anc': 2809.4741, 'gr': 0.03825} -57306.387953371486
{'t1': 15.93838, 't2': 109.19239, 't3': 402.80411, 't4': 1021.60447, 'r1': 0.2744, 'r2': 0.33588, 'r3': 0.17017, 'N_admix': 55350.45102, 'N_afr': 12673.98536, 'N_eur': 20055.77656, 'N_asia': 9586.06718, 'N_pol': 8671.25988, 'N_aa': 18664.403, 'N_ooa': 4632.40811, 'N_anc': 2809.4741, 'gr': 0.03825} -57304.310686167984
{'t1': 15.93838, 't2': 109.19239, 't3': 402.80411, 't4': 1021.60447, 'r1': 0.2744, 'r2': 0.33588, 'r3': 0.17017, 'N_admix': 55350.45102, 'N_afr': 12673.98536, 'N_eur': 20055.77656, 'N_asia': 10060.37054, 'N_pol': 8671.25988, 'N_aa': 18664.403, 'N_ooa': 4632.40811, 'N_anc': 2809.4741, 'gr': 0.03825} -57304.01944804163
2026-08-19 22:05:47,450 - INFO - Finished fitting ARG.
2026-08-19 22:05:47,450 - INFO - Finished in 5h 34m 15.0s
2026-08-19 22:05:47,450 - INFO - Estimated: {'t1': 15.93838, 't2': 109.19239, 't3': 402.80411, 't4': 1021.60447, 'r1': 0.2744, 'r2': 0.33588, 'r3': 0.17017, 'N_admix': 55350.45102, 'N_afr': 12673.98536, 'N_eur': 20055.77656, 'N_asia': 10060.37054, 'N_pol': 8671.25988, 'N_aa': 18664.403, 'N_ooa': 4632.40811, 'N_anc': 2809.4741, 'gr': 0.03825}
Traceback (most recent call last):
  File "simulate_and_fit_ARG.py", line 238, in <module>
    SimulateARG().main()
  File "simulate_and_fit_ARG.py", line 232, in main
    logger.info(f"logp = {logp}  (true = {logp_true})")
NameError: name 'logp_true' is not defined
