2026-08-19 16:37:00,790 - INFO - Beginning execution of simulate_and_fit_ARG.py in directory /home1/mahj/glike_optimize/opt_scripts

2026-08-19 16:37:00,790 - INFO - Progress is being logged to ../opt_results_glike_arbitrary_rep/ntree_15_rep_2_simulate_ARG.log

2026-08-19 16:37:00,790 - INFO - Parsed the following arguments:
	N_SAMPLES = 1000.0
	SEQUENCE_LENGTH = 30000000.0
	RECOMBINATION_RATE = 1e-08
	SEED = 1
	NUM_TREES = 15
	OPTIMIZER = glike
	outprefix = ../opt_results_glike_arbitrary_rep/ntree_15_rep_2

2026-08-19 16:37:00,813 - INFO - Sampling 1000 individuals with ploidy 1 in population 0 (name='admix') at time 0
2026-08-19 16:37:00,820 - INFO - Starting replicate 0
2026-08-19 16:37:00,821 - INFO - model[0] {'name': 'hudson'} started at time=0 nodes=1000 edges=0
2026-08-19 16:37:00,821 - INFO - Running model {'name': 'hudson'} until max time: inf
2026-08-19 16:37:01,513 - INFO - Completed at time=24250.7 nodes=39508 edges=264883
2026-08-19 16:37:03,460 - INFO - Finished simulating ARG.
[phase from 0.0 to 19.0]
        admix
ns   0.000006
grs  0.078000

[phase from 19.0 to 411.0]
       afr    eur   asia    pol
admix  0.0  0.198  0.334  0.468
        afr       eur     asia       pol
ns   0.0001  0.000075  0.00004  0.000064
grs  0.0000  0.000000  0.00000  0.000000

[phase from 411.0 to 1040.0]
      afr  eur  asia
afr     1    0     0
eur     0    1     0
asia    0    0     1
pol     0    0     1
        afr       eur     asia
ns   0.0001  0.000075  0.00037
grs  0.0000  0.000000  0.00000

[phase from 1040.0 to 2004.0]
      afr  eur
afr     1    0
eur     0    1
asia    0    1
        afr       eur
ns   0.0001  0.000405
grs  0.0000  0.000000

[phase from 2004.0 to inf]
     A
afr  1
eur  1
            A
ns   0.000375
grs  0.000000

2026-08-19 16:37:19,346 - INFO - Starting glike optimization.
{'t1': 10, 't2': 100, 't3': 1000, 't4': 2000, 'r1': 0.25, 'r2': 0.25, 'r3': 0.25, 'N_admix': 10000, 'N_afr': 10000, 'N_eur': 10000, 'N_asia': 10000, 'N_pol': 10000, 'N_aa': 10000, 'N_ooa': 10000, 'N_anc': 10000, 'gr': 0.1} -177995.6321384468
{'t1': 10.9, 't2': 108.91, 't3': 910.891, 't4': 2000, 'r1': 0.275, 'r2': 0.275, 'r3': 0.225, 'N_admix': 10990.0, 'N_afr': 10990.0, 'N_eur': 10990.0, 'N_asia': 9010.0, 'N_pol': 10000, 'N_aa': 10990.0, 'N_ooa': 10000, 'N_anc': 9010.0, 'gr': 0.11} -176986.1171016404
{'t1': 12.385, 't2': 123.38875, 't3': 1029.01634, 't4': 1951.45082, 'r1': 0.31625, 'r2': 0.275, 'r3': 0.19125, 'N_admix': 12623.5, 'N_afr': 12623.5, 'N_eur': 12623.5, 'N_asia': 9010.0, 'N_pol': 10000, 'N_aa': 12623.5, 'N_ooa': 10000, 'N_anc': 7673.5, 'gr': 0.1265} -176035.31853788687
{'t1': 14.94663, 't2': 147.78823, 't3': 1029.01634, 't4': 1951.45082, 'r1': 0.31625, 'r2': 0.275, 'r3': 0.19125, 'N_admix': 15441.2875, 'N_afr': 12623.5, 'N_eur': 12623.5, 'N_asia': 9678.25, 'N_pol': 10000, 'N_aa': 12623.5, 'N_ooa': 10000, 'N_anc': 5969.4625, 'gr': 0.15496} -175266.1740308327
{'t1': 19.65362, 't2': 191.03366, 't3': 934.74329, 't4': 1900.61544, 'r1': 0.31625, 'r2': 0.275, 'r3': 0.21277, 'N_admix': 20618.97203, 'N_afr': 12623.5, 'N_eur': 12623.5, 'N_asia': 10755.80313, 'N_pol': 10000, 'N_aa': 11214.60625, 'N_ooa': 9505.0, 'N_anc': 3988.51891, 'gr': 0.10266} -174858.12443807675
{'t1': 19.65362, 't2': 276.72368, 't3': 934.74329, 't4': 1828.17503, 'r1': 0.29846, 'r2': 0.275, 'r3': 0.21277, 'N_admix': 30878.45804, 'N_afr': 13327.94687, 'N_eur': 11919.05313, 'N_asia': 12553.96991, 'N_pol': 10495.0, 'N_aa': 9339.01645, 'N_ooa': 8799.625, 'N_anc': 2044.25945, 'gr': 0.05133} -174495.51565023826
{'t1': 24.31703, 't2': 402.92701, 't3': 889.87129, 't4': 1722.61586, 'r1': 0.27328, 'r2': 0.26125, 'r3': 0.23072, 'N_admix': 30878.45804, 'N_afr': 12211.83885, 'N_eur': 10921.82052, 'N_asia': 15706.38104, 'N_pol': 11274.625, 'N_aa': 7000.39041, 'N_ooa': 7820.91719, 'N_anc': 3016.38918, 'gr': 0.05133} -173629.58306184693
{'t1': 24.31703, 't2': 402.92701, 't3': 889.87129, 't4': 1582.09021, 'r1': 0.23869, 'r2': 0.26125, 'r3': 0.25992, 'N_admix': 38573.07255, 'N_afr': 10678.93425, 'N_eur': 9552.18386, 'N_asia': 15706.38104, 'N_pol': 12531.77031, 'N_aa': 4380.39843, 'N_ooa': 6518.01241, 'N_anc': 3016.38918, 'gr': 0.0385} -173033.50409771307
{'t1': 24.31703, 't2': 402.92701, 't3': 920.68573, 't4': 1414.6722, 'r1': 0.19338, 'r2': 0.26125, 'r3': 0.30926, 'N_admix': 38573.07255, 'N_afr': 8670.5897, 'N_eur': 9552.18386, 'N_asia': 18669.15494, 'N_pol': 10433.90907, 'N_aa': 4380.39843, 'N_ooa': 6518.01241, 'N_anc': 3016.38918, 'gr': 0.0385} -172747.21125834988
{'t1': 26.503, 't2': 402.92701, 't3': 920.68573, 't4': 1227.11171, 'r1': 0.19338, 'r2': 0.24819, 'r3': 0.30926, 'N_admix': 38573.07255, 'N_afr': 8670.5897, 'N_eur': 8654.96485, 'N_asia': 18669.15494, 'N_pol': 13049.6798, 'N_aa': 4380.39843, 'N_ooa': 6518.01241, 'N_anc': 2651.84053, 'gr': 0.0385} -172550.71123810907
{'t1': 26.503, 't2': 402.92701, 't3': 920.68573, 't4': 1073.89872, 'r1': 0.16585, 'r2': 0.24819, 'r3': 0.30926, 'N_admix': 38573.07255, 'N_afr': 9890.89437, 'N_eur': 8654.96485, 'N_asia': 18669.15494, 'N_pol': 13049.6798, 'N_aa': 3845.34863, 'N_ooa': 6924.15226, 'N_anc': 2651.84053, 'gr': 0.03489} -172321.35355517754
{'t1': 28.29618, 't2': 402.92701, 't3': 920.68573, 't4': 1073.89872, 'r1': 0.16585, 'r2': 0.24819, 'r3': 0.30926, 'N_admix': 38573.07255, 'N_afr': 9890.89437, 'N_eur': 9264.00483, 'N_asia': 17347.19069, 'N_pol': 13049.6798, 'N_aa': 3143.09576, 'N_ooa': 6924.15226, 'N_anc': 2412.60548, 'gr': 0.02998} -172265.11816247937
{'t1': 28.29618, 't2': 402.92701, 't3': 920.68573, 't4': 1073.89872, 'r1': 0.16585, 'r2': 0.24819, 'r3': 0.30926, 'N_admix': 40496.72618, 'N_afr': 9890.89437, 'N_eur': 9264.00483, 'N_asia': 17347.19069, 'N_pol': 13049.6798, 'N_aa': 3143.09576, 'N_ooa': 6924.15226, 'N_anc': 2412.60548, 'gr': 0.02998} -172262.8775327921
{'t1': 28.29618, 't2': 402.92701, 't3': 920.68573, 't4': 1073.89872, 'r1': 0.16585, 'r2': 0.24819, 'r3': 0.30926, 'N_admix': 40496.72618, 'N_afr': 9890.89437, 'N_eur': 8774.70604, 'N_asia': 17347.19069, 'N_pol': 13697.16379, 'N_aa': 3143.09576, 'N_ooa': 6924.15226, 'N_anc': 2575.21055, 'gr': 0.02998} -172250.87194767385
{'t1': 28.29618, 't2': 402.92701, 't3': 920.68573, 't4': 1073.89872, 'r1': 0.16585, 'r2': 0.24819, 'r3': 0.30926, 'N_admix': 40496.72618, 'N_afr': 9890.89437, 'N_eur': 8774.70604, 'N_asia': 16484.83116, 'N_pol': 13697.16379, 'N_aa': 3143.09576, 'N_ooa': 6924.15226, 'N_anc': 2575.21055, 'gr': 0.02998} -172249.94011056505
{'t1': 28.29618, 't2': 402.92701, 't3': 920.68573, 't4': 1073.89872, 'r1': 0.16585, 'r2': 0.24819, 'r3': 0.30926, 'N_admix': 40496.72618, 'N_afr': 9890.89437, 'N_eur': 8774.70604, 'N_asia': 16484.83116, 'N_pol': 13697.16379, 'N_aa': 2990.94097, 'N_ooa': 6924.15226, 'N_anc': 2575.21055, 'gr': 0.02848} -172239.28961269755
{'t1': 28.29618, 't2': 402.92701, 't3': 920.68573, 't4': 1073.89872, 'r1': 0.16585, 'r2': 0.24819, 'r3': 0.30926, 'N_admix': 40496.72618, 'N_afr': 9890.89437, 'N_eur': 8774.70604, 'N_asia': 17304.07272, 'N_pol': 13017.3056, 'N_aa': 2990.94097, 'N_ooa': 6924.15226, 'N_anc': 2575.21055, 'gr': 0.02848} -172237.53150741046
{'t1': 28.29618, 't2': 402.92701, 't3': 920.68573, 't4': 1073.89872, 'r1': 0.16585, 'r2': 0.24819, 'r3': 0.30926, 'N_admix': 40496.72618, 'N_afr': 9890.89437, 'N_eur': 8774.70604, 'N_asia': 17304.07272, 'N_pol': 13017.3056, 'N_aa': 2990.94097, 'N_ooa': 6924.15226, 'N_anc': 2575.21055, 'gr': 0.0299} -172237.50300359068
{'t1': 28.29618, 't2': 402.92701, 't3': 920.68573, 't4': 1073.89872, 'r1': 0.16585, 'r2': 0.24819, 'r3': 0.30926, 'N_admix': 40496.72618, 'N_afr': 9890.89437, 'N_eur': 8774.70604, 'N_asia': 17304.07272, 'N_pol': 13017.3056, 'N_aa': 2990.94097, 'N_ooa': 6924.15226, 'N_anc': 2575.21055, 'gr': 0.0299} -172237.50300359068
{'t1': 28.29618, 't2': 402.92701, 't3': 920.68573, 't4': 1073.89872, 'r1': 0.16585, 'r2': 0.24819, 'r3': 0.30926, 'N_admix': 40496.72618, 'N_afr': 9890.89437, 'N_eur': 8774.70604, 'N_asia': 17304.07272, 'N_pol': 13017.3056, 'N_aa': 2990.94097, 'N_ooa': 6924.15226, 'N_anc': 2575.21055, 'gr': 0.0299} -172237.50300359068
{'t1': 28.29618, 't2': 402.92701, 't3': 920.68573, 't4': 1073.89872, 'r1': 0.16585, 'r2': 0.24819, 'r3': 0.30926, 'N_admix': 40496.72618, 'N_afr': 9890.89437, 'N_eur': 8774.70604, 'N_asia': 17304.07272, 'N_pol': 13017.3056, 'N_aa': 2990.94097, 'N_ooa': 6924.15226, 'N_anc': 2575.21055, 'gr': 0.0299} -172237.50300359068
2026-08-19 21:14:48,110 - INFO - Finished fitting ARG.
2026-08-19 21:14:48,110 - INFO - Finished in 4h 37m 28.8s
2026-08-19 21:14:48,110 - INFO - Estimated: {'t1': 28.29618, 't2': 402.92701, 't3': 920.68573, 't4': 1073.89872, 'r1': 0.16585, 'r2': 0.24819, 'r3': 0.30926, 'N_admix': 40496.72618, 'N_afr': 9890.89437, 'N_eur': 8774.70604, 'N_asia': 17304.07272, 'N_pol': 13017.3056, 'N_aa': 2990.94097, 'N_ooa': 6924.15226, 'N_anc': 2575.21055, 'gr': 0.0299}
Traceback (most recent call last):
  File "simulate_and_fit_ARG.py", line 238, in <module>
    SimulateARG().main()
  File "simulate_and_fit_ARG.py", line 232, in main
    logger.info(f"logp = {logp}  (true = {logp_true})")
NameError: name 'logp_true' is not defined
