2026-08-19 16:31:14,506 - INFO - Beginning execution of simulate_and_fit_ARG.py in directory /home1/mahj/glike_optimize/opt_scripts

2026-08-19 16:31:14,506 - INFO - Progress is being logged to ../opt_results_glike_arbitrary_rep/ntree_10_rep_1_simulate_ARG.log

2026-08-19 16:31:14,506 - INFO - Parsed the following arguments:
	N_SAMPLES = 1000.0
	SEQUENCE_LENGTH = 30000000.0
	RECOMBINATION_RATE = 1e-08
	SEED = 1
	NUM_TREES = 10
	OPTIMIZER = glike
	outprefix = ../opt_results_glike_arbitrary_rep/ntree_10_rep_1

2026-08-19 16:31:14,531 - INFO - Sampling 1000 individuals with ploidy 1 in population 0 (name='admix') at time 0
2026-08-19 16:31:14,540 - INFO - Starting replicate 0
2026-08-19 16:31:14,540 - INFO - model[0] {'name': 'hudson'} started at time=0 nodes=1000 edges=0
2026-08-19 16:31:14,540 - INFO - Running model {'name': 'hudson'} until max time: inf
2026-08-19 16:31:15,229 - INFO - Completed at time=24250.7 nodes=39508 edges=264883
2026-08-19 16:31:16,568 - INFO - Finished simulating ARG.
[phase from 0.0 to 19.0]
        admix
ns   0.000006
grs  0.078000

[phase from 19.0 to 411.0]
       afr    eur   asia    pol
admix  0.0  0.198  0.334  0.468
        afr       eur     asia       pol
ns   0.0001  0.000075  0.00004  0.000064
grs  0.0000  0.000000  0.00000  0.000000

[phase from 411.0 to 1040.0]
      afr  eur  asia
afr     1    0     0
eur     0    1     0
asia    0    0     1
pol     0    0     1
        afr       eur     asia
ns   0.0001  0.000075  0.00037
grs  0.0000  0.000000  0.00000

[phase from 1040.0 to 2004.0]
      afr  eur
afr     1    0
eur     0    1
asia    0    1
        afr       eur
ns   0.0001  0.000405
grs  0.0000  0.000000

[phase from 2004.0 to inf]
     A
afr  1
eur  1
            A
ns   0.000375
grs  0.000000

2026-08-19 16:31:32,430 - INFO - Starting glike optimization.
{'t1': 10, 't2': 100, 't3': 1000, 't4': 2000, 'r1': 0.25, 'r2': 0.25, 'r3': 0.25, 'N_admix': 10000, 'N_afr': 10000, 'N_eur': 10000, 'N_asia': 10000, 'N_pol': 10000, 'N_aa': 10000, 'N_ooa': 10000, 'N_anc': 10000, 'gr': 0.1} -118583.13172762134
{'t1': 10.9, 't2': 108.91, 't3': 910.891, 't4': 2000, 'r1': 0.275, 'r2': 0.275, 'r3': 0.225, 'N_admix': 10990.0, 'N_afr': 10990.0, 'N_eur': 10990.0, 'N_asia': 10000, 'N_pol': 9010.0, 'N_aa': 10990.0, 'N_ooa': 9010.0, 'N_anc': 9010.0, 'gr': 0.11} -117898.04120247804
{'t1': 12.385, 't2': 123.38875, 't3': 1029.01634, 't4': 2000, 'r1': 0.31625, 'r2': 0.275, 'r3': 0.225, 'N_admix': 12623.5, 'N_afr': 12623.5, 'N_eur': 12623.5, 'N_asia': 10495.0, 'N_pol': 9010.0, 'N_aa': 12623.5, 'N_ooa': 9010.0, 'N_anc': 7673.5, 'gr': 0.1265} -117319.25050094318
{'t1': 14.94663, 't2': 147.78823, 't3': 830.74002, 't4': 1941.537, 'r1': 0.31625, 'r2': 0.275, 'r3': 0.225, 'N_admix': 15441.2875, 'N_afr': 12623.5, 'N_eur': 12623.5, 'N_asia': 11274.625, 'N_pol': 9010.0, 'N_aa': 12623.5, 'N_ooa': 8341.75, 'N_anc': 5969.4625, 'gr': 0.15496} -116793.67564704448
{'t1': 19.65362, 't2': 191.03366, 't3': 614.83912, 't4': 1842.03466, 'r1': 0.28067, 'r2': 0.28875, 'r3': 0.225, 'N_admix': 20618.97203, 'N_afr': 12623.5, 'N_eur': 12623.5, 'N_asia': 11274.625, 'N_pol': 9455.5, 'N_aa': 12623.5, 'N_ooa': 7414.55313, 'N_anc': 3988.51891, 'gr': 0.10266} -116440.32896306753
{'t1': 19.65362, 't2': 276.72368, 't3': 445.7814, 't4': 1684.95617, 'r1': 0.23331, 'r2': 0.31041, 'r3': 0.23625, 'N_admix': 30878.45804, 'N_afr': 12623.5, 'N_eur': 13327.94687, 'N_asia': 11903.19766, 'N_pol': 10157.1625, 'N_aa': 11919.05313, 'N_ooa': 6180.22229, 'N_anc': 2044.25945, 'gr': 0.05133} -115791.55571099081
{'t1': 24.31703, 't2': 361.25254, 't3': 403.51697, 't4': 1468.7133, 'r1': 0.23331, 'r2': 0.27549, 'r3': 0.25397, 'N_admix': 30878.45804, 'N_afr': 12623.5, 'N_eur': 14444.05489, 'N_asia': 11903.19766, 'N_pol': 11288.59328, 'N_aa': 12916.28574, 'N_ooa': 6180.22229, 'N_anc': 3016.38918, 'gr': 0.05133} -115142.04659425332
{'t1': 24.31703, 't2': 382.38476, 't3': 414.08308, 't4': 1201.76003, 'r1': 0.20378, 'r2': 0.32198, 'r3': 0.25397, 'N_admix': 38573.07255, 'N_afr': 11997.325, 'N_eur': 16259.47434, 'N_asia': 11903.19766, 'N_pol': 11288.59328, 'N_aa': 11294.22458, 'N_ooa': 5410.69416, 'N_anc': 3016.38918, 'gr': 0.0385} -114756.38340142867
{'t1': 24.31703, 't2': 398.23392, 't3': 414.08308, 't4': 1201.76003, 'r1': 0.16509, 'r2': 0.32198, 'r3': 0.23968, 'N_admix': 38573.07255, 'N_afr': 11105.02563, 'N_eur': 16259.47434, 'N_asia': 12493.35754, 'N_pol': 10344.55572, 'N_aa': 9169.07101, 'N_ooa': 5410.69416, 'N_anc': 3016.38918, 'gr': 0.0385} -114734.82062976045
{'t1': 24.31703, 't2': 406.1585, 't3': 412.10194, 't4': 1051.84838, 'r1': 0.2121, 'r2': 0.28123, 'r3': 0.2599, 'N_admix': 38573.07255, 'N_afr': 11105.02563, 'N_eur': 16259.47434, 'N_asia': 13422.85936, 'N_pol': 10344.55572, 'N_aa': 6586.51134, 'N_ooa': 4906.59311, 'N_anc': 2651.84053, 'gr': 0.0385} -114477.30940098641
{'t1': 25.48288, 't2': 409.13022, 't3': 410.98755, 't4': 1051.84838, 'r1': 0.2121, 'r2': 0.28123, 'r3': 0.29279, 'N_admix': 38573.07255, 'N_afr': 11105.02563, 'N_eur': 16259.47434, 'N_asia': 13422.85936, 'N_pol': 10344.55572, 'N_aa': 9357.21452, 'N_ooa': 4222.21686, 'N_anc': 2651.84053, 'gr': 0.0385} -114418.28493176712
{'t1': 23.64666, 't2': 408.20155, 't3': 410.98755, 't4': 1051.84838, 'r1': 0.2121, 'r2': 0.28123, 'r3': 0.29279, 'N_admix': 40496.72618, 'N_afr': 11105.02563, 'N_eur': 16259.47434, 'N_asia': 12673.44852, 'N_pol': 10344.55572, 'N_aa': 9357.21452, 'N_ooa': 4222.21686, 'N_anc': 2651.84053, 'gr': 0.0385} -114400.18236223099
{'t1': 23.64666, 't2': 408.20155, 't3': 410.98755, 't4': 1051.84838, 'r1': 0.2121, 'r2': 0.28123, 'r3': 0.29279, 'N_admix': 40496.72618, 'N_afr': 11105.02563, 'N_eur': 16259.47434, 'N_asia': 12673.44852, 'N_pol': 10344.55572, 'N_aa': 9357.21452, 'N_ooa': 4222.21686, 'N_anc': 2651.84053, 'gr': 0.0385} -114400.18236223099
{'t1': 23.64666, 't2': 408.20155, 't3': 410.98755, 't4': 1051.84838, 'r1': 0.22342, 'r2': 0.28123, 'r3': 0.29279, 'N_admix': 40496.72618, 'N_afr': 11105.02563, 'N_eur': 16259.47434, 'N_asia': 12673.44852, 'N_pol': 9832.32793, 'N_aa': 8200.06271, 'N_ooa': 4222.21686, 'N_anc': 2651.84053, 'gr': 0.0385} -114384.02041595688
{'t1': 23.64666, 't2': 408.20155, 't3': 410.98755, 't4': 1051.84838, 'r1': 0.22342, 'r2': 0.28123, 'r3': 0.29279, 'N_admix': 40496.72618, 'N_afr': 11105.02563, 'N_eur': 16259.47434, 'N_asia': 13302.12095, 'N_pol': 9102.40334, 'N_aa': 9718.82447, 'N_ooa': 4222.21686, 'N_anc': 2651.84053, 'gr': 0.0385} -114381.36289717934
{'t1': 24.77899, 't2': 408.20155, 't3': 410.98755, 't4': 1051.84838, 'r1': 0.22342, 'r2': 0.28123, 'r3': 0.29279, 'N_admix': 40496.72618, 'N_afr': 11105.02563, 'N_eur': 16259.47434, 'N_asia': 14292.28002, 'N_pol': 8089.63296, 'N_aa': 9718.82447, 'N_ooa': 4222.21686, 'N_anc': 2651.84053, 'gr': 0.03657} -114377.20860798925
{'t1': 24.77899, 't2': 408.20155, 't3': 410.98755, 't4': 1051.84838, 'r1': 0.22342, 'r2': 0.28123, 'r3': 0.29279, 'N_admix': 40496.72618, 'N_afr': 11105.02563, 'N_eur': 16259.47434, 'N_asia': 14292.28002, 'N_pol': 8089.63296, 'N_aa': 9718.82447, 'N_ooa': 4222.21686, 'N_anc': 2651.84053, 'gr': 0.03657} -114377.20860798925
{'t1': 24.77899, 't2': 408.20155, 't3': 410.98755, 't4': 1051.84838, 'r1': 0.22342, 'r2': 0.28123, 'r3': 0.29279, 'N_admix': 40496.72618, 'N_afr': 11105.02563, 'N_eur': 16259.47434, 'N_asia': 14292.28002, 'N_pol': 8763.75824, 'N_aa': 9718.82447, 'N_ooa': 4222.21686, 'N_anc': 2651.84053, 'gr': 0.03657} -114377.00654116893
{'t1': 24.77899, 't2': 408.20155, 't3': 410.98755, 't4': 1051.84838, 'r1': 0.22342, 'r2': 0.28123, 'r3': 0.29279, 'N_admix': 40496.72618, 'N_afr': 11105.02563, 'N_eur': 16259.47434, 'N_asia': 14292.28002, 'N_pol': 8763.75824, 'N_aa': 9718.82447, 'N_ooa': 4222.21686, 'N_anc': 2651.84053, 'gr': 0.03657} -114377.00654116893
{'t1': 24.77899, 't2': 408.20155, 't3': 410.98755, 't4': 1051.84838, 'r1': 0.22342, 'r2': 0.28123, 'r3': 0.29279, 'N_admix': 40496.72618, 'N_afr': 11105.02563, 'N_eur': 16259.47434, 'N_asia': 14292.28002, 'N_pol': 8215.50479, 'N_aa': 9718.82447, 'N_ooa': 4222.21686, 'N_anc': 2651.84053, 'gr': 0.03657} -114376.78354111768
{'t1': 24.77899, 't2': 408.20155, 't3': 410.98755, 't4': 1051.84838, 'r1': 0.22342, 'r2': 0.28123, 'r3': 0.29279, 'N_admix': 40496.72618, 'N_afr': 11105.02563, 'N_eur': 16259.47434, 'N_asia': 14292.28002, 'N_pol': 8215.50479, 'N_aa': 9718.82447, 'N_ooa': 4222.21686, 'N_anc': 2651.84053, 'gr': 0.03657} -114376.78354111768
2026-08-19 21:17:36,519 - INFO - Finished fitting ARG.
2026-08-19 21:17:36,519 - INFO - Finished in 4h 46m 4.1s
2026-08-19 21:17:36,519 - INFO - Estimated: {'t1': 24.77899, 't2': 408.20155, 't3': 410.98755, 't4': 1051.84838, 'r1': 0.22342, 'r2': 0.28123, 'r3': 0.29279, 'N_admix': 40496.72618, 'N_afr': 11105.02563, 'N_eur': 16259.47434, 'N_asia': 14292.28002, 'N_pol': 8215.50479, 'N_aa': 9718.82447, 'N_ooa': 4222.21686, 'N_anc': 2651.84053, 'gr': 0.03657}
Traceback (most recent call last):
  File "simulate_and_fit_ARG.py", line 238, in <module>
    SimulateARG().main()
  File "simulate_and_fit_ARG.py", line 232, in main
    logger.info(f"logp = {logp}  (true = {logp_true})")
NameError: name 'logp_true' is not defined
