2026-08-19 16:05:44,274 - INFO - Beginning execution of simulate_and_fit_ARG.py in directory /home1/mahj/glike_optimize/opt_scripts

2026-08-19 16:05:44,274 - INFO - Progress is being logged to ../opt_results_glike_arbitrary_rep/ntree_1_rep_1_simulate_ARG.log

2026-08-19 16:05:44,274 - INFO - Parsed the following arguments:
	N_SAMPLES = 1000.0
	SEQUENCE_LENGTH = 30000000.0
	RECOMBINATION_RATE = 1e-08
	SEED = 1
	NUM_TREES = 1
	OPTIMIZER = glike
	outprefix = ../opt_results_glike_arbitrary_rep/ntree_1_rep_1

2026-08-19 16:05:44,303 - INFO - Sampling 1000 individuals with ploidy 1 in population 0 (name='admix') at time 0
2026-08-19 16:05:44,311 - INFO - Starting replicate 0
2026-08-19 16:05:44,312 - INFO - model[0] {'name': 'hudson'} started at time=0 nodes=1000 edges=0
2026-08-19 16:05:44,312 - INFO - Running model {'name': 'hudson'} until max time: inf
2026-08-19 16:05:45,025 - INFO - Completed at time=24250.7 nodes=39508 edges=264883
2026-08-19 16:05:45,250 - INFO - Finished simulating ARG.
2026-08-19 16:06:01,021 - INFO - Starting glike optimization.
[phase from 0.0 to 19.0]
        admix
ns   0.000006
grs  0.078000

[phase from 19.0 to 411.0]
       afr    eur   asia    pol
admix  0.0  0.198  0.334  0.468
        afr       eur     asia       pol
ns   0.0001  0.000075  0.00004  0.000064
grs  0.0000  0.000000  0.00000  0.000000

[phase from 411.0 to 1040.0]
      afr  eur  asia
afr     1    0     0
eur     0    1     0
asia    0    0     1
pol     0    0     1
        afr       eur     asia
ns   0.0001  0.000075  0.00037
grs  0.0000  0.000000  0.00000

[phase from 1040.0 to 2004.0]
      afr  eur
afr     1    0
eur     0    1
asia    0    1
        afr       eur
ns   0.0001  0.000405
grs  0.0000  0.000000

[phase from 2004.0 to inf]
     A
afr  1
eur  1
            A
ns   0.000375
grs  0.000000

{'t1': 10, 't2': 100, 't3': 1000, 't4': 2000, 'r1': 0.25, 'r2': 0.25, 'r3': 0.25, 'N_admix': 10000, 'N_afr': 10000, 'N_eur': 10000, 'N_asia': 10000, 'N_pol': 10000, 'N_aa': 10000, 'N_ooa': 10000, 'N_anc': 10000, 'gr': 0.1} -11832.267799579373
{'t1': 9.1, 't2': 109.09, 't3': 910.909, 't4': 1891.0909, 'r1': 0.275, 'r2': 0.275, 'r3': 0.225, 'N_admix': 10990.0, 'N_afr': 10990.0, 'N_eur': 10990.0, 'N_asia': 9010.0, 'N_pol': 9010.0, 'N_aa': 10990.0, 'N_ooa': 9010.0, 'N_anc': 9010.0, 'gr': 0.11} -11773.854213333165
{'t1': 10.315, 't2': 109.09, 't3': 910.909, 't4': 1891.0909, 'r1': 0.275, 'r2': 0.31625, 'r3': 0.225, 'N_admix': 12623.5, 'N_afr': 12623.5, 'N_eur': 12623.5, 'N_asia': 9010.0, 'N_pol': 10346.5, 'N_aa': 12623.5, 'N_ooa': 7673.5, 'N_anc': 7673.5, 'gr': 0.1265} -11718.690488657205
{'t1': 10.315, 't2': 116.49813, 't3': 851.32818, 't4': 1813.1087, 'r1': 0.275, 'r2': 0.31625, 'r3': 0.20813, 'N_admix': 15441.2875, 'N_afr': 12623.5, 'N_eur': 12623.5, 'N_asia': 9678.25, 'N_pol': 10346.5, 'N_aa': 12623.5, 'N_ooa': 5969.4625, 'N_anc': 5969.4625, 'gr': 0.15496} -11675.169241228883
{'t1': 10.315, 't2': 116.49813, 't3': 933.99656, 't4': 1912.00882, 'r1': 0.28875, 'r2': 0.31625, 'r3': 0.18472, 'N_admix': 20618.97203, 'N_afr': 12623.5, 'N_eur': 12623.5, 'N_asia': 10755.80313, 'N_pol': 10346.5, 'N_aa': 14032.39375, 'N_ooa': 3988.51891, 'N_anc': 3988.51891, 'gr': 0.20726} -11644.683884870889
{'t1': 10.315, 't2': 122.47093, 't3': 797.05161, 't4': 2100.15785, 'r1': 0.28875, 'r2': 0.33404, 'r3': 0.18472, 'N_admix': 30878.45804, 'N_afr': 12623.5, 'N_eur': 12623.5, 'N_asia': 12553.96991, 'N_pol': 10922.86563, 'N_aa': 14032.39375, 'N_ooa': 3988.51891, 'N_anc': 2044.25945, 'gr': 0.10363} -11639.222025681707
{'t1': 10.78075, 't2': 113.04707, 't3': 623.91296, 't4': 2100.15785, 'r1': 0.27431, 'r2': 0.33404, 'r3': 0.18472, 'N_admix': 46267.68706, 'N_afr': 11997.325, 'N_eur': 11997.325, 'N_asia': 15706.38104, 'N_pol': 10009.68634, 'N_aa': 15207.93947, 'N_ooa': 3016.38918, 'N_anc': 3016.38918, 'gr': 0.05181} -11643.76994556762
{'t1': 10.04719, 't2': 100.01115, 't3': 623.91296, 't4': 2100.15785, 'r1': 0.27431, 'r2': 0.33404, 'r3': 0.17548, 'N_admix': 69351.53059, 'N_afr': 11105.02563, 'N_eur': 11997.325, 'N_asia': 15706.38104, 'N_pol': 11263.88102, 'N_aa': 13295.84088, 'N_ooa': 4110.03512, 'N_anc': 4474.58377, 'gr': 0.05181} -11638.648515904259
{'t1': 11.065, 't2': 100.01115, 't3': 723.37244, 't4': 2100.15785, 'r1': 0.26059, 'r2': 0.31734, 'r3': 0.18864, 'N_admix': 69351.53059, 'N_afr': 12343.09101, 'N_eur': 12592.19125, 'N_asia': 12743.60714, 'N_pol': 11263.88102, 'N_aa': 15800.9888, 'N_ooa': 4110.03512, 'N_anc': 4474.58377, 'gr': 0.05181} -11625.292696495473
{'t1': 11.065, 't2': 91.56821, 't3': 543.45631, 't4': 2100.15785, 'r1': 0.28013, 'r2': 0.34114, 'r3': 0.16742, 'N_admix': 61689.41324, 'N_afr': 14409.11262, 'N_eur': 11655.27691, 'N_asia': 9143.14245, 'N_pol': 11263.88102, 'N_aa': 15800.9888, 'N_ooa': 5112.5439, 'N_anc': 3380.93783, 'gr': 0.04533} -11623.669905478866
{'t1': 11.91423, 't2': 102.90957, 't3': 543.45631, 't4': 2100.15785, 'r1': 0.28013, 'r2': 0.34114, 'r3': 0.16742, 'N_admix': 76055.88328, 'N_afr': 14409.11262, 'N_eur': 12955.24556, 'N_asia': 9143.14245, 'N_pol': 11822.07507, 'N_aa': 13565.43786, 'N_ooa': 5112.5439, 'N_anc': 2150.58614, 'gr': 0.03683} -11614.054393213486
{'t1': 13.29556, 't2': 102.90957, 't3': 449.36688, 't4': 2100.15785, 'r1': 0.28013, 'r2': 0.34114, 'r3': 0.16742, 'N_admix': 64083.82492, 'N_afr': 14409.11262, 'N_eur': 12955.24556, 'N_asia': 9143.14245, 'N_pol': 10942.91944, 'N_aa': 16441.30823, 'N_ooa': 5112.5439, 'N_anc': 2150.58614, 'gr': 0.02647} -11588.76485061253
{'t1': 15.6298, 't2': 102.90957, 't3': 449.36688, 't4': 2100.15785, 'r1': 0.29414, 'r2': 0.3582, 'r3': 0.16742, 'N_admix': 64083.82492, 'N_afr': 13503.61409, 'N_eur': 12955.24556, 'N_asia': 8177.45141, 'N_pol': 10942.91944, 'N_aa': 16441.30823, 'N_ooa': 4642.61791, 'N_anc': 1637.93961, 'gr': 0.03764} -11588.971200377779
{'t1': 15.6298, 't2': 98.24939, 't3': 449.36688, 't4': 2017.6183, 'r1': 0.29414, 'r2': 0.33133, 'r3': 0.15905, 'N_admix': 64083.82492, 'N_afr': 12231.31791, 'N_eur': 12955.24556, 'N_asia': 6883.59988, 'N_pol': 10942.91944, 'N_aa': 13823.74663, 'N_ooa': 4642.61791, 'N_anc': 2214.66696, 'gr': 0.01882} -11587.816645327011
{'t1': 15.6298, 't2': 104.86642, 't3': 421.77572, 't4': 2017.6183, 'r1': 0.30885, 'r2': 0.33133, 'r3': 0.15905, 'N_admix': 64083.82492, 'N_afr': 13958.60907, 'N_eur': 13598.00784, 'N_asia': 8513.50218, 'N_pol': 10400.77347, 'N_aa': 17121.1649, 'N_ooa': 4962.02073, 'N_anc': 2214.66696, 'gr': 0.02823} -11539.348857719966
{'t1': 15.6298, 't2': 115.58691, 't3': 421.77572, 't4': 2097.41043, 'r1': 0.28569, 'r2': 0.33133, 'r3': 0.1511, 'N_admix': 64083.82492, 'N_afr': 13958.60907, 'N_eur': 13598.00784, 'N_asia': 8513.50218, 'N_pol': 10400.77347, 'N_aa': 17121.1649, 'N_ooa': 4449.22948, 'N_anc': 1686.00022, 'gr': 0.02823} -11538.3367797526
{'t1': 15.6298, 't2': 115.58691, 't3': 403.38365, 't4': 2097.41043, 'r1': 0.28569, 'r2': 0.33133, 'r3': 0.13977, 'N_admix': 65879.63367, 'N_afr': 13958.60907, 'N_eur': 14272.90823, 'N_asia': 6997.36177, 'N_pol': 10915.81214, 'N_aa': 20188.43408, 'N_ooa': 5137.29118, 'N_anc': 2280.7503, 'gr': 0.03529} -11510.165747864734
{'t1': 15.6298, 't2': 124.59321, 't3': 403.38365, 't4': 2097.41043, 'r1': 0.28569, 'r2': 0.3479, 'r3': 0.13977, 'N_admix': 63320.6062, 'N_afr': 13218.64867, 'N_eur': 15335.87635, 'N_asia': 6997.36177, 'N_pol': 10915.81214, 'N_aa': 25618.43565, 'N_ooa': 5137.29118, 'N_anc': 2280.7503, 'gr': 0.02206} -11515.99058070647
{'t1': 16.36129, 't2': 124.59321, 't3': 403.38365, 't4': 2097.41043, 'r1': 0.27141, 'r2': 0.3479, 'r3': 0.13191, 'N_admix': 67447.038, 'N_afr': 13218.64867, 'N_eur': 17049.91244, 'N_asia': 7929.55701, 'N_pol': 10375.02153, 'N_aa': 15271.79948, 'N_ooa': 4539.60478, 'N_anc': 2280.7503, 'gr': 0.02206} -11512.383040745066
{'t1': 17.51339, 't2': 117.35716, 't3': 403.38365, 't4': 2097.41043, 'r1': 0.29177, 'r2': 0.36529, 'r3': 0.13191, 'N_admix': 67447.038, 'N_afr': 13874.5811, 'N_eur': 19910.21016, 'N_asia': 6342.28146, 'N_pol': 9604.39492, 'N_aa': 15271.79948, 'N_ooa': 4539.60478, 'N_anc': 2280.7503, 'gr': 0.02757} -11515.813499131487
{'t1': 15.65563, 't2': 127.66607, 't3': 403.38365, 't4': 2097.41043, 'r1': 0.29177, 'r2': 0.39269, 'r3': 0.13851, 'N_admix': 70193.69417, 'N_afr': 13874.5811, 'N_eur': 19910.21016, 'N_asia': 6342.28146, 'N_pol': 9604.39492, 'N_aa': 15271.79948, 'N_ooa': 4539.60478, 'N_anc': 2144.45341, 'gr': 0.03791} -11514.609278102074
2026-08-19 20:52:15,400 - INFO - Finished fitting ARG.
2026-08-19 20:52:15,401 - INFO - Finished in 4h 46m 14.4s
2026-08-19 20:52:15,401 - INFO - Estimated: {'t1': 15.6298, 't2': 115.58691, 't3': 403.38365, 't4': 2097.41043, 'r1': 0.28569, 'r2': 0.33133, 'r3': 0.13977, 'N_admix': 65879.63367, 'N_afr': 13958.60907, 'N_eur': 14272.90823, 'N_asia': 6997.36177, 'N_pol': 10915.81214, 'N_aa': 20188.43408, 'N_ooa': 5137.29118, 'N_anc': 2280.7503, 'gr': 0.03529}
Traceback (most recent call last):
  File "simulate_and_fit_ARG.py", line 238, in <module>
    SimulateARG().main()
  File "simulate_and_fit_ARG.py", line 232, in main
    logger.info(f"logp = {logp}  (true = {logp_true})")
NameError: name 'logp_true' is not defined
