2026-08-19 16:12:01,902 - INFO - Beginning execution of simulate_and_fit_ARG.py in directory /home1/mahj/glike_optimize/opt_scripts

2026-08-19 16:12:01,902 - INFO - Progress is being logged to ../opt_results_glike_arbitrary_rep/ntree_5_rep_2_simulate_ARG.log

2026-08-19 16:12:01,902 - INFO - Parsed the following arguments:
	N_SAMPLES = 1000.0
	SEQUENCE_LENGTH = 30000000.0
	RECOMBINATION_RATE = 1e-08
	SEED = 1
	NUM_TREES = 5
	OPTIMIZER = glike
	outprefix = ../opt_results_glike_arbitrary_rep/ntree_5_rep_2

2026-08-19 16:12:01,929 - INFO - Sampling 1000 individuals with ploidy 1 in population 0 (name='admix') at time 0
2026-08-19 16:12:01,936 - INFO - Starting replicate 0
2026-08-19 16:12:01,937 - INFO - model[0] {'name': 'hudson'} started at time=0 nodes=1000 edges=0
2026-08-19 16:12:01,937 - INFO - Running model {'name': 'hudson'} until max time: inf
2026-08-19 16:12:02,638 - INFO - Completed at time=24250.7 nodes=39508 edges=264883
2026-08-19 16:12:03,357 - INFO - Finished simulating ARG.
[phase from 0.0 to 19.0]
        admix
ns   0.000006
grs  0.078000

[phase from 19.0 to 411.0]
       afr    eur   asia    pol
admix  0.0  0.198  0.334  0.468
        afr       eur     asia       pol
ns   0.0001  0.000075  0.00004  0.000064
grs  0.0000  0.000000  0.00000  0.000000

[phase from 411.0 to 1040.0]
      afr  eur  asia
afr     1    0     0
eur     0    1     0
asia    0    0     1
pol     0    0     1
        afr       eur     asia
ns   0.0001  0.000075  0.00037
grs  0.0000  0.000000  0.00000

[phase from 1040.0 to 2004.0]
      afr  eur
afr     1    0
eur     0    1
asia    0    1
        afr       eur
ns   0.0001  0.000405
grs  0.0000  0.000000

[phase from 2004.0 to inf]
     A
afr  1
eur  1
            A
ns   0.000375
grs  0.000000

2026-08-19 16:12:20,899 - INFO - Starting glike optimization.
{'t1': 10, 't2': 100, 't3': 1000, 't4': 2000, 'r1': 0.25, 'r2': 0.25, 'r3': 0.25, 'N_admix': 10000, 'N_afr': 10000, 'N_eur': 10000, 'N_asia': 10000, 'N_pol': 10000, 'N_aa': 10000, 'N_ooa': 10000, 'N_anc': 10000, 'gr': 0.1} -59342.83383459135
{'t1': 10, 't2': 109.0, 't3': 910.9, 't4': 2108.91, 'r1': 0.275, 'r2': 0.275, 'r3': 0.225, 'N_admix': 10990.0, 'N_afr': 10990.0, 'N_eur': 10990.0, 'N_asia': 9010.0, 'N_pol': 10000, 'N_aa': 10990.0, 'N_ooa': 9010.0, 'N_anc': 9010.0, 'gr': 0.11} -58969.635164326624
{'t1': 10.45, 't2': 123.7825, 't3': 792.83237, 't4': 1911.49836, 'r1': 0.275, 'r2': 0.275, 'r3': 0.225, 'N_admix': 12623.5, 'N_afr': 10990.0, 'N_eur': 12623.5, 'N_asia': 10346.5, 'N_pol': 9505.0, 'N_aa': 12623.5, 'N_ooa': 7673.5, 'N_anc': 7673.5, 'gr': 0.1265} -58696.23982760762
{'t1': 10.45, 't2': 149.28231, 't3': 648.03361, 't4': 1627.21879, 'r1': 0.29563, 'r2': 0.29563, 'r3': 0.20813, 'N_admix': 15441.2875, 'N_afr': 11806.75, 'N_eur': 12623.5, 'N_asia': 10346.5, 'N_pol': 10210.375, 'N_aa': 15441.2875, 'N_ooa': 7673.5, 'N_anc': 5969.4625, 'gr': 0.15496} -58438.604554983336
{'t1': 10.45, 't2': 196.13821, 't3': 495.51891, 't4': 1245.27008, 'r1': 0.26237, 'r2': 0.29563, 'r3': 0.23154, 'N_admix': 20618.97203, 'N_afr': 11806.75, 'N_eur': 14032.39375, 'N_asia': 11499.23125, 'N_pol': 11347.79219, 'N_aa': 15441.2875, 'N_ooa': 6821.48125, 'N_anc': 3988.51891, 'gr': 0.20726} -58145.32875179878
{'t1': 10.45, 't2': 288.98231, 't3': 392.25061, 't4': 818.76035, 'r1': 0.26237, 'r2': 0.29563, 'r3': 0.23154, 'N_admix': 30878.45804, 'N_afr': 11806.75, 'N_eur': 16383.4852, 'N_asia': 9575.61098, 'N_pol': 13245.85712, 'N_aa': 18030.12977, 'N_ooa': 6821.48125, 'N_anc': 5932.77837, 'gr': 0.20726} -57608.71744242721
{'t1': 9.9775, 't2': 288.98231, 't3': 392.25061, 't4': 1032.01522, 'r1': 0.24023, 'r2': 0.28085, 'r3': 0.23154, 'N_admix': 30878.45804, 'N_afr': 12392.0875, 'N_eur': 16383.4852, 'N_asia': 9575.61098, 'N_pol': 13245.85712, 'N_aa': 18030.12977, 'N_ooa': 6254.35627, 'N_anc': 3016.38918, 'gr': 0.15544} -57488.803939678815
{'t1': 10.65081, 't2': 288.98231, 't3': 392.25061, 't4': 1032.01522, 'r1': 0.24023, 'r2': 0.30191, 'r3': 0.23154, 'N_admix': 38573.07255, 'N_afr': 13313.99406, 'N_eur': 18444.3638, 'N_asia': 8376.35397, 'N_pol': 11582.08458, 'N_aa': 18030.12977, 'N_ooa': 5475.44555, 'N_anc': 3016.38918, 'gr': 0.09715} -57447.19033863488
{'t1': 10.65081, 't2': 301.89085, 't3': 403.54558, 't4': 1032.01522, 'r1': 0.24023, 'r2': 0.30191, 'r3': 0.23154, 'N_admix': 53000.47476, 'N_afr': 11827.41973, 'N_eur': 18444.3638, 'N_asia': 9947.56804, 'N_pol': 11582.08458, 'N_aa': 19164.77079, 'N_ooa': 5475.44555, 'N_anc': 3016.38918, 'gr': 0.04858} -57323.712045208005
{'t1': 11.19367, 't2': 282.83059, 't3': 403.54558, 't4': 1032.01522, 'r1': 0.24023, 'r2': 0.30191, 'r3': 0.24312, 'N_admix': 76500.23738, 'N_afr': 11827.41973, 'N_eur': 18444.3638, 'N_asia': 9947.56804, 'N_pol': 10492.18358, 'N_aa': 19164.77079, 'N_ooa': 4965.19818, 'N_anc': 2651.84053, 'gr': 0.02429} -57295.31950981106
{'t1': 12.05376, 't2': 316.78168, 't3': 411.6797, 't4': 1032.01522, 'r1': 0.24023, 'r2': 0.30191, 'r3': 0.22489, 'N_admix': 76500.23738, 'N_afr': 11827.41973, 'N_eur': 19361.58199, 'N_asia': 9947.56804, 'N_pol': 10492.18358, 'N_aa': 19164.77079, 'N_ooa': 4272.47758, 'N_anc': 2651.84053, 'gr': 0.01214} -57241.69440650289
{'t1': 12.05376, 't2': 316.78168, 't3': 411.6797, 't4': 1032.01522, 'r1': 0.24023, 'r2': 0.30191, 'r3': 0.22489, 'N_admix': 76500.23738, 'N_afr': 11827.41973, 'N_eur': 17916.96334, 'N_asia': 10648.63026, 'N_pol': 9752.34942, 'N_aa': 19164.77079, 'N_ooa': 3381.34394, 'N_anc': 2651.84053, 'gr': 0.01214} -57236.021763645535
{'t1': 12.75326, 't2': 296.76413, 't3': 411.6797, 't4': 1032.01522, 'r1': 0.24023, 'r2': 0.30191, 'r3': 0.22489, 'N_admix': 79437.70771, 'N_afr': 11827.41973, 'N_eur': 19921.37172, 'N_asia': 9522.17253, 'N_pol': 8721.60293, 'N_aa': 18211.53225, 'N_ooa': 3381.34394, 'N_anc': 2651.84053, 'gr': 0.00911} -57226.347130930175
{'t1': 12.75326, 't2': 296.76413, 't3': 411.6797, 't4': 1032.01522, 'r1': 0.24023, 'r2': 0.30191, 'r3': 0.22489, 'N_admix': 79437.70771, 'N_afr': 11827.41973, 'N_eur': 19921.37172, 'N_asia': 9522.17253, 'N_pol': 10102.61701, 'N_aa': 18211.53225, 'N_ooa': 3381.34394, 'N_anc': 2651.84053, 'gr': 0.00911} -57225.612480802534
{'t1': 12.75326, 't2': 296.76413, 't3': 411.6797, 't4': 1032.01522, 'r1': 0.24023, 'r2': 0.30191, 'r3': 0.22489, 'N_admix': 79437.70771, 'N_afr': 11827.41973, 'N_eur': 19921.37172, 'N_asia': 9522.17253, 'N_pol': 10102.61701, 'N_aa': 18211.53225, 'N_ooa': 3381.34394, 'N_anc': 2651.84053, 'gr': 0.00911} -57225.612480802534
{'t1': 12.75326, 't2': 296.76413, 't3': 411.6797, 't4': 1032.01522, 'r1': 0.24023, 'r2': 0.30191, 'r3': 0.22489, 'N_admix': 79437.70771, 'N_afr': 11827.41973, 'N_eur': 19921.37172, 'N_asia': 9051.0639, 'N_pol': 10102.61701, 'N_aa': 18211.53225, 'N_ooa': 3381.34394, 'N_anc': 2651.84053, 'gr': 0.00826} -57225.44767623477
{'t1': 12.75326, 't2': 291.01835, 't3': 411.6797, 't4': 1032.01522, 'r1': 0.24023, 'r2': 0.30191, 'r3': 0.22489, 'N_admix': 80465.82232, 'N_afr': 11827.41973, 'N_eur': 19921.37172, 'N_asia': 9722.39369, 'N_pol': 9501.78232, 'N_aa': 18211.53225, 'N_ooa': 3381.34394, 'N_anc': 2651.84053, 'gr': 0.0071} -57223.01630108425
{'t1': 12.75326, 't2': 291.01835, 't3': 411.6797, 't4': 1032.01522, 'r1': 0.24023, 'r2': 0.30191, 'r3': 0.22489, 'N_admix': 80465.82232, 'N_afr': 11827.41973, 'N_eur': 19921.37172, 'N_asia': 9722.39369, 'N_pol': 9501.78232, 'N_aa': 18211.53225, 'N_ooa': 3381.34394, 'N_anc': 2651.84053, 'gr': 0.0071} -57223.01630108425
{'t1': 12.75326, 't2': 291.01835, 't3': 411.6797, 't4': 1032.01522, 'r1': 0.24023, 'r2': 0.30191, 'r3': 0.22489, 'N_admix': 80465.82232, 'N_afr': 11827.41973, 'N_eur': 19921.37172, 'N_asia': 10263.65334, 'N_pol': 9031.6932, 'N_aa': 18211.53225, 'N_ooa': 3381.34394, 'N_anc': 2651.84053, 'gr': 0.0071} -57222.28227578936
{'t1': 12.75326, 't2': 291.01835, 't3': 411.6797, 't4': 1032.01522, 'r1': 0.24023, 'r2': 0.30191, 'r3': 0.22489, 'N_admix': 80465.82232, 'N_afr': 11827.41973, 'N_eur': 19921.37172, 'N_asia': 10263.65334, 'N_pol': 9031.6932, 'N_aa': 18211.53225, 'N_ooa': 3381.34394, 'N_anc': 2651.84053, 'gr': 0.00673} -57222.281478270015
{'t1': 12.75326, 't2': 291.01835, 't3': 411.6797, 't4': 1032.01522, 'r1': 0.24023, 'r2': 0.30191, 'r3': 0.22489, 'N_admix': 80465.82232, 'N_afr': 11827.41973, 'N_eur': 19921.37172, 'N_asia': 10771.83601, 'N_pol': 9031.6932, 'N_aa': 18211.53225, 'N_ooa': 3381.34394, 'N_anc': 2651.84053, 'gr': 0.00673} -57222.116698283404
2026-08-19 21:32:03,755 - INFO - Finished fitting ARG.
2026-08-19 21:32:03,756 - INFO - Finished in 5h 19m 42.9s
2026-08-19 21:32:03,756 - INFO - Estimated: {'t1': 12.75326, 't2': 291.01835, 't3': 411.6797, 't4': 1032.01522, 'r1': 0.24023, 'r2': 0.30191, 'r3': 0.22489, 'N_admix': 80465.82232, 'N_afr': 11827.41973, 'N_eur': 19921.37172, 'N_asia': 10771.83601, 'N_pol': 9031.6932, 'N_aa': 18211.53225, 'N_ooa': 3381.34394, 'N_anc': 2651.84053, 'gr': 0.00673}
Traceback (most recent call last):
  File "simulate_and_fit_ARG.py", line 238, in <module>
    SimulateARG().main()
  File "simulate_and_fit_ARG.py", line 232, in main
    logger.info(f"logp = {logp}  (true = {logp_true})")
NameError: name 'logp_true' is not defined
