2026-08-19 16:15:51,421 - INFO - Beginning execution of simulate_and_fit_ARG.py in directory /home1/mahj/glike_optimize/opt_scripts

2026-08-19 16:15:51,421 - INFO - Progress is being logged to ../opt_results_glike_arbitrary_rep/ntree_5_rep_3_simulate_ARG.log

2026-08-19 16:15:51,421 - INFO - Parsed the following arguments:
	N_SAMPLES = 1000.0
	SEQUENCE_LENGTH = 30000000.0
	RECOMBINATION_RATE = 1e-08
	SEED = 1
	NUM_TREES = 5
	OPTIMIZER = glike
	outprefix = ../opt_results_glike_arbitrary_rep/ntree_5_rep_3

2026-08-19 16:15:51,449 - INFO - Sampling 1000 individuals with ploidy 1 in population 0 (name='admix') at time 0
2026-08-19 16:15:51,458 - INFO - Starting replicate 0
2026-08-19 16:15:51,459 - INFO - model[0] {'name': 'hudson'} started at time=0 nodes=1000 edges=0
2026-08-19 16:15:51,459 - INFO - Running model {'name': 'hudson'} until max time: inf
2026-08-19 16:15:52,144 - INFO - Completed at time=24250.7 nodes=39508 edges=264883
2026-08-19 16:15:52,866 - INFO - Finished simulating ARG.
[phase from 0.0 to 19.0]
        admix
ns   0.000006
grs  0.078000

[phase from 19.0 to 411.0]
       afr    eur   asia    pol
admix  0.0  0.198  0.334  0.468
        afr       eur     asia       pol
ns   0.0001  0.000075  0.00004  0.000064
grs  0.0000  0.000000  0.00000  0.000000

[phase from 411.0 to 1040.0]
      afr  eur  asia
afr     1    0     0
eur     0    1     0
asia    0    0     1
pol     0    0     1
        afr       eur     asia
ns   0.0001  0.000075  0.00037
grs  0.0000  0.000000  0.00000

[phase from 1040.0 to 2004.0]
      afr  eur
afr     1    0
eur     0    1
asia    0    1
        afr       eur
ns   0.0001  0.000405
grs  0.0000  0.000000

[phase from 2004.0 to inf]
     A
afr  1
eur  1
            A
ns   0.000375
grs  0.000000

2026-08-19 16:16:08,849 - INFO - Starting glike optimization.
{'t1': 10, 't2': 100, 't3': 1000, 't4': 2000, 'r1': 0.25, 'r2': 0.25, 'r3': 0.25, 'N_admix': 10000, 'N_afr': 10000, 'N_eur': 10000, 'N_asia': 10000, 'N_pol': 10000, 'N_aa': 10000, 'N_ooa': 10000, 'N_anc': 10000, 'gr': 0.1} -59311.98306632638
{'t1': 9.1, 't2': 100, 't3': 1000, 't4': 2000, 'r1': 0.275, 'r2': 0.275, 'r3': 0.225, 'N_admix': 10990.0, 'N_afr': 10990.0, 'N_eur': 10990.0, 'N_asia': 9010.0, 'N_pol': 10000, 'N_aa': 10990.0, 'N_ooa': 10000, 'N_anc': 9010.0, 'gr': 0.11} -59004.523763019766
{'t1': 10.315, 't2': 104.48425, 't3': 1000, 't4': 2000, 'r1': 0.31625, 'r2': 0.275, 'r3': 0.19125, 'N_admix': 12623.5, 'N_afr': 12623.5, 'N_eur': 12623.5, 'N_asia': 9010.0, 'N_pol': 10000, 'N_aa': 12623.5, 'N_ooa': 9505.0, 'N_anc': 7673.5, 'gr': 0.1265} -58711.74764317459
{'t1': 12.41088, 't2': 111.38975, 't3': 1044.43051, 't4': 1952.22153, 'r1': 0.31625, 'r2': 0.29563, 'r3': 0.19125, 'N_admix': 15441.2875, 'N_afr': 12623.5, 'N_eur': 12623.5, 'N_asia': 9678.25, 'N_pol': 9505.0, 'N_aa': 15441.2875, 'N_ooa': 8799.625, 'N_anc': 5969.4625, 'gr': 0.15496} -58491.02584948907
{'t1': 16.26205, 't2': 111.38975, 't3': 976.34618, 't4': 1952.22153, 'r1': 0.31625, 'r2': 0.29563, 'r3': 0.19125, 'N_admix': 20618.97203, 'N_afr': 12623.5, 'N_eur': 12623.5, 'N_asia': 10755.80313, 'N_pol': 10210.375, 'N_aa': 15441.2875, 'N_ooa': 7820.91719, 'N_anc': 3988.51891, 'gr': 0.15496} -58337.887098850595
{'t1': 16.26205, 't2': 111.38975, 't3': 879.03858, 't4': 1898.56238, 'r1': 0.31625, 'r2': 0.29563, 'r3': 0.19125, 'N_admix': 30878.45804, 'N_afr': 12623.5, 'N_eur': 12623.5, 'N_asia': 10755.80313, 'N_pol': 9072.95781, 'N_aa': 15441.2875, 'N_ooa': 6518.01241, 'N_anc': 3988.51891, 'gr': 0.12881} -58277.73687895164
{'t1': 16.26205, 't2': 116.14614, 't3': 750.30048, 't4': 1898.56238, 'r1': 0.31625, 'r2': 0.29563, 'r3': 0.19125, 'N_admix': 30878.45804, 'N_afr': 12623.5, 'N_eur': 12623.5, 'N_asia': 11654.88652, 'N_pol': 9072.95781, 'N_aa': 15441.2875, 'N_ooa': 6518.01241, 'N_anc': 3016.38918, 'gr': 0.0962} -58254.47259958667
{'t1': 18.16981, 't2': 116.14614, 't3': 589.78016, 't4': 1898.56238, 'r1': 0.31625, 'r2': 0.29563, 'r3': 0.19125, 'N_admix': 30878.45804, 'N_afr': 12623.5, 'N_eur': 12623.5, 'N_asia': 11654.88652, 'N_pol': 9072.95781, 'N_aa': 15441.2875, 'N_ooa': 5705.73271, 'N_anc': 3016.38918, 'gr': 0.0962} -58212.8541103179
{'t1': 18.16981, 't2': 111.24732, 't3': 408.08722, 't4': 1824.03862, 'r1': 0.31625, 'r2': 0.31041, 'r3': 0.18169, 'N_admix': 30878.45804, 'N_afr': 13249.675, 'N_eur': 13249.675, 'N_asia': 10923.67886, 'N_pol': 9521.6057, 'N_aa': 16208.35188, 'N_ooa': 4641.51939, 'N_anc': 3016.38918, 'gr': 0.07794} -57650.73025630202
{'t1': 19.77948, 't2': 104.38723, 't3': 408.08722, 't4': 1717.84226, 'r1': 0.31625, 'r2': 0.31041, 'r3': 0.18169, 'N_admix': 32802.11167, 'N_afr': 14235.90062, 'N_eur': 14235.90062, 'N_asia': 9896.27497, 'N_pol': 8814.98527, 'N_aa': 17416.47827, 'N_ooa': 4641.51939, 'N_anc': 3289.80067, 'gr': 0.07794} -57617.31062542403
{'t1': 19.77948, 't2': 104.38723, 't3': 408.08722, 't4': 1570.49482, 'r1': 0.31625, 'r2': 0.32593, 'r3': 0.17261, 'N_admix': 32802.11167, 'N_afr': 15826.18944, 'N_eur': 15826.18944, 'N_asia': 8501.45379, 'N_pol': 8814.98527, 'N_aa': 17416.47827, 'N_ooa': 3994.88509, 'N_anc': 3289.80067, 'gr': 0.06684} -57562.94715292839
{'t1': 19.77948, 't2': 99.62804, 't3': 408.08722, 't4': 1374.33854, 'r1': 0.30044, 'r2': 0.35037, 'r3': 0.17261, 'N_admix': 34437.21725, 'N_afr': 13172.39497, 'N_eur': 18479.98391, 'N_asia': 10295.78772, 'N_pol': 8324.76735, 'N_aa': 18390.53017, 'N_ooa': 3994.88509, 'N_anc': 3065.51781, 'gr': 0.06684} -57442.76571096925
{'t1': 20.71845, 't2': 92.97004, 't3': 408.08722, 't4': 1129.75617, 'r1': 0.27791, 'r2': 0.31095, 'r3': 0.17261, 'N_admix': 34437.21725, 'N_afr': 13172.39497, 'N_eur': 18479.98391, 'N_asia': 10295.78772, 'N_pol': 9018.7321, 'N_aa': 18390.53017, 'N_ooa': 3994.88509, 'N_anc': 2752.74835, 'gr': 0.0597} -57350.244601722516
{'t1': 20.71845, 't2': 92.97004, 't3': 408.08722, 't4': 1129.75617, 'r1': 0.27791, 'r2': 0.31095, 'r3': 0.17261, 'N_admix': 36154.07811, 'N_afr': 13172.39497, 'N_eur': 18479.98391, 'N_asia': 8662.61967, 'N_pol': 9018.7321, 'N_aa': 18390.53017, 'N_ooa': 3994.88509, 'N_anc': 2333.07527, 'gr': 0.0597} -57346.06655617546
{'t1': 20.71845, 't2': 92.97004, 't3': 408.08722, 't4': 992.75183, 'r1': 0.27791, 'r2': 0.31095, 'r3': 0.17261, 'N_admix': 36154.07811, 'N_afr': 13999.63246, 'N_eur': 18479.98391, 'N_asia': 8662.61967, 'N_pol': 9583.12062, 'N_aa': 19305.05668, 'N_ooa': 3994.88509, 'N_anc': 2862.9945, 'gr': 0.05492} -57326.79884099722
{'t1': 20.71845, 't2': 92.97004, 't3': 408.08722, 't4': 992.75183, 'r1': 0.29181, 'r2': 0.31095, 'r3': 0.17261, 'N_admix': 37956.78202, 'N_afr': 13999.63246, 'N_eur': 18479.98391, 'N_asia': 8662.61967, 'N_pol': 9583.12062, 'N_aa': 19305.05668, 'N_ooa': 3994.88509, 'N_anc': 2862.9945, 'gr': 0.05492} -57317.12093816121
{'t1': 20.71845, 't2': 92.97004, 't3': 408.08722, 't4': 992.75183, 'r1': 0.29181, 'r2': 0.31095, 'r3': 0.17261, 'N_admix': 37956.78202, 'N_afr': 13999.63246, 'N_eur': 18479.98391, 'N_asia': 8148.28238, 'N_pol': 10057.27665, 'N_aa': 19305.05668, 'N_ooa': 3994.88509, 'N_anc': 3354.74816, 'gr': 0.05162} -57315.8797145049
{'t1': 20.71845, 't2': 92.97004, 't3': 408.08722, 't4': 1034.37493, 'r1': 0.29181, 'r2': 0.3265, 'r3': 0.18124, 'N_admix': 39849.62112, 'N_afr': 13304.65084, 'N_eur': 19398.98311, 'N_asia': 8148.28238, 'N_pol': 10057.27665, 'N_aa': 19305.05668, 'N_ooa': 4189.62934, 'N_anc': 2485.83529, 'gr': 0.04697} -57262.991752096
{'t1': 20.71845, 't2': 92.97004, 't3': 408.08722, 't4': 1034.37493, 'r1': 0.29181, 'r2': 0.3265, 'r3': 0.18124, 'N_admix': 42830.8427, 'N_afr': 13304.65084, 'N_eur': 19398.98311, 'N_asia': 8550.6965, 'N_pol': 10057.27665, 'N_aa': 20265.30951, 'N_ooa': 3882.90714, 'N_anc': 2485.83529, 'gr': 0.04062} -57259.322335631696
{'t1': 20.71845, 't2': 89.35746, 't3': 408.08722, 't4': 1034.37493, 'r1': 0.29181, 'r2': 0.3265, 'r3': 0.1903, 'N_admix': 42830.8427, 'N_afr': 13304.65084, 'N_eur': 19398.98311, 'N_asia': 8550.6965, 'N_pol': 10057.27665, 'N_aa': 20265.30951, 'N_ooa': 3882.90714, 'N_anc': 2485.83529, 'gr': 0.04062} -57256.49181827688
{'t1': 20.71845, 't2': 94.50539, 't3': 408.08722, 't4': 1034.37493, 'r1': 0.29181, 'r2': 0.3265, 'r3': 0.1903, 'N_admix': 45234.4526, 'N_afr': 13304.65084, 'N_eur': 19398.98311, 'N_asia': 8550.6965, 'N_pol': 10555.14048, 'N_aa': 20265.30951, 'N_ooa': 3882.90714, 'N_anc': 2485.83529, 'gr': 0.04062} -57255.51096691679
2026-08-19 21:26:16,575 - INFO - Finished fitting ARG.
2026-08-19 21:26:16,576 - INFO - Finished in 5h 10m 7.7s
2026-08-19 21:26:16,576 - INFO - Estimated: {'t1': 20.71845, 't2': 94.50539, 't3': 408.08722, 't4': 1034.37493, 'r1': 0.29181, 'r2': 0.3265, 'r3': 0.1903, 'N_admix': 45234.4526, 'N_afr': 13304.65084, 'N_eur': 19398.98311, 'N_asia': 8550.6965, 'N_pol': 10555.14048, 'N_aa': 20265.30951, 'N_ooa': 3882.90714, 'N_anc': 2485.83529, 'gr': 0.04062}
Traceback (most recent call last):
  File "simulate_and_fit_ARG.py", line 238, in <module>
    SimulateARG().main()
  File "simulate_and_fit_ARG.py", line 232, in main
    logger.info(f"logp = {logp}  (true = {logp_true})")
NameError: name 'logp_true' is not defined
