2026-08-19 16:43:21,123 - INFO - Beginning execution of simulate_and_fit_ARG.py in directory /home1/mahj/glike_optimize/opt_scripts

2026-08-19 16:43:21,123 - INFO - Progress is being logged to ../opt_results_glike_arbitrary_rep/ntree_20_rep_3_simulate_ARG.log

2026-08-19 16:43:21,123 - INFO - Parsed the following arguments:
	N_SAMPLES = 1000.0
	SEQUENCE_LENGTH = 30000000.0
	RECOMBINATION_RATE = 1e-08
	SEED = 1
	NUM_TREES = 20
	OPTIMIZER = glike
	outprefix = ../opt_results_glike_arbitrary_rep/ntree_20_rep_3

2026-08-19 16:43:21,155 - INFO - Sampling 1000 individuals with ploidy 1 in population 0 (name='admix') at time 0
2026-08-19 16:43:21,162 - INFO - Starting replicate 0
2026-08-19 16:43:21,163 - INFO - model[0] {'name': 'hudson'} started at time=0 nodes=1000 edges=0
2026-08-19 16:43:21,163 - INFO - Running model {'name': 'hudson'} until max time: inf
2026-08-19 16:43:21,858 - INFO - Completed at time=24250.7 nodes=39508 edges=264883
2026-08-19 16:43:24,449 - INFO - Finished simulating ARG.
[phase from 0.0 to 19.0]
        admix
ns   0.000006
grs  0.078000

[phase from 19.0 to 411.0]
       afr    eur   asia    pol
admix  0.0  0.198  0.334  0.468
        afr       eur     asia       pol
ns   0.0001  0.000075  0.00004  0.000064
grs  0.0000  0.000000  0.00000  0.000000

[phase from 411.0 to 1040.0]
      afr  eur  asia
afr     1    0     0
eur     0    1     0
asia    0    0     1
pol     0    0     1
        afr       eur     asia
ns   0.0001  0.000075  0.00037
grs  0.0000  0.000000  0.00000

[phase from 1040.0 to 2004.0]
      afr  eur
afr     1    0
eur     0    1
asia    0    1
        afr       eur
ns   0.0001  0.000405
grs  0.0000  0.000000

[phase from 2004.0 to inf]
     A
afr  1
eur  1
            A
ns   0.000375
grs  0.000000

2026-08-19 16:43:43,457 - INFO - Starting glike optimization.
{'t1': 10, 't2': 100, 't3': 1000, 't4': 2000, 'r1': 0.25, 'r2': 0.25, 'r3': 0.25, 'N_admix': 10000, 'N_afr': 10000, 'N_eur': 10000, 'N_asia': 10000, 'N_pol': 10000, 'N_aa': 10000, 'N_ooa': 10000, 'N_anc': 10000, 'gr': 0.1} -237645.82232663443
{'t1': 10.9, 't2': 108.91, 't3': 910.891, 't4': 1891.0891, 'r1': 0.275, 'r2': 0.275, 'r3': 0.225, 'N_admix': 10990.0, 'N_afr': 10990.0, 'N_eur': 10990.0, 'N_asia': 10000, 'N_pol': 10000, 'N_aa': 10990.0, 'N_ooa': 9010.0, 'N_anc': 9010.0, 'gr': 0.11} -236078.94646439332
{'t1': 12.385, 't2': 123.38875, 't3': 910.891, 't4': 1744.05939, 'r1': 0.31625, 'r2': 0.31625, 'r3': 0.19125, 'N_admix': 12623.5, 'N_afr': 12623.5, 'N_eur': 12623.5, 'N_asia': 9505.0, 'N_pol': 10495.0, 'N_aa': 12623.5, 'N_ooa': 7673.5, 'N_anc': 7673.5, 'gr': 0.1265} -234572.20519880275
{'t1': 14.94663, 't2': 147.78823, 't3': 853.65829, 't4': 1543.71914, 'r1': 0.31625, 'r2': 0.31625, 'r3': 0.19125, 'N_admix': 15441.2875, 'N_afr': 12623.5, 'N_eur': 12623.5, 'N_asia': 10210.375, 'N_pol': 10495.0, 'N_aa': 12623.5, 'N_ooa': 5969.4625, 'N_anc': 5969.4625, 'gr': 0.15496} -233368.1480534642
{'t1': 19.65362, 't2': 191.03366, 't3': 928.20356, 't4': 1335.98263, 'r1': 0.28067, 'r2': 0.31625, 'r3': 0.21277, 'N_admix': 20618.97203, 'N_afr': 12623.5, 'N_eur': 12623.5, 'N_asia': 11347.79219, 'N_pol': 9975.25, 'N_aa': 12623.5, 'N_ooa': 3988.51891, 'N_anc': 3988.51891, 'gr': 0.10266} -232716.63494381905
{'t1': 19.65362, 't2': 276.72368, 't3': 997.01628, 't4': 1166.49946, 'r1': 0.28067, 'r2': 0.29846, 'r3': 0.21277, 'N_admix': 30878.45804, 'N_afr': 11919.05313, 'N_eur': 11919.05313, 'N_asia': 13245.85712, 'N_pol': 10715.89375, 'N_aa': 11919.05313, 'N_ooa': 2044.25945, 'N_anc': 2044.25945, 'gr': 0.05133} -232137.98527753702
{'t1': 24.31703, 't2': 402.92701, 't3': 1039.91671, 't4': 1103.20808, 'r1': 0.25699, 'r2': 0.27328, 'r3': 0.23072, 'N_admix': 30878.45804, 'N_afr': 10921.82052, 'N_eur': 11919.05313, 'N_asia': 13245.85712, 'N_pol': 11910.1818, 'N_aa': 10921.82052, 'N_ooa': 1072.12973, 'N_anc': 3016.38918, 'gr': 0.05133} -231378.14452529297
{'t1': 24.31703, 't2': 402.92701, 't3': 1039.91671, 't4': 1103.20808, 'r1': 0.22446, 'r2': 0.23869, 'r3': 0.25992, 'N_admix': 38573.07255, 'N_afr': 10921.82052, 'N_eur': 11328.10047, 'N_asia': 14909.62966, 'N_pol': 13903.14998, 'N_aa': 9552.18386, 'N_ooa': 1558.1946, 'N_anc': 3016.38918, 'gr': 0.0385} -230896.40842502125
{'t1': 24.31703, 't2': 402.92701, 't3': 1039.91671, 't4': 1103.20808, 'r1': 0.18185, 'r2': 0.23869, 'r3': 0.30926, 'N_admix': 38573.07255, 'N_afr': 10921.82052, 'N_eur': 10485.99293, 'N_asia': 17721.14529, 'N_pol': 13903.14998, 'N_aa': 7757.74583, 'N_ooa': 1558.1946, 'N_anc': 2287.29189, 'gr': 0.0385} -230479.21225614694
{'t1': 24.31703, 't2': 402.92701, 't3': 1039.91671, 't4': 1111.1195, 'r1': 0.18185, 'r2': 0.21603, 'r3': 0.30926, 'N_admix': 38573.07255, 'N_afr': 10380.72949, 'N_eur': 10485.99293, 'N_asia': 17721.14529, 'N_pol': 13903.14998, 'N_aa': 5577.08305, 'N_ooa': 1193.64595, 'N_anc': 2287.29189, 'gr': 0.0385} -230023.18193864307
{'t1': 23.15118, 't2': 402.92701, 't3': 1039.91671, 't4': 1111.1195, 'r1': 0.15596, 'r2': 0.21603, 'r3': 0.30926, 'N_admix': 42179.9231, 'N_afr': 10380.72949, 'N_eur': 10485.99293, 'N_asia': 17721.14529, 'N_pol': 14776.63056, 'N_aa': 5577.08305, 'N_ooa': 1193.64595, 'N_anc': 2697.40912, 'gr': 0.03489} -229992.19388824742
{'t1': 23.15118, 't2': 402.92701, 't3': 1039.91671, 't4': 1111.1195, 'r1': 0.15596, 'r2': 0.21603, 'r3': 0.30926, 'N_admix': 42179.9231, 'N_afr': 10380.72949, 'N_eur': 10485.99293, 'N_asia': 16466.67118, 'N_pol': 16169.76385, 'N_aa': 4407.31932, 'N_ooa': 1398.70457, 'N_anc': 2697.40912, 'gr': 0.03489} -229925.40613758436
{'t1': 24.25874, 't2': 402.92701, 't3': 1043.47685, 't4': 1114.50163, 'r1': 0.15596, 'r2': 0.20523, 'r3': 0.30926, 'N_admix': 42179.9231, 'N_afr': 10380.72949, 'N_eur': 10485.99293, 'N_asia': 16466.67118, 'N_pol': 16169.76385, 'N_aa': 4407.31932, 'N_ooa': 1398.70457, 'N_anc': 2697.40912, 'gr': 0.03489} -229829.70986872248
{'t1': 24.25874, 't2': 402.92701, 't3': 1043.47685, 't4': 1114.50163, 'r1': 0.15596, 'r2': 0.20523, 'r3': 0.30926, 'N_admix': 42179.9231, 'N_afr': 10380.72949, 'N_eur': 10485.99293, 'N_asia': 16466.67118, 'N_pol': 16169.76385, 'N_aa': 4407.31932, 'N_ooa': 1398.70457, 'N_anc': 2514.77879, 'gr': 0.03315} -229829.07998454786
{'t1': 25.42168, 't2': 402.92701, 't3': 1043.47685, 't4': 1114.50163, 'r1': 0.15596, 'r2': 0.20523, 'r3': 0.30926, 'N_admix': 40075.92694, 'N_afr': 10380.72949, 'N_eur': 10485.99293, 'N_asia': 15648.33762, 'N_pol': 16169.76385, 'N_aa': 4062.34469, 'N_ooa': 1398.70457, 'N_anc': 2514.77879, 'gr': 0.03564} -229765.14933287294
{'t1': 25.42168, 't2': 402.92701, 't3': 1043.47685, 't4': 1114.50163, 'r1': 0.15596, 'r2': 0.20523, 'r3': 0.30926, 'N_admix': 40075.92694, 'N_afr': 10380.72949, 'N_eur': 9966.69328, 'N_asia': 15648.33762, 'N_pol': 16169.76385, 'N_aa': 4062.34469, 'N_ooa': 1398.70457, 'N_anc': 2514.77879, 'gr': 0.03564} -229754.62284074415
{'t1': 25.42168, 't2': 402.92701, 't3': 1043.47685, 't4': 1114.50163, 'r1': 0.15596, 'r2': 0.20523, 'r3': 0.30926, 'N_admix': 40075.92694, 'N_afr': 10380.72949, 'N_eur': 9966.69328, 'N_asia': 15648.33762, 'N_pol': 16169.76385, 'N_aa': 3824.33556, 'N_ooa': 1398.70457, 'N_anc': 2514.77879, 'gr': 0.03364} -229744.11388723066
{'t1': 25.42168, 't2': 402.92701, 't3': 1043.47685, 't4': 1114.50163, 'r1': 0.15596, 'r2': 0.20523, 'r3': 0.30926, 'N_admix': 40075.92694, 'N_afr': 10380.72949, 'N_eur': 9473.35862, 'N_asia': 15648.33762, 'N_pol': 16169.76385, 'N_aa': 3824.33556, 'N_ooa': 1398.70457, 'N_anc': 2514.77879, 'gr': 0.03364} -229738.48500144825
{'t1': 25.42168, 't2': 402.92701, 't3': 1043.47685, 't4': 1114.50163, 'r1': 0.15596, 'r2': 0.20523, 'r3': 0.30926, 'N_admix': 40075.92694, 'N_afr': 10380.72949, 'N_eur': 9473.35862, 'N_asia': 15648.33762, 'N_pol': 16169.76385, 'N_aa': 3824.33556, 'N_ooa': 1398.70457, 'N_anc': 2514.77879, 'gr': 0.03532} -229738.47320853762
{'t1': 25.42168, 't2': 402.92701, 't3': 1043.47685, 't4': 1114.50163, 'r1': 0.15596, 'r2': 0.20523, 'r3': 0.30926, 'N_admix': 40075.92694, 'N_afr': 10380.72949, 'N_eur': 9473.35862, 'N_asia': 15648.33762, 'N_pol': 16169.76385, 'N_aa': 3824.33556, 'N_ooa': 1398.70457, 'N_anc': 2514.77879, 'gr': 0.03532} -229738.47320853762
{'t1': 25.42168, 't2': 402.92701, 't3': 1043.47685, 't4': 1114.50163, 'r1': 0.15596, 'r2': 0.20523, 'r3': 0.30926, 'N_admix': 40075.92694, 'N_afr': 10380.72949, 'N_eur': 9473.35862, 'N_asia': 15648.33762, 'N_pol': 16169.76385, 'N_aa': 3824.33556, 'N_ooa': 1398.70457, 'N_anc': 2514.77879, 'gr': 0.03532} -229738.47320853762
2026-08-19 22:03:31,526 - INFO - Finished fitting ARG.
2026-08-19 22:03:31,526 - INFO - Finished in 5h 19m 48.1s
2026-08-19 22:03:31,526 - INFO - Estimated: {'t1': 25.42168, 't2': 402.92701, 't3': 1043.47685, 't4': 1114.50163, 'r1': 0.15596, 'r2': 0.20523, 'r3': 0.30926, 'N_admix': 40075.92694, 'N_afr': 10380.72949, 'N_eur': 9473.35862, 'N_asia': 15648.33762, 'N_pol': 16169.76385, 'N_aa': 3824.33556, 'N_ooa': 1398.70457, 'N_anc': 2514.77879, 'gr': 0.03532}
Traceback (most recent call last):
  File "simulate_and_fit_ARG.py", line 238, in <module>
    SimulateARG().main()
  File "simulate_and_fit_ARG.py", line 232, in main
    logger.info(f"logp = {logp}  (true = {logp_true})")
NameError: name 'logp_true' is not defined
