2026-08-19 16:09:23,132 - INFO - Beginning execution of simulate_and_fit_ARG.py in directory /home1/mahj/glike_optimize/opt_scripts

2026-08-19 16:09:23,132 - INFO - Progress is being logged to ../opt_results_glike_arbitrary_rep/ntree_5_rep_1_simulate_ARG.log

2026-08-19 16:09:23,133 - INFO - Parsed the following arguments:
	N_SAMPLES = 1000.0
	SEQUENCE_LENGTH = 30000000.0
	RECOMBINATION_RATE = 1e-08
	SEED = 1
	NUM_TREES = 5
	OPTIMIZER = glike
	outprefix = ../opt_results_glike_arbitrary_rep/ntree_5_rep_1

2026-08-19 16:09:23,157 - INFO - Sampling 1000 individuals with ploidy 1 in population 0 (name='admix') at time 0
2026-08-19 16:09:23,165 - INFO - Starting replicate 0
2026-08-19 16:09:23,165 - INFO - model[0] {'name': 'hudson'} started at time=0 nodes=1000 edges=0
2026-08-19 16:09:23,165 - INFO - Running model {'name': 'hudson'} until max time: inf
2026-08-19 16:09:23,891 - INFO - Completed at time=24250.7 nodes=39508 edges=264883
2026-08-19 16:09:24,619 - INFO - Finished simulating ARG.
[phase from 0.0 to 19.0]
        admix
ns   0.000006
grs  0.078000

[phase from 19.0 to 411.0]
       afr    eur   asia    pol
admix  0.0  0.198  0.334  0.468
        afr       eur     asia       pol
ns   0.0001  0.000075  0.00004  0.000064
grs  0.0000  0.000000  0.00000  0.000000

[phase from 411.0 to 1040.0]
      afr  eur  asia
afr     1    0     0
eur     0    1     0
asia    0    0     1
pol     0    0     1
        afr       eur     asia
ns   0.0001  0.000075  0.00037
grs  0.0000  0.000000  0.00000

[phase from 1040.0 to 2004.0]
      afr  eur
afr     1    0
eur     0    1
asia    0    1
        afr       eur
ns   0.0001  0.000405
grs  0.0000  0.000000

[phase from 2004.0 to inf]
     A
afr  1
eur  1
            A
ns   0.000375
grs  0.000000

2026-08-19 16:09:40,662 - INFO - Starting glike optimization.
{'t1': 10, 't2': 100, 't3': 1000, 't4': 2000, 'r1': 0.25, 'r2': 0.25, 'r3': 0.25, 'N_admix': 10000, 'N_afr': 10000, 'N_eur': 10000, 'N_asia': 10000, 'N_pol': 10000, 'N_aa': 10000, 'N_ooa': 10000, 'N_anc': 10000, 'gr': 0.1} -59336.542354422956
{'t1': 10, 't2': 109.0, 't3': 1089.1, 't4': 2000, 'r1': 0.275, 'r2': 0.275, 'r3': 0.225, 'N_admix': 10990.0, 'N_afr': 10990.0, 'N_eur': 10990.0, 'N_asia': 10000, 'N_pol': 10000, 'N_aa': 10990.0, 'N_ooa': 9010.0, 'N_anc': 9010.0, 'gr': 0.11} -59009.07405676571
{'t1': 10.45, 't2': 123.7825, 't3': 952.465, 't4': 2000, 'r1': 0.31625, 'r2': 0.275, 'r3': 0.225, 'N_admix': 12623.5, 'N_afr': 12623.5, 'N_eur': 12623.5, 'N_asia': 9505.0, 'N_pol': 9505.0, 'N_aa': 12623.5, 'N_ooa': 7673.5, 'N_anc': 7673.5, 'gr': 0.1265} -58688.855344647
{'t1': 10.45, 't2': 149.28231, 't3': 771.74889, 't4': 2061.41256, 'r1': 0.31625, 'r2': 0.275, 'r3': 0.20813, 'N_admix': 15441.2875, 'N_afr': 12623.5, 'N_eur': 12623.5, 'N_asia': 10210.375, 'N_pol': 10210.375, 'N_aa': 12623.5, 'N_ooa': 5969.4625, 'N_anc': 5969.4625, 'gr': 0.15496} -58460.09267911825
{'t1': 10.45, 't2': 196.13821, 't3': 577.48029, 't4': 2061.41256, 'r1': 0.31625, 'r2': 0.275, 'r3': 0.20813, 'N_admix': 20618.97203, 'N_afr': 14032.39375, 'N_eur': 12623.5, 'N_asia': 11347.79219, 'N_pol': 9072.95781, 'N_aa': 12623.5, 'N_ooa': 5969.4625, 'N_anc': 3988.51891, 'gr': 0.20726} -58258.418468491305
{'t1': 10.45, 't2': 288.98231, 't3': 433.2313, 't4': 1980.0035, 'r1': 0.31625, 'r2': 0.26125, 'r3': 0.20813, 'N_admix': 30878.45804, 'N_afr': 14032.39375, 'N_eur': 12623.5, 'N_asia': 11347.79219, 'N_pol': 10587.14444, 'N_aa': 11919.05313, 'N_ooa': 5969.4625, 'N_anc': 3988.51891, 'gr': 0.20726} -57961.26905896914
{'t1': 10.45, 't2': 361.10681, 't3': 397.16905, 't4': 2098.71608, 'r1': 0.33206, 'r2': 0.26125, 'r3': 0.21854, 'N_admix': 30878.45804, 'N_afr': 14032.39375, 'N_eur': 12623.5, 'N_asia': 10398.75972, 'N_pol': 10587.14444, 'N_aa': 11919.05313, 'N_ooa': 6464.6984, 'N_anc': 3016.38918, 'gr': 0.15544} -57786.066455215405
{'t1': 10.45, 't2': 379.13793, 't3': 406.18461, 't4': 2098.71608, 'r1': 0.33206, 'r2': 0.24819, 'r3': 0.20215, 'N_admix': 38573.07255, 'N_afr': 14032.39375, 'N_eur': 13249.675, 'N_asia': 10398.75972, 'N_pol': 10587.14444, 'N_aa': 12510.00579, 'N_ooa': 5659.16626, 'N_anc': 3016.38918, 'gr': 0.09715} -57718.61856919323
{'t1': 10.9225, 't2': 392.66127, 't3': 406.18461, 't4': 2098.71608, 'r1': 0.33206, 'r2': 0.2668, 'r3': 0.20215, 'N_admix': 53000.47476, 'N_afr': 14729.01344, 'N_eur': 13249.675, 'N_asia': 10398.75972, 'N_pol': 9923.50483, 'N_aa': 12510.00579, 'N_ooa': 4603.79329, 'N_anc': 3016.38918, 'gr': 0.04858} -57679.713542595746
{'t1': 11.66669, 't2': 399.42294, 't3': 407.87503, 't4': 2014.17403, 'r1': 0.33206, 'r2': 0.2668, 'r3': 0.21352, 'N_admix': 76500.23738, 'N_afr': 14729.01344, 'N_eur': 13907.15875, 'N_asia': 9883.82173, 'N_pol': 9923.50483, 'N_aa': 12510.00579, 'N_ooa': 4603.79329, 'N_anc': 3016.38918, 'gr': 0.02429} -57645.873358409255
{'t1': 12.86669, 't2': 403.64898, 't3': 407.87503, 't4': 1893.7016, 'r1': 0.34866, 'r2': 0.2668, 'r3': 0.21352, 'N_admix': 76500.23738, 'N_afr': 15460.46411, 'N_eur': 13907.15875, 'N_asia': 9883.82173, 'N_pol': 9432.32959, 'N_aa': 12510.00579, 'N_ooa': 3962.53053, 'N_anc': 3016.38918, 'gr': 0.01214} -57630.142685213235
{'t1': 12.86669, 't2': 401.53596, 't3': 409.06361, 't4': 1726.67983, 'r1': 0.32251, 'r2': 0.28014, 'r3': 0.2242, 'N_admix': 76500.23738, 'N_afr': 15460.46411, 'N_eur': 13907.15875, 'N_asia': 10373.01282, 'N_pol': 10132.25431, 'N_aa': 12510.00579, 'N_ooa': 3962.53053, 'N_anc': 3162.20864, 'gr': 0.01214} -57589.68157764309
{'t1': 12.86669, 't2': 401.53596, 't3': 409.06361, 't4': 1504.33209, 'r1': 0.28623, 'r2': 0.28014, 'r3': 0.20739, 'N_admix': 76500.23738, 'N_afr': 15460.46411, 'N_eur': 14597.51669, 'N_asia': 11143.48878, 'N_pol': 10132.25431, 'N_aa': 12510.00579, 'N_ooa': 3962.53053, 'N_anc': 3162.20864, 'gr': 0.01214} -57532.59461212774
{'t1': 12.86669, 't2': 401.53596, 't3': 410.12219, 't4': 1227.36021, 'r1': 0.23793, 'r2': 0.29415, 'r3': 0.20739, 'N_admix': 76500.23738, 'N_afr': 14692.4409, 'N_eur': 15684.83044, 'N_asia': 11143.48878, 'N_pol': 10696.56861, 'N_aa': 11889.5055, 'N_ooa': 3756.29629, 'N_anc': 3009.09821, 'gr': 0.01214} -57341.562361513046
{'t1': 12.27336, 't2': 400.46268, 't3': 410.12219, 't4': 1227.36021, 'r1': 0.23793, 'r2': 0.29415, 'r3': 0.20739, 'N_admix': 77675.22551, 'N_afr': 14692.4409, 'N_eur': 15684.83044, 'N_asia': 11764.68502, 'N_pol': 9802.48313, 'N_aa': 11889.5055, 'N_ooa': 3756.29629, 'N_anc': 2790.91584, 'gr': 0.01138} -57337.47147930067
{'t1': 12.27336, 't2': 400.46268, 't3': 410.12219, 't4': 1072.21268, 'r1': 0.23793, 'r2': 0.29415, 'r3': 0.20739, 'N_admix': 79349.5836, 'N_afr': 14692.4409, 'N_eur': 15684.83044, 'N_asia': 10780.47722, 'N_pol': 9802.48313, 'N_aa': 11889.5055, 'N_ooa': 3756.29629, 'N_anc': 2488.18781, 'gr': 0.01031} -57269.56260563741
{'t1': 12.83703, 't2': 400.46268, 't3': 410.12219, 't4': 1072.21268, 'r1': 0.25299, 'r2': 0.29415, 'r3': 0.21776, 'N_admix': 77026.41175, 'N_afr': 14692.4409, 'N_eur': 16464.07196, 'N_asia': 10780.47722, 'N_pol': 9802.48313, 'N_aa': 11300.03022, 'N_ooa': 3756.29629, 'N_anc': 2488.18781, 'gr': 0.01176} -57250.07693341811
{'t1': 11.94925, 't2': 400.94566, 't3': 410.12219, 't4': 1072.21268, 'r1': 0.25299, 'r2': 0.29415, 'r3': 0.21776, 'N_admix': 80903.20477, 'N_afr': 14692.4409, 'N_eur': 17691.37736, 'N_asia': 10104.60327, 'N_pol': 9802.48313, 'N_aa': 11300.03022, 'N_ooa': 3756.29629, 'N_anc': 2488.18781, 'gr': 0.00928} -57246.18659046343
{'t1': 11.94925, 't2': 401.6339, 't3': 410.12219, 't4': 1025.07753, 'r1': 0.26564, 'r2': 0.29415, 'r3': 0.20687, 'N_admix': 80903.20477, 'N_afr': 14692.4409, 'N_eur': 17691.37736, 'N_asia': 11054.25897, 'N_pol': 9802.48313, 'N_aa': 11300.03022, 'N_ooa': 3756.29629, 'N_anc': 2607.5972, 'gr': 0.00634} -57230.806119624394
{'t1': 11.94925, 't2': 401.6339, 't3': 410.5466, 't4': 1025.07753, 'r1': 0.26564, 'r2': 0.29415, 'r3': 0.22239, 'N_admix': 80903.20477, 'N_afr': 13962.81885, 'N_eur': 17691.37736, 'N_asia': 9494.56077, 'N_pol': 10287.60729, 'N_aa': 11300.03022, 'N_ooa': 3756.29629, 'N_anc': 2795.66699, 'gr': 0.00634} -57223.02448177052
{'t1': 11.94925, 't2': 401.6339, 't3': 410.5466, 't4': 1025.07753, 'r1': 0.26564, 'r2': 0.29415, 'r3': 0.22239, 'N_admix': 82111.67384, 'N_afr': 13962.81885, 'N_eur': 18570.94623, 'N_asia': 9494.56077, 'N_pol': 10287.60729, 'N_aa': 10740.02871, 'N_ooa': 3756.29629, 'N_anc': 2795.66699, 'gr': 0.00484} -57222.9130322564
2026-08-19 21:05:53,885 - INFO - Finished fitting ARG.
2026-08-19 21:05:53,885 - INFO - Finished in 4h 56m 13.2s
2026-08-19 21:05:53,885 - INFO - Estimated: {'t1': 11.94925, 't2': 401.6339, 't3': 410.5466, 't4': 1025.07753, 'r1': 0.26564, 'r2': 0.29415, 'r3': 0.22239, 'N_admix': 82111.67384, 'N_afr': 13962.81885, 'N_eur': 18570.94623, 'N_asia': 9494.56077, 'N_pol': 10287.60729, 'N_aa': 10740.02871, 'N_ooa': 3756.29629, 'N_anc': 2795.66699, 'gr': 0.00484}
Traceback (most recent call last):
  File "simulate_and_fit_ARG.py", line 238, in <module>
    SimulateARG().main()
  File "simulate_and_fit_ARG.py", line 232, in main
    logger.info(f"logp = {logp}  (true = {logp_true})")
NameError: name 'logp_true' is not defined
