2026-08-05 09:50:15,669 - INFO - Beginning execution of simulate_and_fit_ARG.py in directory /home1/mahj/glike_optimize/opt_scripts

2026-08-05 09:50:15,669 - INFO - Progress is being logged to ../opt_results_glike/simulate_ARG.log

2026-08-05 09:50:15,669 - INFO - Parsed the following arguments:
	N_SAMPLES = 1000.0
	SEQUENCE_LENGTH = 30000000.0
	RECOMBINATION_RATE = 1e-08
	SEED = 1
	NUM_TREES = 20
	OPTIMIZER = glike
	outprefix = ../opt_results_glike/

2026-08-05 09:50:15,695 - INFO - Sampling 1000 individuals with ploidy 1 in population 0 (name='admix') at time 0
2026-08-05 09:50:15,698 - INFO - Starting replicate 0
2026-08-05 09:50:15,699 - INFO - model[0] {'name': 'hudson'} started at time=0 nodes=1000 edges=0
2026-08-05 09:50:15,699 - INFO - Running model {'name': 'hudson'} until max time: inf
2026-08-05 09:50:16,397 - INFO - Completed at time=24250.7 nodes=39508 edges=264883
2026-08-05 09:50:20,598 - INFO - Finished simulating ARG.
[phase from 0.0 to 19.0]
        admix
ns   0.000006
grs  0.078000

[phase from 19.0 to 411.0]
       afr    eur   asia    pol
admix  0.0  0.198  0.334  0.468
        afr       eur     asia       pol
ns   0.0001  0.000075  0.00004  0.000064
grs  0.0000  0.000000  0.00000  0.000000

[phase from 411.0 to 1040.0]
      afr  eur  asia
afr     1    0     0
eur     0    1     0
asia    0    0     1
pol     0    0     1
        afr       eur     asia
ns   0.0001  0.000075  0.00037
grs  0.0000  0.000000  0.00000

[phase from 1040.0 to 2004.0]
      afr  eur
afr     1    0
eur     0    1
asia    0    1
        afr       eur
ns   0.0001  0.000405
grs  0.0000  0.000000

[phase from 2004.0 to inf]
     A
afr  1
eur  1
            A
ns   0.000375
grs  0.000000

2026-08-05 09:50:37,468 - INFO - Starting glike optimization.
{'t1': 10, 't2': 100, 't3': 1000, 't4': 2000, 'r1': 0.25, 'r2': 0.25, 'r3': 0.25, 'N_admix': 10000, 'N_afr': 10000, 'N_eur': 10000, 'N_asia': 10000, 'N_pol': 10000, 'N_aa': 10000, 'N_ooa': 10000, 'N_anc': 10000, 'gr': 0.1} -237703.2521662152
{'t1': 10.9, 't2': 108.91, 't3': 1000, 't4': 1900.0, 'r1': 0.275, 'r2': 0.275, 'r3': 0.225, 'N_admix': 10990.0, 'N_afr': 10990.0, 'N_eur': 10990.0, 'N_asia': 10000, 'N_pol': 9010.0, 'N_aa': 10990.0, 'N_ooa': 9010.0, 'N_anc': 9010.0, 'gr': 0.11} -236080.12338860743
{'t1': 12.385, 't2': 123.38875, 't3': 1000, 't4': 1765.0, 'r1': 0.31625, 'r2': 0.275, 'r3': 0.19125, 'N_admix': 12623.5, 'N_afr': 12623.5, 'N_eur': 12623.5, 'N_asia': 9505.0, 'N_pol': 10346.5, 'N_aa': 12623.5, 'N_ooa': 7673.5, 'N_anc': 7673.5, 'gr': 0.1265} -234571.60426414286
{'t1': 14.94663, 't2': 147.78823, 't3': 961.75, 't4': 1584.26875, 'r1': 0.31625, 'r2': 0.29563, 'r3': 0.19125, 'N_admix': 15441.2875, 'N_afr': 12623.5, 'N_eur': 12623.5, 'N_asia': 10210.375, 'N_pol': 10346.5, 'N_aa': 12623.5, 'N_ooa': 5969.4625, 'N_anc': 5969.4625, 'gr': 0.15496} -233365.1066623652
{'t1': 19.65362, 't2': 191.03366, 't3': 961.75, 't4': 1374.16867, 'r1': 0.31625, 'r2': 0.29563, 'r3': 0.19125, 'N_admix': 20618.97203, 'N_afr': 11214.60625, 'N_eur': 12623.5, 'N_asia': 11347.79219, 'N_pol': 11499.23125, 'N_aa': 12623.5, 'N_ooa': 3988.51891, 'N_anc': 3988.51891, 'gr': 0.10266} -232722.43509236342
{'t1': 19.65362, 't2': 276.72368, 't3': 961.75, 't4': 1167.95934, 'r1': 0.29846, 'r2': 0.31226, 'r3': 0.19125, 'N_admix': 30878.45804, 'N_afr': 11214.60625, 'N_eur': 12623.5, 'N_asia': 11347.79219, 'N_pol': 11499.23125, 'N_aa': 11919.05313, 'N_ooa': 2044.25945, 'N_anc': 2044.25945, 'gr': 0.05133} -232206.42721376877
{'t1': 24.31703, 't2': 402.92701, 't3': 972.06047, 't4': 1070.00991, 'r1': 0.27328, 'r2': 0.28591, 'r3': 0.20081, 'N_admix': 30878.45804, 'N_afr': 12152.40115, 'N_eur': 11997.325, 'N_asia': 12296.82466, 'N_pol': 12461.04139, 'N_aa': 10921.82052, 'N_ooa': 3016.38918, 'N_anc': 3016.38918, 'gr': 0.05133} -231517.74617429584
{'t1': 24.31703, 't2': 402.92701, 't3': 979.40668, 't4': 1024.70829, 'r1': 0.23869, 'r2': 0.28591, 'r3': 0.21587, 'N_admix': 38573.07255, 'N_afr': 12152.40115, 'N_eur': 11105.02563, 'N_asia': 13840.48528, 'N_pol': 14025.48569, 'N_aa': 9552.18386, 'N_ooa': 3016.38918, 'N_anc': 3016.38918, 'gr': 0.0385} -231083.90034843463
{'t1': 24.31703, 't2': 402.92701, 't3': 979.40668, 't4': 1024.70829, 'r1': 0.19338, 'r2': 0.26782, 'r3': 0.24016, 'N_admix': 38573.07255, 'N_afr': 11389.71014, 'N_eur': 11105.02563, 'N_asia': 13840.48528, 'N_pol': 16669.15211, 'N_aa': 7757.74583, 'N_ooa': 3745.48648, 'N_anc': 3016.38918, 'gr': 0.0385} -230610.09683912678
{'t1': 24.31703, 't2': 402.92701, 't3': 979.40668, 't4': 1036.03369, 'r1': 0.19338, 'r2': 0.2424, 'r3': 0.28069, 'N_admix': 38573.07255, 'N_afr': 10318.06969, 'N_eur': 10485.99294, 'N_asia': 15144.75791, 'N_pol': 16669.15211, 'N_aa': 5577.08305, 'N_ooa': 5112.54391, 'N_anc': 2651.84053, 'gr': 0.0385} -230053.94873931748
{'t1': 23.15118, 't2': 402.92701, 't3': 979.40668, 't4': 1036.03369, 'r1': 0.16585, 'r2': 0.2424, 'r3': 0.28069, 'N_admix': 42179.9231, 'N_afr': 8863.19219, 'N_eur': 9609.67479, 'N_asia': 15144.75791, 'N_pol': 16669.15211, 'N_aa': 3237.55558, 'N_ooa': 5112.54391, 'N_anc': 2651.84053, 'gr': 0.03489} -229787.50726508888
{'t1': 21.48984, 't2': 402.92701, 't3': 979.40668, 't4': 1036.03369, 'r1': 0.16585, 'r2': 0.2424, 'r3': 0.28069, 'N_admix': 42179.9231, 'N_afr': 8863.19219, 'N_eur': 9609.67479, 'N_asia': 14073.70044, 'N_pol': 15489.57087, 'N_aa': 3237.55558, 'N_ooa': 5112.54391, 'N_anc': 2651.84053, 'gr': 0.0398} -229701.54816268763
{'t1': 21.48984, 't2': 402.92701, 't3': 979.40668, 't4': 1036.03369, 'r1': 0.16585, 'r2': 0.2424, 'r3': 0.28069, 'N_admix': 42179.9231, 'N_afr': 8863.19219, 'N_eur': 10211.4589, 'N_asia': 14073.70044, 'N_pol': 15489.57087, 'N_aa': 3237.55558, 'N_ooa': 5112.54391, 'N_anc': 2651.84053, 'gr': 0.0398} -229691.2780388479
{'t1': 21.48984, 't2': 402.92701, 't3': 979.40668, 't4': 1036.03369, 'r1': 0.16585, 'r2': 0.2424, 'r3': 0.28069, 'N_admix': 42179.9231, 'N_afr': 8863.19219, 'N_eur': 10211.4589, 'N_asia': 14819.80598, 'N_pol': 15489.57087, 'N_aa': 3237.55558, 'N_ooa': 5112.54391, 'N_anc': 2651.84053, 'gr': 0.0398} -229690.28654804308
{'t1': 21.48984, 't2': 402.92701, 't3': 979.40668, 't4': 1036.03369, 'r1': 0.16585, 'r2': 0.2424, 'r3': 0.28069, 'N_admix': 42179.9231, 'N_afr': 8863.19219, 'N_eur': 10211.4589, 'N_asia': 14819.80598, 'N_pol': 15489.57087, 'N_aa': 3041.45836, 'N_ooa': 5112.54391, 'N_anc': 2651.84053, 'gr': 0.0398} -229689.83385033946
{'t1': 21.48984, 't2': 402.92701, 't3': 979.40668, 't4': 1036.03369, 'r1': 0.16585, 'r2': 0.2424, 'r3': 0.28069, 'N_admix': 42179.9231, 'N_afr': 8863.19219, 'N_eur': 9705.88595, 'N_asia': 14083.81568, 'N_pol': 16259.04941, 'N_aa': 3041.45836, 'N_ooa': 5112.54391, 'N_anc': 2651.84053, 'gr': 0.04179} -229686.64243491017
{'t1': 21.48984, 't2': 402.92701, 't3': 979.40668, 't4': 1036.03369, 'r1': 0.16585, 'r2': 0.2424, 'r3': 0.28069, 'N_admix': 42179.9231, 'N_afr': 8863.19219, 'N_eur': 9705.88595, 'N_asia': 14083.81568, 'N_pol': 16259.04941, 'N_aa': 3041.45836, 'N_ooa': 5112.54391, 'N_anc': 2651.84053, 'gr': 0.04179} -229686.64243491017
{'t1': 21.48984, 't2': 402.92701, 't3': 979.40668, 't4': 1036.03369, 'r1': 0.16585, 'r2': 0.2424, 'r3': 0.28069, 'N_admix': 42179.9231, 'N_afr': 8863.19219, 'N_eur': 10186.18025, 'N_asia': 13384.6249, 'N_pol': 17067.00188, 'N_aa': 3041.45836, 'N_ooa': 5112.54391, 'N_anc': 2651.84053, 'gr': 0.04179} -229674.80275587412
{'t1': 21.48984, 't2': 402.92701, 't3': 979.40668, 't4': 1036.03369, 'r1': 0.16585, 'r2': 0.2424, 'r3': 0.28069, 'N_admix': 42179.9231, 'N_afr': 8863.19219, 'N_eur': 10186.18025, 'N_asia': 13384.6249, 'N_pol': 17067.00188, 'N_aa': 3041.45836, 'N_ooa': 5112.54391, 'N_anc': 2651.84053, 'gr': 0.04179} -229674.80275587412
{'t1': 21.48984, 't2': 402.92701, 't3': 979.40668, 't4': 1036.03369, 'r1': 0.16585, 'r2': 0.2424, 'r3': 0.28069, 'N_admix': 42179.9231, 'N_afr': 8863.19219, 'N_eur': 10186.18025, 'N_asia': 12720.39365, 'N_pol': 17067.00188, 'N_aa': 3041.45836, 'N_ooa': 5112.54391, 'N_anc': 2651.84053, 'gr': 0.04179} -229673.71427939693
{'t1': 21.48984, 't2': 402.92701, 't3': 979.40668, 't4': 1036.03369, 'r1': 0.16585, 'r2': 0.2424, 'r3': 0.28069, 'N_admix': 42179.9231, 'N_afr': 8863.19219, 'N_eur': 10186.18025, 'N_asia': 12720.39365, 'N_pol': 17067.00188, 'N_aa': 3041.45836, 'N_ooa': 5112.54391, 'N_anc': 2651.84053, 'gr': 0.04179} -229673.71427939693
2026-08-05 14:31:27,755 - INFO - Finished fitting ARG.
2026-08-05 14:31:27,756 - INFO - Finished in 4h 40m 50.3s
2026-08-05 14:31:27,756 - INFO - Estimated: {'t1': 21.48984, 't2': 402.92701, 't3': 979.40668, 't4': 1036.03369, 'r1': 0.16585, 'r2': 0.2424, 'r3': 0.28069, 'N_admix': 42179.9231, 'N_afr': 8863.19219, 'N_eur': 10186.18025, 'N_asia': 12720.39365, 'N_pol': 17067.00188, 'N_aa': 3041.45836, 'N_ooa': 5112.54391, 'N_anc': 2651.84053, 'gr': 0.04179}
Traceback (most recent call last):
  File "simulate_and_fit_ARG.py", line 238, in <module>
    SimulateARG().main()
  File "simulate_and_fit_ARG.py", line 232, in main
    logger.info(f"logp = {logp}  (true = {logp_true})")
NameError: name 'logp_true' is not defined
