2026-08-19 16:33:19,310 - INFO - Beginning execution of simulate_and_fit_ARG.py in directory /home1/mahj/glike_optimize/opt_scripts

2026-08-19 16:33:19,310 - INFO - Progress is being logged to ../opt_results_glike_arbitrary_rep/ntree_10_rep_4_simulate_ARG.log

2026-08-19 16:33:19,310 - INFO - Parsed the following arguments:
	N_SAMPLES = 1000.0
	SEQUENCE_LENGTH = 30000000.0
	RECOMBINATION_RATE = 1e-08
	SEED = 1
	NUM_TREES = 10
	OPTIMIZER = glike
	outprefix = ../opt_results_glike_arbitrary_rep/ntree_10_rep_4

2026-08-19 16:33:19,335 - INFO - Sampling 1000 individuals with ploidy 1 in population 0 (name='admix') at time 0
2026-08-19 16:33:19,342 - INFO - Starting replicate 0
2026-08-19 16:33:19,342 - INFO - model[0] {'name': 'hudson'} started at time=0 nodes=1000 edges=0
2026-08-19 16:33:19,342 - INFO - Running model {'name': 'hudson'} until max time: inf
2026-08-19 16:33:20,044 - INFO - Completed at time=24250.7 nodes=39508 edges=264883
2026-08-19 16:33:21,385 - INFO - Finished simulating ARG.
[phase from 0.0 to 19.0]
        admix
ns   0.000006
grs  0.078000

[phase from 19.0 to 411.0]
       afr    eur   asia    pol
admix  0.0  0.198  0.334  0.468
        afr       eur     asia       pol
ns   0.0001  0.000075  0.00004  0.000064
grs  0.0000  0.000000  0.00000  0.000000

[phase from 411.0 to 1040.0]
      afr  eur  asia
afr     1    0     0
eur     0    1     0
asia    0    0     1
pol     0    0     1
        afr       eur     asia
ns   0.0001  0.000075  0.00037
grs  0.0000  0.000000  0.00000

[phase from 1040.0 to 2004.0]
      afr  eur
afr     1    0
eur     0    1
asia    0    1
        afr       eur
ns   0.0001  0.000405
grs  0.0000  0.000000

[phase from 2004.0 to inf]
     A
afr  1
eur  1
            A
ns   0.000375
grs  0.000000

2026-08-19 16:33:38,850 - INFO - Starting glike optimization.
{'t1': 10, 't2': 100, 't3': 1000, 't4': 2000, 'r1': 0.25, 'r2': 0.25, 'r3': 0.25, 'N_admix': 10000, 'N_afr': 10000, 'N_eur': 10000, 'N_asia': 10000, 'N_pol': 10000, 'N_aa': 10000, 'N_ooa': 10000, 'N_anc': 10000, 'gr': 0.1} -118556.37772686876
{'t1': 10.9, 't2': 108.91, 't3': 910.891, 't4': 2000, 'r1': 0.275, 'r2': 0.275, 'r3': 0.225, 'N_admix': 10990.0, 'N_afr': 10990.0, 'N_eur': 10990.0, 'N_asia': 10000, 'N_pol': 10000, 'N_aa': 10990.0, 'N_ooa': 10000, 'N_anc': 9010.0, 'gr': 0.11} -117914.33560875451
{'t1': 12.385, 't2': 123.38875, 't3': 1029.01634, 't4': 1951.45082, 'r1': 0.31625, 'r2': 0.275, 'r3': 0.19125, 'N_admix': 12623.5, 'N_afr': 12623.5, 'N_eur': 12623.5, 'N_asia': 10000, 'N_pol': 10495.0, 'N_aa': 12623.5, 'N_ooa': 10495.0, 'N_anc': 7673.5, 'gr': 0.1265} -117337.20147483387
{'t1': 14.94663, 't2': 147.78823, 't3': 830.74002, 't4': 1867.39751, 'r1': 0.31625, 'r2': 0.29563, 'r3': 0.19125, 'N_admix': 15441.2875, 'N_afr': 12623.5, 'N_eur': 12623.5, 'N_asia': 9505.0, 'N_pol': 11274.625, 'N_aa': 12623.5, 'N_ooa': 9715.375, 'N_anc': 5969.4625, 'gr': 0.15496} -116798.45493715454
{'t1': 19.65362, 't2': 191.03366, 't3': 614.83912, 't4': 1726.48469, 'r1': 0.28067, 'r2': 0.32889, 'r3': 0.19125, 'N_admix': 20618.97203, 'N_afr': 12623.5, 'N_eur': 14032.39375, 'N_asia': 9505.0, 'N_pol': 11274.625, 'N_aa': 11214.60625, 'N_ooa': 8633.64531, 'N_anc': 3988.51891, 'gr': 0.10266} -116411.04352805912
{'t1': 19.65362, 't2': 276.72368, 't3': 445.7814, 't4': 1510.36601, 'r1': 0.23331, 'r2': 0.32889, 'r3': 0.20201, 'N_admix': 30878.45804, 'N_afr': 11919.05313, 'N_eur': 14032.39375, 'N_asia': 9975.25, 'N_pol': 11903.19766, 'N_aa': 11214.60625, 'N_ooa': 7193.59266, 'N_anc': 3988.51891, 'gr': 0.05133} -115749.34787843002
{'t1': 24.31703, 't2': 361.25254, 't3': 403.51697, 't4': 1230.19485, 'r1': 0.23331, 'r2': 0.30114, 'r3': 0.21905, 'N_admix': 30878.45804, 'N_afr': 12916.28574, 'N_eur': 15207.93947, 'N_asia': 10715.89375, 'N_pol': 11903.19766, 'N_aa': 12152.40115, 'N_ooa': 5398.02702, 'N_anc': 3016.38918, 'gr': 0.05133} -114971.30857024307
{'t1': 24.31703, 't2': 382.38476, 't3': 414.08308, 't4': 920.32741, 'r1': 0.26284, 'r2': 0.30114, 'r3': 0.21905, 'N_admix': 38573.07255, 'N_afr': 11294.22458, 'N_eur': 17120.03806, 'N_asia': 10715.89375, 'N_pol': 11903.19766, 'N_aa': 10627.01913, 'N_ooa': 5398.02702, 'N_anc': 4110.03512, 'gr': 0.0385} -114730.66817135474
{'t1': 24.31703, 't2': 398.23392, 't3': 414.08308, 't4': 920.32741, 'r1': 0.26284, 'r2': 0.30114, 'r3': 0.21905, 'N_admix': 38573.07255, 'N_afr': 11294.22458, 'N_eur': 17120.03806, 'N_asia': 10715.89375, 'N_pol': 11903.19766, 'N_aa': 8628.53034, 'N_ooa': 4392.2297, 'N_anc': 4110.03512, 'gr': 0.0385} -114703.55444763118
{'t1': 26.503, 't2': 398.23392, 't3': 410.12079, 't4': 1047.87907, 'r1': 0.23789, 'r2': 0.28608, 'r3': 0.23, 'N_admix': 38573.07255, 'N_afr': 11294.22458, 'N_eur': 17120.03806, 'N_asia': 10185.09906, 'N_pol': 11903.19766, 'N_aa': 11057.16261, 'N_ooa': 4392.2297, 'N_anc': 3107.52634, 'gr': 0.0385} -114401.26994195292
{'t1': 22.91664, 't2': 401.20564, 't3': 410.12079, 't4': 1047.87907, 'r1': 0.23789, 'r2': 0.28608, 'r3': 0.24725, 'N_admix': 42179.9231, 'N_afr': 11853.93581, 'N_eur': 17971.03996, 'N_asia': 9428.71663, 'N_pol': 11903.19766, 'N_aa': 11057.16261, 'N_ooa': 3781.08996, 'N_anc': 3107.52634, 'gr': 0.0385} -114377.99718024966
{'t1': 22.91664, 't2': 404.54882, 't3': 411.16553, 't4': 1047.87907, 'r1': 0.23789, 'r2': 0.28608, 'r3': 0.24725, 'N_admix': 42179.9231, 'N_afr': 11853.93581, 'N_eur': 17971.03996, 'N_asia': 9428.71663, 'N_pol': 11313.03778, 'N_aa': 13397.33005, 'N_ooa': 3781.08996, 'N_anc': 2543.61515, 'gr': 0.0385} -114341.52008667165
{'t1': 22.91664, 't2': 407.85717, 't3': 411.16553, 't4': 1047.87907, 'r1': 0.23789, 'r2': 0.28608, 'r3': 0.24725, 'N_admix': 42179.9231, 'N_afr': 11853.93581, 'N_eur': 17971.03996, 'N_asia': 9428.71663, 'N_pol': 12154.01561, 'N_aa': 13397.33005, 'N_ooa': 3781.08996, 'N_anc': 2543.61515, 'gr': 0.0385} -114338.35679424876
{'t1': 22.91664, 't2': 407.85717, 't3': 411.16553, 't4': 1047.87907, 'r1': 0.23789, 'r2': 0.28608, 'r3': 0.24725, 'N_admix': 42179.9231, 'N_afr': 11853.93581, 'N_eur': 17971.03996, 'N_asia': 9428.71663, 'N_pol': 12154.01561, 'N_aa': 13397.33005, 'N_ooa': 3781.08996, 'N_anc': 2543.61515, 'gr': 0.0385} -114338.35679424876
{'t1': 22.91664, 't2': 407.85717, 't3': 411.16553, 't4': 1047.87907, 'r1': 0.23789, 'r2': 0.28608, 'r3': 0.24725, 'N_admix': 42179.9231, 'N_afr': 11853.93581, 'N_eur': 17971.03996, 'N_asia': 9428.71663, 'N_pol': 12154.01561, 'N_aa': 14462.31763, 'N_ooa': 3781.08996, 'N_anc': 2715.43184, 'gr': 0.0385} -114337.89535085474
{'t1': 22.91664, 't2': 407.85717, 't3': 411.16553, 't4': 1047.87907, 'r1': 0.23789, 'r2': 0.28608, 'r3': 0.24725, 'N_admix': 42179.9231, 'N_afr': 11853.93581, 'N_eur': 17971.03996, 'N_asia': 9428.71663, 'N_pol': 12154.01561, 'N_aa': 14462.31763, 'N_ooa': 3781.08996, 'N_anc': 2715.43184, 'gr': 0.0385} -114337.89535085474
{'t1': 22.91664, 't2': 407.85717, 't3': 411.16553, 't4': 1047.87907, 'r1': 0.23789, 'r2': 0.28608, 'r3': 0.24725, 'N_admix': 42179.9231, 'N_afr': 11853.93581, 'N_eur': 17971.03996, 'N_asia': 9428.71663, 'N_pol': 12154.01561, 'N_aa': 14462.31763, 'N_ooa': 3781.08996, 'N_anc': 2715.43184, 'gr': 0.0385} -114337.89535085474
{'t1': 22.91664, 't2': 407.85717, 't3': 411.16553, 't4': 1047.87907, 'r1': 0.23789, 'r2': 0.28608, 'r3': 0.24725, 'N_admix': 42179.9231, 'N_afr': 11853.93581, 'N_eur': 17971.03996, 'N_asia': 9428.71663, 'N_pol': 12154.01561, 'N_aa': 14462.31763, 'N_ooa': 3781.08996, 'N_anc': 2715.43184, 'gr': 0.0385} -114337.89535085474
{'t1': 22.91664, 't2': 407.85717, 't3': 411.16553, 't4': 1047.87907, 'r1': 0.23789, 'r2': 0.28608, 'r3': 0.24725, 'N_admix': 42179.9231, 'N_afr': 11853.93581, 'N_eur': 17971.03996, 'N_asia': 9428.71663, 'N_pol': 12154.01561, 'N_aa': 14462.31763, 'N_ooa': 3781.08996, 'N_anc': 2715.43184, 'gr': 0.0385} -114337.89535085474
2026-08-19 21:03:33,157 - INFO - Finished fitting ARG.
2026-08-19 21:03:33,157 - INFO - Finished in 4h 29m 54.3s
2026-08-19 21:03:33,157 - INFO - Estimated: {'t1': 22.91664, 't2': 407.85717, 't3': 411.16553, 't4': 1047.87907, 'r1': 0.23789, 'r2': 0.28608, 'r3': 0.24725, 'N_admix': 42179.9231, 'N_afr': 11853.93581, 'N_eur': 17971.03996, 'N_asia': 9428.71663, 'N_pol': 12154.01561, 'N_aa': 14462.31763, 'N_ooa': 3781.08996, 'N_anc': 2715.43184, 'gr': 0.0385}
Traceback (most recent call last):
  File "simulate_and_fit_ARG.py", line 238, in <module>
    SimulateARG().main()
  File "simulate_and_fit_ARG.py", line 232, in main
    logger.info(f"logp = {logp}  (true = {logp_true})")
NameError: name 'logp_true' is not defined
