2026-08-19 16:39:39,305 - INFO - Beginning execution of simulate_and_fit_ARG.py in directory /home1/mahj/glike_optimize/opt_scripts

2026-08-19 16:39:39,305 - INFO - Progress is being logged to ../opt_results_glike_arbitrary_rep/ntree_15_rep_5_simulate_ARG.log

2026-08-19 16:39:39,305 - INFO - Parsed the following arguments:
	N_SAMPLES = 1000.0
	SEQUENCE_LENGTH = 30000000.0
	RECOMBINATION_RATE = 1e-08
	SEED = 1
	NUM_TREES = 15
	OPTIMIZER = glike
	outprefix = ../opt_results_glike_arbitrary_rep/ntree_15_rep_5

2026-08-19 16:39:39,338 - INFO - Sampling 1000 individuals with ploidy 1 in population 0 (name='admix') at time 0
2026-08-19 16:39:39,344 - INFO - Starting replicate 0
2026-08-19 16:39:39,344 - INFO - model[0] {'name': 'hudson'} started at time=0 nodes=1000 edges=0
2026-08-19 16:39:39,344 - INFO - Running model {'name': 'hudson'} until max time: inf
2026-08-19 16:39:40,054 - INFO - Completed at time=24250.7 nodes=39508 edges=264883
2026-08-19 16:39:41,999 - INFO - Finished simulating ARG.
[phase from 0.0 to 19.0]
        admix
ns   0.000006
grs  0.078000

[phase from 19.0 to 411.0]
       afr    eur   asia    pol
admix  0.0  0.198  0.334  0.468
        afr       eur     asia       pol
ns   0.0001  0.000075  0.00004  0.000064
grs  0.0000  0.000000  0.00000  0.000000

[phase from 411.0 to 1040.0]
      afr  eur  asia
afr     1    0     0
eur     0    1     0
asia    0    0     1
pol     0    0     1
        afr       eur     asia
ns   0.0001  0.000075  0.00037
grs  0.0000  0.000000  0.00000

[phase from 1040.0 to 2004.0]
      afr  eur
afr     1    0
eur     0    1
asia    0    1
        afr       eur
ns   0.0001  0.000405
grs  0.0000  0.000000

[phase from 2004.0 to inf]
     A
afr  1
eur  1
            A
ns   0.000375
grs  0.000000

2026-08-19 16:40:00,192 - INFO - Starting glike optimization.
{'t1': 10, 't2': 100, 't3': 1000, 't4': 2000, 'r1': 0.25, 'r2': 0.25, 'r3': 0.25, 'N_admix': 10000, 'N_afr': 10000, 'N_eur': 10000, 'N_asia': 10000, 'N_pol': 10000, 'N_aa': 10000, 'N_ooa': 10000, 'N_anc': 10000, 'gr': 0.1} -178050.70751131332
{'t1': 10.9, 't2': 108.91, 't3': 1000, 't4': 2100.0, 'r1': 0.275, 'r2': 0.275, 'r3': 0.225, 'N_admix': 10990.0, 'N_afr': 10990.0, 'N_eur': 10990.0, 'N_asia': 9010.0, 'N_pol': 10000, 'N_aa': 10990.0, 'N_ooa': 9010.0, 'N_anc': 9010.0, 'gr': 0.11} -176908.418399137
{'t1': 12.385, 't2': 123.38875, 't3': 1000, 't4': 2100.0, 'r1': 0.31625, 'r2': 0.275, 'r3': 0.19125, 'N_admix': 12623.5, 'N_afr': 12623.5, 'N_eur': 12623.5, 'N_asia': 9010.0, 'N_pol': 9505.0, 'N_aa': 12623.5, 'N_ooa': 7673.5, 'N_anc': 7673.5, 'gr': 0.1265} -176012.34473566082
{'t1': 14.94663, 't2': 147.78823, 't3': 957.38941, 't4': 2100.0, 'r1': 0.31625, 'r2': 0.275, 'r3': 0.19125, 'N_admix': 15441.2875, 'N_afr': 12623.5, 'N_eur': 12623.5, 'N_asia': 9678.25, 'N_pol': 10210.375, 'N_aa': 12623.5, 'N_ooa': 5969.4625, 'N_anc': 5969.4625, 'gr': 0.15496} -175202.68654963304
{'t1': 19.65362, 't2': 191.03366, 't3': 1014.86609, 't4': 2100.0, 'r1': 0.31625, 'r2': 0.28875, 'r3': 0.19125, 'N_admix': 20618.97203, 'N_afr': 12623.5, 'N_eur': 12623.5, 'N_asia': 10755.80313, 'N_pol': 10210.375, 'N_aa': 11214.60625, 'N_ooa': 3988.51891, 'N_anc': 3988.51891, 'gr': 0.10266} -174738.16331988788
{'t1': 19.65362, 't2': 276.72368, 't3': 1014.86609, 't4': 2100.0, 'r1': 0.29846, 'r2': 0.28875, 'r3': 0.20201, 'N_admix': 30878.45804, 'N_afr': 12623.5, 'N_eur': 12623.5, 'N_asia': 10755.80313, 'N_pol': 10779.08359, 'N_aa': 9339.01645, 'N_ooa': 3988.51891, 'N_anc': 2044.25945, 'gr': 0.05133} -174399.5395276519
{'t1': 24.31703, 't2': 402.92701, 't3': 980.44452, 't4': 2044.02223, 'r1': 0.27328, 'r2': 0.27431, 'r3': 0.20201, 'N_admix': 30878.45804, 'N_afr': 11997.325, 'N_eur': 11997.325, 'N_asia': 11654.88652, 'N_pol': 11680.13127, 'N_aa': 7000.39041, 'N_ooa': 3988.51891, 'N_anc': 3016.38918, 'gr': 0.05133} -173652.71345630928
{'t1': 24.31703, 't2': 402.92701, 't3': 1029.17256, 't4': 1967.9085, 'r1': 0.23869, 'r2': 0.27431, 'r3': 0.21211, 'N_admix': 38573.07255, 'N_afr': 11105.02563, 'N_eur': 11105.02563, 'N_asia': 13117.30185, 'N_pol': 13145.74163, 'N_aa': 4380.39843, 'N_ooa': 3988.51891, 'N_anc': 3016.38918, 'gr': 0.0385} -173076.41228219363
{'t1': 24.31703, 't2': 402.92701, 't3': 1029.17256, 't4': 1862.30071, 'r1': 0.19338, 'r2': 0.26059, 'r3': 0.22802, 'N_admix': 38573.07255, 'N_afr': 9866.96025, 'N_eur': 11105.02563, 'N_asia': 13117.30185, 'N_pol': 15622.39414, 'N_aa': 4380.39843, 'N_ooa': 3988.51891, 'N_anc': 3016.38918, 'gr': 0.0385} -172841.4263756498
{'t1': 24.31703, 't2': 402.92701, 't3': 1029.17256, 't4': 1721.71033, 'r1': 0.19338, 'r2': 0.24105, 'r3': 0.25367, 'N_admix': 38573.07255, 'N_afr': 9866.96025, 'N_eur': 11105.02563, 'N_asia': 14352.92855, 'N_pol': 15622.39414, 'N_aa': 3310.29882, 'N_ooa': 4182.94486, 'N_anc': 3016.38918, 'gr': 0.0385} -172669.4775424087
{'t1': 25.48288, 't2': 402.92701, 't3': 1029.17256, 't4': 1546.41171, 'r1': 0.16585, 'r2': 0.26817, 'r3': 0.25367, 'N_admix': 38573.07255, 'N_afr': 9866.96025, 'N_eur': 11655.27691, 'N_asia': 14352.92855, 'N_pol': 15622.39414, 'N_aa': 3310.29882, 'N_ooa': 4182.94486, 'N_anc': 2834.11486, 'gr': 0.0385} -172611.87768822588
{'t1': 25.48288, 't2': 402.92701, 't3': 1029.17256, 't4': 1350.02247, 'r1': 0.20127, 'r2': 0.22292, 'r3': 0.27507, 'N_admix': 38573.07255, 'N_afr': 9866.96025, 'N_eur': 10788.63114, 'N_asia': 14352.92855, 'N_pol': 15622.39414, 'N_aa': 3310.29882, 'N_ooa': 4387.0921, 'N_anc': 2834.11486, 'gr': 0.03657} -172471.9077085952
{'t1': 24.25874, 't2': 402.92701, 't3': 1029.17256, 't4': 1189.59751, 'r1': 0.20127, 'r2': 0.22292, 'r3': 0.27507, 'N_admix': 40496.72618, 'N_afr': 9866.96025, 'N_eur': 9586.16014, 'N_asia': 14352.92855, 'N_pol': 15622.39414, 'N_aa': 3009.33331, 'N_ooa': 4387.0921, 'N_anc': 2697.40912, 'gr': 0.03657} -172352.541951475
{'t1': 24.25874, 't2': 402.92701, 't3': 1029.17256, 't4': 1109.38504, 'r1': 0.20127, 'r2': 0.22292, 'r3': 0.27507, 'N_admix': 40496.72618, 'N_afr': 9866.96025, 'N_eur': 9586.16014, 'N_asia': 13640.28212, 'N_pol': 16398.51385, 'N_aa': 3418.45831, 'N_ooa': 4387.0921, 'N_anc': 2502.60344, 'gr': 0.03657} -172290.6165742961
{'t1': 24.25874, 't2': 402.92701, 't3': 1029.17256, 't4': 1109.38504, 'r1': 0.20127, 'r2': 0.22292, 'r3': 0.27507, 'N_admix': 40496.72618, 'N_afr': 9866.96025, 'N_eur': 9586.16014, 'N_asia': 13640.28212, 'N_pol': 16398.51385, 'N_aa': 3418.45831, 'N_ooa': 4387.0921, 'N_anc': 2502.60344, 'gr': 0.03657} -172290.6165742961
{'t1': 24.25874, 't2': 402.92701, 't3': 1029.17256, 't4': 1109.38504, 'r1': 0.20127, 'r2': 0.22292, 'r3': 0.27507, 'N_admix': 40496.72618, 'N_afr': 9866.96025, 'N_eur': 9586.16014, 'N_asia': 13640.28212, 'N_pol': 16398.51385, 'N_aa': 3418.45831, 'N_ooa': 4387.0921, 'N_anc': 2502.60344, 'gr': 0.03657} -172290.6165742961
{'t1': 24.25874, 't2': 402.92701, 't3': 1029.17256, 't4': 1109.38504, 'r1': 0.20127, 'r2': 0.22292, 'r3': 0.27507, 'N_admix': 40496.72618, 'N_afr': 9866.96025, 'N_eur': 9586.16014, 'N_asia': 13640.28212, 'N_pol': 16398.51385, 'N_aa': 3418.45831, 'N_ooa': 4387.0921, 'N_anc': 2502.60344, 'gr': 0.03657} -172290.6165742961
{'t1': 24.25874, 't2': 402.92701, 't3': 1029.17256, 't4': 1109.38504, 'r1': 0.20127, 'r2': 0.22292, 'r3': 0.27507, 'N_admix': 40496.72618, 'N_afr': 9866.96025, 'N_eur': 9586.16014, 'N_asia': 13640.28212, 'N_pol': 16398.51385, 'N_aa': 3418.45831, 'N_ooa': 4387.0921, 'N_anc': 2502.60344, 'gr': 0.03657} -172290.6165742961
2026-08-19 20:39:51,488 - INFO - Finished fitting ARG.
2026-08-19 20:39:51,489 - INFO - Finished in 3h 59m 51.3s
2026-08-19 20:39:51,489 - INFO - Estimated: {'t1': 24.25874, 't2': 402.92701, 't3': 1029.17256, 't4': 1109.38504, 'r1': 0.20127, 'r2': 0.22292, 'r3': 0.27507, 'N_admix': 40496.72618, 'N_afr': 9866.96025, 'N_eur': 9586.16014, 'N_asia': 13640.28212, 'N_pol': 16398.51385, 'N_aa': 3418.45831, 'N_ooa': 4387.0921, 'N_anc': 2502.60344, 'gr': 0.03657}
Traceback (most recent call last):
  File "simulate_and_fit_ARG.py", line 238, in <module>
    SimulateARG().main()
  File "simulate_and_fit_ARG.py", line 232, in main
    logger.info(f"logp = {logp}  (true = {logp_true})")
NameError: name 'logp_true' is not defined
