2026-08-19 16:08:20,058 - INFO - Beginning execution of simulate_and_fit_ARG.py in directory /home1/mahj/glike_optimize/opt_scripts

2026-08-19 16:08:20,058 - INFO - Progress is being logged to ../opt_results_glike_arbitrary_rep/ntree_1_rep_4_simulate_ARG.log

2026-08-19 16:08:20,058 - INFO - Parsed the following arguments:
	N_SAMPLES = 1000.0
	SEQUENCE_LENGTH = 30000000.0
	RECOMBINATION_RATE = 1e-08
	SEED = 1
	NUM_TREES = 1
	OPTIMIZER = glike
	outprefix = ../opt_results_glike_arbitrary_rep/ntree_1_rep_4

2026-08-19 16:08:20,093 - INFO - Sampling 1000 individuals with ploidy 1 in population 0 (name='admix') at time 0
2026-08-19 16:08:20,100 - INFO - Starting replicate 0
2026-08-19 16:08:20,100 - INFO - model[0] {'name': 'hudson'} started at time=0 nodes=1000 edges=0
2026-08-19 16:08:20,100 - INFO - Running model {'name': 'hudson'} until max time: inf
2026-08-19 16:08:20,808 - INFO - Completed at time=24250.7 nodes=39508 edges=264883
2026-08-19 16:08:21,037 - INFO - Finished simulating ARG.
2026-08-19 16:08:36,562 - INFO - Starting glike optimization.
[phase from 0.0 to 19.0]
        admix
ns   0.000006
grs  0.078000

[phase from 19.0 to 411.0]
       afr    eur   asia    pol
admix  0.0  0.198  0.334  0.468
        afr       eur     asia       pol
ns   0.0001  0.000075  0.00004  0.000064
grs  0.0000  0.000000  0.00000  0.000000

[phase from 411.0 to 1040.0]
      afr  eur  asia
afr     1    0     0
eur     0    1     0
asia    0    0     1
pol     0    0     1
        afr       eur     asia
ns   0.0001  0.000075  0.00037
grs  0.0000  0.000000  0.00000

[phase from 1040.0 to 2004.0]
      afr  eur
afr     1    0
eur     0    1
asia    0    1
        afr       eur
ns   0.0001  0.000405
grs  0.0000  0.000000

[phase from 2004.0 to inf]
     A
afr  1
eur  1
            A
ns   0.000375
grs  0.000000

{'t1': 10, 't2': 100, 't3': 1000, 't4': 2000, 'r1': 0.25, 'r2': 0.25, 'r3': 0.25, 'N_admix': 10000, 'N_afr': 10000, 'N_eur': 10000, 'N_asia': 10000, 'N_pol': 10000, 'N_aa': 10000, 'N_ooa': 10000, 'N_anc': 10000, 'gr': 0.1} -11835.859557199055
{'t1': 10.9, 't2': 108.91, 't3': 910.891, 't4': 1891.0891, 'r1': 0.275, 'r2': 0.275, 'r3': 0.225, 'N_admix': 10990.0, 'N_afr': 10990.0, 'N_eur': 10990.0, 'N_asia': 9010.0, 'N_pol': 10000, 'N_aa': 10990.0, 'N_ooa': 9010.0, 'N_anc': 9010.0, 'gr': 0.11} -11773.906981372722
{'t1': 12.385, 't2': 108.91, 't3': 910.891, 't4': 1891.0891, 'r1': 0.275, 'r2': 0.31625, 'r3': 0.19125, 'N_admix': 12623.5, 'N_afr': 12623.5, 'N_eur': 12623.5, 'N_asia': 9010.0, 'N_pol': 10000, 'N_aa': 12623.5, 'N_ooa': 7673.5, 'N_anc': 7673.5, 'gr': 0.1265} -11720.948203584481
{'t1': 14.94663, 't2': 101.86275, 't3': 971.56812, 't4': 1822.12503, 'r1': 0.275, 'r2': 0.31625, 'r3': 0.19125, 'N_admix': 15441.2875, 'N_afr': 12623.5, 'N_eur': 12623.5, 'N_asia': 9010.0, 'N_pol': 10000, 'N_aa': 12623.5, 'N_ooa': 5969.4625, 'N_anc': 5969.4625, 'gr': 0.15496} -11672.414291654322
{'t1': 19.65362, 't2': 111.11128, 't3': 971.56812, 't4': 1917.81268, 'r1': 0.28875, 'r2': 0.31625, 'r3': 0.19125, 'N_admix': 20618.97203, 'N_afr': 12623.5, 'N_eur': 12623.5, 'N_asia': 9455.5, 'N_pol': 9505.0, 'N_aa': 12623.5, 'N_ooa': 3988.51891, 'N_anc': 3988.51891, 'gr': 0.10266} -11639.014048189403
{'t1': 19.65362, 't2': 111.11128, 't3': 971.56812, 't4': 1758.13391, 'r1': 0.28875, 'r2': 0.33404, 'r3': 0.18049, 'N_admix': 30878.45804, 'N_afr': 12623.5, 'N_eur': 13327.94687, 'N_asia': 9455.5, 'N_pol': 8799.625, 'N_aa': 13327.94687, 'N_ooa': 2044.25945, 'N_anc': 5932.77837, 'gr': 0.10266} -11634.812198092042
{'t1': 19.65362, 't2': 103.39454, 't3': 971.56812, 't4': 1559.03444, 'r1': 0.28875, 'r2': 0.33404, 'r3': 0.19572, 'N_admix': 30878.45804, 'N_afr': 11997.325, 'N_eur': 14444.05489, 'N_asia': 9923.275, 'N_pol': 9778.33281, 'N_aa': 13327.94687, 'N_ooa': 2044.25945, 'N_anc': 3016.38918, 'gr': 0.077} -11613.185877466949
{'t1': 19.65362, 't2': 103.39454, 't3': 1000.94144, 't4': 1347.1335, 'r1': 0.27431, 'r2': 0.31734, 'r3': 0.22049, 'N_admix': 38573.07255, 'N_afr': 11105.02563, 'N_eur': 14444.05489, 'N_asia': 10660.02062, 'N_pol': 8145.11415, 'N_aa': 12666.54953, 'N_ooa': 2044.25945, 'N_anc': 1558.19459, 'gr': 0.04813} -11605.521117564735
{'t1': 20.81947, 't2': 103.39454, 't3': 1000.94144, 't4': 1347.1335, 'r1': 0.27431, 'r2': 0.31734, 'r3': 0.22049, 'N_admix': 38573.07255, 'N_afr': 11105.02563, 'N_eur': 14444.05489, 'N_asia': 10660.02062, 'N_pol': 8145.11415, 'N_aa': 13609.04074, 'N_ooa': 2044.25945, 'N_anc': 1558.19459, 'gr': 0.04813} -11603.203290669308
{'t1': 22.67755, 't2': 103.39454, 't3': 1000.94144, 't4': 1433.68151, 'r1': 0.28803, 'r2': 0.31734, 'r3': 0.24142, 'N_admix': 38573.07255, 'N_afr': 11724.05832, 'N_eur': 15161.25763, 'N_asia': 11254.02178, 'N_pol': 7126.90439, 'N_aa': 13609.04074, 'N_ooa': 2044.25945, 'N_anc': 1922.74324, 'gr': 0.04813} -11600.797360519937
{'t1': 22.67755, 't2': 99.35869, 't3': 1000.94144, 't4': 1433.68151, 'r1': 0.28803, 'r2': 0.33321, 'r3': 0.20705, 'N_admix': 38573.07255, 'N_afr': 11724.05832, 'N_eur': 14031.66331, 'N_asia': 11254.02178, 'N_pol': 8460.91827, 'N_aa': 13609.04074, 'N_ooa': 1947.04648, 'N_anc': 1922.74324, 'gr': 0.04813} -11599.578174837583
{'t1': 22.67755, 't2': 99.35869, 't3': 1000.94144, 't4': 1433.68151, 'r1': 0.28803, 'r2': 0.33321, 'r3': 0.20705, 'N_admix': 36649.41892, 'N_afr': 11142.8554, 'N_eur': 14031.66331, 'N_asia': 11254.02178, 'N_pol': 8460.91827, 'N_aa': 13609.04074, 'N_ooa': 1947.04648, 'N_anc': 1922.74324, 'gr': 0.05114} -11600.55827814811
{'t1': 22.67755, 't2': 103.19275, 't3': 1000.94144, 't4': 1393.11213, 'r1': 0.28803, 'r2': 0.31655, 'r3': 0.20705, 'N_admix': 39390.62534, 'N_afr': 11142.8554, 'N_eur': 14815.31937, 'N_asia': 10696.32069, 'N_pol': 9651.36933, 'N_aa': 13609.04074, 'N_ooa': 1854.69416, 'N_anc': 1922.74324, 'gr': 0.04635} -11600.357677088246
{'t1': 22.67755, 't2': 103.19275, 't3': 1000.94144, 't4': 1393.11213, 'r1': 0.28803, 'r2': 0.29281, 'r3': 0.21811, 'N_admix': 34970.42999, 'N_afr': 10590.71263, 'N_eur': 16056.92444, 'N_asia': 10696.32069, 'N_pol': 7611.44309, 'N_aa': 14284.49278, 'N_ooa': 1723.0921, 'N_anc': 1922.74324, 'gr': 0.05287} -11604.93246035977
2026-08-19 19:14:56,886 - INFO - Finished fitting ARG.
2026-08-19 19:14:56,886 - INFO - Finished in 3h 6m 20.3s
2026-08-19 19:14:56,886 - INFO - Estimated: {'t1': 22.67755, 't2': 99.35869, 't3': 1000.94144, 't4': 1433.68151, 'r1': 0.28803, 'r2': 0.33321, 'r3': 0.20705, 'N_admix': 38573.07255, 'N_afr': 11724.05832, 'N_eur': 14031.66331, 'N_asia': 11254.02178, 'N_pol': 8460.91827, 'N_aa': 13609.04074, 'N_ooa': 1947.04648, 'N_anc': 1922.74324, 'gr': 0.04813}
Traceback (most recent call last):
  File "simulate_and_fit_ARG.py", line 238, in <module>
    SimulateARG().main()
  File "simulate_and_fit_ARG.py", line 232, in main
    logger.info(f"logp = {logp}  (true = {logp_true})")
NameError: name 'logp_true' is not defined
