2026-10-02 19:52:24,265 - INFO - Beginning execution of simulate_and_fit_ARG.py in directory /home1/mahj/glike_optimize/opt_scripts

2026-10-02 19:52:24,265 - INFO - Progress is being logged to ../opt_results_CMA_ES_3G09_no_m1_kappa_10000/ntree_25_rep_4_simulate_ARG.log

2026-10-02 19:52:24,265 - INFO - Parsed the following arguments:
	N_SAMPLES = 1000.0
	SEQUENCE_LENGTH = 30000000.0
	RECOMBINATION_RATE = 1e-08
	SEED = 1
	NUM_TREES = 25
	OPTIMIZER = CMA_ES
	MODEL = 3G09_no_m
	KAPPA = 10000
	outprefix = ../opt_results_CMA_ES_3G09_no_m1_kappa_10000/ntree_25_rep_4

2026-10-02 19:52:27,529 - INFO - Finished simulating ARG.
2026-10-02 19:52:52,249 - INFO - Log likelihood of simulation parameters: -288424.25534048496.
2026-10-02 19:52:52,249 - INFO - Starting glike optimization.
2026-10-02 21:53:45,709 - INFO - Finished fitting ARG.
2026-10-02 21:53:45,710 - INFO - Finished in 2h 0m 53.5s
2026-10-02 21:53:45,710 - INFO - Estimated: {'t1': 18.38752241010241, 't2': 35.18278680162847, 't3': 375.7463605110369, 'N_anc': 20492.901073768484, 'N_yri': 35657.38908301542, 'N_ooa': 41778.75219520729, 'N_ceu': 19818.708625588893, 'N_chb': 25180.06869480196, 'gr_ceu': -0.06691400207880538, 'gr_chb': -0.05544756439908763}
2026-10-02 21:53:45,710 - INFO - logp = -262024.68977280753  (true = -288424.25534048496)
2026-10-02 21:53:45,710 - INFO - Pipeline executed succesfully.
