2026-10-02 20:47:28,477 - INFO - Beginning execution of simulate_and_fit_ARG.py in directory /home1/mahj/glike_optimize/opt_scripts

2026-10-02 20:47:28,477 - INFO - Progress is being logged to ../opt_results_CMA_ES_3G09_no_m1_kappa_10000/ntree_25_rep_9_simulate_ARG.log

2026-10-02 20:47:28,477 - INFO - Parsed the following arguments:
	N_SAMPLES = 1000.0
	SEQUENCE_LENGTH = 30000000.0
	RECOMBINATION_RATE = 1e-08
	SEED = 1
	NUM_TREES = 25
	OPTIMIZER = CMA_ES
	MODEL = 3G09_no_m
	KAPPA = 10000
	outprefix = ../opt_results_CMA_ES_3G09_no_m1_kappa_10000/ntree_25_rep_9

2026-10-02 20:47:32,168 - INFO - Finished simulating ARG.
2026-10-02 20:48:14,958 - INFO - Log likelihood of simulation parameters: -288270.64149709.
2026-10-02 20:48:15,075 - INFO - Starting glike optimization.
2026-10-03 00:24:44,539 - INFO - Finished fitting ARG.
2026-10-03 00:24:44,539 - INFO - Finished in 3h 36m 29.5s
2026-10-03 00:24:44,540 - INFO - Estimated: {'t1': -27.346198612034694, 't2': 16.128197050012723, 't3': -2831.9455459812316, 'N_anc': 43236.56766932529, 'N_yri': 38467.39060912809, 'N_ooa': 37262.973161273214, 'N_ceu': 25766.77865906882, 'N_chb': 25031.714025888614, 'gr_ceu': 0.008409991134556385, 'gr_chb': -0.13718321560264946}
2026-10-03 00:24:44,540 - INFO - logp = -264300.65840042586  (true = -288270.64149709)
2026-10-03 00:24:44,540 - INFO - Pipeline executed succesfully.
