2026-10-02 20:28:46,658 - INFO - Beginning execution of simulate_and_fit_ARG.py in directory /home1/mahj/glike_optimize/opt_scripts

2026-10-02 20:28:46,658 - INFO - Progress is being logged to ../opt_results_CMA_ES_3G09_no_m1_kappa_10000/ntree_25_rep_7_simulate_ARG.log

2026-10-02 20:28:46,658 - INFO - Parsed the following arguments:
	N_SAMPLES = 1000.0
	SEQUENCE_LENGTH = 30000000.0
	RECOMBINATION_RATE = 1e-08
	SEED = 1
	NUM_TREES = 25
	OPTIMIZER = CMA_ES
	MODEL = 3G09_no_m
	KAPPA = 10000
	outprefix = ../opt_results_CMA_ES_3G09_no_m1_kappa_10000/ntree_25_rep_7

2026-10-02 20:28:49,837 - INFO - Finished simulating ARG.
2026-10-02 20:29:12,659 - INFO - Log likelihood of simulation parameters: -288307.6039536629.
2026-10-02 20:29:12,659 - INFO - Starting glike optimization.
2026-10-02 22:19:26,401 - INFO - Finished fitting ARG.
2026-10-02 22:19:26,401 - INFO - Finished in 1h 50m 13.7s
2026-10-02 22:19:26,401 - INFO - Estimated: {'t1': 12.316496746426049, 't2': 35.81978422902791, 't3': -7368.605948860962, 'N_anc': 39240.98643134385, 'N_yri': 29632.382458193828, 'N_ooa': 30730.111867961292, 'N_ceu': 27128.76693234805, 'N_chb': 55321.24061635901, 'gr_ceu': -0.1546599229020295, 'gr_chb': -0.24847722058689176}
2026-10-02 22:19:26,401 - INFO - logp = -264230.6044859032  (true = -288307.6039536629)
2026-10-02 22:19:26,401 - INFO - Pipeline executed succesfully.
